[INFO][AppLauncher]: Using device: cuda:0
[INFO][AppLauncher]: Loading experience file: /home/oedeh/IsaacLab/apps/isaaclab.python.headless.kit
[feas] asset: synria_6dof_arm.usd

[36m======================================================================================[0m
[36m[1m[INFO][IsaacLab]: Logging to file: /tmp/isaaclab/logs/isaaclab_2026-08-04_14-40-31.log[0m
[36m======================================================================================[0m

[33m14:40:31 [simulation_context.py] WARNING: The `enable_external_forces_every_iteration` parameter in the PhysxCfg is set to False. If you are experiencing noisy velocities, consider enabling this flag. You may need to slightly increase the number of velocity iterations (setting it to 1 or 2 rather than 0), together with this flag, to improve the accuracy of velocity updates.[0m
[feas] joints: ['Joint1', 'Joint2', 'Joint3', 'Joint4', 'Joint5', 'Joint6', 'left_finger', 'right_finger']
[feas] left_finger limits: [0.0, 25.0] mm, right: [-25.0, 0.0] mm
[feas] finger defaults: 0.0 / 0.0 mm
[feas] teleport-to-20mm test: fingers now at 20.19 / -19.63 mm
[feas] gripper bodies: ['left_gripper', 'right_gripper']
[block] rig self-test (no block, arm locked): L24.99 R24.99 mm -> PASS
[block] pad closing axis [0.0, 1.0, 0.0] (0.00 deg off world-Y; blocks are Y-aligned)
[block] {'block_mm': 20, 'trial': 0, 'expected_travel_mm': 15.0, 'left_travel_mm': 14.97, 'right_travel_mm': 14.95, 'measured_width_mm': 20.08, 'width_err_mm': 0.08, 'block_off_pre_mm': [1.23, -0.0, -1.3], 'block_off_post_mm': [1.23, -0.0, -1.31], 'fixture_drift_mm': 0.01, 'symmetric': True, 'stress_case': False, 'ok': True}
[block] {'block_mm': 20, 'trial': 1, 'expected_travel_mm': 15.0, 'left_travel_mm': 14.97, 'right_travel_mm': 14.95, 'measured_width_mm': 20.08, 'width_err_mm': 0.08, 'block_off_pre_mm': [1.23, -0.0, -1.3], 'block_off_post_mm': [1.23, -0.0, -1.31], 'fixture_drift_mm': 0.01, 'symmetric': True, 'stress_case': False, 'ok': True}
[block] {'block_mm': 20, 'trial': 2, 'expected_travel_mm': 15.0, 'left_travel_mm': 14.97, 'right_travel_mm': 14.95, 'measured_width_mm': 20.08, 'width_err_mm': 0.08, 'block_off_pre_mm': [1.23, -0.0, -1.3], 'block_off_post_mm': [1.23, -0.0, -1.31], 'fixture_drift_mm': 0.01, 'symmetric': True, 'stress_case': False, 'ok': True}
[block] {'block_mm': 28, 'trial': 0, 'expected_travel_mm': 11.0, 'left_travel_mm': 10.97, 'right_travel_mm': 10.94, 'measured_width_mm': 28.09, 'width_err_mm': 0.09, 'block_off_pre_mm': [1.25, 0.08, -1.32], 'block_off_post_mm': [1.25, -0.0, -1.32], 'fixture_drift_mm': 0.08, 'symmetric': True, 'stress_case': False, 'ok': True}
[block] {'block_mm': 28, 'trial': 1, 'expected_travel_mm': 11.0, 'left_travel_mm': 10.97, 'right_travel_mm': 10.94, 'measured_width_mm': 28.09, 'width_err_mm': 0.09, 'block_off_pre_mm': [1.25, 0.08, -1.32], 'block_off_post_mm': [1.25, -0.0, -1.32], 'fixture_drift_mm': 0.08, 'symmetric': True, 'stress_case': False, 'ok': True}
[block] {'block_mm': 28, 'trial': 2, 'expected_travel_mm': 11.0, 'left_travel_mm': 10.97, 'right_travel_mm': 10.94, 'measured_width_mm': 28.09, 'width_err_mm': 0.09, 'block_off_pre_mm': [1.25, 0.08, -1.32], 'block_off_post_mm': [1.25, -0.0, -1.32], 'fixture_drift_mm': 0.08, 'symmetric': True, 'stress_case': False, 'ok': True}
[block] {'block_mm': 30, 'trial': 0, 'expected_travel_mm': 10.0, 'left_travel_mm': 9.97, 'right_travel_mm': 9.94, 'measured_width_mm': 30.09, 'width_err_mm': 0.09, 'block_off_pre_mm': [1.26, 0.07, -1.31], 'block_off_post_mm': [1.26, -0.0, -1.32], 'fixture_drift_mm': 0.07, 'symmetric': True, 'stress_case': False, 'ok': True}
[block] {'block_mm': 30, 'trial': 1, 'expected_travel_mm': 10.0, 'left_travel_mm': 9.97, 'right_travel_mm': 9.94, 'measured_width_mm': 30.09, 'width_err_mm': 0.09, 'block_off_pre_mm': [1.26, 0.07, -1.31], 'block_off_post_mm': [1.26, -0.0, -1.32], 'fixture_drift_mm': 0.07, 'symmetric': True, 'stress_case': False, 'ok': True}
[block] {'block_mm': 30, 'trial': 2, 'expected_travel_mm': 10.0, 'left_travel_mm': 9.97, 'right_travel_mm': 9.94, 'measured_width_mm': 30.09, 'width_err_mm': 0.09, 'block_off_pre_mm': [1.26, 0.07, -1.31], 'block_off_post_mm': [1.26, -0.0, -1.32], 'fixture_drift_mm': 0.07, 'symmetric': True, 'stress_case': False, 'ok': True}
[block] {'block_mm': 40, 'trial': 0, 'expected_travel_mm': 5.0, 'left_travel_mm': 4.99, 'right_travel_mm': 4.99, 'measured_width_mm': 40.02, 'width_err_mm': 0.02, 'block_off_pre_mm': [1.31, -0.08, -1.29], 'block_off_post_mm': [1.31, -0.01, -1.31], 'fixture_drift_mm': 0.07, 'symmetric': True, 'stress_case': True, 'ok': True}
[block] {'block_mm': 40, 'trial': 1, 'expected_travel_mm': 5.0, 'left_travel_mm': 4.99, 'right_travel_mm': 4.99, 'measured_width_mm': 40.02, 'width_err_mm': 0.02, 'block_off_pre_mm': [1.31, -0.08, -1.29], 'block_off_post_mm': [1.31, -0.01, -1.31], 'fixture_drift_mm': 0.07, 'symmetric': True, 'stress_case': True, 'ok': True}
[block] {'block_mm': 40, 'trial': 2, 'expected_travel_mm': 5.0, 'left_travel_mm': 4.99, 'right_travel_mm': 4.99, 'measured_width_mm': 40.02, 'width_err_mm': 0.02, 'block_off_pre_mm': [1.31, -0.08, -1.29], 'block_off_post_mm': [1.31, -0.01, -1.31], 'fixture_drift_mm': 0.07, 'symmetric': True, 'stress_case': True, 'ok': True}
[block] fixture rigidity: worst block-vs-pad drift 0.08 mm across 12 trials
[block] ======== BLOCKS 9/9 OK (+ 3/3 on the 40 mm stress case, not gating) (asset=production) ========
[feas] wrote /home/oedeh/github/physical-ai-jetson-robotics/reports/synria_blocks_production.json
