[gate] gripper validated: Phase 9 10/10 grasp trials, Phase 5 9/9 block widths. Training may proceed.
[INFO][AppLauncher]: Using device: cuda:0
[INFO][AppLauncher]: Loading experience file: /home/oedeh/IsaacLab/apps/isaaclab.python.headless.kit

[train] Task      : Synria-Chess-PickPlace-v0
[train] Num envs  : 16
[train] Iterations: 5
[train] Device    : cuda:0
[train] Seed      : 42
[INFO]: Parsing configuration from: <class 'isaac.isaaclab_tasks.synria_pickplace.env_cfg.SynriaChessPickPlaceEnvCfg'>

[36m======================================================================================[0m
[36m[1m[INFO][IsaacLab]: Logging to file: /tmp/isaaclab/logs/isaaclab_2026-08-04_23-50-39.log[0m
[36m======================================================================================[0m

[33m23:50:39 [simulation_context.py] WARNING: The `enable_external_forces_every_iteration` parameter in the PhysxCfg is set to False. If you are experiencing noisy velocities, consider enabling this flag. You may need to slightly increase the number of velocity iterations (setting it to 1 or 2 rather than 0), together with this flag, to improve the accuracy of velocity updates.[0m
[INFO]: Base environment:
	Environment device    : cuda:0
	Environment seed      : 42
	Physics step-size     : 0.016666666666666666
	Rendering step-size   : 0.016666666666666666
	Environment step-size : 0.03333333333333333
[33m23:50:39 [manager_based_env.py] WARNING: The render interval (1) is smaller than the decimation (2). Multiple render calls will happen for each environment step. If this is not intended, set the render interval to be equal to the decimation.[0m
[INFO]: Time taken for scene creation : 0.471315 seconds
[INFO]: Scene manager:  <class InteractiveScene>
	Number of environments: 16
	Environment spacing   : 2.0
	Source prim name      : /World/envs/env_0
	Global prim paths     : []
	Replicate physics     : False
[INFO]: Starting the simulation. This may take a few seconds. Please wait...
[INFO]: Time taken for simulation start : 0.516914 seconds
[INFO] Command Manager:  <CommandManager> contains 0 active terms.
+------------------------+
|  Active Command Terms  |
+--------+-------+-------+
| Index  | Name  |  Type |
+--------+-------+-------+
+--------+-------+-------+

[INFO] Event Manager:  <EventManager> contains 2 active terms.
+----------------------------------+
| Active Event Terms in Mode: 'reset' |
+-----------+----------------------+
|   Index   | Name                 |
+-----------+----------------------+
|     0     | reset_trial          |
+-----------+----------------------+
+--------------------------------------------------+
|      Active Event Terms in Mode: 'interval'      |
+-------+----------------+-------------------------+
| Index | Name           | Interval time range (s) |
+-------+----------------+-------------------------+
|   0   | hold_staged    |       (0.03, 0.04)      |
|   1   | attach_carried |       (0.03, 0.04)      |
+-------+----------------+-------------------------+

[INFO] Recorder Manager:  <RecorderManager> contains 0 active terms.
+---------------------+
| Active Recorder Terms |
+-----------+---------+
|   Index   | Name    |
+-----------+---------+
+-----------+---------+

[INFO] Action Manager:  <ActionManager> contains 2 active terms.
+-----------------------------------+
|   Active Action Terms (shape: 7)  |
+-------+---------------+-----------+
| Index | Name          | Dimension |
+-------+---------------+-----------+
|   0   | arm_joint_pos |         6 |
|   1   | gripper       |         1 |
+-------+---------------+-----------+

[INFO] Observation Manager: <ObservationManager> contains 1 groups.
+---------------------------------------------------------+
| Active Observation Terms in Group: 'policy' (shape: (68,)) |
+------------+-------------------------------+------------+
|   Index    | Name                          |   Shape    |
+------------+-------------------------------+------------+
|     0      | joint_state                   |   (13,)    |
|     1      | ee_pose                       |    (7,)    |
|     2      | piece_pos                     |    (3,)    |
|     3      | target_piece_id               |   (32,)    |
|     4      | target_zone_id                |    (4,)    |
|     5      | target_pos                    |    (4,)    |
|     6      | trial_phase                   |    (5,)    |
+------------+-------------------------------+------------+

[INFO] Termination Manager:  <TerminationManager> contains 4 active terms.
+----------------------------------------+
|        Active Termination Terms        |
+-------+---------------------+----------+
| Index | Name                | Time Out |
+-------+---------------------+----------+
|   0   | time_out            |   True   |
|   1   | piece_dropped       |  False   |
|   2   | piece_out_of_bounds |  False   |
|   3   | collision           |  False   |
+-------+---------------------+----------+

[INFO] Reward Manager:  <RewardManager> contains 19 active terms.
+-------------------------------------------------+
|               Active Reward Terms               |
+-------+--------------------------------+--------+
| Index | Name                           | Weight |
+-------+--------------------------------+--------+
|   0   | piece_to_target_distance       |  600.0 |
|   1   | ee_to_piece_distance           |  300.0 |
|   2   | piece_lift                     |    1.5 |
|   3   | gripper_to_piece_when_grasping |    0.3 |
|   4   | hold_maintenance               |    1.0 |
|   5   | carry_drop                     |   15.0 |
|   6   | release_at_zone                |   90.0 |
|   7   | lower_at_zone                  |   15.0 |
|   8   | approach_guidance              |   0.15 |
|   9   | carry_guidance                 |    0.2 |
|   10  | hold_at_zone                   |    0.0 |
|   11  | action_norm_penalty            |  -0.01 |
|   12  | grasp_confirmed                |  300.0 |
|   13  | return_home                    |   60.0 |
|   14  | setdown_approach               |  600.0 |
|   15  | cycle_complete                 |  900.0 |
|   16  | piece_in_zone                  |  300.0 |
|   17  | piece_dropped                  |   30.0 |
|   18  | collision                      |   30.0 |
+-------+--------------------------------+--------+

[INFO] Curriculum Manager:  <CurriculumManager> contains 0 active terms.
+----------------------+
| Active Curriculum Terms |
+-----------+----------+
|   Index   | Name     |
+-----------+----------+
+-----------+----------+

[INFO]: Completed setting up the environment...
--------------------------------------------------------------------------------
Resolved observation sets: 
	 policy :  ['policy']
	 critic :  ['policy']
--------------------------------------------------------------------------------
Actor MLP: MLP(
  (0): Linear(in_features=68, out_features=512, bias=True)
  (1): ELU(alpha=1.0)
  (2): Linear(in_features=512, out_features=256, bias=True)
  (3): ELU(alpha=1.0)
  (4): Linear(in_features=256, out_features=128, bias=True)
  (5): ELU(alpha=1.0)
  (6): Linear(in_features=128, out_features=7, bias=True)
)
Critic MLP: MLP(
  (0): Linear(in_features=68, out_features=512, bias=True)
  (1): ELU(alpha=1.0)
  (2): Linear(in_features=512, out_features=256, bias=True)
  (3): ELU(alpha=1.0)
  (4): Linear(in_features=256, out_features=128, bias=True)
  (5): ELU(alpha=1.0)
  (6): Linear(in_features=128, out_features=1, bias=True)
)
################################################################################
                        [1m Learning iteration 0/5 [0m                        

                       Computation: 337 steps/s (collection: 0.935s, learning 0.204s)
             Mean action noise std: 0.50
          Mean value_function loss: 7.0759
               Mean surrogate loss: 0.0013
                 Mean entropy loss: 5.0766
                       Mean reward: 0.26
               Mean episode length: 15.00
Episode_Reward/piece_to_target_distance: 0.0000
Episode_Reward/ee_to_piece_distance: -0.0008
         Episode_Reward/piece_lift: 0.0016
Episode_Reward/gripper_to_piece_when_grasping: -0.0000
   Episode_Reward/hold_maintenance: 0.0028
         Episode_Reward/carry_drop: 0.0000
    Episode_Reward/release_at_zone: 0.0000
      Episode_Reward/lower_at_zone: 0.0000
  Episode_Reward/approach_guidance: 0.0001
     Episode_Reward/carry_guidance: 0.0006
       Episode_Reward/hold_at_zone: 0.0000
Episode_Reward/action_norm_penalty: -0.0001
    Episode_Reward/grasp_confirmed: 0.0000
        Episode_Reward/return_home: 0.0000
   Episode_Reward/setdown_approach: 0.0000
     Episode_Reward/cycle_complete: 0.0000
      Episode_Reward/piece_in_zone: 0.0000
      Episode_Reward/piece_dropped: 0.0000
          Episode_Reward/collision: 0.0000
      Episode_Termination/time_out: 0.0521
 Episode_Termination/piece_dropped: 0.0000
Episode_Termination/piece_out_of_bounds: 0.0000
     Episode_Termination/collision: 0.0000
                      Funnel/grasp: 0.0000
                     Funnel/hold2s: 0.2500
                    Funnel/carry5s: 0.0000
                    Funnel/setdown: 0.0000
                      Funnel/cycle: 0.0000
--------------------------------------------------------------------------------
                   Total timesteps: 384
                    Iteration time: 1.14s
                      Time elapsed: 00:00:01
                               ETA: 00:00:05

Could not find git repository in /home/oedeh/.venv/isaacsim5/lib/python3.11/site-packages/rsl_rl/__init__.py. Skipping.
################################################################################
                        [1m Learning iteration 1/5 [0m                        

                       Computation: 380 steps/s (collection: 0.929s, learning 0.080s)
             Mean action noise std: 0.50
          Mean value_function loss: 8.0748
               Mean surrogate loss: -0.0099
                 Mean entropy loss: 5.0752
                       Mean reward: 0.92
               Mean episode length: 18.33
Episode_Reward/piece_to_target_distance: 0.0717
Episode_Reward/ee_to_piece_distance: 0.0000
         Episode_Reward/piece_lift: 0.0122
Episode_Reward/gripper_to_piece_when_grasping: 0.0000
   Episode_Reward/hold_maintenance: 0.0200
         Episode_Reward/carry_drop: -0.0333
    Episode_Reward/release_at_zone: 0.0000
      Episode_Reward/lower_at_zone: 0.0000
  Episode_Reward/approach_guidance: 0.0000
     Episode_Reward/carry_guidance: 0.0047
       Episode_Reward/hold_at_zone: 0.0000
Episode_Reward/action_norm_penalty: -0.0004
    Episode_Reward/grasp_confirmed: 0.0000
        Episode_Reward/return_home: 0.0000
   Episode_Reward/setdown_approach: 0.0000
     Episode_Reward/cycle_complete: 0.0000
      Episode_Reward/piece_in_zone: 0.0000
      Episode_Reward/piece_dropped: 0.0000
          Episode_Reward/collision: 0.0000
      Episode_Termination/time_out: 0.1875
 Episode_Termination/piece_dropped: 0.0000
Episode_Termination/piece_out_of_bounds: 0.0000
     Episode_Termination/collision: 0.0000
                      Funnel/grasp: 1.0000
                     Funnel/hold2s: 1.0000
                    Funnel/carry5s: 0.0000
                    Funnel/setdown: 0.0000
                      Funnel/cycle: 0.0000
--------------------------------------------------------------------------------
                   Total timesteps: 768
                    Iteration time: 1.01s
                      Time elapsed: 00:00:02
                               ETA: 00:00:04

################################################################################
                        [1m Learning iteration 2/5 [0m                        

                       Computation: 436 steps/s (collection: 0.791s, learning 0.090s)
             Mean action noise std: 0.50
          Mean value_function loss: 0.0883
               Mean surrogate loss: -0.0185
                 Mean entropy loss: 5.0746
                       Mean reward: 0.92
               Mean episode length: 18.33
Episode_Reward/piece_to_target_distance: 0.0717
Episode_Reward/ee_to_piece_distance: 0.0000
         Episode_Reward/piece_lift: 0.0122
Episode_Reward/gripper_to_piece_when_grasping: 0.0000
   Episode_Reward/hold_maintenance: 0.0200
         Episode_Reward/carry_drop: -0.0333
    Episode_Reward/release_at_zone: 0.0000
      Episode_Reward/lower_at_zone: 0.0000
  Episode_Reward/approach_guidance: 0.0000
     Episode_Reward/carry_guidance: 0.0047
       Episode_Reward/hold_at_zone: 0.0000
Episode_Reward/action_norm_penalty: -0.0004
    Episode_Reward/grasp_confirmed: 0.0000
        Episode_Reward/return_home: 0.0000
   Episode_Reward/setdown_approach: 0.0000
     Episode_Reward/cycle_complete: 0.0000
      Episode_Reward/piece_in_zone: 0.0000
      Episode_Reward/piece_dropped: 0.0000
          Episode_Reward/collision: 0.0000
      Episode_Termination/time_out: 0.1875
 Episode_Termination/piece_dropped: 0.0000
Episode_Termination/piece_out_of_bounds: 0.0000
     Episode_Termination/collision: 0.0000
                      Funnel/grasp: 1.0000
                     Funnel/hold2s: 1.0000
                    Funnel/carry5s: 0.0000
                    Funnel/setdown: 0.0000
                      Funnel/cycle: 0.0000
--------------------------------------------------------------------------------
                   Total timesteps: 1152
                    Iteration time: 0.88s
                      Time elapsed: 00:00:03
                               ETA: 00:00:03

################################################################################
                        [1m Learning iteration 3/5 [0m                        

                       Computation: 450 steps/s (collection: 0.779s, learning 0.075s)
             Mean action noise std: 0.50
          Mean value_function loss: 0.0409
               Mean surrogate loss: -0.0205
                 Mean entropy loss: 5.0741
                       Mean reward: 0.92
               Mean episode length: 18.33
Episode_Reward/piece_to_target_distance: 0.0717
Episode_Reward/ee_to_piece_distance: 0.0000
         Episode_Reward/piece_lift: 0.0122
Episode_Reward/gripper_to_piece_when_grasping: 0.0000
   Episode_Reward/hold_maintenance: 0.0200
         Episode_Reward/carry_drop: -0.0333
    Episode_Reward/release_at_zone: 0.0000
      Episode_Reward/lower_at_zone: 0.0000
  Episode_Reward/approach_guidance: 0.0000
     Episode_Reward/carry_guidance: 0.0047
       Episode_Reward/hold_at_zone: 0.0000
Episode_Reward/action_norm_penalty: -0.0004
    Episode_Reward/grasp_confirmed: 0.0000
        Episode_Reward/return_home: 0.0000
   Episode_Reward/setdown_approach: 0.0000
     Episode_Reward/cycle_complete: 0.0000
      Episode_Reward/piece_in_zone: 0.0000
      Episode_Reward/piece_dropped: 0.0000
          Episode_Reward/collision: 0.0000
      Episode_Termination/time_out: 0.1875
 Episode_Termination/piece_dropped: 0.0000
Episode_Termination/piece_out_of_bounds: 0.0000
     Episode_Termination/collision: 0.0000
                      Funnel/grasp: 1.0000
                     Funnel/hold2s: 1.0000
                    Funnel/carry5s: 0.0000
                    Funnel/setdown: 0.0000
                      Funnel/cycle: 0.0000
--------------------------------------------------------------------------------
                   Total timesteps: 1536
                    Iteration time: 0.85s
                      Time elapsed: 00:00:03
                               ETA: 00:00:01

################################################################################
                        [1m Learning iteration 4/5 [0m                        

                       Computation: 475 steps/s (collection: 0.720s, learning 0.087s)
             Mean action noise std: 0.50
          Mean value_function loss: 0.0255
               Mean surrogate loss: -0.0222
                 Mean entropy loss: 5.0712
                       Mean reward: 0.92
               Mean episode length: 18.33
Episode_Reward/piece_to_target_distance: 0.0717
Episode_Reward/ee_to_piece_distance: 0.0000
         Episode_Reward/piece_lift: 0.0122
Episode_Reward/gripper_to_piece_when_grasping: 0.0000
   Episode_Reward/hold_maintenance: 0.0200
         Episode_Reward/carry_drop: -0.0333
    Episode_Reward/release_at_zone: 0.0000
      Episode_Reward/lower_at_zone: 0.0000
  Episode_Reward/approach_guidance: 0.0000
     Episode_Reward/carry_guidance: 0.0047
       Episode_Reward/hold_at_zone: 0.0000
Episode_Reward/action_norm_penalty: -0.0004
    Episode_Reward/grasp_confirmed: 0.0000
        Episode_Reward/return_home: 0.0000
   Episode_Reward/setdown_approach: 0.0000
     Episode_Reward/cycle_complete: 0.0000
      Episode_Reward/piece_in_zone: 0.0000
      Episode_Reward/piece_dropped: 0.0000
          Episode_Reward/collision: 0.0000
      Episode_Termination/time_out: 0.1875
 Episode_Termination/piece_dropped: 0.0000
Episode_Termination/piece_out_of_bounds: 0.0000
     Episode_Termination/collision: 0.0000
                      Funnel/grasp: 1.0000
                     Funnel/hold2s: 1.0000
                    Funnel/carry5s: 0.0000
                    Funnel/setdown: 0.0000
                      Funnel/cycle: 0.0000
--------------------------------------------------------------------------------
                   Total timesteps: 1920
                    Iteration time: 0.81s
                      Time elapsed: 00:00:04
                               ETA: 00:00:00


[train] Final checkpoint: /home/oedeh/github/physical-ai-jetson-robotics/reports/training/synria_chess_pickplace_v0/model_final.pt
[train] Results: /home/oedeh/github/physical-ai-jetson-robotics/reports/training/synria_chess_pickplace_v0/training_results.json
Loading user config located at: '/home/oedeh/.venv/isaacsim5/lib/python3.11/site-packages/isaacsim/kit/data/Kit/Isaac-Sim/5.1/user.config.json'
[Info] [carb] Logging to file: /home/oedeh/.venv/isaacsim5/lib/python3.11/site-packages/isaacsim/kit/logs/Kit/Isaac-Sim/5.1/kit_20260804_235034.log
2026-08-05T04:50:34Z [4ms] [Warning] [omni.ext.plugin] [ext: isaaclab_newton] Extensions config 'extension.toml' doesn't exist '/home/oedeh/IsaacLab/source/isaaclab_newton' or '/home/oedeh/IsaacLab/source/isaaclab_newton/config'
2026-08-05T04:50:34Z [4ms] [Warning] [omni.ext.plugin] [ext: isaaclab_physx] Extensions config 'extension.toml' doesn't exist '/home/oedeh/IsaacLab/source/isaaclab_physx' or '/home/oedeh/IsaacLab/source/isaaclab_physx/config'
2026-08-05T04:50:34Z [4ms] [Warning] [omni.ext.plugin] [ext: isaaclab_ppisp] Extensions config 'extension.toml' doesn't exist '/home/oedeh/IsaacLab/source/isaaclab_ppisp' or '/home/oedeh/IsaacLab/source/isaaclab_ppisp/config'
2026-08-05T04:50:34Z [119ms] [Warning] [omni.usd_config.extension] Enable omni.materialx.libs extension to use MaterialX
2026-08-05T04:50:34Z [379ms] [Warning] [carb] Acquiring non optional plugin interface which is not listed as dependency: [omni::physx::IPhysxBenchmarks v1.0] (plugin: <default plugin>), by client: omni.physics.physx.plugin. Add it to CARB_PLUGIN_IMPL_DEPS() macro of a client.
2026-08-05T04:50:34Z [385ms] [Warning] [omni.isaac.dynamic_control] omni.isaac.dynamic_control is deprecated as of Isaac Sim 4.5. No action is needed from end-users.

|---------------------------------------------------------------------------------------------|
| Driver Version: 580.173.02    | Graphics API: Vulkan
|=============================================================================================|
| GPU | Name                             | Active | LDA | GPU Memory | Vendor-ID | LUID       |
|     |                                  |        |     |            | Device-ID | UUID       |
|     |                                  |        |     |            | Bus-ID    |            |
|---------------------------------------------------------------------------------------------|
| 0   | NVIDIA GeForce RTX 5090          | Yes: 0 |     | 32607   MB | 10de      | 0          |
|     |                                  |        |     |            | 2b85      | d9b11bde.. |
|     |                                  |        |     |            | 2         |            |
|=============================================================================================|
| OS: 24.04.4 LTS (Noble Numbat) ubuntu, Version: 24.04.4, Kernel: 6.17.0-22-generic
| XServer Vendor: The X.Org Foundation, XServer Version: 12101011 (1.21.1.11)
| Processor: Intel(R) Core(TM) Ultra 9 285K
| Cores: 24 | Logical Cores: 24
|---------------------------------------------------------------------------------------------|
| Total Memory (MB): 31668 | Free Memory: 18070
| Total Page/Swap (MB): 8191 | Free Page/Swap: 5750
|---------------------------------------------------------------------------------------------|
2026-08-05T04:50:38Z [3,704ms] [Warning] [gpu.foundation.plugin] CPU performance profile is set to powersave. This profile sets the CPU to the lowest frequency reducing performance.
2026-08-05T04:50:38Z [3,713ms] [Warning] [gpu.foundation.plugin] PCIe link width current (8) and maximum (16) for device 0 don't match.
2026-08-05T04:50:38Z [3,757ms] [Warning] [omni.kvdb.plugin] Disabling key-value database because another kit process is locking it
