[INFO][AppLauncher]: Using device: cuda:0
[INFO][AppLauncher]: Loading experience file: /home/oedeh/IsaacLab/apps/isaaclab.python.headless.kit
[feas] asset: synria_6dof_arm.usd

[36m======================================================================================[0m
[36m[1m[INFO][IsaacLab]: Logging to file: /tmp/isaaclab/logs/isaaclab_2026-07-31_21-16-19.log[0m
[36m======================================================================================[0m

[33m21:16:19 [simulation_context.py] WARNING: The `enable_external_forces_every_iteration` parameter in the PhysxCfg is set to False. If you are experiencing noisy velocities, consider enabling this flag. You may need to slightly increase the number of velocity iterations (setting it to 1 or 2 rather than 0), together with this flag, to improve the accuracy of velocity updates.[0m
[feas] joints: ['Joint1', 'Joint2', 'Joint3', 'Joint4', 'Joint5', 'Joint6', 'left_finger', 'right_finger']
[feas] left_finger limits: [0.0, 25.0] mm, right: [-25.0, 0.0] mm
[feas] finger defaults: 0.0 / 0.0 mm
[feas] teleport-to-20mm test: fingers now at 20.0 / -20.0 mm
[feas] gripper bodies: ['left_gripper', 'right_gripper']
[block] {'block_mm': 20, 'trial': 0, 'left_travel_mm': 5.83, 'right_travel_mm': 0.22, 'measured_width_mm': 43.95, 'width_err_mm': 23.95, 'block_final_mm': [126.5, 0.2, 513.0], 'block_off_from_mid_mm': [-0.5, -2.9, 25.0], 'symmetric': False, 'ok': False}
[block] {'block_mm': 20, 'trial': 1, 'left_travel_mm': 0.0, 'right_travel_mm': 1.21, 'measured_width_mm': 48.79, 'width_err_mm': 28.79, 'block_final_mm': [103.6, 0.2, 519.3], 'block_off_from_mid_mm': [1.3, 1.7, 24.5], 'symmetric': True, 'ok': False}
[block] {'block_mm': 20, 'trial': 2, 'left_travel_mm': 0.06, 'right_travel_mm': 0.08, 'measured_width_mm': 49.86, 'width_err_mm': 29.86, 'block_final_mm': [127.5, 0.4, 524.3], 'block_off_from_mid_mm': [-0.0, -0.0, 25.0], 'symmetric': True, 'ok': False}
[block] {'block_mm': 28, 'trial': 0, 'left_travel_mm': 0.24, 'right_travel_mm': -0.0, 'measured_width_mm': 49.76, 'width_err_mm': 21.76, 'block_final_mm': [149.4, 0.3, 530.0], 'block_off_from_mid_mm': [-1.0, 0.0, 24.8], 'symmetric': True, 'ok': False}
[block] {'block_mm': 28, 'trial': 1, 'left_travel_mm': 0.52, 'right_travel_mm': 0.01, 'measured_width_mm': 49.47, 'width_err_mm': 21.47, 'block_final_mm': [171.8, 0.3, 537.7], 'block_off_from_mid_mm': [-4.3, 0.1, 22.7], 'symmetric': True, 'ok': False}
[block] {'block_mm': 28, 'trial': 2, 'left_travel_mm': 0.38, 'right_travel_mm': -0.0, 'measured_width_mm': 49.62, 'width_err_mm': 21.62, 'block_final_mm': [194.1, 0.2, 547.1], 'block_off_from_mid_mm': [-7.4, 0.0, 20.5], 'symmetric': True, 'ok': False}
[block] {'block_mm': 30, 'trial': 0, 'left_travel_mm': 0.25, 'right_travel_mm': 0.03, 'measured_width_mm': 49.72, 'width_err_mm': 19.72, 'block_final_mm': [219.0, 0.3, 557.9], 'block_off_from_mid_mm': [-11.2, -0.0, 17.7], 'symmetric': True, 'ok': False}
[block] {'block_mm': 30, 'trial': 1, 'left_travel_mm': 0.26, 'right_travel_mm': -0.0, 'measured_width_mm': 49.74, 'width_err_mm': 19.74, 'block_final_mm': [237.6, 0.3, 569.3], 'block_off_from_mid_mm': [-13.3, -0.0, 15.6], 'symmetric': True, 'ok': False}
[block] {'block_mm': 30, 'trial': 2, 'left_travel_mm': 0.4, 'right_travel_mm': 0.07, 'measured_width_mm': 49.54, 'width_err_mm': 19.54, 'block_final_mm': [253.1, 0.3, 581.2], 'block_off_from_mid_mm': [-15.5, 0.4, 13.8], 'symmetric': True, 'ok': False}
[block] {'block_mm': 40, 'trial': 0, 'left_travel_mm': 2.55, 'right_travel_mm': 0.86, 'measured_width_mm': 46.59, 'width_err_mm': 6.59, 'block_final_mm': [263.5, 7.2, 593.2], 'block_off_from_mid_mm': [-19.1, 0.3, 12.2], 'symmetric': True, 'ok': False}
[block] {'block_mm': 40, 'trial': 1, 'left_travel_mm': 1.85, 'right_travel_mm': 2.04, 'measured_width_mm': 46.11, 'width_err_mm': 6.11, 'block_final_mm': [277.4, 1.2, 605.2], 'block_off_from_mid_mm': [-19.2, -3.3, 10.9], 'symmetric': True, 'ok': False}
[block] {'block_mm': 40, 'trial': 2, 'left_travel_mm': 0.07, 'right_travel_mm': 1.71, 'measured_width_mm': 48.22, 'width_err_mm': 8.22, 'block_final_mm': [286.4, 0.3, 616.9], 'block_off_from_mid_mm': [-21.0, -0.6, 9.6], 'symmetric': True, 'ok': False}
[block] ======== BLOCKS 0/12 OK (asset=production) ========
FEAS_EXIT=4
