[INFO][AppLauncher]: Using device: cuda:0
[INFO][AppLauncher]: Loading experience file: /home/oedeh/IsaacLab/apps/isaaclab.python.headless.kit
[feas] asset: synria_6dof_arm.usd

[36m======================================================================================[0m
[36m[1m[INFO][IsaacLab]: Logging to file: /tmp/isaaclab/logs/isaaclab_2026-07-31_21-15-38.log[0m
[36m======================================================================================[0m

[33m21:15:38 [simulation_context.py] WARNING: The `enable_external_forces_every_iteration` parameter in the PhysxCfg is set to False. If you are experiencing noisy velocities, consider enabling this flag. You may need to slightly increase the number of velocity iterations (setting it to 1 or 2 rather than 0), together with this flag, to improve the accuracy of velocity updates.[0m
[feas] joints: ['Joint1', 'Joint2', 'Joint3', 'Joint4', 'Joint5', 'Joint6', 'left_finger', 'right_finger']
[feas] left_finger limits: [0.0, 25.0] mm, right: [-25.0, 0.0] mm
[feas] finger defaults: 0.0 / 0.0 mm
[feas] teleport-to-20mm test: fingers now at 20.0 / -20.0 mm
[feas] gripper bodies: ['left_gripper', 'right_gripper']
Traceback (most recent call last):
  File "/home/oedeh/github/physical-ai-jetson-robotics-gr00t/isaac/scripts/synria_grasp_feasibility.py", line 64, in main
    return _run(args)
           ^^^^^^^^^^
  File "/home/oedeh/github/physical-ai-jetson-robotics-gr00t/isaac/scripts/synria_grasp_feasibility.py", line 300, in _run
    mid = pad_center_world()
          ^^^^^^^^^^^^^^^^^^
  File "/home/oedeh/github/physical-ai-jetson-robotics-gr00t/isaac/scripts/synria_grasp_feasibility.py", line 221, in pad_center_world
    loc = torch.tensor(_PAD_LOCAL[side], device=dev).expand(n if False else 1, 3)
                                                ^^^
NameError: name 'dev' is not defined
FEAS_EXIT=1
