Loading user config located at: '/home/oedeh/.venv/isaacsim5/lib/python3.11/site-packages/isaacsim/kit/data/Kit/Isaac-Sim/5.1/user.config.json'
[Info] [carb] Logging to file: /home/oedeh/.venv/isaacsim5/lib/python3.11/site-packages/isaacsim/kit/logs/Kit/Isaac-Sim/5.1/kit_20260728_225436.log
2026-07-29T03:54:36Z [4ms] [Warning] [omni.ext.plugin] [ext: isaaclab_newton] Extensions config 'extension.toml' doesn't exist '/home/oedeh/IsaacLab/source/isaaclab_newton' or '/home/oedeh/IsaacLab/source/isaaclab_newton/config'
2026-07-29T03:54:36Z [4ms] [Warning] [omni.ext.plugin] [ext: isaaclab_physx] Extensions config 'extension.toml' doesn't exist '/home/oedeh/IsaacLab/source/isaaclab_physx' or '/home/oedeh/IsaacLab/source/isaaclab_physx/config'
2026-07-29T03:54:36Z [4ms] [Warning] [omni.ext.plugin] [ext: isaaclab_ppisp] Extensions config 'extension.toml' doesn't exist '/home/oedeh/IsaacLab/source/isaaclab_ppisp' or '/home/oedeh/IsaacLab/source/isaaclab_ppisp/config'

|---------------------------------------------------------------------------------------------|
| Driver Version: 580.173.02    | Graphics API: Vulkan
|=============================================================================================|
| GPU | Name                             | Active | LDA | GPU Memory | Vendor-ID | LUID       |
|     |                                  |        |     |            | Device-ID | UUID       |
|     |                                  |        |     |            | Bus-ID    |            |
|---------------------------------------------------------------------------------------------|
| 0   | NVIDIA GeForce RTX 5090          | Yes: 0 |     | 32607   MB | 10de      | 0          |
|     |                                  |        |     |            | 2b85      | d9b11bde.. |
|     |                                  |        |     |            | 2         |            |
|=============================================================================================|
| OS: 24.04.4 LTS (Noble Numbat) ubuntu, Version: 24.04.4, Kernel: 6.17.0-22-generic
| XServer Vendor: The X.Org Foundation, XServer Version: 12101011 (1.21.1.11)
| Processor: Intel(R) Core(TM) Ultra 9 285K
| Cores: 24 | Logical Cores: 24
|---------------------------------------------------------------------------------------------|
| Total Memory (MB): 31668 | Free Memory: 20264
| Total Page/Swap (MB): 8191 | Free Page/Swap: 6790
|---------------------------------------------------------------------------------------------|
2026-07-29T03:54:37Z [733ms] [Warning] [gpu.foundation.plugin] CPU performance profile is set to powersave. This profile sets the CPU to the lowest frequency reducing performance.
2026-07-29T03:54:37Z [741ms] [Warning] [gpu.foundation.plugin] PCIe link width current (8) and maximum (16) for device 0 don't match.
2026-07-29T03:54:39Z [2,696ms] [Warning] [omni.log] Source: omni.hydra was already registered.
2026-07-29T03:54:39Z [2,781ms] [Warning] [carb] Acquiring non optional plugin interface which is not listed as dependency: [omni::physx::IPhysxBenchmarks v1.0] (plugin: <default plugin>), by client: omni.physics.physx.plugin. Add it to CARB_PLUGIN_IMPL_DEPS() macro of a client.
2026-07-29T03:54:39Z [2,898ms] [Warning] [omni.isaac.dynamic_control] omni.isaac.dynamic_control is deprecated as of Isaac Sim 4.5. No action is needed from end-users.
2026-07-29T03:54:40Z [4,014ms] [Warning] [pxr.Semantics] pxr.Semantics is deprecated - please use Semantics instead
2026-07-29T03:54:40Z [4,078ms] [Warning] [omni.graph.core.plugin] Found duplicate of category 'Replicator' - was 'Annotators', adding 'Fabric Reader'
2026-07-29T03:54:40Z [4,078ms] [Warning] [omni.graph.core.plugin] Category 'Replicator' not accepted on node type 'omni.replicator.core.FabricReader' in extension 'omni.replicator.core'
2026-07-29T03:54:40Z [4,078ms] [Warning] [omni.replicator.core.scripts.extension] No material configuration file, adding configuration to material settings directly.
2026-07-29T03:54:42Z [6,387ms] [Warning] [omni.fabric.plugin] Warning: attribute viewportHandle not found for bucket id 7

[INFO][AppLauncher]: Using device: cuda:0
[INFO][AppLauncher]: Loading experience file: /home/oedeh/IsaacLab/apps/isaaclab.python.headless.rendering.kit

[36m======================================================================================[0m
[36m[1m[INFO][IsaacLab]: Logging to file: /tmp/isaaclab/logs/isaaclab_2026-07-28_22-54-43.log[0m
[36m======================================================================================[0m

[33m22:54:43 [simulation_context.py] WARNING: The `enable_external_forces_every_iteration` parameter in the PhysxCfg is set to False. If you are experiencing noisy velocities, consider enabling this flag. You may need to slightly increase the number of velocity iterations (setting it to 1 or 2 rather than 0), together with this flag, to improve the accuracy of velocity updates.[0m
[INFO]: Base environment:
	Environment device    : cuda:0
	Environment seed      : None
	Physics step-size     : 0.016666666666666666
	Rendering step-size   : 0.016666666666666666
	Environment step-size : 0.03333333333333333
[33m22:54:43 [manager_based_env.py] WARNING: The render interval (1) is smaller than the decimation (2). Multiple render calls will happen for each environment step. If this is not intended, set the render interval to be equal to the decimation.[0m
2026-07-29T03:54:43Z [6,740ms] [Warning] [isaaclab.envs.manager_based_env] Seed not set for the environment. The environment creation may not be deterministic.
2026-07-29T03:54:43Z [7,393ms] [Error] [omni.physx.plugin] PhysicsUSD: Parse collision - triangle mesh collision (approximation None/MeshSimplification) cannot be a part of a dynamic body, falling back to convexHull approximation: /World/envs/env_0/Tabletop/Game/DiceCup/Cup.For dynamic collision please use approximations : convex hull, convex decomposition, box, sphere or SDF approximation.
2026-07-29T03:54:43Z [7,394ms] [Error] [omni.physx.plugin] PhysicsUSD: Parse collision - triangle mesh collision (approximation None/MeshSimplification) cannot be a part of a dynamic body, falling back to convexHull approximation: /World/envs/env_1/Tabletop/Game/DiceCup/Cup.For dynamic collision please use approximations : convex hull, convex decomposition, box, sphere or SDF approximation.
2026-07-29T03:54:44Z [7,808ms] [Warning] [omni.fabric.plugin] getAttributeCount called on non-existent path /World/envs/env_1/SynriaArm/link6/visuals/link6/node_STL_BINARY_
2026-07-29T03:54:44Z [7,808ms] [Warning] [omni.fabric.plugin] getTypes called on non-existent path /World/envs/env_1/SynriaArm/link6/visuals/link6/node_STL_BINARY_
2026-07-29T03:54:44Z [8,367ms] [Warning] [rtx.postprocessing.plugin] DLSS increasing input dimensions: Render resolution of (260, 130) is below minimal input resolution of 300.
PROBE_EXIT=0
