Loading user config located at: '/home/oedeh/.venv/isaacsim5/lib/python3.11/site-packages/isaacsim/kit/data/Kit/Isaac-Sim/5.1/user.config.json'
[Info] [carb] Logging to file: /home/oedeh/.venv/isaacsim5/lib/python3.11/site-packages/isaacsim/kit/logs/Kit/Isaac-Sim/5.1/kit_20260731_162218.log
2026-07-31T21:22:18Z [4ms] [Warning] [omni.ext.plugin] [ext: isaaclab_newton] Extensions config 'extension.toml' doesn't exist '/home/oedeh/IsaacLab/source/isaaclab_newton' or '/home/oedeh/IsaacLab/source/isaaclab_newton/config'
2026-07-31T21:22:18Z [4ms] [Warning] [omni.ext.plugin] [ext: isaaclab_physx] Extensions config 'extension.toml' doesn't exist '/home/oedeh/IsaacLab/source/isaaclab_physx' or '/home/oedeh/IsaacLab/source/isaaclab_physx/config'
2026-07-31T21:22:18Z [4ms] [Warning] [omni.ext.plugin] [ext: isaaclab_ppisp] Extensions config 'extension.toml' doesn't exist '/home/oedeh/IsaacLab/source/isaaclab_ppisp' or '/home/oedeh/IsaacLab/source/isaaclab_ppisp/config'

|---------------------------------------------------------------------------------------------|
| Driver Version: 580.173.02    | Graphics API: Vulkan
|=============================================================================================|
| GPU | Name                             | Active | LDA | GPU Memory | Vendor-ID | LUID       |
|     |                                  |        |     |            | Device-ID | UUID       |
|     |                                  |        |     |            | Bus-ID    |            |
|---------------------------------------------------------------------------------------------|
| 0   | NVIDIA GeForce RTX 5090          | Yes: 0 |     | 32607   MB | 10de      | 0          |
|     |                                  |        |     |            | 2b85      | d9b11bde.. |
|     |                                  |        |     |            | 2         |            |
|=============================================================================================|
| OS: 24.04.4 LTS (Noble Numbat) ubuntu, Version: 24.04.4, Kernel: 6.17.0-22-generic
| XServer Vendor: The X.Org Foundation, XServer Version: 12101011 (1.21.1.11)
| Processor: Intel(R) Core(TM) Ultra 9 285K
| Cores: 24 | Logical Cores: 24
|---------------------------------------------------------------------------------------------|
| Total Memory (MB): 31668 | Free Memory: 23732
| Total Page/Swap (MB): 8191 | Free Page/Swap: 2137
|---------------------------------------------------------------------------------------------|
2026-07-31T21:22:19Z [801ms] [Warning] [gpu.foundation.plugin] CPU performance profile is set to powersave. This profile sets the CPU to the lowest frequency reducing performance.
2026-07-31T21:22:19Z [809ms] [Warning] [gpu.foundation.plugin] PCIe link width current (8) and maximum (16) for device 0 don't match.
2026-07-31T21:22:20Z [2,474ms] [Warning] [omni.log] Source: omni.hydra was already registered.
2026-07-31T21:22:21Z [2,559ms] [Warning] [carb] Acquiring non optional plugin interface which is not listed as dependency: [omni::physx::IPhysxBenchmarks v1.0] (plugin: <default plugin>), by client: omni.physics.physx.plugin. Add it to CARB_PLUGIN_IMPL_DEPS() macro of a client.
2026-07-31T21:22:21Z [2,675ms] [Warning] [omni.isaac.dynamic_control] omni.isaac.dynamic_control is deprecated as of Isaac Sim 4.5. No action is needed from end-users.
2026-07-31T21:22:22Z [3,943ms] [Warning] [pxr.Semantics] pxr.Semantics is deprecated - please use Semantics instead
2026-07-31T21:22:22Z [4,005ms] [Warning] [omni.graph.core.plugin] Found duplicate of category 'Replicator' - was 'Annotators', adding 'Fabric Reader'
2026-07-31T21:22:22Z [4,005ms] [Warning] [omni.graph.core.plugin] Category 'Replicator' not accepted on node type 'omni.replicator.core.FabricReader' in extension 'omni.replicator.core'
2026-07-31T21:22:22Z [4,006ms] [Warning] [omni.replicator.core.scripts.extension] No material configuration file, adding configuration to material settings directly.
2026-07-31T21:22:24Z [6,280ms] [Warning] [omni.fabric.plugin] Warning: attribute viewPickingId not found for bucket id 7

[INFO][AppLauncher]: Using device: cuda:0
[INFO][AppLauncher]: Loading experience file: /home/oedeh/IsaacLab/apps/isaaclab.python.headless.rendering.kit

[36m======================================================================================[0m
[36m[1m[INFO][IsaacLab]: Logging to file: /tmp/isaaclab/logs/isaaclab_2026-07-31_16-22-25.log[0m
[36m======================================================================================[0m

[33m16:22:25 [simulation_context.py] WARNING: The `enable_external_forces_every_iteration` parameter in the PhysxCfg is set to False. If you are experiencing noisy velocities, consider enabling this flag. You may need to slightly increase the number of velocity iterations (setting it to 1 or 2 rather than 0), together with this flag, to improve the accuracy of velocity updates.[0m
[INFO]: Base environment:
	Environment device    : cuda:0
	Environment seed      : None
	Physics step-size     : 0.008333333333333333
	Rendering step-size   : 0.008333333333333333
	Environment step-size : 0.016666666666666666
[33m16:22:25 [manager_based_env.py] WARNING: The render interval (1) is smaller than the decimation (2). Multiple render calls will happen for each environment step. If this is not intended, set the render interval to be equal to the decimation.[0m
[INFO]: Time taken for scene creation : 1.098281 seconds
[INFO]: Scene manager:  <class InteractiveScene>
	Number of environments: 8
	Environment spacing   : 2.5
	Source prim name      : /World/envs/env_0
	Global prim paths     : []
	Replicate physics     : True
[INFO]: Starting the simulation. This may take a few seconds. Please wait...
[INFO]: Time taken for simulation start : 1.424422 seconds
[INFO] Event Manager:  <EventManager> contains 1 active terms.
+-------------------------------------+
| Active Event Terms in Mode: 'reset' |
+--------+----------------------------+
| Index  | Name                       |
+--------+----------------------------+
|   0    | reset_scene_to_default     |
+--------+----------------------------+

[INFO] Recorder Manager:  <RecorderManager> contains 0 active terms.
+---------------------+
| Active Recorder Terms |
+-----------+---------+
|   Index   | Name    |
+-----------+---------+
+-----------+---------+

[INFO] Action Manager:  <ActionManager> contains 2 active terms.
+----------------------------------+
|  Active Action Terms (shape: 8)  |
+--------+-----------+-------------+
| Index  | Name      |   Dimension |
+--------+-----------+-------------+
|   0    | arm       |           7 |
|   1    | gripper   |           1 |
+--------+-----------+-------------+

[INFO] Observation Manager: <ObservationManager> contains 1 groups.
+-----------------------------------------------------+
| Active Observation Terms in Group: 'policy' (shape: (13,)) |
+--------------+-----------------------+--------------+
|    Index     | Name                  |    Shape     |
+--------------+-----------------------+--------------+
|      0       | joint_pos             |    (13,)     |
+--------------+-----------------------+--------------+

[s1] boot hand z-axis (world): [0.713, -0.0, -0.702]
[s1] tool-down enforced (tilt was 45.4 deg)
[s1] hand jac row: 7 (cos=1.00; -1 conv would be 7)
[s1] free-close t=30 finger_joint=0.798
[s1] free-close t=60 finger_joint=0.798
[s1] free-close t=90 finger_joint=0.798
[s1] free-close t=120 finger_joint=0.798
[s1] free-close t=150 finger_joint=0.798
[s1] free-close t=180 finger_joint=0.798
[s1] free-close t=210 finger_joint=0.798
[s1] free-close t=240 finger_joint=0.798
[s1] free-close t=270 finger_joint=0.798
[s1] free-close t=300 finger_joint=0.798
[s1] free-air close settled at 0.798 (current grasp band 0.2-0.70)
[rec] resuming after 15 existing episodes
[s1] grasp-geom e4: hand-cup_xy=0.007 cup_gt=[0.457, 0.04, 0.021] vision_xy=[0.457, 0.044]
[s1] GRASP (drive stall) envs [4] stall=[0.49]
[s1] grasp-geom e6: hand-cup_xy=0.005 cup_gt=[0.496, -0.087, 0.028] vision_xy=[0.493, 0.016]
[s1] GRASP (drive stall) envs [6] stall=[0.52]
[s1] LIFTED envs [4] (physical, friction-held)
[s1] grasp-geom e3: hand-cup_xy=0.005 cup_gt=[0.492, -0.046, 0.02] vision_xy=[0.489, 0.06]
[s1] GRASP (drive stall) envs [3] stall=[0.697]
[s1] grasp-geom e4: hand-cup_xy=0.010 cup_gt=[0.419, -0.052, 0.02] vision_xy=[0.424, -0.06]
[s1] GRASP (drive stall) envs [4] stall=[0.488]
[s1] LIFTED envs [4] (physical, friction-held)
[s1] grasp-geom e6: hand-cup_xy=0.012 cup_gt=[0.424, 0.167, 0.021] vision_xy=[0.446, 0.071]
[s1] GRASP (drive stall) envs [6] stall=[0.497]
[s1] grasp-geom e4: hand-cup_xy=0.003 cup_gt=[0.436, 0.0, 0.028] vision_xy=[0.471, 0.045]
[s1] GRASP (drive stall) envs [4] stall=[0.482]
[s1] LIFTED envs [4] (physical, friction-held)
[s1] grasp-geom e6: hand-cup_xy=0.038 cup_gt=[0.524, 0.007, 0.022] vision_xy=[0.51, -0.078]
[s1] GRASP (drive stall) envs [6] stall=[0.644]
[s1] grasp-geom e7: hand-cup_xy=0.017 cup_gt=[0.418, -0.058, 0.02] vision_xy=[0.44, 0.02]
[s1] GRASP (drive stall) envs [7] stall=[0.497]
[s1] LIFTED envs [7] (physical, friction-held)
[s1] PLACED envs [7] (full physical pick-move-place)
[rec] episode 16/40 saved (len=443, env=7)
[s1] grasp-geom e6: hand-cup_xy=0.003 cup_gt=[0.436, -0.087, 0.02] vision_xy=[0.465, 0.036]
[s1] GRASP (drive stall) envs [6] stall=[0.491]
[s1] LIFTED envs [6] (physical, friction-held)
[s1] PLACED envs [6] (full physical pick-move-place)
[rec] episode 17/40 saved (len=468, env=6)
[s1] grasp-geom e1: hand-cup_xy=0.009 cup_gt=[0.542, -0.031, 0.023] vision_xy=[0.543, -0.007]
[s1] GRASP (drive stall) envs [1] stall=[0.497]
[s1] LIFTED envs [1] (physical, friction-held)
[s1] PLACED envs [1] (full physical pick-move-place)
[rec] episode 18/40 saved (len=429, env=1)
[s1] grasp-geom e4: hand-cup_xy=0.010 cup_gt=[0.532, 0.195, 0.022] vision_xy=[0.556, 0.081]
[s1] GRASP (drive stall) envs [4] stall=[0.658]
[s1] grasp-geom e0: hand-cup_xy=0.107 cup_gt=[0.504, -0.042, 0.02] vision_xy=[0.451, -0.072]
[s1] GRASP (drive stall) envs [0] stall=[0.569]
[s1] grasp-geom e0: hand-cup_xy=0.010 cup_gt=[0.484, 0.109, 0.021] vision_xy=[0.502, 0.058]
[s1] GRASP (drive stall) envs [0] stall=[0.488]
[s1] LIFTED envs [0] (physical, friction-held)
[s1] grasp-geom e1: hand-cup_xy=0.007 cup_gt=[0.415, 0.046, 0.02] vision_xy=[0.43, -0.042]
[s1] GRASP (drive stall) envs [1] stall=[0.492]
[s1] LIFTED envs [1] (physical, friction-held)
[s1] PLACED envs [1] (full physical pick-move-place)
[rec] episode 19/40 saved (len=475, env=1)
[s1] grasp-geom e0: hand-cup_xy=0.005 cup_gt=[0.41, 0.001, 0.022] vision_xy=[0.419, 0.011]
[s1] GRASP (drive stall) envs [0] stall=[0.489]
[s1] LIFTED envs [0] (physical, friction-held)
[s1] PLACED envs [0] (full physical pick-move-place)
[rec] episode 20/40 saved (len=416, env=0)
[s1] grasp-geom e0: hand-cup_xy=0.016 cup_gt=[0.48, -0.041, 0.057] vision_xy=[0.454, -0.028]
[s1] GRASP (drive stall) envs [0] stall=[0.489]
[s1] LIFTED envs [0] (physical, friction-held)
[s1] PLACED envs [0] (full physical pick-move-place)
[rec] episode 21/40 saved (len=476, env=0)
[s1] grasp-geom e0: hand-cup_xy=0.010 cup_gt=[0.496, -0.007, 0.065] vision_xy=[0.465, -0.03]
[s1] GRASP (drive stall) envs [0] stall=[0.49]
[s1] LIFTED envs [0] (physical, friction-held)
[s1] grasp-geom e0: hand-cup_xy=0.083 cup_gt=[0.354, 0.078, 0.02] vision_xy=[0.448, 0.06]
[s1] GRASP (drive stall) envs [0] stall=[0.6]
[s1] grasp-geom e0: hand-cup_xy=0.014 cup_gt=[0.479, -0.004, 0.02] vision_xy=[0.456, 0.058]
[s1] GRASP (drive stall) envs [0] stall=[0.665]
[s1] grasp-geom e3: hand-cup_xy=0.004 cup_gt=[0.515, 0.093, 0.071] vision_xy=[0.497, 0.082]
[s1] GRASP (drive stall) envs [3] stall=[0.499]
[s1] LIFTED envs [3] (physical, friction-held)
[s1] grasp-geom e3: hand-cup_xy=0.011 cup_gt=[0.546, -0.079, 0.021] vision_xy=[0.552, -0.007]
[s1] GRASP (drive stall) envs [3] stall=[0.487]
[s1] LIFTED envs [3] (physical, friction-held)
[s1] PLACED envs [3] (full physical pick-move-place)
[rec] episode 22/40 saved (len=427, env=3)
[s1] grasp-geom e2: hand-cup_xy=0.007 cup_gt=[0.602, -0.021, 0.037] vision_xy=[0.578, 0.073]
[s1] GRASP (drive stall) envs [2] stall=[0.499]
[s1] grasp-geom e0: hand-cup_xy=0.006 cup_gt=[0.464, 0.045, 0.028] vision_xy=[0.471, 0.072]
[s1] GRASP (drive stall) envs [0] stall=[0.484]
[s1] LIFTED envs [2] (physical, friction-held)
[s1] LIFTED envs [0] (physical, friction-held)
[s1] PLACED envs [2] (full physical pick-move-place)
[rec] episode 23/40 saved (len=453, env=2)
[s1] grasp-geom e0: hand-cup_xy=0.022 cup_gt=[0.537, -0.114, 0.028] vision_xy=[0.545, 0.002]
[s1] GRASP (drive stall) envs [0] stall=[0.692]
[s1] grasp-geom e4: hand-cup_xy=0.013 cup_gt=[0.529, -0.097, 0.021] vision_xy=[0.538, 0.007]
[s1] GRASP (drive stall) envs [4] stall=[0.488]
[s1] LIFTED envs [4] (physical, friction-held)
[s1] grasp-geom e1: hand-cup_xy=0.029 cup_gt=[0.462, -0.033, 0.028] vision_xy=[0.441, 0.064]
[s1] GRASP (drive stall) envs [1] stall=[0.557]
[s1] grasp-geom e1: hand-cup_xy=0.010 cup_gt=[0.492, -0.014, 0.074] vision_xy=[0.456, 0.024]
[s1] GRASP (drive stall) envs [1] stall=[0.487]
[s1] LIFTED envs [1] (physical, friction-held)
[s1] grasp-geom e1: hand-cup_xy=0.021 cup_gt=[0.545, 0.21, 0.024] vision_xy=[0.572, 0.056]
[s1] GRASP (drive stall) envs [1] stall=[0.535]
[s1] grasp-geom e3: hand-cup_xy=0.014 cup_gt=[0.487, -0.029, 0.02] vision_xy=[0.482, 0.084]
[s1] GRASP (drive stall) envs [3] stall=[0.501]
[s1] grasp-geom e3: hand-cup_xy=0.010 cup_gt=[0.495, -0.052, 0.068] vision_xy=[0.466, -0.029]
[s1] GRASP (drive stall) envs [3] stall=[0.493]
[s1] grasp-geom e1: hand-cup_xy=0.008 cup_gt=[0.501, -0.001, 0.026] vision_xy=[0.529, 0.015]
[s1] GRASP (drive stall) envs [1] stall=[0.489]
[s1] LIFTED envs [3] (physical, friction-held)
[s1] LIFTED envs [1] (physical, friction-held)
[s1] grasp-geom e1: hand-cup_xy=0.016 cup_gt=[0.519, 0.067, 0.02] vision_xy=[0.528, -0.067]
[s1] GRASP (drive stall) envs [1] stall=[0.492]
[s1] LIFTED envs [1] (physical, friction-held)
[s1] PLACED envs [1] (full physical pick-move-place)
[rec] episode 24/40 saved (len=440, env=1)
[s1] grasp-geom e1: hand-cup_xy=0.002 cup_gt=[0.417, -0.011, 0.02] vision_xy=[0.427, 0.053]
[s1] GRASP (drive stall) envs [1] stall=[0.486]
[s1] LIFTED envs [1] (physical, friction-held)
[s1] PLACED envs [1] (full physical pick-move-place)
[rec] episode 25/40 saved (len=473, env=1)
[s1] grasp-geom e1: hand-cup_xy=0.012 cup_gt=[0.562, 0.089, 0.035] vision_xy=[0.568, 0.009]
[s1] GRASP (drive stall) envs [1] stall=[0.5]
[s1] LIFTED envs [1] (physical, friction-held)
[s1] PLACED envs [1] (full physical pick-move-place)
[rec] episode 26/40 saved (len=432, env=1)
[s1] ======== RESULT: 22 physical picks, 11 physical pick-move-places ========
REC_EXIT=0
