[INFO][AppLauncher]: Using device: cuda:0
[INFO][AppLauncher]: Loading experience file: /home/oedeh/IsaacLab/apps/isaaclab.python.headless.kit
[feas] asset: synria_6dof_arm_padfix.usd

[36m======================================================================================[0m
[36m[1m[INFO][IsaacLab]: Logging to file: /tmp/isaaclab/logs/isaaclab_2026-07-31_19-42-01.log[0m
[36m======================================================================================[0m

[33m19:42:01 [simulation_context.py] WARNING: The `enable_external_forces_every_iteration` parameter in the PhysxCfg is set to False. If you are experiencing noisy velocities, consider enabling this flag. You may need to slightly increase the number of velocity iterations (setting it to 1 or 2 rather than 0), together with this flag, to improve the accuracy of velocity updates.[0m
[feas] joints: ['Joint1', 'Joint2', 'Joint3', 'Joint4', 'Joint5', 'Joint6', 'left_finger', 'right_finger']
[feas] left_finger limits: [0.0, 25.0] mm, right: [-25.0, 0.0] mm
[feas] finger defaults: 0.0 / 0.0 mm
[feas] teleport-to-20mm test: fingers now at 0.47 / -16.23 mm
[feas] gripper bodies: ['left_gripper', 'right_gripper']
[feas] hover trial 0: {'trial': 0, 'mode': 'hover', 'stall_left_mm': 3.5, 'stall_right_mm': 1.2, 'contacted': True, 'symmetric': True, 'drop_mm': 47.5, 'held': True, 'success': True}
[feas] hover trial 1: {'trial': 1, 'mode': 'hover', 'stall_left_mm': 1.3, 'stall_right_mm': 0.5, 'contacted': True, 'symmetric': True, 'drop_mm': 47.3, 'held': True, 'success': True}
[feas] hover trial 2: {'trial': 2, 'mode': 'hover', 'stall_left_mm': 1.3, 'stall_right_mm': 0.5, 'contacted': True, 'symmetric': True, 'drop_mm': 47.3, 'held': True, 'success': True}
[feas] hover trial 3: {'trial': 3, 'mode': 'hover', 'stall_left_mm': 1.3, 'stall_right_mm': 0.5, 'contacted': True, 'symmetric': True, 'drop_mm': 47.3, 'held': True, 'success': True}
[feas] hover trial 4: {'trial': 4, 'mode': 'hover', 'stall_left_mm': 1.3, 'stall_right_mm': 0.5, 'contacted': True, 'symmetric': True, 'drop_mm': 47.3, 'held': True, 'success': True}
[feas] hover trial 5: {'trial': 5, 'mode': 'hover', 'stall_left_mm': 1.3, 'stall_right_mm': 0.5, 'contacted': True, 'symmetric': True, 'drop_mm': 47.3, 'held': True, 'success': True}
[feas] hover trial 6: {'trial': 6, 'mode': 'hover', 'stall_left_mm': 1.3, 'stall_right_mm': 0.5, 'contacted': True, 'symmetric': True, 'drop_mm': 47.3, 'held': True, 'success': True}
[feas] hover trial 7: {'trial': 7, 'mode': 'hover', 'stall_left_mm': 1.3, 'stall_right_mm': 0.5, 'contacted': True, 'symmetric': True, 'drop_mm': 47.3, 'held': True, 'success': True}
[feas] hover trial 8: {'trial': 8, 'mode': 'hover', 'stall_left_mm': 1.3, 'stall_right_mm': 0.5, 'contacted': True, 'symmetric': True, 'drop_mm': 47.3, 'held': True, 'success': True}
[feas] hover trial 9: {'trial': 9, 'mode': 'hover', 'stall_left_mm': 1.3, 'stall_right_mm': 0.5, 'contacted': True, 'symmetric': True, 'drop_mm': 47.3, 'held': True, 'success': True}
[feas] ======== HOVER SUCCESS 10/10 (asset=padfix) ========
[feas] wrote /home/oedeh/github/physical-ai-jetson-robotics-gr00t/reports/synria_grasp_hover_padfix.json
FEAS_EXIT=0
