[INFO][AppLauncher]: Using device: cuda:0
[INFO][AppLauncher]: Loading experience file: /home/oedeh/IsaacLab/apps/isaaclab.python.headless.kit
[feas] asset: synria_6dof_arm_padfix.usd

[36m======================================================================================[0m
[36m[1m[INFO][IsaacLab]: Logging to file: /tmp/isaaclab/logs/isaaclab_2026-07-31_19-40-22.log[0m
[36m======================================================================================[0m

[33m19:40:22 [simulation_context.py] WARNING: The `enable_external_forces_every_iteration` parameter in the PhysxCfg is set to False. If you are experiencing noisy velocities, consider enabling this flag. You may need to slightly increase the number of velocity iterations (setting it to 1 or 2 rather than 0), together with this flag, to improve the accuracy of velocity updates.[0m
[feas] joints: ['Joint1', 'Joint2', 'Joint3', 'Joint4', 'Joint5', 'Joint6', 'left_finger', 'right_finger']
[feas] left_finger limits: [0.0, 25.0] mm, right: [-25.0, 0.0] mm
[feas] finger defaults: 0.0 / 0.0 mm
[feas] teleport-to-20mm test: fingers now at 0.47 / -16.23 mm
[feas] gripper bodies: ['left_gripper', 'right_gripper']
[feas] descend settled: grip_center z = 7.1 mm (target 61)
[feas] close-end geometry: left_frame=[240.3, -22.5, 6.8] right_frame=[240.4, 20.2, 6.8] cup=[259.7, -0.3, 25.0] (mm world)
[feas] trial 0: {'trial': 0, 'descended': True, 'fits': True, 'contacted': True, 'symmetric': True, 'stall_left_mm': 5.7, 'stall_right_mm': 2.5, 'ejected': False, 'lifted': False, 'slipped_in_transport': False, 'success': False}
[feas] descend settled: grip_center z = 4.3 mm (target 61)
[feas] close-end geometry: left_frame=[259.3, -26.0, 4.3] right_frame=[258.9, 20.8, 4.3] cup=[260.9, 0.3, 25.0] (mm world)
[feas] trial 1: {'trial': 1, 'descended': True, 'fits': True, 'contacted': True, 'symmetric': False, 'stall_left_mm': 4.2, 'stall_right_mm': -0.0, 'ejected': False, 'lifted': False, 'slipped_in_transport': False, 'success': False}
[feas] descend settled: grip_center z = 4.3 mm (target 61)
[feas] close-end geometry: left_frame=[259.3, -26.0, 4.3] right_frame=[258.9, 20.8, 4.3] cup=[260.9, 0.3, 25.0] (mm world)
