Loading user config located at: '/home/oedeh/.venv/isaacsim5/lib/python3.11/site-packages/isaacsim/kit/data/Kit/Isaac-Sim/5.1/user.config.json'
[Info] [carb] Logging to file: /home/oedeh/.venv/isaacsim5/lib/python3.11/site-packages/isaacsim/kit/logs/Kit/Isaac-Sim/5.1/kit_20260730_131122.log
2026-07-30T18:11:22Z [4ms] [Warning] [omni.ext.plugin] [ext: isaaclab_newton] Extensions config 'extension.toml' doesn't exist '/home/oedeh/IsaacLab/source/isaaclab_newton' or '/home/oedeh/IsaacLab/source/isaaclab_newton/config'
2026-07-30T18:11:22Z [4ms] [Warning] [omni.ext.plugin] [ext: isaaclab_ppisp] Extensions config 'extension.toml' doesn't exist '/home/oedeh/IsaacLab/source/isaaclab_ppisp' or '/home/oedeh/IsaacLab/source/isaaclab_ppisp/config'
2026-07-30T18:11:22Z [4ms] [Warning] [omni.ext.plugin] [ext: isaaclab_physx] Extensions config 'extension.toml' doesn't exist '/home/oedeh/IsaacLab/source/isaaclab_physx' or '/home/oedeh/IsaacLab/source/isaaclab_physx/config'

|---------------------------------------------------------------------------------------------|
| Driver Version: 580.173.02    | Graphics API: Vulkan
|=============================================================================================|
| GPU | Name                             | Active | LDA | GPU Memory | Vendor-ID | LUID       |
|     |                                  |        |     |            | Device-ID | UUID       |
|     |                                  |        |     |            | Bus-ID    |            |
|---------------------------------------------------------------------------------------------|
| 0   | NVIDIA GeForce RTX 5090          | Yes: 0 |     | 32607   MB | 10de      | 0          |
|     |                                  |        |     |            | 2b85      | d9b11bde.. |
|     |                                  |        |     |            | 2         |            |
|=============================================================================================|
| OS: 24.04.4 LTS (Noble Numbat) ubuntu, Version: 24.04.4, Kernel: 6.17.0-22-generic
| XServer Vendor: The X.Org Foundation, XServer Version: 12101011 (1.21.1.11)
| Processor: Intel(R) Core(TM) Ultra 9 285K
| Cores: 24 | Logical Cores: 24
|---------------------------------------------------------------------------------------------|
| Total Memory (MB): 31668 | Free Memory: 26139
| Total Page/Swap (MB): 8191 | Free Page/Swap: 6267
|---------------------------------------------------------------------------------------------|
2026-07-30T18:11:23Z [923ms] [Warning] [gpu.foundation.plugin] CPU performance profile is set to powersave. This profile sets the CPU to the lowest frequency reducing performance.
2026-07-30T18:11:23Z [930ms] [Warning] [gpu.foundation.plugin] PCIe link width current (8) and maximum (16) for device 0 don't match.
2026-07-30T18:11:24Z [2,673ms] [Warning] [omni.log] Source: omni.hydra was already registered.
2026-07-30T18:11:24Z [2,757ms] [Warning] [carb] Acquiring non optional plugin interface which is not listed as dependency: [omni::physx::IPhysxBenchmarks v1.0] (plugin: <default plugin>), by client: omni.physics.physx.plugin. Add it to CARB_PLUGIN_IMPL_DEPS() macro of a client.
2026-07-30T18:11:24Z [2,871ms] [Warning] [omni.isaac.dynamic_control] omni.isaac.dynamic_control is deprecated as of Isaac Sim 4.5. No action is needed from end-users.
2026-07-30T18:11:26Z [4,140ms] [Warning] [pxr.Semantics] pxr.Semantics is deprecated - please use Semantics instead
2026-07-30T18:11:26Z [4,199ms] [Warning] [omni.graph.core.plugin] Found duplicate of category 'Replicator' - was 'Annotators', adding 'Fabric Reader'
2026-07-30T18:11:26Z [4,199ms] [Warning] [omni.graph.core.plugin] Category 'Replicator' not accepted on node type 'omni.replicator.core.FabricReader' in extension 'omni.replicator.core'
2026-07-30T18:11:26Z [4,200ms] [Warning] [omni.replicator.core.scripts.extension] No material configuration file, adding configuration to material settings directly.
2026-07-30T18:11:28Z [6,487ms] [Warning] [omni.fabric.plugin] Warning: attribute viewportHandle not found for bucket id 7

[INFO][AppLauncher]: Using device: cuda:0
[INFO][AppLauncher]: Loading experience file: /home/oedeh/IsaacLab/apps/isaaclab.python.headless.rendering.kit

[36m======================================================================================[0m
[36m[1m[INFO][IsaacLab]: Logging to file: /tmp/isaaclab/logs/isaaclab_2026-07-30_13-11-28.log[0m
[36m======================================================================================[0m

[33m13:11:28 [simulation_context.py] WARNING: The `enable_external_forces_every_iteration` parameter in the PhysxCfg is set to False. If you are experiencing noisy velocities, consider enabling this flag. You may need to slightly increase the number of velocity iterations (setting it to 1 or 2 rather than 0), together with this flag, to improve the accuracy of velocity updates.[0m
[INFO]: Base environment:
	Environment device    : cuda:0
	Environment seed      : None
	Physics step-size     : 0.008333333333333333
	Rendering step-size   : 0.008333333333333333
	Environment step-size : 0.016666666666666666
[33m13:11:28 [manager_based_env.py] WARNING: The render interval (1) is smaller than the decimation (2). Multiple render calls will happen for each environment step. If this is not intended, set the render interval to be equal to the decimation.[0m
[INFO]: Time taken for scene creation : 1.173594 seconds
[INFO]: Scene manager:  <class InteractiveScene>
	Number of environments: 4
	Environment spacing   : 2.5
	Source prim name      : /World/envs/env_0
	Global prim paths     : []
	Replicate physics     : True
[INFO]: Starting the simulation. This may take a few seconds. Please wait...
[INFO]: Time taken for simulation start : 1.342323 seconds
[INFO] Event Manager:  <EventManager> contains 1 active terms.
+-------------------------------------+
| Active Event Terms in Mode: 'reset' |
+--------+----------------------------+
| Index  | Name                       |
+--------+----------------------------+
|   0    | reset_scene_to_default     |
+--------+----------------------------+

[INFO] Recorder Manager:  <RecorderManager> contains 0 active terms.
+---------------------+
| Active Recorder Terms |
+-----------+---------+
|   Index   | Name    |
+-----------+---------+
+-----------+---------+

[INFO] Action Manager:  <ActionManager> contains 2 active terms.
+----------------------------------+
|  Active Action Terms (shape: 8)  |
+--------+-----------+-------------+
| Index  | Name      |   Dimension |
+--------+-----------+-------------+
|   0    | arm       |           7 |
|   1    | gripper   |           1 |
+--------+-----------+-------------+

[INFO] Observation Manager: <ObservationManager> contains 1 groups.
+-----------------------------------------------------+
| Active Observation Terms in Group: 'policy' (shape: (13,)) |
+--------------+-----------------------+--------------+
|    Index     | Name                  |    Shape     |
+--------------+-----------------------+--------------+
|      0       | joint_pos             |    (13,)     |
+--------------+-----------------------+--------------+

[s1] hand jac row: 7 (cos=1.00; -1 conv would be 7)
[s1] free-close t=30 finger_joint=0.798
[s1] free-close t=60 finger_joint=0.798
[s1] free-close t=90 finger_joint=0.798
[s1] free-close t=120 finger_joint=0.798
[s1] free-close t=150 finger_joint=0.798
[s1] free-close t=180 finger_joint=0.798
[s1] free-close t=210 finger_joint=0.798
[s1] free-close t=240 finger_joint=0.798
[s1] free-close t=270 finger_joint=0.798
[s1] free-close t=300 finger_joint=0.798
[s1] free-air close settled at 0.798 (current grasp band 0.2-0.70)
[s1] step=0 stages=['ALIGN', 'ALIGN', 'ALIGN', 'ALIGN'] picks=0 places=0 hand0=[0.39, -0.001, 0.457] cup_xy0=[0.502, 0.002]
[s1] step=100 stages=['CLOSE', 'ALIGN', 'DESCEND', 'DESCEND'] picks=0 places=0 hand0=[0.515, 0.105, 0.168] cup_xy0=[0.512, 0.027]
[s1] step=200 stages=['CLOSE', 'DESCEND', 'DESCEND', 'CLOSE'] picks=0 places=0 hand0=[0.469, 0.224, 0.167] cup_xy0=[0.512, 0.027]
[s1] step=300 stages=['CLOSE', 'CLOSE', 'CLOSE', 'CLOSE'] picks=0 places=0 hand0=[0.469, 0.225, 0.167] cup_xy0=[0.512, 0.027]
[s1] step=400 stages=['ALIGN', 'CLOSE', 'CLOSE', 'FAIL'] picks=0 places=0 hand0=[0.425, 0.187, 0.156] cup_xy0=[0.537, -0.072]
[s1] step=500 stages=['ALIGN', 'CLOSE', 'FAIL', 'ALIGN'] picks=0 places=0 hand0=[0.51, 0.027, 0.385] cup_xy0=[0.556, -0.063]
[s1] step=600 stages=['ALIGN', 'ALIGN', 'ALIGN', 'ALIGN'] picks=0 places=0 hand0=[0.515, -0.149, 0.352] cup_xy0=[0.537, -0.072]
[s1] step=700 stages=['DESCEND', 'ALIGN', 'ALIGN', 'ALIGN'] picks=0 places=0 hand0=[0.497, -0.257, 0.193] cup_xy0=[0.561, -0.114]
[s1] step=800 stages=['DESCEND', 'ALIGN', 'ALIGN', 'ALIGN'] picks=0 places=0 hand0=[0.563, -0.017, 0.18] cup_xy0=[0.564, -0.13]
[s1] step=900 stages=['DESCEND', 'ALIGN', 'DESCEND', 'DESCEND'] picks=0 places=0 hand0=[0.534, 0.037, 0.165] cup_xy0=[0.567, -0.114]
[s1] step=1000 stages=['DESCEND', 'CLOSE', 'DESCEND', 'DESCEND'] picks=0 places=0 hand0=[0.243, -0.395, 0.15] cup_xy0=[0.328, -0.49]
[s1] step=1100 stages=['ALIGN', 'CLOSE', 'DESCEND', 'DESCEND'] picks=0 places=0 hand0=[0.241, -0.239, 0.235] cup_xy0=[0.428, 0.053]
[s1] step=1200 stages=['DESCEND', 'CLOSE', 'DESCEND', 'DESCEND'] picks=0 places=0 hand0=[0.397, 0.043, 0.221] cup_xy0=[0.451, 0.046]
[s1] step=1300 stages=['CLOSE', 'ALIGN', 'ALIGN', 'ALIGN'] picks=0 places=0 hand0=[0.471, 0.085, 0.195] cup_xy0=[0.46, 0.057]
[s1] step=1400 stages=['CLOSE', 'ALIGN', 'DESCEND', 'DESCEND'] picks=0 places=0 hand0=[0.471, 0.086, 0.195] cup_xy0=[0.46, 0.057]
[s1] grasp-geom e0: hand-cup_xy=0.057 cup_gt=[0.428, 0.049, 0.02] vision_xy=[0.46, 0.057]
[s1] GRASP (drive stall) envs [0] stall=[0.434]
[lift] e0 t=2 cup_z=0.020 hand_z=0.195 stall=0.435
[s1] step=1500 stages=['LIFT', 'DESCEND', 'DESCEND', 'DESCEND'] picks=0 places=0 hand0=[0.471, 0.086, 0.195] cup_xy0=[0.46, 0.057]
[lift] e0 t=22 cup_z=0.020 hand_z=0.201 stall=0.438
[lift] e0 t=42 cup_z=0.020 hand_z=0.214 stall=0.435
[lift] e0 t=62 cup_z=0.020 hand_z=0.268 stall=0.435
[lift] e0 t=82 cup_z=0.020 hand_z=0.307 stall=0.435
[lift] e0 t=102 cup_z=0.020 hand_z=0.354 stall=0.435
[s1] step=1600 stages=['LIFT', 'DESCEND', 'DESCEND', 'CLOSE'] picks=0 places=0 hand0=[0.468, 0.058, 0.354] cup_xy0=[0.46, 0.057]
[lift] e0 t=122 cup_z=0.020 hand_z=0.351 stall=0.436
[lift] e0 t=142 cup_z=0.020 hand_z=0.351 stall=0.435
[lift] e0 t=162 cup_z=0.020 hand_z=0.351 stall=0.435
[lift] e0 t=182 cup_z=0.020 hand_z=0.350 stall=0.435
[lift] e0 t=202 cup_z=0.020 hand_z=0.350 stall=0.436
[s1] step=1700 stages=['LIFT', 'DESCEND', 'DESCEND', 'CLOSE'] picks=0 places=0 hand0=[0.46, 0.059, 0.35] cup_xy0=[0.46, 0.057]
[lift] e0 t=222 cup_z=0.020 hand_z=0.350 stall=0.435
[lift] e0 t=242 cup_z=0.020 hand_z=0.350 stall=0.435
[lift] e0 t=262 cup_z=0.020 hand_z=0.350 stall=0.435
[lift] e0 t=282 cup_z=0.020 hand_z=0.350 stall=0.435
[lift] e0 t=302 cup_z=0.020 hand_z=0.349 stall=0.435
[s1] step=1800 stages=['LIFT', 'DESCEND', 'FAIL', 'CLOSE'] picks=0 places=0 hand0=[0.46, 0.072, 0.349] cup_xy0=[0.46, 0.057]
[lift] e0 t=322 cup_z=0.020 hand_z=0.348 stall=0.435
[lift] e0 t=342 cup_z=0.020 hand_z=0.346 stall=0.435
[lift] e0 t=362 cup_z=0.020 hand_z=0.344 stall=0.435
[lift] e0 t=382 cup_z=0.020 hand_z=0.347 stall=0.436
[s1] step=1900 stages=['FAIL', 'CLOSE', 'ALIGN', 'ALIGN'] picks=0 places=0 hand0=[0.458, 0.07, 0.348] cup_xy0=[0.46, 0.057]
[s1] step=2000 stages=['ALIGN', 'CLOSE', 'DESCEND', 'DESCEND'] picks=0 places=0 hand0=[0.408, 0.041, 0.468] cup_xy0=[0.512, 0.052]
[s1] step=2100 stages=['DESCEND', 'FAIL', 'CLOSE', 'DESCEND'] picks=0 places=0 hand0=[0.455, -0.121, 0.159] cup_xy0=[0.507, 0.054]
[s1] step=2200 stages=['CLOSE', 'ALIGN', 'CLOSE', 'DESCEND'] picks=0 places=0 hand0=[0.521, 0.206, 0.247] cup_xy0=[0.511, 0.072]
[s1] step=2300 stages=['CLOSE', 'DESCEND', 'CLOSE', 'DESCEND'] picks=0 places=0 hand0=[0.521, 0.206, 0.247] cup_xy0=[0.511, 0.072]
[s1] grasp-geom e2: hand-cup_xy=0.037 cup_gt=[0.484, 0.135, 0.02] vision_xy=[0.469, 0.104]
[s1] GRASP (drive stall) envs [2] stall=[0.44]
[lift] e2 t=11 cup_z=0.020 hand_z=0.167 stall=0.442
[lift] e2 t=31 cup_z=0.020 hand_z=0.182 stall=0.439
[s1] grasp-geom e0: hand-cup_xy=0.166 cup_gt=[0.498, 0.042, 0.02] vision_xy=[0.511, 0.072]
[s1] GRASP (drive stall) envs [0] stall=[0.422]
[lift] e0 t=9 cup_z=0.020 hand_z=0.249 stall=0.427
[lift] e0 t=29 cup_z=0.020 hand_z=0.261 stall=0.432
[lift] e0 t=49 cup_z=0.020 hand_z=0.273 stall=0.426
[s1] step=2400 stages=['LIFT', 'DESCEND', 'LIFT', 'FAIL'] picks=0 places=0 hand0=[0.455, 0.188, 0.273] cup_xy0=[0.511, 0.072]
[lift] e0 t=69 cup_z=0.020 hand_z=0.314 stall=0.426
[lift] e0 t=89 cup_z=0.020 hand_z=0.322 stall=0.426
[lift] e0 t=109 cup_z=0.020 hand_z=0.341 stall=0.426
[lift] e0 t=129 cup_z=0.020 hand_z=0.362 stall=0.426
[lift] e0 t=149 cup_z=0.020 hand_z=0.348 stall=0.427
[s1] step=2500 stages=['LIFT', 'CLOSE', 'LIFT', 'ALIGN'] picks=0 places=0 hand0=[0.517, 0.046, 0.348] cup_xy0=[0.511, 0.072]
[lift] e0 t=169 cup_z=0.020 hand_z=0.350 stall=0.441
[lift] e0 t=189 cup_z=0.020 hand_z=0.352 stall=0.427
[lift] e0 t=209 cup_z=0.020 hand_z=0.351 stall=0.430
[lift] e0 t=229 cup_z=0.020 hand_z=0.351 stall=0.426
[lift] e0 t=249 cup_z=0.020 hand_z=0.353 stall=0.428
[s1] step=2600 stages=['LIFT', 'CLOSE', 'LIFT', 'ALIGN'] picks=0 places=0 hand0=[0.511, 0.08, 0.353] cup_xy0=[0.511, 0.072]
[lift] e0 t=269 cup_z=0.020 hand_z=0.349 stall=0.427
[lift] e0 t=289 cup_z=0.020 hand_z=0.350 stall=0.427
[lift] e0 t=309 cup_z=0.020 hand_z=0.351 stall=0.427
[lift] e0 t=329 cup_z=0.020 hand_z=0.348 stall=0.427
[lift] e0 t=349 cup_z=0.020 hand_z=0.350 stall=0.427
[s1] step=2700 stages=['LIFT', 'FAIL', 'LIFT', 'DESCEND'] picks=0 places=0 hand0=[0.511, 0.072, 0.35] cup_xy0=[0.511, 0.072]
[lift] e0 t=369 cup_z=0.020 hand_z=0.352 stall=0.428
[lift] e0 t=389 cup_z=0.020 hand_z=0.349 stall=0.427
[s1] step=2800 stages=['FAIL', 'ALIGN', 'ALIGN', 'CLOSE'] picks=0 places=0 hand0=[0.51, 0.062, 0.349] cup_xy0=[0.511, 0.072]
[s1] step=2900 stages=['DESCEND', 'DESCEND', 'ALIGN', 'CLOSE'] picks=0 places=0 hand0=[0.481, 0.235, 0.193] cup_xy0=[0.548, 0.086]
[s1] ======== RESULT: 0 physical picks, 0 physical pick-move-places ========
2026-07-30T18:11:28Z [6,839ms] [Warning] [isaaclab.envs.manager_based_env] Seed not set for the environment. The environment creation may not be deterministic.
2026-07-30T18:11:30Z [8,479ms] [Warning] [omni.fabric.plugin] getAttributeCount called on non-existent path /World/envs/env_3/Robot/Robotiq_2F_85_edit/Robotiq_2F_85/right_outer_finger/visuals/Defeatured_2F_85_PAD_OPEN_finger2step_01
2026-07-30T18:11:30Z [8,479ms] [Warning] [omni.fabric.plugin] getTypes called on non-existent path /World/envs/env_3/Robot/Robotiq_2F_85_edit/Robotiq_2F_85/right_outer_finger/visuals/Defeatured_2F_85_PAD_OPEN_finger2step_01
2026-07-30T18:11:31Z [9,079ms] [Warning] [rtx.postprocessing.plugin] DLSS increasing input dimensions: Render resolution of (260, 260) is below minimal input resolution of 300.
2026-07-30T18:11:32Z [10,024ms] [Warning] [carb] Client gpu.foundation.plugin has acquired [gpu::unstable::IMemoryBudgetManagerFactory v0.1] 100 times. Consider accessing this interface with carb::getCachedInterface() (Performance warning)
