Loading user config located at: '/home/oedeh/.venv/isaacsim5/lib/python3.11/site-packages/isaacsim/kit/data/Kit/Isaac-Sim/5.1/user.config.json'
[Info] [carb] Logging to file: /home/oedeh/.venv/isaacsim5/lib/python3.11/site-packages/isaacsim/kit/logs/Kit/Isaac-Sim/5.1/kit_20260730_120216.log
2026-07-30T17:02:16Z [7ms] [Warning] [omni.ext.plugin] [ext: isaaclab_newton] Extensions config 'extension.toml' doesn't exist '/home/oedeh/IsaacLab/source/isaaclab_newton' or '/home/oedeh/IsaacLab/source/isaaclab_newton/config'
2026-07-30T17:02:16Z [7ms] [Warning] [omni.ext.plugin] [ext: isaaclab_physx] Extensions config 'extension.toml' doesn't exist '/home/oedeh/IsaacLab/source/isaaclab_physx' or '/home/oedeh/IsaacLab/source/isaaclab_physx/config'
2026-07-30T17:02:16Z [7ms] [Warning] [omni.ext.plugin] [ext: isaaclab_ppisp] Extensions config 'extension.toml' doesn't exist '/home/oedeh/IsaacLab/source/isaaclab_ppisp' or '/home/oedeh/IsaacLab/source/isaaclab_ppisp/config'

|---------------------------------------------------------------------------------------------|
| Driver Version: 580.173.02    | Graphics API: Vulkan
|=============================================================================================|
| GPU | Name                             | Active | LDA | GPU Memory | Vendor-ID | LUID       |
|     |                                  |        |     |            | Device-ID | UUID       |
|     |                                  |        |     |            | Bus-ID    |            |
|---------------------------------------------------------------------------------------------|
| 0   | NVIDIA GeForce RTX 5090          | Yes: 0 |     | 32607   MB | 10de      | 0          |
|     |                                  |        |     |            | 2b85      | d9b11bde.. |
|     |                                  |        |     |            | 2         |            |
|=============================================================================================|
| OS: 24.04.4 LTS (Noble Numbat) ubuntu, Version: 24.04.4, Kernel: 6.17.0-22-generic
| XServer Vendor: The X.Org Foundation, XServer Version: 12101011 (1.21.1.11)
| Processor: Intel(R) Core(TM) Ultra 9 285K
| Cores: 24 | Logical Cores: 24
|---------------------------------------------------------------------------------------------|
| Total Memory (MB): 31668 | Free Memory: 12737
| Total Page/Swap (MB): 8191 | Free Page/Swap: 6
|---------------------------------------------------------------------------------------------|
2026-07-30T17:02:16Z [912ms] [Warning] [gpu.foundation.plugin] CPU performance profile is set to powersave. This profile sets the CPU to the lowest frequency reducing performance.
2026-07-30T17:02:16Z [921ms] [Warning] [gpu.foundation.plugin] PCIe link width current (8) and maximum (16) for device 0 don't match.
2026-07-30T17:02:18Z [2,948ms] [Warning] [omni.log] Source: omni.hydra was already registered.
2026-07-30T17:02:19Z [3,061ms] [Warning] [carb] Acquiring non optional plugin interface which is not listed as dependency: [omni::physx::IPhysxBenchmarks v1.0] (plugin: <default plugin>), by client: omni.physics.physx.plugin. Add it to CARB_PLUGIN_IMPL_DEPS() macro of a client.
2026-07-30T17:02:19Z [3,232ms] [Warning] [omni.isaac.dynamic_control] omni.isaac.dynamic_control is deprecated as of Isaac Sim 4.5. No action is needed from end-users.
2026-07-30T17:02:21Z [5,053ms] [Warning] [pxr.Semantics] pxr.Semantics is deprecated - please use Semantics instead
2026-07-30T17:02:21Z [5,133ms] [Warning] [omni.graph.core.plugin] Found duplicate of category 'Replicator' - was 'Annotators', adding 'Fabric Reader'
2026-07-30T17:02:21Z [5,133ms] [Warning] [omni.graph.core.plugin] Category 'Replicator' not accepted on node type 'omni.replicator.core.FabricReader' in extension 'omni.replicator.core'
2026-07-30T17:02:21Z [5,133ms] [Warning] [omni.replicator.core.scripts.extension] No material configuration file, adding configuration to material settings directly.
2026-07-30T17:02:22Z [6,214ms] [Warning] [omni.kvdb.plugin] Disabling key-value database because another kit process is locking it
[INFO][AppLauncher]: Using device: cuda:0
[INFO][AppLauncher]: Loading experience file: /home/oedeh/IsaacLab/apps/isaaclab.python.headless.rendering.kit

[36m======================================================================================[0m
[36m[1m[INFO][IsaacLab]: Logging to file: /tmp/isaaclab/logs/isaaclab_2026-07-30_12-02-24.log[0m
[36m======================================================================================[0m

[33m12:02:24 [simulation_context.py] WARNING: The `enable_external_forces_every_iteration` parameter in the PhysxCfg is set to False. If you are experiencing noisy velocities, consider enabling this flag. You may need to slightly increase the number of velocity iterations (setting it to 1 or 2 rather than 0), together with this flag, to improve the accuracy of velocity updates.[0m
2026-07-30T17:02:23Z [7,962ms] [Warning] [omni.fabric.plugin] Warning: attribute viewPickingId not found for bucket id 7

2026-07-30T17:02:25Z [9,653ms] [Error] [omni.physx.plugin] PhysX error: PxgCudaDeviceMemoryAllocator failed to allocate memory 268435456 bytes! Result = 2, FILE /builds/omniverse/physics/physx/source/gpucommon/src/PxgCudaMemoryAllocator.cpp, LINE 140
2026-07-30T17:02:25Z [9,707ms] [Error] [omni.physx.plugin] PhysX error: Unable to create scene., FILE /builds/omniverse/physics/physx/source/physx/src/NpPhysics.cpp, LINE 413
2026-07-30T17:02:25Z [9,707ms] [Warning] [omni.physx.plugin] Not enough GPU memory available to create a PhysicsScene, falling back to CPU simulation.
2026-07-30T17:02:25Z [9,707ms] [Error] [omni.physx.plugin] PhysX error: Physics::createScene: desc.isValid() is false!, FILE /builds/omniverse/physics/physx/source/physx/src/NpPhysics.cpp, LINE 365
2026-07-30T17:02:25Z [9,707ms] [Error] [omni.physx.plugin] unable to create a PhysicsScene.
2026-07-30T17:02:25Z [9,707ms] [Error] [omni.physx.plugin] Failed to create PhysX Scene (prim: /physicsScene), no simulation will happen. Please report this issue ideally with a log and repro.
2026-07-30T17:02:25Z [9,717ms] [Error] [omni.physx.plugin] No physics scene created, please add physics scene into stage!
2026-07-30T17:02:25Z [9,717ms] [Error] [omni.physx.plugin] No physics scene created, please add physics scene into stage!
2026-07-30T17:02:25Z [9,717ms] [Error] [omni.physx.plugin] No physics scene created, please add physics scene into stage!
2026-07-30T17:02:25Z [9,721ms] [Error] [omni.physx.plugin] No physics scene created, please add physics scene into stage!
2026-07-30T17:02:25Z [9,721ms] [Error] [omni.physx.plugin] No physics scene created, please add physics scene into stage!
2026-07-30T17:02:25Z [9,721ms] [Error] [omni.physx.plugin] No physics scene created, please add physics scene into stage!
2026-07-30T17:02:25Z [9,721ms] [Error] [omni.physx.plugin] No physics scene created, please add physics scene into stage!
2026-07-30T17:02:25Z [9,721ms] [Error] [omni.physx.plugin] No physics scene created, please add physics scene into stage!
2026-07-30T17:02:25Z [9,721ms] [Error] [omni.physx.plugin] No physics scene created, please add physics scene into stage!
2026-07-30T17:02:25Z [9,721ms] [Error] [omni.physx.plugin] No physics scene created, please add physics scene into stage!
2026-07-30T17:02:25Z [9,722ms] [Error] [omni.physx.plugin] No physics scene created, please add physics scene into stage!
2026-07-30T17:02:25Z [9,722ms] [Error] [omni.physx.plugin] No physics scene created, please add physics scene into stage!
2026-07-30T17:02:25Z [9,722ms] [Error] [omni.physx.plugin] No physics scene created, please add physics scene into stage!
2026-07-30T17:02:25Z [9,722ms] [Error] [omni.physx.plugin] No physics scene created, please add physics scene into stage!
2026-07-30T17:02:25Z [9,722ms] [Error] [omni.physx.plugin] No physics scene created, please add physics scene into stage!
2026-07-30T17:02:25Z [9,722ms] [Error] [omni.physx.plugin] No physics scene created, please add physics scene into stage!
2026-07-30T17:02:25Z [9,722ms] [Error] [omni.physx.plugin] No physics scene created, please add physics scene into stage!
2026-07-30T17:02:25Z [9,722ms] [Error] [omni.physx.plugin] No physics scene created, please add physics scene into stage!
2026-07-30T17:02:25Z [9,722ms] [Error] [omni.physx.plugin] No physics scene created, please add physics scene into stage!
2026-07-30T17:02:25Z [9,722ms] [Error] [omni.physx.plugin] No physics scene created, please add physics scene into stage!
2026-07-30T17:02:25Z [9,722ms] [Error] [omni.physx.plugin] No physics scene created, please add physics scene into stage!
2026-07-30T17:02:25Z [9,722ms] [Error] [omni.physx.plugin] No physics scene created, please add physics scene into stage!
2026-07-30T17:02:25Z [9,722ms] [Error] [omni.physx.plugin] No physics scene created, please add physics scene into stage!
2026-07-30T17:02:25Z [9,722ms] [Error] [omni.physx.plugin] PhysicsUSD: CreateJoint - no bodies defined at body0 and body1, joint prim: /World/Robot/Robotiq_2F_85_edit/Robotiq_2F_85/base_link/AssemblerFixedJoint
2026-07-30T17:02:25Z [9,722ms] [Error] [omni.physx.plugin] PhysicsUSD: CreateJoint - no bodies defined at body0 and body1, joint prim: /World/Robot/Robotiq_2F_85_edit/Robotiq_2F_85/left_outer_finger/FixedJoint
2026-07-30T17:02:25Z [9,722ms] [Error] [omni.physx.plugin] PhysicsUSD: CreateJoint - no bodies defined at body0 and body1, joint prim: /World/Robot/Robotiq_2F_85_edit/Robotiq_2F_85/right_outer_finger/FixedJoint
2026-07-30T17:02:25Z [9,722ms] [Error] [omni.physx.plugin] PhysicsUSD: CreateJoint - no bodies defined at body0 and body1, joint prim: /World/Robot/Robotiq_2F_85_edit/Robotiq_2F_85/Joints/finger_joint
2026-07-30T17:02:25Z [9,722ms] [Error] [omni.physx.plugin] PhysicsUSD: CreateJoint - no bodies defined at body0 and body1, joint prim: /World/Robot/Robotiq_2F_85_edit/Robotiq_2F_85/Joints/right_outer_knuckle_joint
2026-07-30T17:02:25Z [9,722ms] [Error] [omni.physx.plugin] PhysicsUSD: CreateJoint - no bodies defined at body0 and body1, joint prim: /World/Robot/Robotiq_2F_85_edit/Robotiq_2F_85/Joints/right_inner_finger_joint
2026-07-30T17:02:25Z [9,722ms] [Error] [omni.physx.plugin] PhysicsUSD: CreateJoint - no bodies defined at body0 and body1, joint prim: /World/Robot/Robotiq_2F_85_edit/Robotiq_2F_85/Joints/right_inner_finger_knuckle_joint
2026-07-30T17:02:25Z [9,722ms] [Error] [omni.physx.plugin] PhysicsUSD: CreateJoint - no bodies defined at body0 and body1, joint prim: /World/Robot/Robotiq_2F_85_edit/Robotiq_2F_85/Joints/left_inner_finger_knuckle_joint
2026-07-30T17:02:25Z [9,722ms] [Error] [omni.physx.plugin] PhysicsUSD: CreateJoint - no bodies defined at body0 and body1, joint prim: /World/Robot/Robotiq_2F_85_edit/Robotiq_2F_85/Joints/left_inner_finger_joint
2026-07-30T17:02:25Z [9,722ms] [Error] [omni.physx.plugin] PhysicsUSD: CreateJoint - no bodies defined at body0 and body1, joint prim: /World/Robot/panda_link0/panda_joint1
2026-07-30T17:02:25Z [9,722ms] [Error] [omni.physx.plugin] PhysicsUSD: CreateJoint - no bodies defined at body0 and body1, joint prim: /World/Robot/panda_link1/panda_joint2
2026-07-30T17:02:25Z [9,722ms] [Error] [omni.physx.plugin] PhysicsUSD: CreateJoint - no bodies defined at body0 and body1, joint prim: /World/Robot/panda_link2/panda_joint3
2026-07-30T17:02:25Z [9,722ms] [Error] [omni.physx.plugin] PhysicsUSD: CreateJoint - no bodies defined at body0 and body1, joint prim: /World/Robot/panda_link3/panda_joint4
2026-07-30T17:02:25Z [9,722ms] [Error] [omni.physx.plugin] PhysicsUSD: CreateJoint - no bodies defined at body0 and body1, joint prim: /World/Robot/panda_link4/panda_joint5
2026-07-30T17:02:25Z [9,722ms] [Error] [omni.physx.plugin] PhysicsUSD: CreateJoint - no bodies defined at body0 and body1, joint prim: /World/Robot/panda_link5/panda_joint6
2026-07-30T17:02:25Z [9,722ms] [Error] [omni.physx.plugin] PhysicsUSD: CreateJoint - no bodies defined at body0 and body1, joint prim: /World/Robot/panda_link6/panda_joint7
2026-07-30T17:02:25Z [9,722ms] [Error] [omni.physx.plugin] PhysicsUSD: CreateJoint - no bodies defined at body0 and body1, joint prim: /World/Robot/panda_link7/panda_hand_joint
2026-07-30T17:02:25Z [9,722ms] [Error] [omni.physx.plugin] Usd Physics: failed to find internal joint object for PhysxMimicJointAPI at /World/Robot/Robotiq_2F_85_edit/Robotiq_2F_85/Joints/right_outer_knuckle_joint. Please ensure that the prim is a supported joint type and is part of an articulation.

2026-07-30T17:02:25Z [9,722ms] [Error] [omni.physx.plugin] Usd Physics: failed to find internal joint object for PhysxMimicJointAPI at /World/Robot/Robotiq_2F_85_edit/Robotiq_2F_85/Joints/right_inner_finger_joint. Please ensure that the prim is a supported joint type and is part of an articulation.

2026-07-30T17:02:25Z [9,722ms] [Error] [omni.physx.plugin] Usd Physics: failed to find internal joint object for PhysxMimicJointAPI at /World/Robot/Robotiq_2F_85_edit/Robotiq_2F_85/Joints/right_inner_finger_knuckle_joint. Please ensure that the prim is a supported joint type and is part of an articulation.

2026-07-30T17:02:25Z [9,722ms] [Error] [omni.physx.plugin] Usd Physics: failed to find internal joint object for PhysxMimicJointAPI at /World/Robot/Robotiq_2F_85_edit/Robotiq_2F_85/Joints/left_inner_finger_knuckle_joint. Please ensure that the prim is a supported joint type and is part of an articulation.

2026-07-30T17:02:25Z [9,722ms] [Error] [omni.physx.plugin] Usd Physics: failed to find internal joint object for PhysxMimicJointAPI at /World/Robot/Robotiq_2F_85_edit/Robotiq_2F_85/Joints/left_inner_finger_joint. Please ensure that the prim is a supported joint type and is part of an articulation.

2026-07-30T17:02:25Z [9,815ms] [Error] [omni.physx.tensors.plugin] Failed to create simulation view: no active physics scene found
Traceback (most recent call last):
  File "/home/oedeh/.venv/isaacsim5/lib/python3.11/site-packages/isaacsim/exts/isaacsim.core.simulation_manager/isaacsim/core/simulation_manager/impl/simulation_manager.py", line 182, in _create_simulation_view
    SimulationManager._physics_sim_view = omni.physics.tensors.create_simulation_view(
                                          ^^^^^^^^^^^^^^^^^^^^^^^^^^^^^^^^^^^^^^^^^^^^
  File "/home/oedeh/.venv/isaacsim5/lib/python3.11/site-packages/isaacsim/kit/data/Kit/Isaac-Sim/5.1/exts/3/omni.physics.tensors-107.3.26+107.3.3.lx64.r.cp311.u353/omni/physics/tensors/impl/api.py", line 29, in create_simulation_view
    raise Exception("Failed to create simulation view backend")
Exception: Failed to create simulation view backend
Traceback (most recent call last):
  File "/home/oedeh/github/physical-ai-jetson-robotics-gr00t/isaac/scripts/franka_vision_pick.py", line 46, in main
    return _run(args)
           ^^^^^^^^^^
  File "/home/oedeh/github/physical-ai-jetson-robotics-gr00t/isaac/scripts/franka_vision_pick.py", line 97, in _run
    sim.reset()
  File "/home/oedeh/IsaacLab/source/isaaclab/isaaclab/sim/simulation_context.py", line 530, in reset
    self.render()
  File "/home/oedeh/IsaacLab/source/isaaclab/isaaclab/sim/simulation_context.py", line 601, in render
    raise exception_to_raise
  File "/home/oedeh/IsaacLab/source/isaaclab/isaaclab/assets/asset_base.py", line 317, in _initialize_callback
    self._initialize_impl()
  File "/home/oedeh/IsaacLab/source/isaaclab/isaaclab/assets/articulation/articulation.py", line 1547, in _initialize_impl
    self._root_physx_view = self._physics_sim_view.create_articulation_view(root_prim_path_expr.replace(".*", "*"))
                            ^^^^^^^^^^^^^^^^^^^^^^^^^^^^^^^^^^^^^^^^^^^^^^^
AttributeError: 'NoneType' object has no attribute 'create_articulation_view'
S1_EXIT=0
