Loading user config located at: '/home/oedeh/.venv/isaacsim5/lib/python3.11/site-packages/isaacsim/kit/data/Kit/Isaac-Sim/5.1/user.config.json'
[Info] [carb] Logging to file: /home/oedeh/.venv/isaacsim5/lib/python3.11/site-packages/isaacsim/kit/logs/Kit/Isaac-Sim/5.1/kit_20260730_134144.log
2026-07-30T18:41:44Z [4ms] [Warning] [omni.ext.plugin] [ext: isaaclab_newton] Extensions config 'extension.toml' doesn't exist '/home/oedeh/IsaacLab/source/isaaclab_newton' or '/home/oedeh/IsaacLab/source/isaaclab_newton/config'
2026-07-30T18:41:44Z [4ms] [Warning] [omni.ext.plugin] [ext: isaaclab_physx] Extensions config 'extension.toml' doesn't exist '/home/oedeh/IsaacLab/source/isaaclab_physx' or '/home/oedeh/IsaacLab/source/isaaclab_physx/config'
2026-07-30T18:41:44Z [4ms] [Warning] [omni.ext.plugin] [ext: isaaclab_ppisp] Extensions config 'extension.toml' doesn't exist '/home/oedeh/IsaacLab/source/isaaclab_ppisp' or '/home/oedeh/IsaacLab/source/isaaclab_ppisp/config'

|---------------------------------------------------------------------------------------------|
| Driver Version: 580.173.02    | Graphics API: Vulkan
|=============================================================================================|
| GPU | Name                             | Active | LDA | GPU Memory | Vendor-ID | LUID       |
|     |                                  |        |     |            | Device-ID | UUID       |
|     |                                  |        |     |            | Bus-ID    |            |
|---------------------------------------------------------------------------------------------|
| 0   | NVIDIA GeForce RTX 5090          | Yes: 0 |     | 32607   MB | 10de      | 0          |
|     |                                  |        |     |            | 2b85      | d9b11bde.. |
|     |                                  |        |     |            | 2         |            |
|=============================================================================================|
| OS: 24.04.4 LTS (Noble Numbat) ubuntu, Version: 24.04.4, Kernel: 6.17.0-22-generic
| XServer Vendor: The X.Org Foundation, XServer Version: 12101011 (1.21.1.11)
| Processor: Intel(R) Core(TM) Ultra 9 285K
| Cores: 24 | Logical Cores: 24
|---------------------------------------------------------------------------------------------|
| Total Memory (MB): 31668 | Free Memory: 26193
| Total Page/Swap (MB): 8191 | Free Page/Swap: 6303
|---------------------------------------------------------------------------------------------|
2026-07-30T18:41:45Z [779ms] [Warning] [gpu.foundation.plugin] CPU performance profile is set to powersave. This profile sets the CPU to the lowest frequency reducing performance.
2026-07-30T18:41:45Z [786ms] [Warning] [gpu.foundation.plugin] PCIe link width current (8) and maximum (16) for device 0 don't match.
2026-07-30T18:41:46Z [2,389ms] [Warning] [omni.log] Source: omni.hydra was already registered.
2026-07-30T18:41:46Z [2,473ms] [Warning] [carb] Acquiring non optional plugin interface which is not listed as dependency: [omni::physx::IPhysxBenchmarks v1.0] (plugin: <default plugin>), by client: omni.physics.physx.plugin. Add it to CARB_PLUGIN_IMPL_DEPS() macro of a client.
2026-07-30T18:41:46Z [2,590ms] [Warning] [omni.isaac.dynamic_control] omni.isaac.dynamic_control is deprecated as of Isaac Sim 4.5. No action is needed from end-users.
2026-07-30T18:41:48Z [3,851ms] [Warning] [pxr.Semantics] pxr.Semantics is deprecated - please use Semantics instead
2026-07-30T18:41:48Z [3,910ms] [Warning] [omni.graph.core.plugin] Found duplicate of category 'Replicator' - was 'Annotators', adding 'Fabric Reader'
2026-07-30T18:41:48Z [3,910ms] [Warning] [omni.graph.core.plugin] Category 'Replicator' not accepted on node type 'omni.replicator.core.FabricReader' in extension 'omni.replicator.core'
2026-07-30T18:41:48Z [3,910ms] [Warning] [omni.replicator.core.scripts.extension] No material configuration file, adding configuration to material settings directly.
2026-07-30T18:41:50Z [6,171ms] [Warning] [omni.fabric.plugin] Warning: attribute viewportHandle not found for bucket id 7

[INFO][AppLauncher]: Using device: cuda:0
[INFO][AppLauncher]: Loading experience file: /home/oedeh/IsaacLab/apps/isaaclab.python.headless.rendering.kit

[36m======================================================================================[0m
[36m[1m[INFO][IsaacLab]: Logging to file: /tmp/isaaclab/logs/isaaclab_2026-07-30_13-41-50.log[0m
[36m======================================================================================[0m

[33m13:41:50 [simulation_context.py] WARNING: The `enable_external_forces_every_iteration` parameter in the PhysxCfg is set to False. If you are experiencing noisy velocities, consider enabling this flag. You may need to slightly increase the number of velocity iterations (setting it to 1 or 2 rather than 0), together with this flag, to improve the accuracy of velocity updates.[0m
[INFO]: Base environment:
	Environment device    : cuda:0
	Environment seed      : None
	Physics step-size     : 0.008333333333333333
	Rendering step-size   : 0.008333333333333333
	Environment step-size : 0.016666666666666666
[33m13:41:50 [manager_based_env.py] WARNING: The render interval (1) is smaller than the decimation (2). Multiple render calls will happen for each environment step. If this is not intended, set the render interval to be equal to the decimation.[0m
[INFO]: Time taken for scene creation : 1.066478 seconds
[INFO]: Scene manager:  <class InteractiveScene>
	Number of environments: 4
	Environment spacing   : 2.5
	Source prim name      : /World/envs/env_0
	Global prim paths     : []
	Replicate physics     : True
[INFO]: Starting the simulation. This may take a few seconds. Please wait...
[INFO]: Time taken for simulation start : 1.385041 seconds
[INFO] Event Manager:  <EventManager> contains 1 active terms.
+-------------------------------------+
| Active Event Terms in Mode: 'reset' |
+--------+----------------------------+
| Index  | Name                       |
+--------+----------------------------+
|   0    | reset_scene_to_default     |
+--------+----------------------------+

[INFO] Recorder Manager:  <RecorderManager> contains 0 active terms.
+---------------------+
| Active Recorder Terms |
+-----------+---------+
|   Index   | Name    |
+-----------+---------+
+-----------+---------+

[INFO] Action Manager:  <ActionManager> contains 2 active terms.
+----------------------------------+
|  Active Action Terms (shape: 8)  |
+--------+-----------+-------------+
| Index  | Name      |   Dimension |
+--------+-----------+-------------+
|   0    | arm       |           7 |
|   1    | gripper   |           1 |
+--------+-----------+-------------+

[INFO] Observation Manager: <ObservationManager> contains 1 groups.
+-----------------------------------------------------+
| Active Observation Terms in Group: 'policy' (shape: (13,)) |
+--------------+-----------------------+--------------+
|    Index     | Name                  |    Shape     |
+--------------+-----------------------+--------------+
|      0       | joint_pos             |    (13,)     |
+--------------+-----------------------+--------------+

[s1] hand jac row: 7 (cos=1.00; -1 conv would be 7)
[s1] free-close t=30 finger_joint=0.798
[s1] free-close t=60 finger_joint=0.798
[s1] free-close t=90 finger_joint=0.798
[s1] free-close t=120 finger_joint=0.798
[s1] free-close t=150 finger_joint=0.798
[s1] free-close t=180 finger_joint=0.798
[s1] free-close t=210 finger_joint=0.798
[s1] free-close t=240 finger_joint=0.798
[s1] free-close t=270 finger_joint=0.798
[s1] free-close t=300 finger_joint=0.798
[s1] free-air close settled at 0.798 (current grasp band 0.2-0.70)
[s1] acquire e0: vision=[0.502, 0.002] gt=[0.5, 0.0]
[s1] step=0 stages=['ALIGN', 'ALIGN', 'ALIGN', 'ALIGN'] picks=0 places=0 hand0=[0.39, -0.001, 0.457] cup_xy0=[0.502, 0.002]
[s1] close-entry e2: hand=[0.505, 0.001, 0.188] cup_gt=[0.5, 0.0]
[close] e2 t=2 hand_z=0.183 dxy=0.002 stall=0.558
[s1] step=100 stages=['DESCEND', 'DESCEND', 'CLOSE', 'DESCEND'] picks=0 places=0 hand0=[0.504, 0.0, 0.354] cup_xy0=[0.502, 0.002]
[close] e2 t=62 hand_z=0.136 dxy=0.032 stall=0.798
[s1] close-entry e1: hand=[0.506, -0.0, 0.183] cup_gt=[0.5, 0.0]
[close] e1 t=2 hand_z=0.184 dxy=0.009 stall=0.365
[s1] close-entry e3: hand=[0.504, 0.003, 0.182] cup_gt=[0.5, 0.0]
[s1] step=200 stages=['DESCEND', 'CLOSE', 'CLOSE', 'CLOSE'] picks=0 places=0 hand0=[0.493, 0.031, 0.178] cup_xy0=[0.502, 0.002]
[close] e1 t=62 hand_z=0.192 dxy=0.065 stall=0.436
[s1] close-entry e0: hand=[0.504, -0.004, 0.182] cup_gt=[0.5, 0.0]
[close] e0 t=54 hand_z=0.189 dxy=0.016 stall=0.798
[s1] step=300 stages=['CLOSE', 'CLOSE', 'FAIL', 'CLOSE'] picks=0 places=0 hand0=[0.507, 0.014, 0.189] cup_xy0=[0.502, 0.002]
[close] e0 t=114 hand_z=0.189 dxy=0.017 stall=0.798
[s1] step=400 stages=['CLOSE', 'CLOSE', 'ALIGN', 'CLOSE'] picks=0 places=0 hand0=[0.507, 0.015, 0.189] cup_xy0=[0.502, 0.002]
[close] e0 t=174 hand_z=0.189 dxy=0.017 stall=0.798
[close] e0 t=234 hand_z=0.189 dxy=0.017 stall=0.798
[s1] step=500 stages=['FAIL', 'IDLE', 'DESCEND', 'IDLE'] picks=0 places=0 hand0=[0.507, 0.014, 0.189] cup_xy0=[0.502, 0.002]
[s1] close-entry e2: hand=[0.364, 0.007, 0.191] cup_gt=[0.304, -0.025]
[s1] acquire e0: vision=[0.403, 0.063] gt=[0.405, 0.059]
[close] e2 t=38 hand_z=0.181 dxy=0.062 stall=0.799
[s1] step=600 stages=['ALIGN', 'ALIGN', 'CLOSE', 'ALIGN'] picks=0 places=0 hand0=[0.271, 0.134, 0.54] cup_xy0=[0.403, 0.063]
[close] e2 t=98 hand_z=0.181 dxy=0.062 stall=0.799
[s1] step=700 stages=['DESCEND', 'ALIGN', 'CLOSE', 'DESCEND'] picks=0 places=0 hand0=[0.374, 0.038, 0.233] cup_xy0=[0.403, 0.063]
[close] e2 t=158 hand_z=0.181 dxy=0.062 stall=0.799
[close] e2 t=218 hand_z=0.181 dxy=0.062 stall=0.799
[s1] step=800 stages=['DESCEND', 'ALIGN', 'CLOSE', 'DESCEND'] picks=0 places=0 hand0=[0.399, 0.054, 0.174] cup_xy0=[0.403, 0.063]
[s1] step=900 stages=['DESCEND', 'ALIGN', 'ALIGN', 'DESCEND'] picks=0 places=0 hand0=[0.4, 0.065, 0.176] cup_xy0=[0.403, 0.063]
[s1] step=1000 stages=['DESCEND', 'IDLE', 'DESCEND', 'DESCEND'] picks=0 places=0 hand0=[0.401, 0.057, 0.176] cup_xy0=[0.403, 0.063]
[s1] step=1100 stages=['FAIL', 'ALIGN', 'DESCEND', 'ALIGN'] picks=0 places=0 hand0=[0.398, 0.082, 0.177] cup_xy0=[0.403, 0.063]
[s1] acquire e0: vision=[0.575, -0.07] gt=[0.571, -0.069]
[s1] close-entry e2: hand=[0.463, 0.058, 0.19] cup_gt=[0.46, 0.056]
[close] e2 t=41 hand_z=0.180 dxy=0.015 stall=0.800
[s1] step=1200 stages=['ALIGN', 'DESCEND', 'CLOSE', 'DESCEND'] picks=0 places=0 hand0=[0.498, -0.135, 0.379] cup_xy0=[0.575, -0.07]
[close] e2 t=101 hand_z=0.179 dxy=0.016 stall=0.800
[s1] step=1300 stages=['ALIGN', 'DESCEND', 'CLOSE', 'DESCEND'] picks=0 places=0 hand0=[0.388, 0.247, 0.24] cup_xy0=[0.575, -0.07]
[close] e2 t=161 hand_z=0.179 dxy=0.016 stall=0.800
[s1] close-entry e1: hand=[0.498, -0.005, 0.184] cup_gt=[0.493, -0.014]
[close] e1 t=45 hand_z=0.206 dxy=0.033 stall=0.442
[s1] step=1400 stages=['DESCEND', 'CLOSE', 'CLOSE', 'DESCEND'] picks=0 places=0 hand0=[0.584, -0.042, 0.256] cup_xy0=[0.575, -0.07]
[close] e1 t=105 hand_z=0.207 dxy=0.034 stall=0.439
[s1] close-entry e0: hand=[0.575, -0.076, 0.19] cup_gt=[0.571, -0.069]
[close] e0 t=47 hand_z=0.200 dxy=0.033 stall=0.792
[s1] step=1500 stages=['CLOSE', 'CLOSE', 'IDLE', 'DESCEND'] picks=0 places=0 hand0=[0.574, -0.037, 0.2] cup_xy0=[0.575, -0.07]
[close] e0 t=107 hand_z=0.200 dxy=0.036 stall=0.792
[s1] step=1600 stages=['CLOSE', 'FAIL', 'DESCEND', 'FAIL'] picks=0 places=0 hand0=[0.574, -0.033, 0.2] cup_xy0=[0.575, -0.07]
[close] e0 t=167 hand_z=0.200 dxy=0.036 stall=0.792
[s1] close-entry e2: hand=[0.569, 0.001, 0.192] cup_gt=[0.558, 0.0]
[close] e0 t=227 hand_z=0.200 dxy=0.036 stall=0.792
[s1] step=1700 stages=['FAIL', 'ALIGN', 'CLOSE', 'ALIGN'] picks=0 places=0 hand0=[0.574, -0.034, 0.199] cup_xy0=[0.575, -0.07]
[close] e2 t=118 hand_z=0.160 dxy=0.053 stall=0.797
[close] e2 t=178 hand_z=0.160 dxy=0.054 stall=0.797
[s1] step=1800 stages=['IDLE', 'DESCEND', 'CLOSE', 'DESCEND'] picks=0 places=0 hand0=[0.622, -0.21, 0.582] cup_xy0=[0.575, -0.07]
[s1] close-entry e1: hand=[0.38, -0.179, 0.191] cup_gt=[0.367, -0.274]
[close] e1 t=17 hand_z=0.171 dxy=0.107 stall=0.435
[s1] step=1900 stages=['IDLE', 'CLOSE', 'FAIL', 'DESCEND'] picks=0 places=0 hand0=[0.697, -0.277, 0.013] cup_xy0=[0.575, -0.07]
[close] e1 t=77 hand_z=0.169 dxy=0.110 stall=0.434
[close] e1 t=137 hand_z=0.169 dxy=0.110 stall=0.434
[s1] step=2000 stages=['IDLE', 'CLOSE', 'IDLE', 'DESCEND'] picks=0 places=0 hand0=[-0.339, -0.171, 0.324] cup_xy0=[0.575, -0.07]
[close] e1 t=197 hand_z=0.169 dxy=0.110 stall=0.434
[s1] step=2100 stages=['FAIL', 'FAIL', 'ALIGN', 'DESCEND'] picks=0 places=0 hand0=[-0.517, -0.297, 0.737] cup_xy0=[0.575, -0.07]
[s1] step=2200 stages=['IDLE', 'IDLE', 'ALIGN', 'IDLE'] picks=0 places=0 hand0=[0.142, 0.194, -0.226] cup_xy0=[0.575, -0.07]
