Loading user config located at: '/home/oedeh/.venv/isaacsim5/lib/python3.11/site-packages/isaacsim/kit/data/Kit/Isaac-Sim/5.1/user.config.json'
[Info] [carb] Logging to file: /home/oedeh/.venv/isaacsim5/lib/python3.11/site-packages/isaacsim/kit/logs/Kit/Isaac-Sim/5.1/kit_20260730_134440.log
2026-07-30T18:44:40Z [4ms] [Warning] [omni.ext.plugin] [ext: isaaclab_newton] Extensions config 'extension.toml' doesn't exist '/home/oedeh/IsaacLab/source/isaaclab_newton' or '/home/oedeh/IsaacLab/source/isaaclab_newton/config'
2026-07-30T18:44:40Z [4ms] [Warning] [omni.ext.plugin] [ext: isaaclab_physx] Extensions config 'extension.toml' doesn't exist '/home/oedeh/IsaacLab/source/isaaclab_physx' or '/home/oedeh/IsaacLab/source/isaaclab_physx/config'
2026-07-30T18:44:40Z [4ms] [Warning] [omni.ext.plugin] [ext: isaaclab_ppisp] Extensions config 'extension.toml' doesn't exist '/home/oedeh/IsaacLab/source/isaaclab_ppisp' or '/home/oedeh/IsaacLab/source/isaaclab_ppisp/config'

|---------------------------------------------------------------------------------------------|
| Driver Version: 580.173.02    | Graphics API: Vulkan
|=============================================================================================|
| GPU | Name                             | Active | LDA | GPU Memory | Vendor-ID | LUID       |
|     |                                  |        |     |            | Device-ID | UUID       |
|     |                                  |        |     |            | Bus-ID    |            |
|---------------------------------------------------------------------------------------------|
| 0   | NVIDIA GeForce RTX 5090          | Yes: 0 |     | 32607   MB | 10de      | 0          |
|     |                                  |        |     |            | 2b85      | d9b11bde.. |
|     |                                  |        |     |            | 2         |            |
|=============================================================================================|
| OS: 24.04.4 LTS (Noble Numbat) ubuntu, Version: 24.04.4, Kernel: 6.17.0-22-generic
| XServer Vendor: The X.Org Foundation, XServer Version: 12101011 (1.21.1.11)
| Processor: Intel(R) Core(TM) Ultra 9 285K
| Cores: 24 | Logical Cores: 24
|---------------------------------------------------------------------------------------------|
| Total Memory (MB): 31668 | Free Memory: 26179
| Total Page/Swap (MB): 8191 | Free Page/Swap: 6303
|---------------------------------------------------------------------------------------------|
2026-07-30T18:44:41Z [777ms] [Warning] [gpu.foundation.plugin] CPU performance profile is set to powersave. This profile sets the CPU to the lowest frequency reducing performance.
2026-07-30T18:44:41Z [785ms] [Warning] [gpu.foundation.plugin] PCIe link width current (8) and maximum (16) for device 0 don't match.
2026-07-30T18:44:43Z [2,306ms] [Warning] [omni.log] Source: omni.hydra was already registered.
2026-07-30T18:44:43Z [2,391ms] [Warning] [carb] Acquiring non optional plugin interface which is not listed as dependency: [omni::physx::IPhysxBenchmarks v1.0] (plugin: <default plugin>), by client: omni.physics.physx.plugin. Add it to CARB_PLUGIN_IMPL_DEPS() macro of a client.
2026-07-30T18:44:43Z [2,508ms] [Warning] [omni.isaac.dynamic_control] omni.isaac.dynamic_control is deprecated as of Isaac Sim 4.5. No action is needed from end-users.
2026-07-30T18:44:44Z [3,838ms] [Warning] [pxr.Semantics] pxr.Semantics is deprecated - please use Semantics instead
2026-07-30T18:44:44Z [3,900ms] [Warning] [omni.graph.core.plugin] Found duplicate of category 'Replicator' - was 'Annotators', adding 'Fabric Reader'
2026-07-30T18:44:44Z [3,900ms] [Warning] [omni.graph.core.plugin] Category 'Replicator' not accepted on node type 'omni.replicator.core.FabricReader' in extension 'omni.replicator.core'
2026-07-30T18:44:44Z [3,900ms] [Warning] [omni.replicator.core.scripts.extension] No material configuration file, adding configuration to material settings directly.
2026-07-30T18:44:47Z [6,179ms] [Warning] [omni.fabric.plugin] Warning: attribute viewportHandle not found for bucket id 7

[INFO][AppLauncher]: Using device: cuda:0
[INFO][AppLauncher]: Loading experience file: /home/oedeh/IsaacLab/apps/isaaclab.python.headless.rendering.kit

[36m======================================================================================[0m
[36m[1m[INFO][IsaacLab]: Logging to file: /tmp/isaaclab/logs/isaaclab_2026-07-30_13-44-47.log[0m
[36m======================================================================================[0m

[33m13:44:47 [simulation_context.py] WARNING: The `enable_external_forces_every_iteration` parameter in the PhysxCfg is set to False. If you are experiencing noisy velocities, consider enabling this flag. You may need to slightly increase the number of velocity iterations (setting it to 1 or 2 rather than 0), together with this flag, to improve the accuracy of velocity updates.[0m
[INFO]: Base environment:
	Environment device    : cuda:0
	Environment seed      : None
	Physics step-size     : 0.008333333333333333
	Rendering step-size   : 0.008333333333333333
	Environment step-size : 0.016666666666666666
[33m13:44:47 [manager_based_env.py] WARNING: The render interval (1) is smaller than the decimation (2). Multiple render calls will happen for each environment step. If this is not intended, set the render interval to be equal to the decimation.[0m
[INFO]: Time taken for scene creation : 1.206296 seconds
[INFO]: Scene manager:  <class InteractiveScene>
	Number of environments: 4
	Environment spacing   : 2.5
	Source prim name      : /World/envs/env_0
	Global prim paths     : []
	Replicate physics     : True
[INFO]: Starting the simulation. This may take a few seconds. Please wait...
[INFO]: Time taken for simulation start : 1.395030 seconds
[INFO] Event Manager:  <EventManager> contains 1 active terms.
+-------------------------------------+
| Active Event Terms in Mode: 'reset' |
+--------+----------------------------+
| Index  | Name                       |
+--------+----------------------------+
|   0    | reset_scene_to_default     |
+--------+----------------------------+

[INFO] Recorder Manager:  <RecorderManager> contains 0 active terms.
+---------------------+
| Active Recorder Terms |
+-----------+---------+
|   Index   | Name    |
+-----------+---------+
+-----------+---------+

[INFO] Action Manager:  <ActionManager> contains 2 active terms.
+----------------------------------+
|  Active Action Terms (shape: 8)  |
+--------+-----------+-------------+
| Index  | Name      |   Dimension |
+--------+-----------+-------------+
|   0    | arm       |           7 |
|   1    | gripper   |           1 |
+--------+-----------+-------------+

[INFO] Observation Manager: <ObservationManager> contains 1 groups.
+-----------------------------------------------------+
| Active Observation Terms in Group: 'policy' (shape: (13,)) |
+--------------+-----------------------+--------------+
|    Index     | Name                  |    Shape     |
+--------------+-----------------------+--------------+
|      0       | joint_pos             |    (13,)     |
+--------------+-----------------------+--------------+

[s1] hand jac row: 7 (cos=1.00; -1 conv would be 7)
[s1] free-close t=30 finger_joint=0.798
[s1] free-close t=60 finger_joint=0.798
[s1] free-close t=90 finger_joint=0.798
[s1] free-close t=120 finger_joint=0.798
[s1] free-close t=150 finger_joint=0.798
[s1] free-close t=180 finger_joint=0.798
[s1] free-close t=210 finger_joint=0.798
[s1] free-close t=240 finger_joint=0.798
[s1] free-close t=270 finger_joint=0.798
[s1] free-close t=300 finger_joint=0.798
[s1] free-air close settled at 0.798 (current grasp band 0.2-0.70)
[s1] acquire e0: vision=[0.502, 0.002] gt=[0.5, 0.0]
[s1] step=0 stages=['ALIGN', 'ALIGN', 'ALIGN', 'ALIGN'] picks=0 places=0 hand0=[0.39, -0.001, 0.457] cup_xy0=[0.502, 0.002]
[s1] close-entry e2: hand=[0.505, 0.001, 0.188] cup_gt=[0.5, 0.0]
[close] e2 t=2 hand_z=0.183 dxy=0.003 stall=0.312
[s1] close-entry e0: hand=[0.504, 0.007, 0.192] cup_gt=[0.5, 0.0]
[s1] step=100 stages=['CLOSE', 'DESCEND', 'CLOSE', 'DESCEND'] picks=0 places=0 hand0=[0.498, -0.029, 0.178] cup_xy0=[0.502, 0.002]
[close] e0 t=32 hand_z=0.171 dxy=0.052 stall=0.482
[s1] close-entry e1: hand=[0.506, -0.0, 0.183] cup_gt=[0.5, 0.0]
[close] e0 t=92 hand_z=0.170 dxy=0.056 stall=0.799
[s1] close-entry e3: hand=[0.504, 0.003, 0.182] cup_gt=[0.5, 0.0]
[s1] step=200 stages=['CLOSE', 'CLOSE', 'CLOSE', 'CLOSE'] picks=0 places=0 hand0=[0.492, -0.056, 0.17] cup_xy0=[0.502, 0.002]
[close] e0 t=152 hand_z=0.170 dxy=0.056 stall=0.799
[close] e0 t=212 hand_z=0.170 dxy=0.056 stall=0.799
[s1] step=300 stages=['CLOSE', 'CLOSE', 'FAIL', 'CLOSE'] picks=0 places=0 hand0=[0.492, -0.056, 0.17] cup_xy0=[0.502, 0.002]
[close] e1 t=182 hand_z=0.192 dxy=0.066 stall=0.398
[s1] step=400 stages=['IDLE', 'CLOSE', 'ALIGN', 'CLOSE'] picks=0 places=0 hand0=[0.393, 0.013, 0.182] cup_xy0=[0.502, 0.002]
[close] e3 t=225 hand_z=0.192 dxy=0.043 stall=0.798
[s1] acquire e0: vision=[0.119, 0.104] gt=[0.123, 0.086]
[s1] step=500 stages=['ALIGN', 'IDLE', 'ALIGN', 'IDLE'] picks=0 places=0 hand0=[0.232, 0.095, 0.47] cup_xy0=[0.119, 0.104]
[s1] close-entry e2: hand=[0.477, -0.133, 0.191] cup_gt=[0.427, -0.134]
[close] e2 t=22 hand_z=0.179 dxy=0.047 stall=0.420
[s1] step=600 stages=['ALIGN', 'ALIGN', 'CLOSE', 'DESCEND'] picks=0 places=0 hand0=[0.154, 0.087, 0.485] cup_xy0=[0.119, 0.104]
[close] e2 t=82 hand_z=0.177 dxy=0.047 stall=0.798
[s1] step=700 stages=['ALIGN', 'DESCEND', 'CLOSE', 'DESCEND'] picks=0 places=0 hand0=[0.161, 0.08, 0.482] cup_xy0=[0.119, 0.104]
[close] e2 t=142 hand_z=0.177 dxy=0.047 stall=0.798
[s1] close-entry e3: hand=[0.403, 0.007, 0.188] cup_gt=[0.372, 0.051]
[s1] close-entry e1: hand=[0.515, 0.001, 0.186] cup_gt=[0.509, 0.003]
[close] e1 t=12 hand_z=0.199 dxy=0.036 stall=0.142
[s1] step=800 stages=['ALIGN', 'CLOSE', 'CLOSE', 'CLOSE'] picks=0 places=0 hand0=[0.165, 0.074, 0.48] cup_xy0=[0.119, 0.104]
[close] e1 t=72 hand_z=0.202 dxy=0.056 stall=0.407
[close] e1 t=132 hand_z=0.202 dxy=0.056 stall=0.407
[s1] step=900 stages=['FAIL', 'CLOSE', 'IDLE', 'CLOSE'] picks=0 places=0 hand0=[0.143, 0.099, 0.489] cup_xy0=[0.119, 0.104]
[close] e1 t=192 hand_z=0.202 dxy=0.056 stall=0.407
[s1] acquire e0: vision=[0.419, -0.001] gt=[0.421, -0.003]
[s1] step=1000 stages=['ALIGN', 'CLOSE', 'IDLE', 'FAIL'] picks=0 places=0 hand0=[0.379, 0.029, 0.474] cup_xy0=[0.419, -0.001]
[s1] step=1100 stages=['DESCEND', 'IDLE', 'IDLE', 'ALIGN'] picks=0 places=0 hand0=[0.412, -0.001, 0.173] cup_xy0=[0.419, -0.001]
[s1] step=1200 stages=['DESCEND', 'ALIGN', 'FAIL', 'DESCEND'] picks=0 places=0 hand0=[0.417, 0.003, 0.177] cup_xy0=[0.419, -0.001]
[s1] close-entry e3: hand=[0.583, 0.032, 0.187] cup_gt=[0.576, 0.033]
[s1] step=1300 stages=['DESCEND', 'DESCEND', 'DESCEND', 'CLOSE'] picks=0 places=0 hand0=[0.416, 0.004, 0.176] cup_xy0=[0.419, -0.001]
[close] e3 t=46 hand_z=0.179 dxy=0.070 stall=0.336
[s1] close-entry e2: hand=[0.55, -0.04, 0.191] cup_gt=[0.546, -0.046]
[close] e2 t=17 hand_z=0.172 dxy=0.043 stall=0.166
[s1] step=1400 stages=['DESCEND', 'DESCEND', 'CLOSE', 'CLOSE'] picks=0 places=0 hand0=[0.416, -0.007, 0.176] cup_xy0=[0.419, -0.001]
[close] e2 t=77 hand_z=0.167 dxy=0.058 stall=0.404
[close] e2 t=137 hand_z=0.167 dxy=0.058 stall=0.404
[s1] step=1500 stages=['IDLE', 'DESCEND', 'CLOSE', 'CLOSE'] picks=0 places=0 hand0=[0.337, 0.023, 0.212] cup_xy0=[0.419, -0.001]
[s1] acquire e0: vision=[0.54, 0.038] gt=[0.537, 0.034]
[close] e2 t=197 hand_z=0.167 dxy=0.058 stall=0.404
[s1] close-entry e1: hand=[0.48, 0.001, 0.19] cup_gt=[0.475, 0.001]
[s1] step=1600 stages=['ALIGN', 'CLOSE', 'CLOSE', 'IDLE'] picks=0 places=0 hand0=[0.496, 0.169, 0.423] cup_xy0=[0.54, 0.038]
[close] e1 t=28 hand_z=0.169 dxy=0.040 stall=0.245
[close] e1 t=88 hand_z=0.168 dxy=0.047 stall=0.419
[s1] step=1700 stages=['DESCEND', 'CLOSE', 'IDLE', 'ALIGN'] picks=0 places=0 hand0=[0.541, 0.035, 0.347] cup_xy0=[0.54, 0.038]
[close] e1 t=148 hand_z=0.168 dxy=0.047 stall=0.419
[close] e1 t=208 hand_z=0.168 dxy=0.047 stall=0.419
[s1] step=1800 stages=['DESCEND', 'CLOSE', 'ALIGN', 'DESCEND'] picks=0 places=0 hand0=[0.538, 0.046, 0.181] cup_xy0=[0.54, 0.038]
[s1] close-entry e3: hand=[0.488, -0.076, 0.19] cup_gt=[0.484, -0.066]
[s1] close-entry e0: hand=[0.538, 0.033, 0.184] cup_gt=[0.537, 0.034]
[close] e0 t=23 hand_z=0.179 dxy=0.060 stall=0.457
[s1] step=1900 stages=['CLOSE', 'IDLE', 'ALIGN', 'CLOSE'] picks=0 places=0 hand0=[0.528, 0.107, 0.178] cup_xy0=[0.54, 0.038]
[close] e0 t=83 hand_z=0.178 dxy=0.074 stall=0.798
[close] e0 t=143 hand_z=0.178 dxy=0.074 stall=0.798
[s1] step=2000 stages=['CLOSE', 'ALIGN', 'DESCEND', 'CLOSE'] picks=0 places=0 hand0=[0.527, 0.108, 0.178] cup_xy0=[0.54, 0.038]
[close] e0 t=203 hand_z=0.178 dxy=0.074 stall=0.798
[s1] close-entry e2: hand=[0.556, -0.068, 0.187] cup_gt=[0.551, -0.072]
[close] e2 t=29 hand_z=0.214 dxy=0.045 stall=0.220
[s1] step=2100 stages=['FAIL', 'DESCEND', 'CLOSE', 'FAIL'] picks=0 places=0 hand0=[0.528, 0.107, 0.178] cup_xy0=[0.54, 0.038]
[close] e2 t=89 hand_z=0.217 dxy=0.049 stall=0.398
[s1] close-entry e1: hand=[0.548, 0.025, 0.191] cup_gt=[0.541, 0.028]
[s1] step=2200 stages=['IDLE', 'CLOSE', 'CLOSE', 'ALIGN'] picks=0 places=0 hand0=[0.366, 0.034, 0.28] cup_xy0=[0.54, 0.038]
[s1] acquire e0: vision=[0.573, 0.002] gt=[0.568, 0.001]
[close] e1 t=49 hand_z=0.176 dxy=0.071 stall=0.365
[close] e1 t=109 hand_z=0.176 dxy=0.073 stall=0.388
[s1] step=2300 stages=['DESCEND', 'CLOSE', 'CLOSE', 'ALIGN'] picks=0 places=0 hand0=[0.576, 0.012, 0.353] cup_xy0=[0.573, 0.002]
[close] e1 t=169 hand_z=0.176 dxy=0.073 stall=0.388
[s1] close-entry e0: hand=[0.573, -0.005, 0.185] cup_gt=[0.568, 0.001]
[close] e0 t=33 hand_z=0.172 dxy=0.055 stall=0.538
[s1] step=2400 stages=['CLOSE', 'CLOSE', 'IDLE', 'DESCEND'] picks=0 places=0 hand0=[0.565, 0.055, 0.172] cup_xy0=[0.573, 0.002]
[s1] close-entry e3: hand=[0.558, 0.026, 0.19] cup_gt=[0.555, 0.016]
[close] e0 t=93 hand_z=0.171 dxy=0.063 stall=0.800
[s1] step=2500 stages=['CLOSE', 'IDLE', 'DESCEND', 'CLOSE'] picks=0 places=0 hand0=[0.565, 0.064, 0.171] cup_xy0=[0.573, 0.002]
[close] e0 t=153 hand_z=0.171 dxy=0.063 stall=0.800
[s1] close-entry e2: hand=[0.541, -0.014, 0.186] cup_gt=[0.537, -0.012]
[close] e0 t=213 hand_z=0.171 dxy=0.063 stall=0.800
[s1] step=2600 stages=['CLOSE', 'DESCEND', 'CLOSE', 'CLOSE'] picks=0 places=0 hand0=[0.565, 0.064, 0.171] cup_xy0=[0.573, 0.002]
[close] e2 t=92 hand_z=0.162 dxy=0.058 stall=0.415
[s1] close-entry e1: hand=[0.471, -0.081, 0.185] cup_gt=[0.469, -0.077]
[close] e1 t=42 hand_z=0.205 dxy=0.044 stall=0.325
[s1] step=2700 stages=['IDLE', 'CLOSE', 'CLOSE', 'FAIL'] picks=0 places=0 hand0=[0.376, -0.003, 0.343] cup_xy0=[0.573, 0.002]
[s1] acquire e0: vision=[0.472, -0.025] gt=[0.468, -0.021]
[close] e1 t=102 hand_z=0.205 dxy=0.046 stall=0.381
[s1] step=2800 stages=['ALIGN', 'CLOSE', 'FAIL', 'IDLE'] picks=0 places=0 hand0=[0.471, -0.078, 0.343] cup_xy0=[0.472, -0.025]
[close] e1 t=162 hand_z=0.205 dxy=0.046 stall=0.381
[close] e1 t=222 hand_z=0.205 dxy=0.046 stall=0.381
[s1] step=2900 stages=['DESCEND', 'FAIL', 'ALIGN', 'ALIGN'] picks=0 places=0 hand0=[0.451, 0.123, 0.246] cup_xy0=[0.472, -0.025]
[s1] close-entry e3: hand=[0.501, 0.088, 0.188] cup_gt=[0.497, 0.08]
[close] e3 t=6 hand_z=0.185 dxy=0.028 stall=0.064
[s1] step=3000 stages=['DESCEND', 'IDLE', 'ALIGN', 'CLOSE'] picks=0 places=0 hand0=[0.305, 0.124, 0.148] cup_xy0=[0.472, -0.025]
[close] e3 t=66 hand_z=0.182 dxy=0.080 stall=0.387
[s1] step=3100 stages=['DESCEND', 'ALIGN', 'ALIGN', 'CLOSE'] picks=0 places=0 hand0=[0.469, -0.049, 0.181] cup_xy0=[0.472, -0.025]
[close] e3 t=126 hand_z=0.182 dxy=0.080 stall=0.386
[close] e3 t=186 hand_z=0.182 dxy=0.080 stall=0.386
[s1] step=3200 stages=['DESCEND', 'DESCEND', 'ALIGN', 'CLOSE'] picks=0 places=0 hand0=[0.47, -0.028, 0.18] cup_xy0=[0.472, -0.025]
[s1] close-entry e1: hand=[0.562, -0.084, 0.189] cup_gt=[0.559, -0.078]
[close] e1 t=28 hand_z=0.195 dxy=0.060 stall=0.260
[close] e1 t=88 hand_z=0.197 dxy=0.072 stall=0.410
[s1] step=3300 stages=['FAIL', 'CLOSE', 'FAIL', 'IDLE'] picks=0 places=0 hand0=[0.464, -0.055, 0.178] cup_xy0=[0.472, -0.025]
[s1] acquire e0: vision=[0.529, -0.061] gt=[0.527, -0.061]
[close] e1 t=148 hand_z=0.197 dxy=0.072 stall=0.410
[s1] step=3400 stages=['ALIGN', 'CLOSE', 'ALIGN', 'ALIGN'] picks=0 places=0 hand0=[0.467, -0.106, 0.458] cup_xy0=[0.529, -0.061]
[close] e1 t=208 hand_z=0.197 dxy=0.072 stall=0.410
[s1] step=3500 stages=['DESCEND', 'FAIL', 'DESCEND', 'ALIGN'] picks=0 places=0 hand0=[0.513, -0.106, 0.178] cup_xy0=[0.529, -0.061]
[s1] close-entry e0: hand=[0.531, -0.065, 0.191] cup_gt=[0.527, -0.061]
[close] e0 t=33 hand_z=0.215 dxy=0.072 stall=0.242
[close] e0 t=93 hand_z=0.216 dxy=0.080 stall=0.392
[s1] step=3600 stages=['CLOSE', 'IDLE', 'DESCEND', 'DESCEND'] picks=0 places=0 hand0=[0.547, 0.017, 0.216] cup_xy0=[0.529, -0.061]
[s1] close-entry e3: hand=[0.448, 0.048, 0.188] cup_gt=[0.443, 0.04]
[close] e0 t=153 hand_z=0.216 dxy=0.080 stall=0.392
[s1] step=3700 stages=['CLOSE', 'DESCEND', 'DESCEND', 'CLOSE'] picks=0 places=0 hand0=[0.547, 0.017, 0.216] cup_xy0=[0.529, -0.061]
[close] e0 t=213 hand_z=0.216 dxy=0.080 stall=0.392
[s1] close-entry e1: hand=[0.505, 0.039, 0.183] cup_gt=[0.495, 0.038]
[close] e1 t=49 hand_z=0.194 dxy=0.048 stall=0.341
[s1] step=3800 stages=['FAIL', 'CLOSE', 'DESCEND', 'CLOSE'] picks=0 places=0 hand0=[0.547, 0.014, 0.215] cup_xy0=[0.529, -0.061]
[close] e1 t=109 hand_z=0.194 dxy=0.049 stall=0.382
[s1] acquire e0: vision=[0.507, -0.049] gt=[0.505, -0.048]
[close] e1 t=169 hand_z=0.194 dxy=0.049 stall=0.382
[s1] step=3900 stages=['ALIGN', 'CLOSE', 'FAIL', 'FAIL'] picks=0 places=0 hand0=[0.412, -0.19, 0.35] cup_xy0=[0.507, -0.049]
[close] e1 t=229 hand_z=0.194 dxy=0.049 stall=0.382
[s1] ======== RESULT: 0 physical picks, 0 physical pick-move-places ========
