Loading user config located at: '/home/oedeh/.venv/isaacsim5/lib/python3.11/site-packages/isaacsim/kit/data/Kit/Isaac-Sim/5.1/user.config.json'
[Info] [carb] Logging to file: /home/oedeh/.venv/isaacsim5/lib/python3.11/site-packages/isaacsim/kit/logs/Kit/Isaac-Sim/5.1/kit_20260730_123441.log
2026-07-30T17:34:41Z [4ms] [Warning] [omni.ext.plugin] [ext: isaaclab_newton] Extensions config 'extension.toml' doesn't exist '/home/oedeh/IsaacLab/source/isaaclab_newton' or '/home/oedeh/IsaacLab/source/isaaclab_newton/config'
2026-07-30T17:34:41Z [4ms] [Warning] [omni.ext.plugin] [ext: isaaclab_physx] Extensions config 'extension.toml' doesn't exist '/home/oedeh/IsaacLab/source/isaaclab_physx' or '/home/oedeh/IsaacLab/source/isaaclab_physx/config'
2026-07-30T17:34:41Z [4ms] [Warning] [omni.ext.plugin] [ext: isaaclab_ppisp] Extensions config 'extension.toml' doesn't exist '/home/oedeh/IsaacLab/source/isaaclab_ppisp' or '/home/oedeh/IsaacLab/source/isaaclab_ppisp/config'

|---------------------------------------------------------------------------------------------|
| Driver Version: 580.173.02    | Graphics API: Vulkan
|=============================================================================================|
| GPU | Name                             | Active | LDA | GPU Memory | Vendor-ID | LUID       |
|     |                                  |        |     |            | Device-ID | UUID       |
|     |                                  |        |     |            | Bus-ID    |            |
|---------------------------------------------------------------------------------------------|
| 0   | NVIDIA GeForce RTX 5090          | Yes: 0 |     | 32607   MB | 10de      | 0          |
|     |                                  |        |     |            | 2b85      | d9b11bde.. |
|     |                                  |        |     |            | 2         |            |
|=============================================================================================|
| OS: 24.04.4 LTS (Noble Numbat) ubuntu, Version: 24.04.4, Kernel: 6.17.0-22-generic
| XServer Vendor: The X.Org Foundation, XServer Version: 12101011 (1.21.1.11)
| Processor: Intel(R) Core(TM) Ultra 9 285K
| Cores: 24 | Logical Cores: 24
|---------------------------------------------------------------------------------------------|
| Total Memory (MB): 31668 | Free Memory: 26212
| Total Page/Swap (MB): 8191 | Free Page/Swap: 6208
|---------------------------------------------------------------------------------------------|
2026-07-30T17:34:42Z [767ms] [Warning] [gpu.foundation.plugin] CPU performance profile is set to powersave. This profile sets the CPU to the lowest frequency reducing performance.
2026-07-30T17:34:42Z [775ms] [Warning] [gpu.foundation.plugin] PCIe link width current (8) and maximum (16) for device 0 don't match.
2026-07-30T17:34:44Z [2,425ms] [Warning] [omni.log] Source: omni.hydra was already registered.
2026-07-30T17:34:44Z [2,513ms] [Warning] [carb] Acquiring non optional plugin interface which is not listed as dependency: [omni::physx::IPhysxBenchmarks v1.0] (plugin: <default plugin>), by client: omni.physics.physx.plugin. Add it to CARB_PLUGIN_IMPL_DEPS() macro of a client.
2026-07-30T17:34:44Z [2,629ms] [Warning] [omni.isaac.dynamic_control] omni.isaac.dynamic_control is deprecated as of Isaac Sim 4.5. No action is needed from end-users.
2026-07-30T17:34:45Z [3,909ms] [Warning] [pxr.Semantics] pxr.Semantics is deprecated - please use Semantics instead
2026-07-30T17:34:45Z [3,968ms] [Warning] [omni.graph.core.plugin] Found duplicate of category 'Replicator' - was 'Annotators', adding 'Fabric Reader'
2026-07-30T17:34:45Z [3,968ms] [Warning] [omni.graph.core.plugin] Category 'Replicator' not accepted on node type 'omni.replicator.core.FabricReader' in extension 'omni.replicator.core'
2026-07-30T17:34:45Z [3,969ms] [Warning] [omni.replicator.core.scripts.extension] No material configuration file, adding configuration to material settings directly.
2026-07-30T17:34:48Z [6,264ms] [Warning] [omni.fabric.plugin] Warning: attribute viewportHandle not found for bucket id 7

[INFO][AppLauncher]: Using device: cuda:0
[INFO][AppLauncher]: Loading experience file: /home/oedeh/IsaacLab/apps/isaaclab.python.headless.rendering.kit

[36m======================================================================================[0m
[36m[1m[INFO][IsaacLab]: Logging to file: /tmp/isaaclab/logs/isaaclab_2026-07-30_12-34-48.log[0m
[36m======================================================================================[0m

[33m12:34:48 [simulation_context.py] WARNING: The `enable_external_forces_every_iteration` parameter in the PhysxCfg is set to False. If you are experiencing noisy velocities, consider enabling this flag. You may need to slightly increase the number of velocity iterations (setting it to 1 or 2 rather than 0), together with this flag, to improve the accuracy of velocity updates.[0m
[INFO]: Base environment:
	Environment device    : cuda:0
	Environment seed      : None
	Physics step-size     : 0.008333333333333333
	Rendering step-size   : 0.008333333333333333
	Environment step-size : 0.016666666666666666
[33m12:34:48 [manager_based_env.py] WARNING: The render interval (1) is smaller than the decimation (2). Multiple render calls will happen for each environment step. If this is not intended, set the render interval to be equal to the decimation.[0m
[INFO]: Time taken for scene creation : 1.082842 seconds
[INFO]: Scene manager:  <class InteractiveScene>
	Number of environments: 4
	Environment spacing   : 2.5
	Source prim name      : /World/envs/env_0
	Global prim paths     : []
	Replicate physics     : True
[INFO]: Starting the simulation. This may take a few seconds. Please wait...
[INFO]: Time taken for simulation start : 1.387425 seconds
[INFO] Event Manager:  <EventManager> contains 1 active terms.
+-------------------------------------+
| Active Event Terms in Mode: 'reset' |
+--------+----------------------------+
| Index  | Name                       |
+--------+----------------------------+
|   0    | reset_scene_to_default     |
+--------+----------------------------+

[INFO] Recorder Manager:  <RecorderManager> contains 0 active terms.
+---------------------+
| Active Recorder Terms |
+-----------+---------+
|   Index   | Name    |
+-----------+---------+
+-----------+---------+

[INFO] Action Manager:  <ActionManager> contains 2 active terms.
+----------------------------------+
|  Active Action Terms (shape: 8)  |
+--------+-----------+-------------+
| Index  | Name      |   Dimension |
+--------+-----------+-------------+
|   0    | arm       |           7 |
|   1    | gripper   |           1 |
+--------+-----------+-------------+

[INFO] Observation Manager: <ObservationManager> contains 1 groups.
+-----------------------------------------------------+
| Active Observation Terms in Group: 'policy' (shape: (13,)) |
+--------------+-----------------------+--------------+
|    Index     | Name                  |    Shape     |
+--------------+-----------------------+--------------+
|      0       | joint_pos             |    (13,)     |
+--------------+-----------------------+--------------+

[s1] hand jac row: 7 (cos=1.00; -1 conv would be 7)
[s1] step=0 stages=['ALIGN', 'ALIGN', 'ALIGN', 'ALIGN'] picks=0 places=0 hand0=[0.39, -0.001, 0.458] cup_xy0=[0.502, 0.002]
[s1] step=100 stages=['DESCEND', 'DESCEND', 'DESCEND', 'CLOSE'] picks=0 places=0 hand0=[0.613, -0.042, 0.185] cup_xy0=[0.6, -0.198]
[s1] step=200 stages=['DESCEND', 'CLOSE', 'DESCEND', 'FAIL'] picks=0 places=0 hand0=[0.594, -0.246, 0.167] cup_xy0=[0.615, -0.239]
[s1] step=300 stages=['CLOSE', 'FAIL', 'DESCEND', 'ALIGN'] picks=0 places=0 hand0=[0.713, -0.006, 0.314] cup_xy0=[0.643, -0.219]
[s1] step=400 stages=['ALIGN', 'ALIGN', 'DESCEND', 'ALIGN'] picks=0 places=0 hand0=[0.576, 0.016, 0.368] cup_xy0=[0.354, -0.044]
[s1] step=500 stages=['ALIGN', 'DESCEND', 'CLOSE', 'ALIGN'] picks=0 places=0 hand0=[0.438, -0.118, 0.373] cup_xy0=[0.451, 0.003]
[s1] step=600 stages=['DESCEND', 'CLOSE', 'ALIGN', 'DESCEND'] picks=0 places=0 hand0=[0.39, -0.15, 0.19] cup_xy0=[0.466, 0.011]
[s1] step=700 stages=['DESCEND', 'FAIL', 'ALIGN', 'DESCEND'] picks=0 places=0 hand0=[0.468, -0.078, 0.197] cup_xy0=[0.483, -0.055]
[s1] step=800 stages=['CLOSE', 'ALIGN', 'ALIGN', 'DESCEND'] picks=0 places=0 hand0=[0.565, -0.145, 0.268] cup_xy0=[0.526, -0.065]
[s1] step=900 stages=['FAIL', 'DESCEND', 'ALIGN', 'DESCEND'] picks=0 places=0 hand0=[0.564, -0.165, 0.281] cup_xy0=[0.526, -0.065]
[s1] step=1000 stages=['ALIGN', 'DESCEND', 'FAIL', 'CLOSE'] picks=0 places=0 hand0=[0.439, -0.033, 0.342] cup_xy0=[0.085, -0.097]
[s1] step=1100 stages=['ALIGN', 'CLOSE', 'ALIGN', 'ALIGN'] picks=0 places=0 hand0=[0.44, -0.082, 0.373] cup_xy0=[0.438, -0.052]
[s1] GRASP (drive stall) envs [1] stall=[0.442]
[s1] step=1200 stages=['ALIGN', 'LIFT', 'ALIGN', 'ALIGN'] picks=0 places=0 hand0=[0.42, -0.042, 0.36] cup_xy0=[0.114, -0.079]
[s1] step=1300 stages=['CLOSE', 'LIFT', 'DESCEND', 'DESCEND'] picks=0 places=0 hand0=[0.454, 0.072, 0.217] cup_xy0=[0.451, -0.028]
[s1] step=1400 stages=['FAIL', 'FAIL', 'CLOSE', 'DESCEND'] picks=0 places=0 hand0=[0.452, 0.087, 0.22] cup_xy0=[0.451, -0.028]
[s1] step=1500 stages=['DESCEND', 'DESCEND', 'ALIGN', 'DESCEND'] picks=0 places=0 hand0=[0.425, 0.061, 0.173] cup_xy0=[0.426, 0.109]
[s1] step=1600 stages=['DESCEND', 'DESCEND', 'ALIGN', 'DESCEND'] picks=0 places=0 hand0=[0.447, 0.105, 0.179] cup_xy0=[0.443, 0.08]
[s1] step=1700 stages=['CLOSE', 'CLOSE', 'ALIGN', 'FAIL'] picks=0 places=0 hand0=[0.462, 0.128, 0.197] cup_xy0=[0.443, 0.08]
[s1] GRASP (drive stall) envs [1] stall=[0.426]
[s1] step=1800 stages=['ALIGN', 'LIFT', 'CLOSE', 'ALIGN'] picks=0 places=0 hand0=[0.403, -0.013, 0.458] cup_xy0=[0.43, 0.021]
[s1] GRASP (drive stall) envs [2] stall=[0.423]
[s1] step=1900 stages=['ALIGN', 'LIFT', 'LIFT', 'ALIGN'] picks=0 places=0 hand0=[0.459, -0.0, 0.368] cup_xy0=[0.12, -0.02]
[s1] step=2000 stages=['ALIGN', 'FAIL', 'LIFT', 'ALIGN'] picks=0 places=0 hand0=[0.411, 0.027, 0.366] cup_xy0=[0.259, 0.018]
[s1] step=2100 stages=['CLOSE', 'ALIGN', 'FAIL', 'ALIGN'] picks=0 places=0 hand0=[0.438, -0.113, 0.201] cup_xy0=[0.439, 0.002]
[s1] step=2200 stages=['FAIL', 'ALIGN', 'ALIGN', 'ALIGN'] picks=0 places=0 hand0=[0.433, -0.13, 0.205] cup_xy0=[0.439, 0.002]
[s1] step=2300 stages=['ALIGN', 'ALIGN', 'DESCEND', 'ALIGN'] picks=0 places=0 hand0=[0.469, 0.019, 0.328] cup_xy0=[0.482, 0.093]
[s1] step=2400 stages=['CLOSE', 'DESCEND', 'DESCEND', 'ALIGN'] picks=0 places=0 hand0=[0.477, 0.17, 0.172] cup_xy0=[0.478, 0.097]
[s1] step=2500 stages=['FAIL', 'CLOSE', 'DESCEND', 'ALIGN'] picks=0 places=0 hand0=[0.449, 0.258, 0.165] cup_xy0=[0.478, 0.097]
[s1] GRASP (drive stall) envs [1] stall=[0.423]
[s1] step=2600 stages=['ALIGN', 'LIFT', 'CLOSE', 'FAIL'] picks=0 places=0 hand0=[-0.027, -0.215, 0.459] cup_xy0=[0.447, -0.048]
[s1] GRASP (drive stall) envs [2] stall=[0.42]
[s1] step=2700 stages=['ALIGN', 'LIFT', 'LIFT', 'ALIGN'] picks=0 places=0 hand0=[0.0, 0.361, 1.008] cup_xy0=[0.446, -0.047]
[s1] step=2800 stages=['ALIGN', 'DESCEND', 'LIFT', 'ALIGN'] picks=0 places=0 hand0=[0.232, -0.022, 0.766] cup_xy0=[0.449, -0.048]
[s1] step=2900 stages=['ALIGN', 'DESCEND', 'FAIL', 'ALIGN'] picks=0 places=0 hand0=[-0.326, -0.423, 0.699] cup_xy0=[0.449, -0.048]
[s1] step=3000 stages=['FAIL', 'DESCEND', 'ALIGN', 'ALIGN'] picks=0 places=0 hand0=[0.219, 0.284, 0.148] cup_xy0=[0.094, 0.329]
[s1] step=3100 stages=['ALIGN', 'DESCEND', 'ALIGN', 'FAIL'] picks=0 places=0 hand0=[-0.062, -0.031, -0.046] cup_xy0=[0.573, 0.055]
[s1] step=3200 stages=['ALIGN', 'FAIL', 'DESCEND', 'ALIGN'] picks=0 places=0 hand0=[-0.448, -0.121, 0.682] cup_xy0=[0.574, 0.055]
[s1] step=3300 stages=['ALIGN', 'ALIGN', 'CLOSE', 'ALIGN'] picks=0 places=0 hand0=[-0.083, -0.117, -0.508] cup_xy0=[0.574, 0.055]
[s1] GRASP (drive stall) envs [2] stall=[0.437]
[s1] step=3400 stages=['ALIGN', 'ALIGN', 'LIFT', 'ALIGN'] picks=0 places=0 hand0=[-0.23, 0.025, 0.611] cup_xy0=[0.57, 0.043]
[s1] step=3500 stages=['ALIGN', 'ALIGN', 'LIFT', 'ALIGN'] picks=0 places=0 hand0=[0.057, -0.485, 0.149] cup_xy0=[0.483, 0.063]
[s1] step=3600 stages=['DESCEND', 'DESCEND', 'ALIGN', 'ALIGN'] picks=0 places=0 hand0=[0.017, -0.212, 0.33] cup_xy0=[0.205, 0.375]
[s1] step=3700 stages=['DESCEND', 'CLOSE', 'DESCEND', 'ALIGN'] picks=0 places=0 hand0=[-0.161, 0.082, 0.835] cup_xy0=[0.107, -0.095]
[s1] GRASP (drive stall) envs [1] stall=[0.435]
[s1] step=3800 stages=['DESCEND', 'LIFT', 'DESCEND', 'ALIGN'] picks=0 places=0 hand0=[-0.018, 0.107, 0.197] cup_xy0=[0.118, -0.37]
[s1] step=3900 stages=['DESCEND', 'LIFT', 'CLOSE', 'ALIGN'] picks=0 places=0 hand0=[0.186, -0.293, 0.329] cup_xy0=[0.118, -0.37]
[s1] GRASP (drive stall) envs [2] stall=[0.441]
[s1] step=4000 stages=['ALIGN', 'FAIL', 'LIFT', 'FAIL'] picks=0 places=0 hand0=[0.36, 0.06, 0.612] cup_xy0=[0.582, 0.077]
[s1] step=4100 stages=['ALIGN', 'ALIGN', 'LIFT', 'ALIGN'] picks=0 places=0 hand0=[-0.627, 0.245, -0.012] cup_xy0=[0.582, 0.077]
[s1] step=4200 stages=['ALIGN', 'ALIGN', 'DESCEND', 'ALIGN'] picks=0 places=0 hand0=[-0.181, -0.049, 0.457] cup_xy0=[0.582, 0.077]
[s1] step=4300 stages=['ALIGN', 'DESCEND', 'DESCEND', 'ALIGN'] picks=0 places=0 hand0=[0.289, -0.114, -0.429] cup_xy0=[0.582, 0.077]
[s1] step=4400 stages=['FAIL', 'CLOSE', 'DESCEND', 'ALIGN'] picks=0 places=0 hand0=[-0.058, -0.024, 0.139] cup_xy0=[0.03, -0.126]
[s1] GRASP (drive stall) envs [1] stall=[0.437]
[s1] step=4500 stages=['ALIGN', 'LIFT', 'DESCEND', 'FAIL'] picks=0 places=0 hand0=[-0.558, 0.324, 0.523] cup_xy0=[0.521, -0.023]
[s1] step=4600 stages=['ALIGN', 'LIFT', 'FAIL', 'ALIGN'] picks=0 places=0 hand0=[0.099, -0.119, -0.472] cup_xy0=[0.521, -0.023]
[s1] step=4700 stages=['ALIGN', 'FAIL', 'ALIGN', 'ALIGN'] picks=0 places=0 hand0=[-0.309, -0.08, 0.443] cup_xy0=[0.521, -0.023]
[s1] step=4800 stages=['ALIGN', 'ALIGN', 'ALIGN', 'ALIGN'] picks=0 places=0 hand0=[0.175, 0.023, 0.212] cup_xy0=[0.521, -0.023]
[s1] step=4900 stages=['FAIL', 'DESCEND', 'ALIGN', 'ALIGN'] picks=0 places=0 hand0=[0.532, -0.213, 0.539] cup_xy0=[0.521, -0.023]
[s1] ======== RESULT: 0 physical picks, 0 physical pick-move-places ========
2026-07-30T17:34:48Z [6,611ms] [Warning] [isaaclab.envs.manager_based_env] Seed not set for the environment. The environment creation may not be deterministic.
2026-07-30T17:34:50Z [8,168ms] [Warning] [omni.fabric.plugin] getAttributeCount called on non-existent path /World/envs/env_3/Robot/Robotiq_2F_85_edit/Robotiq_2F_85/right_outer_knuckle/visuals/Defeatured_2F_85_PAD_OPEN_Finger1step_01
2026-07-30T17:34:50Z [8,168ms] [Warning] [omni.fabric.plugin] getTypes called on non-existent path /World/envs/env_3/Robot/Robotiq_2F_85_edit/Robotiq_2F_85/right_outer_knuckle/visuals/Defeatured_2F_85_PAD_OPEN_Finger1step_01
2026-07-30T17:34:50Z [8,791ms] [Warning] [rtx.postprocessing.plugin] DLSS increasing input dimensions: Render resolution of (260, 260) is below minimal input resolution of 300.
2026-07-30T17:34:51Z [9,750ms] [Warning] [carb] Client gpu.foundation.plugin has acquired [gpu::unstable::IMemoryBudgetManagerFactory v0.1] 100 times. Consider accessing this interface with carb::getCachedInterface() (Performance warning)
