WARNING:root:Could not find checkpoint-<step> pattern in path: nvidia/GR00T-N1.7-3B
/home/oedeh/.venv/gr00t/lib/python3.12/site-packages/albumentations/__init__.py:13: UserWarning: A new version of Albumentations is available: 2.0.8 (you have 1.4.18). Upgrade using: pip install -U albumentations. To disable automatic update checks, set the environment variable NO_ALBUMENTATIONS_UPDATE to 1.
  check_for_updates()
`torch_dtype` is deprecated! Use `dtype` instead!
INFO:gr00t.model.gr00t_n1d7.gr00t_n1d7:Using AlternateVLDiT for diffusion model
Total number of DiT parameters:  1091722240
Total number of SelfAttentionTransformer parameters:  201433088
Loading checkpoint shards:   0%|          | 0/2 [00:00<?, ?it/s]Loading checkpoint shards:  50%|█████     | 1/2 [00:03<00:03,  3.60s/it]Loading checkpoint shards: 100%|██████████| 2/2 [00:04<00:00,  2.30s/it]Loading checkpoint shards: 100%|██████████| 2/2 [00:04<00:00,  2.50s/it]
Traceback (most recent call last):
  File "<string>", line 6, in <module>
  File "<frozen runpy>", line 286, in run_path
  File "<frozen runpy>", line 98, in _run_module_code
  File "<frozen runpy>", line 88, in _run_code
  File "/home/oedeh/Isaac-GR00T/gr00t/eval/open_loop_eval.py", line 373, in <module>
    main(config)
  File "/home/oedeh/Isaac-GR00T/gr00t/eval/open_loop_eval.py", line 303, in main
    policy = Gr00tPolicy(
             ^^^^^^^^^^^^
  File "/home/oedeh/Isaac-GR00T/gr00t/policy/gr00t_policy.py", line 154, in __init__
    raise ValueError(
ValueError: Embodiment tag 'NEW_EMBODIMENT' (value='new_embodiment') is not supported by this checkpoint.

Supported tags in this checkpoint:
  OXE_DROID_RELATIVE_EEF_RELATIVE_JOINT (--embodiment-tag OXE_DROID_RELATIVE_EEF_RELATIVE_JOINT)
  REAL_G1                        (--embodiment-tag REAL_G1)
  REAL_R1_PRO_SHARPA             (--embodiment-tag REAL_R1_PRO_SHARPA)
  REAL_R1_PRO_SHARPA_HUMAN       (--embodiment-tag REAL_R1_PRO_SHARPA_HUMAN)
  REAL_R1_PRO_SHARPA_MAXINSIGHTS (--embodiment-tag REAL_R1_PRO_SHARPA_MAXINSIGHTS)
  REAL_R1_PRO_SHARPA_MECKA       (--embodiment-tag REAL_R1_PRO_SHARPA_MECKA)
  XDOF                           (--embodiment-tag XDOF)
  XDOF_SUBTASK                   (--embodiment-tag XDOF_SUBTASK)

Hint: 'NEW_EMBODIMENT' is for finetuning custom robots. Use it with launch_finetune.py, not with the base model directly.
OPENLOOP_EXIT=1
