Obtaining file:///home/oedeh/Isaac-GR00T
  Checking if build backend supports build_editable: started
  Checking if build backend supports build_editable: finished with status 'done'
  Preparing editable metadata (pyproject.toml): started
  Preparing editable metadata (pyproject.toml): finished with status 'done'
Collecting albumentations==1.4.18 (from gr00t==0.1.0)
  Using cached albumentations-1.4.18-py3-none-any.whl.metadata (32 kB)
Collecting huggingface-hub[cli] (from gr00t==0.1.0)
  Using cached huggingface_hub-1.25.1-py3-none-any.whl.metadata (16 kB)
Collecting opencv-python-headless<4.13,>=4.5 (from gr00t==0.1.0)
  Using cached opencv_python_headless-4.12.0.88-cp37-abi3-manylinux2014_x86_64.manylinux_2_17_x86_64.whl.metadata (19 kB)
Collecting diffusers==0.35.1 (from gr00t==0.1.0)
  Using cached diffusers-0.35.1-py3-none-any.whl.metadata (20 kB)
Collecting dm-tree (from gr00t==0.1.0)
  Using cached dm_tree-0.1.10-cp312-cp312-manylinux_2_24_x86_64.manylinux_2_28_x86_64.whl.metadata (2.6 kB)
Collecting lmdb==1.7.5 (from gr00t==0.1.0)
  Using cached lmdb-1.7.5-cp312-cp312-manylinux2014_x86_64.manylinux_2_17_x86_64.manylinux_2_28_x86_64.whl.metadata (1.4 kB)
Collecting msgpack==1.1.0 (from gr00t==0.1.0)
  Using cached msgpack-1.1.0-cp312-cp312-manylinux_2_17_x86_64.manylinux2014_x86_64.whl.metadata (8.4 kB)
Collecting msgpack-numpy==0.4.8 (from gr00t==0.1.0)
  Using cached msgpack_numpy-0.4.8-py2.py3-none-any.whl.metadata (5.0 kB)
Collecting pandas==2.2.3 (from gr00t==0.1.0)
  Using cached pandas-2.2.3-cp312-cp312-manylinux_2_17_x86_64.manylinux2014_x86_64.whl.metadata (89 kB)
Collecting peft==0.17.1 (from gr00t==0.1.0)
  Using cached peft-0.17.1-py3-none-any.whl.metadata (14 kB)
Collecting termcolor==3.2.0 (from gr00t==0.1.0)
  Using cached termcolor-3.2.0-py3-none-any.whl.metadata (6.4 kB)
Requirement already satisfied: torch==2.9.0 in /home/oedeh/.venv/gr00t/lib/python3.12/site-packages (from gr00t==0.1.0) (2.9.0+cu128)
Requirement already satisfied: torchvision==0.24.0 in /home/oedeh/.venv/gr00t/lib/python3.12/site-packages (from gr00t==0.1.0) (0.24.0+cu128)
Collecting transformers==4.57.3 (from gr00t==0.1.0)
  Using cached transformers-4.57.3-py3-none-any.whl.metadata (43 kB)
Collecting tyro==0.9.17 (from gr00t==0.1.0)
  Using cached tyro-0.9.17-py3-none-any.whl.metadata (9.5 kB)
Collecting click==8.1.8 (from gr00t==0.1.0)
  Using cached click-8.1.8-py3-none-any.whl.metadata (2.3 kB)
Collecting datasets==3.6.0 (from gr00t==0.1.0)
  Using cached datasets-3.6.0-py3-none-any.whl.metadata (19 kB)
Collecting cryptography>=46.0.7 (from gr00t==0.1.0)
  Using cached cryptography-49.0.0-cp311-abi3-manylinux_2_34_x86_64.whl.metadata (4.3 kB)
Collecting einops==0.8.1 (from gr00t==0.1.0)
  Using cached einops-0.8.1-py3-none-any.whl.metadata (13 kB)
Collecting gitpython==3.1.50 (from gr00t==0.1.0)
  Using cached gitpython-3.1.50-py3-none-any.whl.metadata (14 kB)
Collecting jsonlines==4.0.0 (from gr00t==0.1.0)
  Using cached jsonlines-4.0.0-py3-none-any.whl.metadata (1.6 kB)
Collecting gymnasium==1.2.2 (from gr00t==0.1.0)
  Using cached gymnasium-1.2.2-py3-none-any.whl.metadata (10 kB)
Collecting matplotlib==3.10.1 (from gr00t==0.1.0)
  Using cached matplotlib-3.10.1-cp312-cp312-manylinux_2_17_x86_64.manylinux2014_x86_64.whl.metadata (11 kB)
Collecting numpy==1.26.4 (from gr00t==0.1.0)
  Using cached numpy-1.26.4-cp312-cp312-manylinux_2_17_x86_64.manylinux2014_x86_64.whl.metadata (61 kB)
Collecting omegaconf==2.3.0 (from gr00t==0.1.0)
  Using cached omegaconf-2.3.0-py3-none-any.whl.metadata (3.9 kB)
Collecting scipy==1.15.3 (from gr00t==0.1.0)
  Using cached scipy-1.15.3-cp312-cp312-manylinux_2_17_x86_64.manylinux2014_x86_64.whl.metadata (61 kB)
Collecting torchcodec==0.8.0 (from gr00t==0.1.0)
  Using cached torchcodec-0.8.0-cp312-cp312-manylinux_2_28_x86_64.whl.metadata (9.5 kB)
Collecting wandb==0.23.0 (from gr00t==0.1.0)
  Using cached wandb-0.23.0-py3-none-manylinux_2_17_x86_64.manylinux2014_x86_64.whl.metadata (12 kB)
Collecting pyzmq==27.0.1 (from gr00t==0.1.0)
  Using cached pyzmq-27.0.1-cp312-abi3-manylinux_2_26_x86_64.manylinux_2_28_x86_64.whl.metadata (6.0 kB)
Collecting deepspeed==0.17.6 (from gr00t==0.1.0)
  Using cached deepspeed-0.17.6.tar.gz (1.6 MB)
  Preparing metadata (pyproject.toml): started
  Preparing metadata (pyproject.toml): finished with status 'done'
Requirement already satisfied: flash-attn==2.8.3 in /home/oedeh/.venv/gr00t/lib/python3.12/site-packages (from gr00t==0.1.0) (2.8.3)
Collecting onnx>=1.20.0 (from gr00t==0.1.0)
  Using cached onnx-1.22.0-cp312-abi3-manylinux_2_27_x86_64.manylinux_2_28_x86_64.whl.metadata (8.5 kB)
Collecting onnxscript (from gr00t==0.1.0)
  Using cached onnxscript-0.7.1-py3-none-any.whl.metadata (13 kB)
Collecting tensorrt-cu12>=10.15.1.29 (from gr00t==0.1.0)
  Using cached tensorrt_cu12-11.1.0.106.tar.gz (17 kB)
  Preparing metadata (pyproject.toml): started
  Preparing metadata (pyproject.toml): finished with status 'done'
Collecting tensorrt-cu12-libs>=10.15.1.29 (from gr00t==0.1.0)
  Using cached tensorrt_cu12_libs-11.1.0.106.tar.gz (15 kB)
  Preparing metadata (pyproject.toml): started
  Preparing metadata (pyproject.toml): finished with status 'done'
Collecting scikit-image>=0.21.0 (from albumentations==1.4.18->gr00t==0.1.0)
  Downloading scikit_image-0.26.0-cp312-cp312-manylinux_2_24_x86_64.manylinux_2_28_x86_64.whl.metadata (15 kB)
Collecting PyYAML (from albumentations==1.4.18->gr00t==0.1.0)
  Using cached pyyaml-6.0.3-cp312-cp312-manylinux2014_x86_64.manylinux_2_17_x86_64.manylinux_2_28_x86_64.whl.metadata (2.4 kB)
Collecting pydantic>=2.7.0 (from albumentations==1.4.18->gr00t==0.1.0)
  Using cached pydantic-2.13.4-py3-none-any.whl.metadata (109 kB)
Collecting albucore==0.0.17 (from albumentations==1.4.18->gr00t==0.1.0)
  Downloading albucore-0.0.17-py3-none-any.whl.metadata (3.1 kB)
Collecting eval-type-backport (from albumentations==1.4.18->gr00t==0.1.0)
  Downloading eval_type_backport-0.4.0-py3-none-any.whl.metadata (3.1 kB)
Requirement already satisfied: filelock in /home/oedeh/.venv/gr00t/lib/python3.12/site-packages (from datasets==3.6.0->gr00t==0.1.0) (3.29.0)
Collecting pyarrow>=15.0.0 (from datasets==3.6.0->gr00t==0.1.0)
  Downloading pyarrow-25.0.0-cp312-cp312-manylinux_2_28_x86_64.whl.metadata (3.0 kB)
Collecting dill<0.3.9,>=0.3.0 (from datasets==3.6.0->gr00t==0.1.0)
  Downloading dill-0.3.8-py3-none-any.whl.metadata (10 kB)
Collecting requests>=2.32.2 (from datasets==3.6.0->gr00t==0.1.0)
  Using cached requests-2.34.2-py3-none-any.whl.metadata (4.8 kB)
Collecting tqdm>=4.66.3 (from datasets==3.6.0->gr00t==0.1.0)
  Downloading tqdm-4.70.0-py3-none-any.whl.metadata (57 kB)
Collecting xxhash (from datasets==3.6.0->gr00t==0.1.0)
  Downloading xxhash-3.8.1-cp312-cp312-manylinux2014_x86_64.manylinux_2_17_x86_64.manylinux_2_28_x86_64.whl.metadata (15 kB)
Collecting multiprocess<0.70.17 (from datasets==3.6.0->gr00t==0.1.0)
  Downloading multiprocess-0.70.16-py312-none-any.whl.metadata (7.2 kB)
Collecting fsspec<=2025.3.0,>=2023.1.0 (from fsspec[http]<=2025.3.0,>=2023.1.0->datasets==3.6.0->gr00t==0.1.0)
  Downloading fsspec-2025.3.0-py3-none-any.whl.metadata (11 kB)
Requirement already satisfied: packaging in /home/oedeh/.venv/gr00t/lib/python3.12/site-packages (from datasets==3.6.0->gr00t==0.1.0) (26.2)
Collecting hjson (from deepspeed==0.17.6->gr00t==0.1.0)
  Downloading hjson-3.1.0-py3-none-any.whl.metadata (2.6 kB)
Requirement already satisfied: ninja in /home/oedeh/.venv/gr00t/lib/python3.12/site-packages (from deepspeed==0.17.6->gr00t==0.1.0) (1.13.0)
Requirement already satisfied: psutil in /home/oedeh/.venv/gr00t/lib/python3.12/site-packages (from deepspeed==0.17.6->gr00t==0.1.0) (7.2.2)
Collecting py-cpuinfo (from deepspeed==0.17.6->gr00t==0.1.0)
  Using cached py_cpuinfo-9.0.0-py3-none-any.whl.metadata (794 bytes)
Collecting nvidia-ml-py (from deepspeed==0.17.6->gr00t==0.1.0)
  Downloading nvidia_ml_py-13.610.43-py3-none-any.whl.metadata (9.7 kB)
Collecting importlib_metadata (from diffusers==0.35.1->gr00t==0.1.0)
  Using cached importlib_metadata-9.0.0-py3-none-any.whl.metadata (4.5 kB)
Collecting regex!=2019.12.17 (from diffusers==0.35.1->gr00t==0.1.0)
  Downloading regex-2026.7.19-cp312-cp312-manylinux2014_x86_64.manylinux_2_17_x86_64.manylinux_2_28_x86_64.whl.metadata (40 kB)
Collecting safetensors>=0.3.1 (from diffusers==0.35.1->gr00t==0.1.0)
  Downloading safetensors-0.8.0-cp310-abi3-manylinux_2_17_x86_64.manylinux2014_x86_64.whl.metadata (4.2 kB)
Requirement already satisfied: Pillow in /home/oedeh/.venv/gr00t/lib/python3.12/site-packages (from diffusers==0.35.1->gr00t==0.1.0) (12.2.0)
Collecting gitdb<5,>=4.0.1 (from gitpython==3.1.50->gr00t==0.1.0)
  Using cached gitdb-4.0.12-py3-none-any.whl.metadata (1.2 kB)
Collecting cloudpickle>=1.2.0 (from gymnasium==1.2.2->gr00t==0.1.0)
  Using cached cloudpickle-3.1.2-py3-none-any.whl.metadata (7.1 kB)
Requirement already satisfied: typing-extensions>=4.3.0 in /home/oedeh/.venv/gr00t/lib/python3.12/site-packages (from gymnasium==1.2.2->gr00t==0.1.0) (4.15.0)
Collecting farama-notifications>=0.0.1 (from gymnasium==1.2.2->gr00t==0.1.0)
  Using cached farama_notifications-0.0.6-py3-none-any.whl.metadata (729 bytes)
Collecting attrs>=19.2.0 (from jsonlines==4.0.0->gr00t==0.1.0)
  Using cached attrs-26.1.0-py3-none-any.whl.metadata (8.8 kB)
Collecting contourpy>=1.0.1 (from matplotlib==3.10.1->gr00t==0.1.0)
  Using cached contourpy-1.3.3-cp312-cp312-manylinux_2_27_x86_64.manylinux_2_28_x86_64.whl.metadata (5.5 kB)
Collecting cycler>=0.10 (from matplotlib==3.10.1->gr00t==0.1.0)
  Using cached cycler-0.12.1-py3-none-any.whl.metadata (3.8 kB)
Collecting fonttools>=4.22.0 (from matplotlib==3.10.1->gr00t==0.1.0)
  Using cached fonttools-4.63.0-cp312-cp312-manylinux2014_x86_64.manylinux_2_17_x86_64.whl.metadata (118 kB)
Collecting kiwisolver>=1.3.1 (from matplotlib==3.10.1->gr00t==0.1.0)
  Using cached kiwisolver-1.5.0-cp312-cp312-manylinux2014_x86_64.manylinux_2_17_x86_64.whl.metadata (5.1 kB)
Collecting pyparsing>=2.3.1 (from matplotlib==3.10.1->gr00t==0.1.0)
  Using cached pyparsing-3.3.2-py3-none-any.whl.metadata (5.8 kB)
Collecting python-dateutil>=2.7 (from matplotlib==3.10.1->gr00t==0.1.0)
  Using cached python_dateutil-2.9.0.post0-py2.py3-none-any.whl.metadata (8.4 kB)
Collecting antlr4-python3-runtime==4.9.* (from omegaconf==2.3.0->gr00t==0.1.0)
  Using cached antlr4_python3_runtime-4.9.3-py3-none-any.whl
Collecting pytz>=2020.1 (from pandas==2.2.3->gr00t==0.1.0)
  Downloading pytz-2026.3.post1-py2.py3-none-any.whl.metadata (22 kB)
Collecting tzdata>=2022.7 (from pandas==2.2.3->gr00t==0.1.0)
  Downloading tzdata-2026.3-py2.py3-none-any.whl.metadata (1.4 kB)
Collecting accelerate>=0.21.0 (from peft==0.17.1->gr00t==0.1.0)
  Downloading accelerate-1.14.0-py3-none-any.whl.metadata (19 kB)
Requirement already satisfied: setuptools in /home/oedeh/.venv/gr00t/lib/python3.12/site-packages (from torch==2.9.0->gr00t==0.1.0) (83.0.0)
Requirement already satisfied: sympy>=1.13.3 in /home/oedeh/.venv/gr00t/lib/python3.12/site-packages (from torch==2.9.0->gr00t==0.1.0) (1.14.0)
Requirement already satisfied: networkx>=2.5.1 in /home/oedeh/.venv/gr00t/lib/python3.12/site-packages (from torch==2.9.0->gr00t==0.1.0) (3.6.1)
Requirement already satisfied: jinja2 in /home/oedeh/.venv/gr00t/lib/python3.12/site-packages (from torch==2.9.0->gr00t==0.1.0) (3.1.6)
Requirement already satisfied: nvidia-cuda-nvrtc-cu12==12.8.93 in /home/oedeh/.venv/gr00t/lib/python3.12/site-packages (from torch==2.9.0->gr00t==0.1.0) (12.8.93)
Requirement already satisfied: nvidia-cuda-runtime-cu12==12.8.90 in /home/oedeh/.venv/gr00t/lib/python3.12/site-packages (from torch==2.9.0->gr00t==0.1.0) (12.8.90)
Requirement already satisfied: nvidia-cuda-cupti-cu12==12.8.90 in /home/oedeh/.venv/gr00t/lib/python3.12/site-packages (from torch==2.9.0->gr00t==0.1.0) (12.8.90)
Requirement already satisfied: nvidia-cudnn-cu12==9.10.2.21 in /home/oedeh/.venv/gr00t/lib/python3.12/site-packages (from torch==2.9.0->gr00t==0.1.0) (9.10.2.21)
Requirement already satisfied: nvidia-cublas-cu12==12.8.4.1 in /home/oedeh/.venv/gr00t/lib/python3.12/site-packages (from torch==2.9.0->gr00t==0.1.0) (12.8.4.1)
Requirement already satisfied: nvidia-cufft-cu12==11.3.3.83 in /home/oedeh/.venv/gr00t/lib/python3.12/site-packages (from torch==2.9.0->gr00t==0.1.0) (11.3.3.83)
Requirement already satisfied: nvidia-curand-cu12==10.3.9.90 in /home/oedeh/.venv/gr00t/lib/python3.12/site-packages (from torch==2.9.0->gr00t==0.1.0) (10.3.9.90)
Requirement already satisfied: nvidia-cusolver-cu12==11.7.3.90 in /home/oedeh/.venv/gr00t/lib/python3.12/site-packages (from torch==2.9.0->gr00t==0.1.0) (11.7.3.90)
Requirement already satisfied: nvidia-cusparse-cu12==12.5.8.93 in /home/oedeh/.venv/gr00t/lib/python3.12/site-packages (from torch==2.9.0->gr00t==0.1.0) (12.5.8.93)
Requirement already satisfied: nvidia-cusparselt-cu12==0.7.1 in /home/oedeh/.venv/gr00t/lib/python3.12/site-packages (from torch==2.9.0->gr00t==0.1.0) (0.7.1)
Requirement already satisfied: nvidia-nccl-cu12==2.27.5 in /home/oedeh/.venv/gr00t/lib/python3.12/site-packages (from torch==2.9.0->gr00t==0.1.0) (2.27.5)
Requirement already satisfied: nvidia-nvshmem-cu12==3.3.20 in /home/oedeh/.venv/gr00t/lib/python3.12/site-packages (from torch==2.9.0->gr00t==0.1.0) (3.3.20)
Requirement already satisfied: nvidia-nvtx-cu12==12.8.90 in /home/oedeh/.venv/gr00t/lib/python3.12/site-packages (from torch==2.9.0->gr00t==0.1.0) (12.8.90)
Requirement already satisfied: nvidia-nvjitlink-cu12==12.8.93 in /home/oedeh/.venv/gr00t/lib/python3.12/site-packages (from torch==2.9.0->gr00t==0.1.0) (12.8.93)
Requirement already satisfied: nvidia-cufile-cu12==1.13.1.3 in /home/oedeh/.venv/gr00t/lib/python3.12/site-packages (from torch==2.9.0->gr00t==0.1.0) (1.13.1.3)
Requirement already satisfied: triton==3.5.0 in /home/oedeh/.venv/gr00t/lib/python3.12/site-packages (from torch==2.9.0->gr00t==0.1.0) (3.5.0)
Collecting huggingface-hub>=0.24.0 (from datasets==3.6.0->gr00t==0.1.0)
  Using cached huggingface_hub-0.36.2-py3-none-any.whl.metadata (15 kB)
Collecting tokenizers<=0.23.0,>=0.22.0 (from transformers==4.57.3->gr00t==0.1.0)
  Using cached tokenizers-0.22.2-cp39-abi3-manylinux_2_17_x86_64.manylinux2014_x86_64.whl.metadata (7.3 kB)
Collecting docstring-parser>=0.15 (from tyro==0.9.17->gr00t==0.1.0)
  Using cached docstring_parser-0.18.0-py3-none-any.whl.metadata (3.5 kB)
Collecting rich>=11.1.0 (from tyro==0.9.17->gr00t==0.1.0)
  Using cached rich-15.0.0-py3-none-any.whl.metadata (18 kB)
Collecting shtab>=1.5.6 (from tyro==0.9.17->gr00t==0.1.0)
  Downloading shtab-1.8.1-py3-none-any.whl.metadata (7.2 kB)
Collecting typeguard>=4.0.0 (from tyro==0.9.17->gr00t==0.1.0)
  Downloading typeguard-4.6.0-py3-none-any.whl.metadata (3.7 kB)
Collecting platformdirs (from wandb==0.23.0->gr00t==0.1.0)
  Downloading platformdirs-4.11.0-py3-none-any.whl.metadata (5.5 kB)
Collecting protobuf!=4.21.0,!=5.28.0,<7,>=3.19.0 (from wandb==0.23.0->gr00t==0.1.0)
  Using cached protobuf-6.33.6-cp39-abi3-manylinux2014_x86_64.whl.metadata (593 bytes)
Collecting sentry-sdk>=2.0.0 (from wandb==0.23.0->gr00t==0.1.0)
  Downloading sentry_sdk-2.66.1-py3-none-any.whl.metadata (11 kB)
Collecting aiohttp!=4.0.0a0,!=4.0.0a1 (from fsspec[http]<=2025.3.0,>=2023.1.0->datasets==3.6.0->gr00t==0.1.0)
  Downloading aiohttp-3.14.3-cp312-cp312-manylinux2014_x86_64.manylinux_2_17_x86_64.manylinux_2_28_x86_64.whl.metadata (8.3 kB)
Collecting smmap<6,>=3.0.1 (from gitdb<5,>=4.0.1->gitpython==3.1.50->gr00t==0.1.0)
  Using cached smmap-5.0.3-py3-none-any.whl.metadata (4.6 kB)
Collecting hf-xet<2.0.0,>=1.1.3 (from huggingface-hub>=0.24.0->datasets==3.6.0->gr00t==0.1.0)
  Downloading hf_xet-1.5.2-cp38-abi3-manylinux2014_x86_64.manylinux_2_17_x86_64.whl.metadata (4.9 kB)
INFO: pip is looking at multiple versions of opencv-python-headless to determine which version is compatible with other requirements. This could take a while.
Collecting opencv-python-headless<4.13,>=4.5 (from gr00t==0.1.0)
  Using cached opencv_python_headless-4.11.0.86-cp37-abi3-manylinux_2_17_x86_64.manylinux2014_x86_64.whl.metadata (20 kB)
Collecting annotated-types>=0.6.0 (from pydantic>=2.7.0->albumentations==1.4.18->gr00t==0.1.0)
  Downloading annotated_types-0.8.0-py3-none-any.whl.metadata (15 kB)
Collecting pydantic-core==2.46.4 (from pydantic>=2.7.0->albumentations==1.4.18->gr00t==0.1.0)
  Using cached pydantic_core-2.46.4-cp312-cp312-manylinux_2_17_x86_64.manylinux2014_x86_64.whl.metadata (6.6 kB)
Collecting typing-inspection>=0.4.2 (from pydantic>=2.7.0->albumentations==1.4.18->gr00t==0.1.0)
  Using cached typing_inspection-0.4.2-py3-none-any.whl.metadata (2.6 kB)
Collecting charset_normalizer<4,>=2 (from requests>=2.32.2->datasets==3.6.0->gr00t==0.1.0)
  Downloading charset_normalizer-3.4.9-cp312-cp312-manylinux2014_x86_64.manylinux_2_17_x86_64.manylinux_2_28_x86_64.whl.metadata (41 kB)
Collecting idna<4,>=2.5 (from requests>=2.32.2->datasets==3.6.0->gr00t==0.1.0)
  Downloading idna-3.18-py3-none-any.whl.metadata (6.1 kB)
Collecting urllib3<3,>=1.26 (from requests>=2.32.2->datasets==3.6.0->gr00t==0.1.0)
  Using cached urllib3-2.7.0-py3-none-any.whl.metadata (6.9 kB)
Collecting certifi>=2023.5.7 (from requests>=2.32.2->datasets==3.6.0->gr00t==0.1.0)
  Downloading certifi-2026.7.22-py3-none-any.whl.metadata (2.5 kB)
Collecting aiohappyeyeballs>=2.5.0 (from aiohttp!=4.0.0a0,!=4.0.0a1->fsspec[http]<=2025.3.0,>=2023.1.0->datasets==3.6.0->gr00t==0.1.0)
  Downloading aiohappyeyeballs-2.7.1-py3-none-any.whl.metadata (5.9 kB)
Collecting aiosignal>=1.4.0 (from aiohttp!=4.0.0a0,!=4.0.0a1->fsspec[http]<=2025.3.0,>=2023.1.0->datasets==3.6.0->gr00t==0.1.0)
  Using cached aiosignal-1.4.0-py3-none-any.whl.metadata (3.7 kB)
Collecting frozenlist>=1.1.1 (from aiohttp!=4.0.0a0,!=4.0.0a1->fsspec[http]<=2025.3.0,>=2023.1.0->datasets==3.6.0->gr00t==0.1.0)
  Using cached frozenlist-1.8.0-cp312-cp312-manylinux1_x86_64.manylinux_2_28_x86_64.manylinux_2_5_x86_64.whl.metadata (20 kB)
Collecting multidict<7.0,>=4.5 (from aiohttp!=4.0.0a0,!=4.0.0a1->fsspec[http]<=2025.3.0,>=2023.1.0->datasets==3.6.0->gr00t==0.1.0)
  Using cached multidict-6.7.1-cp312-cp312-manylinux2014_x86_64.manylinux_2_17_x86_64.manylinux_2_28_x86_64.whl.metadata (5.3 kB)
Collecting propcache>=0.2.0 (from aiohttp!=4.0.0a0,!=4.0.0a1->fsspec[http]<=2025.3.0,>=2023.1.0->datasets==3.6.0->gr00t==0.1.0)
  Using cached propcache-0.5.2-cp312-cp312-manylinux2014_x86_64.manylinux_2_17_x86_64.manylinux_2_28_x86_64.whl.metadata (16 kB)
Collecting yarl<2.0,>=1.17.0 (from aiohttp!=4.0.0a0,!=4.0.0a1->fsspec[http]<=2025.3.0,>=2023.1.0->datasets==3.6.0->gr00t==0.1.0)
  Downloading yarl-1.24.5-cp312-cp312-manylinux2014_x86_64.manylinux_2_17_x86_64.manylinux_2_28_x86_64.whl.metadata (103 kB)
Collecting cffi>=2.0.0 (from cryptography>=46.0.7->gr00t==0.1.0)
  Downloading cffi-2.1.0-cp312-cp312-manylinux2014_x86_64.manylinux_2_17_x86_64.whl.metadata (2.5 kB)
Collecting pycparser (from cffi>=2.0.0->cryptography>=46.0.7->gr00t==0.1.0)
  Using cached pycparser-3.0-py3-none-any.whl.metadata (8.2 kB)
Collecting ml_dtypes>=0.5.4 (from onnx>=1.20.0->gr00t==0.1.0)
  Using cached ml_dtypes-0.5.4-cp312-cp312-manylinux_2_27_x86_64.manylinux_2_28_x86_64.whl.metadata (8.9 kB)
Collecting six>=1.5 (from python-dateutil>=2.7->matplotlib==3.10.1->gr00t==0.1.0)
  Using cached six-1.17.0-py2.py3-none-any.whl.metadata (1.7 kB)
Collecting markdown-it-py>=2.2.0 (from rich>=11.1.0->tyro==0.9.17->gr00t==0.1.0)
  Using cached markdown_it_py-4.2.0-py3-none-any.whl.metadata (7.4 kB)
Collecting pygments<3.0.0,>=2.13.0 (from rich>=11.1.0->tyro==0.9.17->gr00t==0.1.0)
  Using cached pygments-2.20.0-py3-none-any.whl.metadata (2.5 kB)
Collecting mdurl~=0.1 (from markdown-it-py>=2.2.0->rich>=11.1.0->tyro==0.9.17->gr00t==0.1.0)
  Using cached mdurl-0.1.2-py3-none-any.whl.metadata (1.6 kB)
Collecting imageio!=2.35.0,>=2.33 (from scikit-image>=0.21.0->albumentations==1.4.18->gr00t==0.1.0)
  Downloading imageio-2.37.4-py3-none-any.whl.metadata (9.6 kB)
Collecting tifffile>=2022.8.12 (from scikit-image>=0.21.0->albumentations==1.4.18->gr00t==0.1.0)
  Downloading tifffile-2026.7.14-py3-none-any.whl.metadata (33 kB)
Collecting lazy-loader>=0.4 (from scikit-image>=0.21.0->albumentations==1.4.18->gr00t==0.1.0)
  Using cached lazy_loader-0.5-py3-none-any.whl.metadata (5.9 kB)
Requirement already satisfied: mpmath<1.4,>=1.1.0 in /home/oedeh/.venv/gr00t/lib/python3.12/site-packages (from sympy>=1.13.3->torch==2.9.0->gr00t==0.1.0) (1.3.0)
Collecting tensorrt_cu12_bindings==11.1.0.106 (from tensorrt-cu12>=10.15.1.29->gr00t==0.1.0)
  Downloading tensorrt_cu12_bindings-11.1.0.106-cp312-none-manylinux_2_28_x86_64.whl.metadata (686 bytes)
INFO: pip is looking at multiple versions of tifffile to determine which version is compatible with other requirements. This could take a while.
Collecting tifffile>=2022.8.12 (from scikit-image>=0.21.0->albumentations==1.4.18->gr00t==0.1.0)
  Downloading tifffile-2026.6.1-py3-none-any.whl.metadata (33 kB)
  Downloading tifffile-2026.5.15-py3-none-any.whl.metadata (32 kB)
  Downloading tifffile-2026.5.2-py3-none-any.whl.metadata (32 kB)
  Downloading tifffile-2026.4.11-py3-none-any.whl.metadata (31 kB)
  Downloading tifffile-2026.3.3-py3-none-any.whl.metadata (31 kB)
Collecting absl-py>=0.6.1 (from dm-tree->gr00t==0.1.0)
  Downloading absl_py-2.5.0-py3-none-any.whl.metadata (3.3 kB)
Collecting wrapt>=1.11.2 (from dm-tree->gr00t==0.1.0)
  Downloading wrapt-2.3.0-cp312-cp312-manylinux1_x86_64.manylinux_2_28_x86_64.manylinux_2_5_x86_64.whl.metadata (7.4 kB)
INFO: pip is looking at multiple versions of huggingface-hub[cli] to determine which version is compatible with other requirements. This could take a while.
Collecting huggingface-hub[cli] (from gr00t==0.1.0)
  Downloading huggingface_hub-1.25.0-py3-none-any.whl.metadata (16 kB)
  Downloading huggingface_hub-1.24.0-py3-none-any.whl.metadata (16 kB)
  Downloading huggingface_hub-1.23.0-py3-none-any.whl.metadata (14 kB)
  Downloading huggingface_hub-1.22.0-py3-none-any.whl.metadata (14 kB)
  Downloading huggingface_hub-1.21.0-py3-none-any.whl.metadata (14 kB)
  Downloading huggingface_hub-1.20.1-py3-none-any.whl.metadata (14 kB)
  Downloading huggingface_hub-1.20.0-py3-none-any.whl.metadata (14 kB)
INFO: pip is still looking at multiple versions of huggingface-hub[cli] to determine which version is compatible with other requirements. This could take a while.
  Downloading huggingface_hub-1.19.0-py3-none-any.whl.metadata (14 kB)
  Downloading huggingface_hub-1.18.0-py3-none-any.whl.metadata (14 kB)
  Using cached huggingface_hub-1.17.0-py3-none-any.whl.metadata (14 kB)
  Downloading huggingface_hub-1.16.4-py3-none-any.whl.metadata (14 kB)
  Using cached huggingface_hub-1.16.1-py3-none-any.whl.metadata (14 kB)
INFO: This is taking longer than usual. You might need to provide the dependency resolver with stricter constraints to reduce runtime. See https://pip.pypa.io/warnings/backtracking for guidance. If you want to abort this run, press Ctrl + C.
  Downloading huggingface_hub-1.16.0-py3-none-any.whl.metadata (14 kB)
  Using cached huggingface_hub-1.15.0-py3-none-any.whl.metadata (14 kB)
  Using cached huggingface_hub-1.14.0-py3-none-any.whl.metadata (14 kB)
  Downloading huggingface_hub-1.13.0-py3-none-any.whl.metadata (14 kB)
  Downloading huggingface_hub-1.12.2-py3-none-any.whl.metadata (14 kB)
  Downloading huggingface_hub-1.12.1-py3-none-any.whl.metadata (14 kB)
  Downloading huggingface_hub-1.12.0-py3-none-any.whl.metadata (14 kB)
  Using cached huggingface_hub-1.11.0-py3-none-any.whl.metadata (14 kB)
  Downloading huggingface_hub-1.10.2-py3-none-any.whl.metadata (14 kB)
  Downloading huggingface_hub-1.10.1-py3-none-any.whl.metadata (14 kB)
  Downloading huggingface_hub-1.10.0-py3-none-any.whl.metadata (14 kB)
  Downloading huggingface_hub-1.9.2-py3-none-any.whl.metadata (14 kB)
  Downloading huggingface_hub-1.9.1-py3-none-any.whl.metadata (14 kB)
  Downloading huggingface_hub-1.9.0-py3-none-any.whl.metadata (14 kB)
  Downloading huggingface_hub-1.8.0-py3-none-any.whl.metadata (13 kB)
  Downloading huggingface_hub-1.7.2-py3-none-any.whl.metadata (13 kB)
  Downloading huggingface_hub-1.7.1-py3-none-any.whl.metadata (13 kB)
  Downloading huggingface_hub-1.7.0-py3-none-any.whl.metadata (13 kB)
  Downloading huggingface_hub-1.6.0-py3-none-any.whl.metadata (13 kB)
  Downloading huggingface_hub-1.5.0-py3-none-any.whl.metadata (13 kB)
  Downloading huggingface_hub-1.4.1-py3-none-any.whl.metadata (13 kB)
  Downloading huggingface_hub-1.4.0-py3-none-any.whl.metadata (13 kB)
  Downloading huggingface_hub-1.3.7-py3-none-any.whl.metadata (13 kB)
  Downloading huggingface_hub-1.3.5-py3-none-any.whl.metadata (13 kB)
  Downloading huggingface_hub-1.3.4-py3-none-any.whl.metadata (13 kB)
  Downloading huggingface_hub-1.3.3-py3-none-any.whl.metadata (13 kB)
  Downloading huggingface_hub-1.3.2-py3-none-any.whl.metadata (13 kB)
  Downloading huggingface_hub-1.3.1-py3-none-any.whl.metadata (13 kB)
  Downloading huggingface_hub-1.3.0-py3-none-any.whl.metadata (13 kB)
  Downloading huggingface_hub-1.2.4-py3-none-any.whl.metadata (13 kB)
  Downloading huggingface_hub-1.2.3-py3-none-any.whl.metadata (13 kB)
  Downloading huggingface_hub-1.2.2-py3-none-any.whl.metadata (13 kB)
  Downloading huggingface_hub-1.2.1-py3-none-any.whl.metadata (13 kB)
  Downloading huggingface_hub-1.2.0-py3-none-any.whl.metadata (13 kB)
  Downloading huggingface_hub-1.1.7-py3-none-any.whl.metadata (13 kB)
  Downloading huggingface_hub-1.1.6-py3-none-any.whl.metadata (13 kB)
  Downloading huggingface_hub-1.1.5-py3-none-any.whl.metadata (13 kB)
  Downloading huggingface_hub-1.1.4-py3-none-any.whl.metadata (13 kB)
  Downloading huggingface_hub-1.1.3-py3-none-any.whl.metadata (13 kB)
  Downloading huggingface_hub-1.1.2-py3-none-any.whl.metadata (13 kB)
  Downloading huggingface_hub-1.1.1-py3-none-any.whl.metadata (13 kB)
  Downloading huggingface_hub-1.1.0-py3-none-any.whl.metadata (13 kB)
  Downloading huggingface_hub-1.0.1-py3-none-any.whl.metadata (13 kB)
  Downloading huggingface_hub-1.0.0-py3-none-any.whl.metadata (13 kB)
Collecting InquirerPy==0.3.4 (from huggingface-hub[cli]->gr00t==0.1.0)
  Downloading InquirerPy-0.3.4-py3-none-any.whl.metadata (8.1 kB)
Collecting pfzy<0.4.0,>=0.3.1 (from InquirerPy==0.3.4->huggingface-hub[cli]->gr00t==0.1.0)
  Downloading pfzy-0.3.4-py3-none-any.whl.metadata (4.9 kB)
Collecting prompt-toolkit<4.0.0,>=3.0.1 (from InquirerPy==0.3.4->huggingface-hub[cli]->gr00t==0.1.0)
  Downloading prompt_toolkit-3.0.53-py3-none-any.whl.metadata (6.4 kB)
Collecting wcwidth>=0.1.4 (from prompt-toolkit<4.0.0,>=3.0.1->InquirerPy==0.3.4->huggingface-hub[cli]->gr00t==0.1.0)
  Downloading wcwidth-0.8.2-py3-none-any.whl.metadata (43 kB)
Collecting zipp>=3.20 (from importlib_metadata->diffusers==0.35.1->gr00t==0.1.0)
  Using cached zipp-4.1.0-py3-none-any.whl.metadata (3.6 kB)
Requirement already satisfied: MarkupSafe>=2.0 in /home/oedeh/.venv/gr00t/lib/python3.12/site-packages (from jinja2->torch==2.9.0->gr00t==0.1.0) (3.0.3)
Collecting onnx_ir<2,>=0.1.16 (from onnxscript->gr00t==0.1.0)
  Using cached onnx_ir-0.2.1-py3-none-any.whl.metadata (3.3 kB)
Downloading albumentations-1.4.18-py3-none-any.whl (224 kB)
Downloading albucore-0.0.17-py3-none-any.whl (10 kB)
Downloading click-8.1.8-py3-none-any.whl (98 kB)
Downloading datasets-3.6.0-py3-none-any.whl (491 kB)
Downloading diffusers-0.35.1-py3-none-any.whl (4.1 MB)
Downloading einops-0.8.1-py3-none-any.whl (64 kB)
Using cached gitpython-3.1.50-py3-none-any.whl (212 kB)
Downloading gymnasium-1.2.2-py3-none-any.whl (952 kB)
Using cached jsonlines-4.0.0-py3-none-any.whl (8.7 kB)
Downloading lmdb-1.7.5-cp312-cp312-manylinux2014_x86_64.manylinux_2_17_x86_64.manylinux_2_28_x86_64.whl (299 kB)
Downloading matplotlib-3.10.1-cp312-cp312-manylinux_2_17_x86_64.manylinux2014_x86_64.whl (8.6 MB)
Downloading msgpack-1.1.0-cp312-cp312-manylinux_2_17_x86_64.manylinux2014_x86_64.whl (401 kB)
Downloading msgpack_numpy-0.4.8-py2.py3-none-any.whl (6.9 kB)
Using cached numpy-1.26.4-cp312-cp312-manylinux_2_17_x86_64.manylinux2014_x86_64.whl (18.0 MB)
Using cached omegaconf-2.3.0-py3-none-any.whl (79 kB)
Downloading pandas-2.2.3-cp312-cp312-manylinux_2_17_x86_64.manylinux2014_x86_64.whl (12.7 MB)
Downloading peft-0.17.1-py3-none-any.whl (504 kB)
Downloading pyzmq-27.0.1-cp312-abi3-manylinux_2_26_x86_64.manylinux_2_28_x86_64.whl (839 kB)
Downloading scipy-1.15.3-cp312-cp312-manylinux_2_17_x86_64.manylinux2014_x86_64.whl (37.3 MB)
Downloading termcolor-3.2.0-py3-none-any.whl (7.7 kB)
Downloading torchcodec-0.8.0-cp312-cp312-manylinux_2_28_x86_64.whl (1.9 MB)
Downloading transformers-4.57.3-py3-none-any.whl (12.0 MB)
Downloading tyro-0.9.17-py3-none-any.whl (123 kB)
Downloading wandb-0.23.0-py3-none-manylinux_2_17_x86_64.manylinux2014_x86_64.whl (20.2 MB)
Downloading dill-0.3.8-py3-none-any.whl (116 kB)
Downloading fsspec-2025.3.0-py3-none-any.whl (193 kB)
Using cached gitdb-4.0.12-py3-none-any.whl (62 kB)
Using cached huggingface_hub-0.36.2-py3-none-any.whl (566 kB)
Downloading hf_xet-1.5.2-cp38-abi3-manylinux2014_x86_64.manylinux_2_17_x86_64.whl (4.4 MB)
Downloading multiprocess-0.70.16-py312-none-any.whl (146 kB)
Using cached opencv_python_headless-4.11.0.86-cp37-abi3-manylinux_2_17_x86_64.manylinux2014_x86_64.whl (50.0 MB)
Using cached protobuf-6.33.6-cp39-abi3-manylinux2014_x86_64.whl (323 kB)
Using cached pydantic-2.13.4-py3-none-any.whl (472 kB)
Using cached pydantic_core-2.46.4-cp312-cp312-manylinux_2_17_x86_64.manylinux2014_x86_64.whl (2.1 MB)
Using cached requests-2.34.2-py3-none-any.whl (73 kB)
Downloading charset_normalizer-3.4.9-cp312-cp312-manylinux2014_x86_64.manylinux_2_17_x86_64.manylinux_2_28_x86_64.whl (224 kB)
Downloading idna-3.18-py3-none-any.whl (65 kB)
Using cached smmap-5.0.3-py3-none-any.whl (24 kB)
Using cached tokenizers-0.22.2-cp39-abi3-manylinux_2_17_x86_64.manylinux2014_x86_64.whl (3.3 MB)
Using cached urllib3-2.7.0-py3-none-any.whl (131 kB)
Downloading accelerate-1.14.0-py3-none-any.whl (389 kB)
Downloading aiohttp-3.14.3-cp312-cp312-manylinux2014_x86_64.manylinux_2_17_x86_64.manylinux_2_28_x86_64.whl (1.8 MB)
Using cached multidict-6.7.1-cp312-cp312-manylinux2014_x86_64.manylinux_2_17_x86_64.manylinux_2_28_x86_64.whl (256 kB)
Downloading yarl-1.24.5-cp312-cp312-manylinux2014_x86_64.manylinux_2_17_x86_64.manylinux_2_28_x86_64.whl (109 kB)
Downloading aiohappyeyeballs-2.7.1-py3-none-any.whl (15 kB)
Using cached aiosignal-1.4.0-py3-none-any.whl (7.5 kB)
Downloading annotated_types-0.8.0-py3-none-any.whl (13 kB)
Using cached attrs-26.1.0-py3-none-any.whl (67 kB)
Downloading certifi-2026.7.22-py3-none-any.whl (136 kB)
Using cached cloudpickle-3.1.2-py3-none-any.whl (22 kB)
Using cached contourpy-1.3.3-cp312-cp312-manylinux_2_27_x86_64.manylinux_2_28_x86_64.whl (362 kB)
Downloading cryptography-49.0.0-cp311-abi3-manylinux_2_34_x86_64.whl (4.7 MB)
Downloading cffi-2.1.0-cp312-cp312-manylinux2014_x86_64.manylinux_2_17_x86_64.whl (221 kB)
Using cached cycler-0.12.1-py3-none-any.whl (8.3 kB)
Using cached docstring_parser-0.18.0-py3-none-any.whl (22 kB)
Using cached farama_notifications-0.0.6-py3-none-any.whl (2.9 kB)
Using cached fonttools-4.63.0-cp312-cp312-manylinux2014_x86_64.manylinux_2_17_x86_64.whl (5.0 MB)
Using cached frozenlist-1.8.0-cp312-cp312-manylinux1_x86_64.manylinux_2_28_x86_64.manylinux_2_5_x86_64.whl (242 kB)
Using cached kiwisolver-1.5.0-cp312-cp312-manylinux2014_x86_64.manylinux_2_17_x86_64.whl (1.5 MB)
Downloading onnx-1.22.0-cp312-abi3-manylinux_2_27_x86_64.manylinux_2_28_x86_64.whl (19.1 MB)
Using cached ml_dtypes-0.5.4-cp312-cp312-manylinux_2_27_x86_64.manylinux_2_28_x86_64.whl (5.0 MB)
Using cached propcache-0.5.2-cp312-cp312-manylinux2014_x86_64.manylinux_2_17_x86_64.manylinux_2_28_x86_64.whl (61 kB)
Downloading pyarrow-25.0.0-cp312-cp312-manylinux_2_28_x86_64.whl (50.1 MB)
Using cached pyparsing-3.3.2-py3-none-any.whl (122 kB)
Using cached python_dateutil-2.9.0.post0-py2.py3-none-any.whl (229 kB)
Downloading pytz-2026.3.post1-py2.py3-none-any.whl (508 kB)
Using cached pyyaml-6.0.3-cp312-cp312-manylinux2014_x86_64.manylinux_2_17_x86_64.manylinux_2_28_x86_64.whl (807 kB)
Downloading regex-2026.7.19-cp312-cp312-manylinux2014_x86_64.manylinux_2_17_x86_64.manylinux_2_28_x86_64.whl (801 kB)
Using cached rich-15.0.0-py3-none-any.whl (310 kB)
Using cached pygments-2.20.0-py3-none-any.whl (1.2 MB)
Using cached markdown_it_py-4.2.0-py3-none-any.whl (91 kB)
Using cached mdurl-0.1.2-py3-none-any.whl (10.0 kB)
Downloading safetensors-0.8.0-cp310-abi3-manylinux_2_17_x86_64.manylinux2014_x86_64.whl (516 kB)
Downloading scikit_image-0.26.0-cp312-cp312-manylinux_2_24_x86_64.manylinux_2_28_x86_64.whl (13.6 MB)
Downloading imageio-2.37.4-py3-none-any.whl (318 kB)
Using cached lazy_loader-0.5-py3-none-any.whl (8.0 kB)
Downloading sentry_sdk-2.66.1-py3-none-any.whl (505 kB)
Downloading shtab-1.8.1-py3-none-any.whl (14 kB)
Using cached six-1.17.0-py2.py3-none-any.whl (11 kB)
Downloading tensorrt_cu12_bindings-11.1.0.106-cp312-none-manylinux_2_28_x86_64.whl (1.2 MB)
Downloading tifffile-2026.3.3-py3-none-any.whl (243 kB)
Downloading tqdm-4.70.0-py3-none-any.whl (80 kB)
Downloading typeguard-4.6.0-py3-none-any.whl (36 kB)
Using cached typing_inspection-0.4.2-py3-none-any.whl (14 kB)
Downloading tzdata-2026.3-py2.py3-none-any.whl (348 kB)
Downloading dm_tree-0.1.10-cp312-cp312-manylinux_2_24_x86_64.manylinux_2_28_x86_64.whl (186 kB)
Downloading absl_py-2.5.0-py3-none-any.whl (137 kB)
Downloading wrapt-2.3.0-cp312-cp312-manylinux1_x86_64.manylinux_2_28_x86_64.manylinux_2_5_x86_64.whl (172 kB)
Downloading eval_type_backport-0.4.0-py3-none-any.whl (6.4 kB)
Downloading hjson-3.1.0-py3-none-any.whl (54 kB)
Downloading InquirerPy-0.3.4-py3-none-any.whl (67 kB)
Downloading pfzy-0.3.4-py3-none-any.whl (8.5 kB)
Downloading prompt_toolkit-3.0.53-py3-none-any.whl (392 kB)
Downloading wcwidth-0.8.2-py3-none-any.whl (323 kB)
Using cached importlib_metadata-9.0.0-py3-none-any.whl (27 kB)
Using cached zipp-4.1.0-py3-none-any.whl (10 kB)
Downloading nvidia_ml_py-13.610.43-py3-none-any.whl (53 kB)
Downloading onnxscript-0.7.1-py3-none-any.whl (721 kB)
Using cached onnx_ir-0.2.1-py3-none-any.whl (166 kB)
Downloading platformdirs-4.11.0-py3-none-any.whl (23 kB)
Using cached py_cpuinfo-9.0.0-py3-none-any.whl (22 kB)
Using cached pycparser-3.0-py3-none-any.whl (48 kB)
Downloading xxhash-3.8.1-cp312-cp312-manylinux2014_x86_64.manylinux_2_17_x86_64.manylinux_2_28_x86_64.whl (220 kB)
Building wheels for collected packages: gr00t, deepspeed, tensorrt-cu12, tensorrt-cu12-libs
  Building editable for gr00t (pyproject.toml): started
  Building editable for gr00t (pyproject.toml): finished with status 'done'
  Created wheel for gr00t: filename=gr00t-0.1.0-0.editable-py3-none-any.whl size=7386 sha256=c6179aa2106a128867e1d89c70346c28740508ce938dcf9618510f9e3c256be5
  Stored in directory: /tmp/pip-ephem-wheel-cache-f6fa1bx3/wheels/09/62/23/f1921ba768d0ef9be9a1489c34052099dabcfcd5c8d26ce037
  Building wheel for deepspeed (pyproject.toml): started
  Building wheel for deepspeed (pyproject.toml): finished with status 'done'
  Created wheel for deepspeed: filename=deepspeed-0.17.6-py3-none-any.whl size=1740237 sha256=7eb6608058eb2e2d89aacf20bcd4dd441256ccd32b5fad8f2115ac9bf6118ae7
  Stored in directory: /home/oedeh/.cache/pip/wheels/25/49/67/54ec3b6fa6f9dd03ba2af91e1e5c3d36fc2436261108d0860b
  Building wheel for tensorrt-cu12 (pyproject.toml): started
  Building wheel for tensorrt-cu12 (pyproject.toml): finished with status 'done'
  Created wheel for tensorrt-cu12: filename=tensorrt_cu12-11.1.0.106-py3-none-any.whl size=23075 sha256=9d8176483c0cf602a365cd4b67bf0f98dadd24588641215b2891b9c437231df5
  Stored in directory: /home/oedeh/.cache/pip/wheels/b2/d1/d5/061055ddabc10e5bf740ccf9360719b94c833f847d80ee6867
  Building wheel for tensorrt-cu12-libs (pyproject.toml): started
  Building wheel for tensorrt-cu12-libs (pyproject.toml): finished with status 'done'
  Created wheel for tensorrt-cu12-libs: filename=tensorrt_cu12_libs-11.1.0.106-py3-none-manylinux_2_28_x86_64.whl size=4312711294 sha256=c06f6d2526b231a94eeb4c08daf2ed58a8b948081bf50313f47262395231c5cb
  Stored in directory: /home/oedeh/.cache/pip/wheels/7d/c2/3d/869a79c901a4b4f097098ece291d30ad1468924ec49246fff1
Successfully built gr00t deepspeed tensorrt-cu12 tensorrt-cu12-libs
Installing collected packages: tensorrt-cu12-libs, tensorrt_cu12_bindings, pytz, py-cpuinfo, nvidia-ml-py, lmdb, hjson, farama-notifications, antlr4-python3-runtime, zipp, xxhash, wrapt, wcwidth, urllib3, tzdata, typing-inspection, typeguard, tqdm, torchcodec, termcolor, tensorrt-cu12, smmap, six, shtab, safetensors, regex, pyzmq, PyYAML, pyparsing, pygments, pydantic-core, pycparser, pyarrow, protobuf, propcache, platformdirs, pfzy, numpy, multidict, msgpack, mdurl, lazy-loader, kiwisolver, idna, hf-xet, fsspec, frozenlist, fonttools, eval-type-backport, einops, docstring-parser, dill, cycler, cloudpickle, click, charset_normalizer, certifi, attrs, annotated-types, aiohappyeyeballs, absl-py, yarl, tifffile, sentry-sdk, scipy, requests, python-dateutil, pydantic, prompt-toolkit, opencv-python-headless, omegaconf, multiprocess, msgpack-numpy, ml_dtypes, markdown-it-py, jsonlines, importlib_metadata, imageio, gymnasium, gitdb, dm-tree, contourpy, cffi, aiosignal, scikit-image, rich, pandas, onnx, matplotlib, InquirerPy, huggingface-hub, gitpython, cryptography, albucore, aiohttp, wandb, tyro, tokenizers, onnx_ir, diffusers, deepspeed, albumentations, accelerate, transformers, onnxscript, datasets, peft, gr00t
  Attempting uninstall: numpy
    Found existing installation: numpy 2.5.1
    Uninstalling numpy-2.5.1:
      Successfully uninstalled numpy-2.5.1
  Attempting uninstall: fsspec
    Found existing installation: fsspec 2026.4.0
    Uninstalling fsspec-2026.4.0:
      Successfully uninstalled fsspec-2026.4.0
  Attempting uninstall: einops
    Found existing installation: einops 0.8.2
    Uninstalling einops-0.8.2:
      Successfully uninstalled einops-0.8.2
Successfully installed InquirerPy-0.3.4 PyYAML-6.0.3 absl-py-2.5.0 accelerate-1.14.0 aiohappyeyeballs-2.7.1 aiohttp-3.14.3 aiosignal-1.4.0 albucore-0.0.17 albumentations-1.4.18 annotated-types-0.8.0 antlr4-python3-runtime-4.9.3 attrs-26.1.0 certifi-2026.7.22 cffi-2.1.0 charset_normalizer-3.4.9 click-8.1.8 cloudpickle-3.1.2 contourpy-1.3.3 cryptography-49.0.0 cycler-0.12.1 datasets-3.6.0 deepspeed-0.17.6 diffusers-0.35.1 dill-0.3.8 dm-tree-0.1.10 docstring-parser-0.18.0 einops-0.8.1 eval-type-backport-0.4.0 farama-notifications-0.0.6 fonttools-4.63.0 frozenlist-1.8.0 fsspec-2025.3.0 gitdb-4.0.12 gitpython-3.1.50 gr00t-0.1.0 gymnasium-1.2.2 hf-xet-1.5.2 hjson-3.1.0 huggingface-hub-0.36.2 idna-3.18 imageio-2.37.4 importlib_metadata-9.0.0 jsonlines-4.0.0 kiwisolver-1.5.0 lazy-loader-0.5 lmdb-1.7.5 markdown-it-py-4.2.0 matplotlib-3.10.1 mdurl-0.1.2 ml_dtypes-0.5.4 msgpack-1.1.0 msgpack-numpy-0.4.8 multidict-6.7.1 multiprocess-0.70.16 numpy-1.26.4 nvidia-ml-py-13.610.43 omegaconf-2.3.0 onnx-1.22.0 onnx_ir-0.2.1 onnxscript-0.7.1 opencv-python-headless-4.11.0.86 pandas-2.2.3 peft-0.17.1 pfzy-0.3.4 platformdirs-4.11.0 prompt-toolkit-3.0.53 propcache-0.5.2 protobuf-6.33.6 py-cpuinfo-9.0.0 pyarrow-25.0.0 pycparser-3.0 pydantic-2.13.4 pydantic-core-2.46.4 pygments-2.20.0 pyparsing-3.3.2 python-dateutil-2.9.0.post0 pytz-2026.3.post1 pyzmq-27.0.1 regex-2026.7.19 requests-2.34.2 rich-15.0.0 safetensors-0.8.0 scikit-image-0.26.0 scipy-1.15.3 sentry-sdk-2.66.1 shtab-1.8.1 six-1.17.0 smmap-5.0.3 tensorrt-cu12-11.1.0.106 tensorrt-cu12-libs-11.1.0.106 tensorrt_cu12_bindings-11.1.0.106 termcolor-3.2.0 tifffile-2026.3.3 tokenizers-0.22.2 torchcodec-0.8.0 tqdm-4.70.0 transformers-4.57.3 typeguard-4.6.0 typing-inspection-0.4.2 tyro-0.9.17 tzdata-2026.3 urllib3-2.7.0 wandb-0.23.0 wcwidth-0.8.2 wrapt-2.3.0 xxhash-3.8.1 yarl-1.24.5 zipp-4.1.0
INSTALL3_EXIT_CODE=0
