Looking in indexes: https://download.pytorch.org/whl/cu128
Collecting torch==2.10.0
  Using cached torch-2.10.0%2Bcu128-cp312-cp312-manylinux_2_28_x86_64.whl.metadata (30 kB)
Collecting filelock (from torch==2.10.0)
  Using cached filelock-3.29.0-py3-none-any.whl.metadata (2.0 kB)
Collecting typing-extensions>=4.10.0 (from torch==2.10.0)
  Using cached typing_extensions-4.15.0-py3-none-any.whl.metadata (3.3 kB)
Requirement already satisfied: setuptools in /home/oedeh/.venv/gr00t/lib/python3.12/site-packages (from torch==2.10.0) (83.0.0)
Collecting sympy>=1.13.3 (from torch==2.10.0)
  Using cached sympy-1.14.0-py3-none-any.whl.metadata (12 kB)
Collecting networkx>=2.5.1 (from torch==2.10.0)
  Using cached networkx-3.6.1-py3-none-any.whl.metadata (6.8 kB)
Collecting jinja2 (from torch==2.10.0)
  Using cached jinja2-3.1.6-py3-none-any.whl.metadata (2.9 kB)
Collecting fsspec>=0.8.5 (from torch==2.10.0)
  Using cached fsspec-2026.4.0-py3-none-any.whl.metadata (10 kB)
Collecting cuda-bindings==12.9.4 (from torch==2.10.0)
  Using cached cuda_bindings-12.9.4-cp312-cp312-manylinux_2_24_x86_64.manylinux_2_28_x86_64.whl.metadata (2.6 kB)
Collecting nvidia-cuda-nvrtc-cu12==12.8.93 (from torch==2.10.0)
  Downloading nvidia_cuda_nvrtc_cu12-12.8.93-py3-none-manylinux2010_x86_64.manylinux_2_12_x86_64.whl (88.0 MB)
     ━━━━━━━━━━━━━━━━━━━━━━━━━━━━━━━━━━━━━━━━ 88.0/88.0 MB 52.4 MB/s  0:00:01
Collecting nvidia-cuda-runtime-cu12==12.8.90 (from torch==2.10.0)
  Downloading nvidia_cuda_runtime_cu12-12.8.90-py3-none-manylinux2014_x86_64.manylinux_2_17_x86_64.whl (954 kB)
     ━━━━━━━━━━━━━━━━━━━━━━━━━━━━━━━━━━━━━━━━ 954.8/954.8 kB 94.9 MB/s  0:00:00
Collecting nvidia-cuda-cupti-cu12==12.8.90 (from torch==2.10.0)
  Downloading nvidia_cuda_cupti_cu12-12.8.90-py3-none-manylinux2014_x86_64.manylinux_2_17_x86_64.whl (10.2 MB)
     ━━━━━━━━━━━━━━━━━━━━━━━━━━━━━━━━━━━━━━━━ 10.2/10.2 MB 64.6 MB/s  0:00:00
Collecting nvidia-cudnn-cu12==9.10.2.21 (from torch==2.10.0)
  Downloading nvidia_cudnn_cu12-9.10.2.21-py3-none-manylinux_2_27_x86_64.whl (706.8 MB)
     ━━━━━━━━━━━━━━━━━━━━━━━━━━━━━━━━━━━━━━━━ 706.8/706.8 MB 64.6 MB/s  0:00:11
Collecting nvidia-cublas-cu12==12.8.4.1 (from torch==2.10.0)
  Downloading nvidia_cublas_cu12-12.8.4.1-py3-none-manylinux_2_27_x86_64.whl (594.3 MB)
     ━━━━━━━━━━━━━━━━━━━━━━━━━━━━━━━━━━━━━━━━ 594.3/594.3 MB 67.0 MB/s  0:00:08
Collecting nvidia-cufft-cu12==11.3.3.83 (from torch==2.10.0)
  Downloading nvidia_cufft_cu12-11.3.3.83-py3-none-manylinux2014_x86_64.manylinux_2_17_x86_64.whl (193.1 MB)
     ━━━━━━━━━━━━━━━━━━━━━━━━━━━━━━━━━━━━━━━━ 193.1/193.1 MB 65.4 MB/s  0:00:02
Collecting nvidia-curand-cu12==10.3.9.90 (from torch==2.10.0)
  Downloading nvidia_curand_cu12-10.3.9.90-py3-none-manylinux_2_27_x86_64.whl (63.6 MB)
     ━━━━━━━━━━━━━━━━━━━━━━━━━━━━━━━━━━━━━━━━ 63.6/63.6 MB 67.3 MB/s  0:00:00
Collecting nvidia-cusolver-cu12==11.7.3.90 (from torch==2.10.0)
  Downloading nvidia_cusolver_cu12-11.7.3.90-py3-none-manylinux_2_27_x86_64.whl (267.5 MB)
     ━━━━━━━━━━━━━━━━━━━━━━━━━━━━━━━━━━━━━━━━ 267.5/267.5 MB 65.4 MB/s  0:00:04
Collecting nvidia-cusparse-cu12==12.5.8.93 (from torch==2.10.0)
  Downloading nvidia_cusparse_cu12-12.5.8.93-py3-none-manylinux2014_x86_64.manylinux_2_17_x86_64.whl (288.2 MB)
     ━━━━━━━━━━━━━━━━━━━━━━━━━━━━━━━━━━━━━━━━ 288.2/288.2 MB 64.8 MB/s  0:00:04
Collecting nvidia-cusparselt-cu12==0.7.1 (from torch==2.10.0)
  Downloading nvidia_cusparselt_cu12-0.7.1-py3-none-manylinux2014_x86_64.whl (287.2 MB)
     ━━━━━━━━━━━━━━━━━━━━━━━━━━━━━━━━━━━━━━━━ 287.2/287.2 MB 69.7 MB/s  0:00:04
Collecting nvidia-nccl-cu12==2.27.5 (from torch==2.10.0)
  Downloading nvidia_nccl_cu12-2.27.5-py3-none-manylinux2014_x86_64.manylinux_2_17_x86_64.whl (322.3 MB)
     ━━━━━━━━━━━━━━━━━━━━━━━━━━━━━━━━━━━━━━━━ 322.3/322.3 MB 63.5 MB/s  0:00:05
Collecting nvidia-nvshmem-cu12==3.4.5 (from torch==2.10.0)
  Downloading nvidia_nvshmem_cu12-3.4.5-py3-none-manylinux2014_x86_64.manylinux_2_17_x86_64.whl (139.1 MB)
     ━━━━━━━━━━━━━━━━━━━━━━━━━━━━━━━━━━━━━━━━ 139.1/139.1 MB 73.2 MB/s  0:00:01
Collecting nvidia-nvtx-cu12==12.8.90 (from torch==2.10.0)
  Downloading nvidia_nvtx_cu12-12.8.90-py3-none-manylinux2014_x86_64.manylinux_2_17_x86_64.whl (89 kB)
Collecting nvidia-nvjitlink-cu12==12.8.93 (from torch==2.10.0)
  Downloading nvidia_nvjitlink_cu12-12.8.93-py3-none-manylinux2010_x86_64.manylinux_2_12_x86_64.whl (39.3 MB)
     ━━━━━━━━━━━━━━━━━━━━━━━━━━━━━━━━━━━━━━━━ 39.3/39.3 MB 69.7 MB/s  0:00:00
Collecting nvidia-cufile-cu12==1.13.1.3 (from torch==2.10.0)
  Downloading nvidia_cufile_cu12-1.13.1.3-py3-none-manylinux2014_x86_64.manylinux_2_17_x86_64.whl (1.2 MB)
     ━━━━━━━━━━━━━━━━━━━━━━━━━━━━━━━━━━━━━━━━ 1.2/1.2 MB 120.4 MB/s  0:00:00
Collecting triton==3.6.0 (from torch==2.10.0)
  Using cached triton-3.6.0-cp312-cp312-manylinux_2_27_x86_64.manylinux_2_28_x86_64.whl.metadata (1.7 kB)
Collecting cuda-pathfinder~=1.1 (from cuda-bindings==12.9.4->torch==2.10.0)
  Using cached cuda_pathfinder-1.2.2-py3-none-any.whl.metadata (3.2 kB)
Collecting mpmath<1.4,>=1.1.0 (from sympy>=1.13.3->torch==2.10.0)
  Using cached mpmath-1.3.0-py3-none-any.whl.metadata (8.6 kB)
Collecting MarkupSafe>=2.0 (from jinja2->torch==2.10.0)
  Using cached markupsafe-3.0.3-cp312-cp312-manylinux2014_x86_64.manylinux_2_17_x86_64.manylinux_2_28_x86_64.whl.metadata (2.7 kB)
Using cached torch-2.10.0%2Bcu128-cp312-cp312-manylinux_2_28_x86_64.whl (916.9 MB)
Using cached cuda_bindings-12.9.4-cp312-cp312-manylinux_2_24_x86_64.manylinux_2_28_x86_64.whl (12.2 MB)
Using cached triton-3.6.0-cp312-cp312-manylinux_2_27_x86_64.manylinux_2_28_x86_64.whl (188.3 MB)
Using cached cuda_pathfinder-1.2.2-py3-none-any.whl (23 kB)
Using cached fsspec-2026.4.0-py3-none-any.whl (203 kB)
Using cached networkx-3.6.1-py3-none-any.whl (2.1 MB)
Using cached sympy-1.14.0-py3-none-any.whl (6.3 MB)
Using cached mpmath-1.3.0-py3-none-any.whl (536 kB)
Using cached typing_extensions-4.15.0-py3-none-any.whl (44 kB)
Using cached filelock-3.29.0-py3-none-any.whl (39 kB)
Using cached jinja2-3.1.6-py3-none-any.whl (134 kB)
Using cached markupsafe-3.0.3-cp312-cp312-manylinux2014_x86_64.manylinux_2_17_x86_64.manylinux_2_28_x86_64.whl (22 kB)
Installing collected packages: nvidia-cusparselt-cu12, mpmath, typing-extensions, triton, sympy, nvidia-nvtx-cu12, nvidia-nvshmem-cu12, nvidia-nvjitlink-cu12, nvidia-nccl-cu12, nvidia-curand-cu12, nvidia-cufile-cu12, nvidia-cuda-runtime-cu12, nvidia-cuda-nvrtc-cu12, nvidia-cuda-cupti-cu12, nvidia-cublas-cu12, networkx, MarkupSafe, fsspec, filelock, cuda-pathfinder, nvidia-cusparse-cu12, nvidia-cufft-cu12, nvidia-cudnn-cu12, jinja2, cuda-bindings, nvidia-cusolver-cu12, torch

ERROR: pip's dependency resolver does not currently take into account all the packages that are installed. This behaviour is the source of the following dependency conflicts.
generate-parameter-library-py 0.7.1 requires pyyaml, which is not installed.
generate-parameter-library-py 0.7.1 requires typeguard, which is not installed.
Successfully installed MarkupSafe-3.0.3 cuda-bindings-12.9.4 cuda-pathfinder-1.2.2 filelock-3.29.0 fsspec-2026.4.0 jinja2-3.1.6 mpmath-1.3.0 networkx-3.6.1 nvidia-cublas-cu12-12.8.4.1 nvidia-cuda-cupti-cu12-12.8.90 nvidia-cuda-nvrtc-cu12-12.8.93 nvidia-cuda-runtime-cu12-12.8.90 nvidia-cudnn-cu12-9.10.2.21 nvidia-cufft-cu12-11.3.3.83 nvidia-cufile-cu12-1.13.1.3 nvidia-curand-cu12-10.3.9.90 nvidia-cusolver-cu12-11.7.3.90 nvidia-cusparse-cu12-12.5.8.93 nvidia-cusparselt-cu12-0.7.1 nvidia-nccl-cu12-2.27.5 nvidia-nvjitlink-cu12-12.8.93 nvidia-nvshmem-cu12-3.4.5 nvidia-nvtx-cu12-12.8.90 sympy-1.14.0 torch-2.10.0+cu128 triton-3.6.0 typing-extensions-4.15.0
Obtaining file:///home/oedeh/Isaac-GR00T
  Checking if build backend supports build_editable: started
  Checking if build backend supports build_editable: finished with status 'done'
  Preparing editable metadata (pyproject.toml): started
  Preparing editable metadata (pyproject.toml): finished with status 'done'
Collecting albumentations==1.4.18 (from gr00t==0.1.0)
  Using cached albumentations-1.4.18-py3-none-any.whl.metadata (32 kB)
Collecting huggingface-hub[cli] (from gr00t==0.1.0)
  Using cached huggingface_hub-1.25.1-py3-none-any.whl.metadata (16 kB)
Collecting opencv-python-headless<4.13,>=4.5 (from gr00t==0.1.0)
  Using cached opencv_python_headless-4.12.0.88-cp37-abi3-manylinux2014_x86_64.manylinux_2_17_x86_64.whl.metadata (19 kB)
Collecting diffusers==0.35.1 (from gr00t==0.1.0)
  Using cached diffusers-0.35.1-py3-none-any.whl.metadata (20 kB)
Collecting dm-tree (from gr00t==0.1.0)
  Using cached dm_tree-0.1.10-cp312-cp312-manylinux_2_24_x86_64.manylinux_2_28_x86_64.whl.metadata (2.6 kB)
Collecting lmdb==1.7.5 (from gr00t==0.1.0)
  Using cached lmdb-1.7.5-cp312-cp312-manylinux2014_x86_64.manylinux_2_17_x86_64.manylinux_2_28_x86_64.whl.metadata (1.4 kB)
Collecting msgpack==1.1.0 (from gr00t==0.1.0)
  Using cached msgpack-1.1.0-cp312-cp312-manylinux_2_17_x86_64.manylinux2014_x86_64.whl.metadata (8.4 kB)
Collecting msgpack-numpy==0.4.8 (from gr00t==0.1.0)
  Using cached msgpack_numpy-0.4.8-py2.py3-none-any.whl.metadata (5.0 kB)
Collecting pandas==2.2.3 (from gr00t==0.1.0)
  Using cached pandas-2.2.3-cp312-cp312-manylinux_2_17_x86_64.manylinux2014_x86_64.whl.metadata (89 kB)
Collecting peft==0.17.1 (from gr00t==0.1.0)
  Using cached peft-0.17.1-py3-none-any.whl.metadata (14 kB)
Collecting termcolor==3.2.0 (from gr00t==0.1.0)
  Using cached termcolor-3.2.0-py3-none-any.whl.metadata (6.4 kB)
Collecting torch==2.9.0 (from gr00t==0.1.0)
  Using cached torch-2.9.0-cp312-cp312-manylinux_2_28_x86_64.whl.metadata (30 kB)
Collecting torchvision==0.24.0 (from gr00t==0.1.0)
  Using cached torchvision-0.24.0-cp312-cp312-manylinux_2_28_x86_64.whl.metadata (5.9 kB)
Collecting transformers==4.57.3 (from gr00t==0.1.0)
  Using cached transformers-4.57.3-py3-none-any.whl.metadata (43 kB)
Collecting tyro==0.9.17 (from gr00t==0.1.0)
  Using cached tyro-0.9.17-py3-none-any.whl.metadata (9.5 kB)
Collecting click==8.1.8 (from gr00t==0.1.0)
  Using cached click-8.1.8-py3-none-any.whl.metadata (2.3 kB)
Collecting datasets==3.6.0 (from gr00t==0.1.0)
  Using cached datasets-3.6.0-py3-none-any.whl.metadata (19 kB)
Collecting cryptography>=46.0.7 (from gr00t==0.1.0)
  Using cached cryptography-49.0.0-cp311-abi3-manylinux_2_34_x86_64.whl.metadata (4.3 kB)
Collecting einops==0.8.1 (from gr00t==0.1.0)
  Using cached einops-0.8.1-py3-none-any.whl.metadata (13 kB)
Collecting gitpython==3.1.50 (from gr00t==0.1.0)
  Using cached gitpython-3.1.50-py3-none-any.whl.metadata (14 kB)
Collecting jsonlines==4.0.0 (from gr00t==0.1.0)
  Using cached jsonlines-4.0.0-py3-none-any.whl.metadata (1.6 kB)
Collecting gymnasium==1.2.2 (from gr00t==0.1.0)
  Using cached gymnasium-1.2.2-py3-none-any.whl.metadata (10 kB)
Collecting matplotlib==3.10.1 (from gr00t==0.1.0)
  Using cached matplotlib-3.10.1-cp312-cp312-manylinux_2_17_x86_64.manylinux2014_x86_64.whl.metadata (11 kB)
Collecting numpy==1.26.4 (from gr00t==0.1.0)
  Using cached numpy-1.26.4-cp312-cp312-manylinux_2_17_x86_64.manylinux2014_x86_64.whl.metadata (61 kB)
Collecting omegaconf==2.3.0 (from gr00t==0.1.0)
  Using cached omegaconf-2.3.0-py3-none-any.whl.metadata (3.9 kB)
Collecting scipy==1.15.3 (from gr00t==0.1.0)
  Using cached scipy-1.15.3-cp312-cp312-manylinux_2_17_x86_64.manylinux2014_x86_64.whl.metadata (61 kB)
Collecting torchcodec==0.8.0 (from gr00t==0.1.0)
  Using cached torchcodec-0.8.0-cp312-cp312-manylinux_2_28_x86_64.whl.metadata (9.5 kB)
Collecting wandb==0.23.0 (from gr00t==0.1.0)
  Using cached wandb-0.23.0-py3-none-manylinux_2_17_x86_64.manylinux2014_x86_64.whl.metadata (12 kB)
Collecting pyzmq==27.0.1 (from gr00t==0.1.0)
  Using cached pyzmq-27.0.1-cp312-abi3-manylinux_2_26_x86_64.manylinux_2_28_x86_64.whl.metadata (6.0 kB)
Collecting deepspeed==0.17.6 (from gr00t==0.1.0)
  Using cached deepspeed-0.17.6.tar.gz (1.6 MB)
  Preparing metadata (pyproject.toml): started
  Preparing metadata (pyproject.toml): finished with status 'done'
Collecting flash-attn==2.8.3 (from gr00t==0.1.0)
  Using cached flash_attn-2.8.3.tar.gz (8.4 MB)
  Preparing metadata (pyproject.toml): started
  Preparing metadata (pyproject.toml): finished with status 'error'
  error: subprocess-exited-with-error
  
  × Preparing metadata (pyproject.toml) did not run successfully.
  │ exit code: 1
  ╰─> [84 lines of output]
      /home/oedeh/.venv/gr00t/lib/python3.12/site-packages/wheel/bdist_wheel.py:4: FutureWarning: The 'wheel' package is no longer the canonical location of the 'bdist_wheel' command, and will be removed in a future release. Please update to setuptools v70.1 or later which contains an integrated version of this command.
        warn(
      /home/oedeh/.venv/gr00t/lib/python3.12/site-packages/torch/_subclasses/functional_tensor.py:283: UserWarning: Failed to initialize NumPy: No module named 'numpy' (Triggered internally at /pytorch/torch/csrc/utils/tensor_numpy.cpp:84.)
        cpu = _conversion_method_template(device=torch.device("cpu"))
      /home/oedeh/.venv/gr00t/lib/python3.12/site-packages/setuptools/dist.py:765: SetuptoolsDeprecationWarning: License classifiers are deprecated.
      !!
      
              ********************************************************************************
              Please consider removing the following classifiers in favor of a SPDX license expression:
      
              License :: OSI Approved :: BSD License
      
              See https://packaging.python.org/en/latest/guides/writing-pyproject-toml/#license for details.
              ********************************************************************************
      
      !!
        self._finalize_license_expression()
      
      
      torch.__version__  = 2.10.0+cu128
      
      
      running dist_info
      creating /tmp/pip-modern-metadata-m9m1noqj/flash_attn.egg-info
      writing /tmp/pip-modern-metadata-m9m1noqj/flash_attn.egg-info/PKG-INFO
      writing dependency_links to /tmp/pip-modern-metadata-m9m1noqj/flash_attn.egg-info/dependency_links.txt
      writing requirements to /tmp/pip-modern-metadata-m9m1noqj/flash_attn.egg-info/requires.txt
      writing top-level names to /tmp/pip-modern-metadata-m9m1noqj/flash_attn.egg-info/top_level.txt
      writing manifest file '/tmp/pip-modern-metadata-m9m1noqj/flash_attn.egg-info/SOURCES.txt'
      Traceback (most recent call last):
        File "/home/oedeh/.venv/gr00t/lib/python3.12/site-packages/pip/_vendor/pyproject_hooks/_in_process/_in_process.py", line 389, in <module>
          main()
        File "/home/oedeh/.venv/gr00t/lib/python3.12/site-packages/pip/_vendor/pyproject_hooks/_in_process/_in_process.py", line 373, in main
          json_out["return_val"] = hook(**hook_input["kwargs"])
                                   ^^^^^^^^^^^^^^^^^^^^^^^^^^^^
        File "/home/oedeh/.venv/gr00t/lib/python3.12/site-packages/pip/_vendor/pyproject_hooks/_in_process/_in_process.py", line 175, in prepare_metadata_for_build_wheel
          return hook(metadata_directory, config_settings)
                 ^^^^^^^^^^^^^^^^^^^^^^^^^^^^^^^^^^^^^^^^^
        File "/home/oedeh/.venv/gr00t/lib/python3.12/site-packages/setuptools/build_meta.py", line 380, in prepare_metadata_for_build_wheel
          self.run_setup()
        File "/home/oedeh/.venv/gr00t/lib/python3.12/site-packages/setuptools/build_meta.py", line 520, in run_setup
          super().run_setup(setup_script=setup_script)
        File "/home/oedeh/.venv/gr00t/lib/python3.12/site-packages/setuptools/build_meta.py", line 317, in run_setup
          exec(code, locals())
        File "<string>", line 526, in <module>
        File "/home/oedeh/.venv/gr00t/lib/python3.12/site-packages/setuptools/__init__.py", line 117, in setup
          return distutils.core.setup(**attrs)  # type: ignore[return-value]
                 ^^^^^^^^^^^^^^^^^^^^^^^^^^^^^
        File "/home/oedeh/.venv/gr00t/lib/python3.12/site-packages/setuptools/_distutils/core.py", line 186, in setup
          return run_commands(dist)
                 ^^^^^^^^^^^^^^^^^^
        File "/home/oedeh/.venv/gr00t/lib/python3.12/site-packages/setuptools/_distutils/core.py", line 202, in run_commands
          dist.run_commands()
        File "/home/oedeh/.venv/gr00t/lib/python3.12/site-packages/setuptools/_distutils/dist.py", line 1001, in run_commands
          self.run_command(cmd)
        File "/home/oedeh/.venv/gr00t/lib/python3.12/site-packages/setuptools/dist.py", line 1107, in run_command
          super().run_command(command)
        File "/home/oedeh/.venv/gr00t/lib/python3.12/site-packages/setuptools/_distutils/dist.py", line 1020, in run_command
          cmd_obj.run()
        File "/home/oedeh/.venv/gr00t/lib/python3.12/site-packages/setuptools/command/dist_info.py", line 94, in run
          self.egg_info.run()
        File "/home/oedeh/.venv/gr00t/lib/python3.12/site-packages/setuptools/command/egg_info.py", line 338, in run
          self.find_sources()
        File "/home/oedeh/.venv/gr00t/lib/python3.12/site-packages/setuptools/command/egg_info.py", line 346, in find_sources
          mm.run()
        File "/home/oedeh/.venv/gr00t/lib/python3.12/site-packages/setuptools/command/egg_info.py", line 568, in run
          self.add_defaults()
        File "/home/oedeh/.venv/gr00t/lib/python3.12/site-packages/setuptools/command/egg_info.py", line 606, in add_defaults
          sdist.add_defaults(self)
        File "/home/oedeh/.venv/gr00t/lib/python3.12/site-packages/setuptools/command/sdist.py", line 110, in add_defaults
          super().add_defaults()
        File "/home/oedeh/.venv/gr00t/lib/python3.12/site-packages/setuptools/_distutils/command/sdist.py", line 245, in add_defaults
          self._add_defaults_ext()
        File "/home/oedeh/.venv/gr00t/lib/python3.12/site-packages/setuptools/_distutils/command/sdist.py", line 329, in _add_defaults_ext
          build_ext = self.get_finalized_command('build_ext')
                      ^^^^^^^^^^^^^^^^^^^^^^^^^^^^^^^^^^^^^^^
        File "/home/oedeh/.venv/gr00t/lib/python3.12/site-packages/setuptools/_distutils/cmd.py", line 317, in get_finalized_command
          cmd_obj = self.distribution.get_command_obj(command, create)
                    ^^^^^^^^^^^^^^^^^^^^^^^^^^^^^^^^^^^^^^^^^^^^^^^^^^
        File "/home/oedeh/.venv/gr00t/lib/python3.12/site-packages/setuptools/_distutils/dist.py", line 884, in get_command_obj
          cmd_obj = self.command_obj[command] = klass(self)
                                                ^^^^^^^^^^^
        File "<string>", line 510, in __init__
      ModuleNotFoundError: No module named 'psutil'
      [end of output]
  
  note: This error originates from a subprocess, and is likely not a problem with pip.
error: metadata-generation-failed

× Encountered error while generating package metadata.
╰─> flash-attn

note: This is an issue with the package mentioned above, not pip.
hint: See above for details.
INSTALL_EXIT_CODE=1
