[WARN][AppLauncher]: There are no arguments attached to the ArgumentParser object. If you have your own arguments, please load your own arguments before calling the `AppLauncher.add_app_launcher_args` method. This allows the method to check the validity of the arguments and perform checks for argument names.
[INFO][AppLauncher]: Using device: cuda:0
[INFO][AppLauncher]: Loading experience file: /home/oedeh/IsaacLab/apps/isaaclab.python.headless.kit

[36m======================================================================================[0m
[36m[1m[INFO][IsaacLab]: Logging to file: /tmp/isaaclab/logs/isaaclab_2026-07-30_11-20-50.log[0m
[36m======================================================================================[0m

[33m11:20:50 [simulation_context.py] WARNING: The `enable_external_forces_every_iteration` parameter in the PhysxCfg is set to False. If you are experiencing noisy velocities, consider enabling this flag. You may need to slightly increase the number of velocity iterations (setting it to 1 or 2 rather than 0), together with this flag, to improve the accuracy of velocity updates.[0m
[r4] bodies: ['base_link', 'link1', 'link2', 'link3', 'link4', 'link5', 'link6', 'tool0', 'base_link_0', 'left_outer_knuckle', 'right_outer_knuckle', 'left_outer_finger', 'right_outer_finger', 'left_inner_finger', 'right_inner_finger', 'left_inner_knuckle', 'right_inner_knuckle']
[r4] joints: ['Joint1', 'Joint2', 'Joint3', 'Joint4', 'Joint5', 'Joint6', 'finger_joint', 'right_outer_knuckle_joint', 'left_inner_finger_joint', 'right_inner_finger_joint', 'left_inner_finger_knuckle_joint', 'right_inner_finger_knuckle_joint']
[r4] boot pose J2=0.4 J3=1.0 J5=0.6 -> base x=0.244 z=0.397
[r4] jac row for gripper base: 5 (cos=1.00; -1 convention would be 7)
[r4] jac shape: (1, 16, 6, 12) n_bodies: 17 n_joints: 12 base_idx: 8
[r4-it] it=0 perr=0.020 dq=[-0.0, -0.031, -0.03, 0.0, 0.081, -0.002] base=[-0.444, 0.0, 0.166]
[r4-it] it=1 perr=0.019 dq=[-0.0, -0.03, -0.028, 0.001, 0.08, -0.002] base=[-0.444, 0.0, 0.166]
[r4-it] it=2 perr=0.019 dq=[-0.0, -0.029, -0.028, 0.001, 0.078, -0.002] base=[-0.444, 0.0, 0.167]
[r4-it] it=3 perr=0.018 dq=[-0.0, -0.027, -0.028, 0.001, 0.076, -0.002] base=[-0.444, 0.0, 0.168]
[r4-it] it=4 perr=0.017 dq=[-0.0, -0.024, -0.029, 0.001, 0.071, -0.002] base=[-0.443, 0.0, 0.169]
[r4-it] it=5 perr=0.016 dq=[-0.0, -0.021, -0.031, 0.001, 0.063, -0.002] base=[-0.442, 0.0, 0.17]
[r4] descended: base_z=0.183 (target 0.185)
[r4] cup under pads: xy-off=0.009 cup z=0.020
[r4] closed: finger_joint=0.789 cup z=0.020
[r4-it] it=0 perr=0.230 dq=[0.004, -0.534, 0.021, 0.007, 0.467, -0.017] base=[-0.445, 0.002, 0.12]
[r4-it] it=1 perr=0.230 dq=[0.004, -0.532, 0.019, 0.006, 0.467, -0.017] base=[-0.444, 0.002, 0.121]
[r4-it] it=2 perr=0.229 dq=[0.003, -0.527, 0.014, 0.005, 0.469, -0.016] base=[-0.444, 0.002, 0.122]
[r4-it] it=3 perr=0.228 dq=[0.002, -0.521, 0.005, 0.002, 0.47, -0.013] base=[-0.443, 0.001, 0.124]
[r4-it] it=4 perr=0.226 dq=[0.001, -0.51, -0.009, -0.001, 0.471, -0.01] base=[-0.442, 0.001, 0.127]
[r4-it] it=5 perr=0.223 dq=[-0.001, -0.495, -0.029, -0.003, 0.471, -0.008] base=[-0.44, -0.0, 0.131]
[r4] after lift: cup z 0.020 -> 0.020
[r4] RESULT: not lifted
Loading user config located at: '/home/oedeh/.venv/isaacsim5/lib/python3.11/site-packages/isaacsim/kit/data/Kit/Isaac-Sim/5.1/user.config.json'
[Info] [carb] Logging to file: /home/oedeh/.venv/isaacsim5/lib/python3.11/site-packages/isaacsim/kit/logs/Kit/Isaac-Sim/5.1/kit_20260730_112046.log
2026-07-30T16:20:46Z [5ms] [Warning] [omni.ext.plugin] [ext: isaaclab_newton] Extensions config 'extension.toml' doesn't exist '/home/oedeh/IsaacLab/source/isaaclab_newton' or '/home/oedeh/IsaacLab/source/isaaclab_newton/config'
2026-07-30T16:20:46Z [5ms] [Warning] [omni.ext.plugin] [ext: isaaclab_physx] Extensions config 'extension.toml' doesn't exist '/home/oedeh/IsaacLab/source/isaaclab_physx' or '/home/oedeh/IsaacLab/source/isaaclab_physx/config'
2026-07-30T16:20:46Z [5ms] [Warning] [omni.ext.plugin] [ext: isaaclab_ppisp] Extensions config 'extension.toml' doesn't exist '/home/oedeh/IsaacLab/source/isaaclab_ppisp' or '/home/oedeh/IsaacLab/source/isaaclab_ppisp/config'
2026-07-30T16:20:46Z [150ms] [Warning] [omni.usd_config.extension] Enable omni.materialx.libs extension to use MaterialX
2026-07-30T16:20:46Z [489ms] [Warning] [carb] Acquiring non optional plugin interface which is not listed as dependency: [omni::physx::IPhysxBenchmarks v1.0] (plugin: <default plugin>), by client: omni.physics.physx.plugin. Add it to CARB_PLUGIN_IMPL_DEPS() macro of a client.
2026-07-30T16:20:46Z [496ms] [Warning] [omni.isaac.dynamic_control] omni.isaac.dynamic_control is deprecated as of Isaac Sim 4.5. No action is needed from end-users.

|---------------------------------------------------------------------------------------------|
| Driver Version: 580.173.02    | Graphics API: Vulkan
|=============================================================================================|
| GPU | Name                             | Active | LDA | GPU Memory | Vendor-ID | LUID       |
|     |                                  |        |     |            | Device-ID | UUID       |
|     |                                  |        |     |            | Bus-ID    |            |
|---------------------------------------------------------------------------------------------|
| 0   | NVIDIA GeForce RTX 5090          | Yes: 0 |     | 32607   MB | 10de      | 0          |
|     |                                  |        |     |            | 2b85      | d9b11bde.. |
|     |                                  |        |     |            | 2         |            |
|=============================================================================================|
| OS: 24.04.4 LTS (Noble Numbat) ubuntu, Version: 24.04.4, Kernel: 6.17.0-22-generic
| XServer Vendor: The X.Org Foundation, XServer Version: 12101011 (1.21.1.11)
| Processor: Intel(R) Core(TM) Ultra 9 285K
| Cores: 24 | Logical Cores: 24
|---------------------------------------------------------------------------------------------|
| Total Memory (MB): 31668 | Free Memory: 12821
| Total Page/Swap (MB): 8191 | Free Page/Swap: 5357
|---------------------------------------------------------------------------------------------|
2026-07-30T16:20:50Z [4,149ms] [Warning] [gpu.foundation.plugin] CPU performance profile is set to powersave. This profile sets the CPU to the lowest frequency reducing performance.
2026-07-30T16:20:50Z [4,157ms] [Warning] [gpu.foundation.plugin] PCIe link width current (8) and maximum (16) for device 0 don't match.
2026-07-30T16:20:50Z [4,179ms] [Warning] [omni.kvdb.plugin] Disabling key-value database because another kit process is locking it
R4_EXIT=0
