[WARN][AppLauncher]: There are no arguments attached to the ArgumentParser object. If you have your own arguments, please load your own arguments before calling the `AppLauncher.add_app_launcher_args` method. This allows the method to check the validity of the arguments and perform checks for argument names.
[INFO][AppLauncher]: Using device: cuda:0
[INFO][AppLauncher]: Loading experience file: /home/oedeh/IsaacLab/apps/isaaclab.python.headless.kit

[36m======================================================================================[0m
[36m[1m[INFO][IsaacLab]: Logging to file: /tmp/isaaclab/logs/isaaclab_2026-07-30_11-45-11.log[0m
[36m======================================================================================[0m

[33m11:45:11 [simulation_context.py] WARNING: The `enable_external_forces_every_iteration` parameter in the PhysxCfg is set to False. If you are experiencing noisy velocities, consider enabling this flag. You may need to slightly increase the number of velocity iterations (setting it to 1 or 2 rather than 0), together with this flag, to improve the accuracy of velocity updates.[0m
[r4] bodies: ['base_link', 'link1', 'link2', 'link3', 'link4', 'link5', 'link6', 'tool0', 'base_link_0', 'left_outer_knuckle', 'right_outer_knuckle', 'left_outer_finger', 'right_outer_finger', 'left_inner_finger', 'right_inner_finger', 'left_inner_knuckle', 'right_inner_knuckle']
[r4] joints: ['Joint1', 'Joint2', 'Joint3', 'Joint4', 'Joint5', 'Joint6', 'finger_joint', 'right_outer_knuckle_joint', 'left_inner_finger_joint', 'right_inner_finger_joint', 'left_inner_finger_knuckle_joint', 'right_inner_finger_knuckle_joint']
[r4] boot pose J2=0.8 J3=1.0 J5=1.2 -> base x=0.361 z=0.415
[r4] jac row for gripper base: 7 (cos=0.96; -1 convention would be 7)
[r4] jac shape: (1, 16, 6, 12) n_bodies: 17 n_joints: 12 base_idx: 8
[r4] pad-mid at stance: [0.353, -0.001, 0.456] (base at [0.353, -0.001, 0.456])
[r4-it] it=0 perr=0.030 dq=[0.0, -0.008, -0.013, 0.0, -0.081, 0.0] base=[0.353, -0.001, 0.454]
[r4-it] it=1 perr=0.028 dq=[0.0, -0.009, -0.008, 0.0, -0.083, 0.0] base=[0.354, -0.001, 0.452]
[r4-it] it=2 perr=0.026 dq=[0.0, -0.01, -0.002, 0.0, -0.085, 0.0] base=[0.354, -0.001, 0.449]
[r4-it] it=3 perr=0.023 dq=[0.0, -0.012, 0.006, 0.0, -0.086, 0.0] base=[0.354, -0.001, 0.446]
[r4-it] it=4 perr=0.020 dq=[0.0, -0.014, 0.015, 0.0, -0.087, 0.0] base=[0.355, -0.001, 0.441]
[r4-it] it=5 perr=0.016 dq=[0.0, -0.016, 0.026, 0.0, -0.087, 0.0] base=[0.356, -0.001, 0.436]
[r4-it] it=0 perr=0.030 dq=[0.0, 0.011, -0.061, 0.0, -0.017, 0.0] base=[0.357, -0.001, 0.43]
[r4-it] it=1 perr=0.024 dq=[0.0, 0.008, -0.046, 0.0, -0.019, 0.0] base=[0.357, -0.001, 0.423]
[r4-it] it=2 perr=0.017 dq=[0.0, 0.002, -0.024, 0.0, -0.024, 0.0] base=[0.357, -0.001, 0.414]
[r4-it] it=0 perr=0.030 dq=[0.0, 0.032, -0.109, 0.0, 0.044, 0.0] base=[0.356, -0.001, 0.404]
[r4-it] it=1 perr=0.020 dq=[0.0, 0.02, -0.074, 0.0, 0.033, 0.0] base=[0.356, -0.001, 0.393]
[r4-it] it=2 perr=0.009 dq=[0.0, 0.005, -0.032, 0.0, 0.019, 0.0] base=[0.355, -0.001, 0.38]
[r4-it] it=0 perr=0.030 dq=[0.0, 0.057, -0.16, 0.0, 0.107, 0.0] base=[0.354, -0.001, 0.368]
[r4-it] it=1 perr=0.017 dq=[0.0, 0.039, -0.109, 0.0, 0.088, 0.0] base=[0.352, -0.001, 0.354]
[r4-it] it=0 perr=0.030 dq=[0.0, 0.073, -0.19, 0.0, 0.147, 0.0] base=[0.35, -0.001, 0.34]
[r4-it] it=1 perr=0.016 dq=[0.0, 0.051, -0.134, 0.0, 0.126, 0.0] base=[0.346, -0.001, 0.326]
[r4-it] it=0 perr=0.030 dq=[0.0, 0.091, -0.218, 0.0, 0.182, 0.0] base=[0.343, -0.001, 0.313]
[r4-it] it=1 perr=0.017 dq=[0.0, 0.066, -0.161, 0.0, 0.162, 0.0] base=[0.338, -0.001, 0.3]
[r4-it] it=2 perr=0.009 dq=[0.0, 0.041, -0.106, 0.0, 0.144, 0.0] base=[0.334, -0.001, 0.288]
[r4-it] it=3 perr=0.015 dq=[0.0, 0.015, -0.055, 0.0, 0.127, 0.0] base=[0.33, -0.001, 0.277]
[r4-it] it=4 perr=0.025 dq=[0.0, -0.008, -0.008, 0.0, 0.112, 0.0] base=[0.327, -0.001, 0.267]
[r4-it] it=5 perr=0.035 dq=[0.0, -0.027, 0.032, 0.0, 0.098, 0.0] base=[0.325, -0.001, 0.26]
[r4-it] it=0 perr=0.030 dq=[0.0, 0.135, -0.267, 0.0, 0.239, -0.0] base=[0.324, -0.001, 0.254]
[r4-it] it=1 perr=0.024 dq=[0.0, 0.127, -0.242, 0.0, 0.226, 0.0] base=[0.323, -0.001, 0.25]
[r4-it] it=2 perr=0.020 dq=[0.0, 0.12, -0.221, 0.0, 0.214, 0.0] base=[0.322, -0.001, 0.247]
[r4-it] it=3 perr=0.017 dq=[0.0, 0.111, -0.204, 0.0, 0.203, 0.0] base=[0.322, -0.001, 0.245]
[r4-it] it=4 perr=0.015 dq=[0.0, 0.101, -0.189, 0.0, 0.195, 0.0] base=[0.321, -0.001, 0.244]
[r4-it] it=5 perr=0.015 dq=[0.0, 0.09, -0.178, 0.0, 0.188, 0.0] base=[0.32, -0.001, 0.246]
[r4-it] it=0 perr=0.030 dq=[0.0, 0.116, -0.24, 0.001, 0.214, -0.0] base=[0.319, -0.001, 0.248]
[r4-it] it=1 perr=0.033 dq=[0.0, 0.105, -0.237, 0.001, 0.211, -0.0] base=[0.318, -0.001, 0.252]
[r4-it] it=2 perr=0.037 dq=[0.0, 0.094, -0.238, 0.001, 0.209, -0.0] base=[0.318, -0.001, 0.258]
[r4-it] it=3 perr=0.042 dq=[0.0, 0.084, -0.243, 0.001, 0.208, -0.0] base=[0.317, -0.001, 0.264]
[r4-it] it=4 perr=0.049 dq=[0.0, 0.075, -0.251, 0.001, 0.208, -0.0] base=[0.316, -0.001, 0.272]
[r4-it] it=5 perr=0.057 dq=[0.0, 0.068, -0.264, 0.001, 0.208, -0.0] base=[0.315, -0.001, 0.281]
[r4-it] it=0 perr=0.030 dq=[0.0, 0.036, -0.124, 0.0, 0.08, -0.0] base=[0.313, -0.001, 0.292]
[r4-it] it=1 perr=0.040 dq=[0.0, 0.029, -0.142, 0.0, 0.082, -0.0] base=[0.312, -0.001, 0.303]
[r4-it] it=2 perr=0.052 dq=[0.0, 0.022, -0.162, 0.0, 0.085, -0.0] base=[0.309, -0.001, 0.315]
[r4-it] it=3 perr=0.064 dq=[0.0, 0.019, -0.185, 0.0, 0.086, -0.0] base=[0.306, -0.001, 0.328]
[r4-it] it=4 perr=0.077 dq=[0.0, 0.017, -0.211, 0.0, 0.086, -0.0] base=[0.303, -0.001, 0.342]
[r4-it] it=5 perr=0.091 dq=[0.0, 0.019, -0.238, 0.0, 0.083, -0.0] base=[0.298, -0.001, 0.356]
[r4-it] it=0 perr=0.030 dq=[0.0, -0.039, 0.058, -0.001, -0.181, 0.0] base=[0.293, -0.001, 0.371]
[r4-it] it=1 perr=0.045 dq=[0.0, -0.037, 0.025, -0.001, -0.178, 0.0] base=[0.288, -0.001, 0.386]
[r4-it] it=2 perr=0.061 dq=[0.0, -0.029, -0.015, -0.001, -0.173, -0.0] base=[0.283, -0.001, 0.402]
[r4-it] it=3 perr=0.078 dq=[-0.0, -0.013, -0.059, -0.002, -0.17, -0.0] base=[0.278, -0.001, 0.418]
[r4-it] it=4 perr=0.094 dq=[-0.0, 0.005, -0.102, -0.002, -0.169, -0.0] base=[0.272, -0.001, 0.432]
[r4-it] it=5 perr=0.109 dq=[0.0, 0.022, -0.142, -0.002, -0.17, -0.0] base=[0.266, -0.001, 0.444]
[r4-it] it=0 perr=0.030 dq=[0.0, -0.02, 0.22, -0.002, -0.507, -0.0] base=[0.26, -0.001, 0.454]
[r4-it] it=1 perr=0.041 dq=[0.0, -0.018, 0.19, -0.002, -0.498, -0.0] base=[0.254, -0.001, 0.464]
[r4-it] it=2 perr=0.052 dq=[0.0, -0.016, 0.161, -0.002, -0.488, -0.0] base=[0.248, -0.001, 0.473]
[r4-it] it=3 perr=0.062 dq=[0.0, -0.011, 0.131, -0.002, -0.475, -0.0] base=[0.244, -0.001, 0.482]
[r4-it] it=4 perr=0.072 dq=[0.0, -0.004, 0.1, -0.002, -0.461, -0.0] base=[0.239, -0.001, 0.49]
[r4-it] it=5 perr=0.081 dq=[0.0, 0.003, 0.069, -0.002, -0.445, -0.0] base=[0.235, -0.001, 0.498]
[r4-it] it=0 perr=0.030 dq=[-0.0, -0.001, 0.295, -0.002, -0.671, -0.001] base=[0.231, -0.001, 0.504]
[r4-it] it=1 perr=0.037 dq=[-0.0, -0.003, 0.269, -0.002, -0.647, -0.001] base=[0.228, -0.001, 0.511]
[r4-it] it=2 perr=0.044 dq=[-0.0, -0.005, 0.244, -0.001, -0.622, -0.0] base=[0.224, -0.001, 0.516]
[r4-it] it=3 perr=0.050 dq=[0.0, -0.008, 0.22, -0.001, -0.598, 0.0] base=[0.221, -0.001, 0.522]
[r4-it] it=4 perr=0.056 dq=[0.0, -0.01, 0.196, -0.001, -0.573, 0.001] base=[0.218, -0.001, 0.527]
[r4-it] it=5 perr=0.062 dq=[0.001, -0.011, 0.173, -0.0, -0.549, 0.001] base=[0.215, -0.001, 0.531]
[r4-it] it=0 perr=0.030 dq=[0.0, -0.039, 0.322, -0.0, -0.668, 0.001] base=[0.213, -0.001, 0.536]
[r4-it] it=1 perr=0.035 dq=[0.001, -0.04, 0.301, 0.0, -0.645, 0.002] base=[0.211, -0.001, 0.541]
[r4-it] it=2 perr=0.040 dq=[0.001, -0.037, 0.279, 0.001, -0.625, 0.003] base=[0.21, -0.001, 0.545]
[r4-it] it=3 perr=0.044 dq=[0.001, -0.029, 0.257, 0.001, -0.608, 0.003] base=[0.21, -0.001, 0.55]
[r4-it] it=4 perr=0.049 dq=[0.001, -0.019, 0.234, 0.001, -0.593, 0.003] base=[0.211, -0.001, 0.554]
[r4-it] it=5 perr=0.053 dq=[-0.0, -0.008, 0.214, 0.0, -0.58, 0.002] base=[0.212, -0.001, 0.557]
[r4-it] it=0 perr=0.030 dq=[0.004, -0.068, 0.32, 0.002, -0.621, 0.006] base=[0.214, -0.002, 0.559]
[r4-it] it=1 perr=0.032 dq=[0.003, -0.06, 0.307, 0.001, -0.608, 0.004] base=[0.216, -0.003, 0.561]
[r4-it] it=2 perr=0.034 dq=[-0.0, -0.051, 0.295, -0.001, -0.598, 0.001] base=[0.22, -0.004, 0.562]
[r4-it] it=3 perr=0.036 dq=[-0.003, -0.041, 0.284, -0.003, -0.588, -0.002] base=[0.224, -0.005, 0.562]
[r4-it] it=4 perr=0.037 dq=[-0.006, -0.03, 0.277, -0.004, -0.581, -0.006] base=[0.229, -0.005, 0.561]
[r4-it] it=5 perr=0.038 dq=[-0.008, -0.019, 0.271, -0.005, -0.575, -0.009] base=[0.235, -0.006, 0.559]
[r4-it] it=0 perr=0.030 dq=[0.019, -0.081, 0.262, 0.002, -0.49, 0.013] base=[0.241, -0.006, 0.556]
[r4-it] it=1 perr=0.027 dq=[0.017, -0.072, 0.266, 0.001, -0.487, 0.012] base=[0.248, -0.006, 0.551]
[r4-it] it=2 perr=0.026 dq=[0.016, -0.063, 0.273, -0.0, -0.486, 0.011] base=[0.256, -0.007, 0.545]
[r4-it] it=3 perr=0.026 dq=[0.014, -0.054, 0.284, -0.001, -0.487, 0.009] base=[0.264, -0.007, 0.538]
[r4-it] it=4 perr=0.030 dq=[0.011, -0.045, 0.298, -0.003, -0.489, 0.008] base=[0.272, -0.008, 0.529]
[r4-it] it=5 perr=0.037 dq=[0.009, -0.036, 0.315, -0.004, -0.493, 0.006] base=[0.281, -0.009, 0.519]
[r4-it] it=0 perr=0.030 dq=[0.018, -0.052, 0.11, -0.001, -0.249, 0.009] base=[0.289, -0.01, 0.507]
[r4-it] it=1 perr=0.020 dq=[0.013, -0.046, 0.139, -0.002, -0.258, 0.004] base=[0.298, -0.011, 0.493]
[r4-it] it=2 perr=0.018 dq=[0.009, -0.04, 0.172, -0.003, -0.268, -0.0] base=[0.306, -0.012, 0.478]
[r4-it] it=3 perr=0.028 dq=[0.005, -0.034, 0.209, -0.004, -0.281, -0.004] base=[0.314, -0.012, 0.461]
[r4-it] it=4 perr=0.043 dq=[0.003, -0.027, 0.25, -0.005, -0.297, -0.006] base=[0.321, -0.013, 0.443]
[r4-it] it=5 perr=0.061 dq=[0.002, -0.019, 0.294, -0.006, -0.316, -0.006] base=[0.327, -0.014, 0.423]
[r4-it] it=0 perr=0.030 dq=[0.002, 0.064, -0.154, 0.02, 0.079, -0.036] base=[0.331, -0.014, 0.401]
[r4-it] it=1 perr=0.009 dq=[0.001, 0.058, -0.087, 0.022, 0.054, -0.038] base=[0.334, -0.014, 0.378]
[r4-it] it=2 perr=0.016 dq=[-0.0, 0.048, -0.01, 0.022, 0.022, -0.039] base=[0.334, -0.013, 0.353]
[r4-it] it=3 perr=0.040 dq=[-0.002, 0.035, 0.074, 0.022, -0.016, -0.04] base=[0.33, -0.013, 0.328]
[r4-it] it=4 perr=0.065 dq=[-0.003, 0.018, 0.163, 0.022, -0.052, -0.039] base=[0.324, -0.012, 0.303]
[r4-it] it=5 perr=0.089 dq=[-0.004, -0.003, 0.253, 0.022, -0.084, -0.037] base=[0.314, -0.011, 0.28]
[r4-it] it=0 perr=0.030 dq=[0.02, 0.257, -0.405, 0.032, 0.349, -0.035] base=[0.303, -0.009, 0.257]
[r4-it] it=1 perr=0.014 dq=[0.02, 0.222, -0.31, 0.031, 0.326, -0.032] base=[0.293, -0.008, 0.237]
[r4-it] it=2 perr=0.025 dq=[0.02, 0.188, -0.217, 0.03, 0.299, -0.028] base=[0.282, -0.006, 0.219]
[r4-it] it=3 perr=0.045 dq=[0.019, 0.157, -0.129, 0.029, 0.271, -0.026] base=[0.272, -0.004, 0.203]
[r4-it] it=4 perr=0.063 dq=[0.017, 0.128, -0.05, 0.028, 0.244, -0.023] base=[0.262, -0.002, 0.19]
[r4-it] it=5 perr=0.080 dq=[0.015, 0.1, 0.02, 0.028, 0.221, -0.021] base=[0.252, -0.0, 0.179]
[r4-it] it=0 perr=0.030 dq=[0.032, 0.443, -0.493, 0.015, 0.407, -0.002] base=[0.243, 0.002, 0.171]
[r4-it] it=1 perr=0.024 dq=[0.03, 0.415, -0.44, 0.016, 0.396, -0.0] base=[0.233, 0.004, 0.166]
[r4-it] it=2 perr=0.026 dq=[0.028, 0.387, -0.397, 0.016, 0.391, 0.003] base=[0.225, 0.007, 0.162]
[r4-it] it=3 perr=0.031 dq=[0.023, 0.361, -0.364, 0.015, 0.391, 0.006] base=[0.218, 0.009, 0.161]
[r4-it] it=4 perr=0.038 dq=[0.015, 0.338, -0.341, 0.013, 0.394, 0.01] base=[0.212, 0.012, 0.161]
[r4-it] it=5 perr=0.044 dq=[0.004, 0.319, -0.33, 0.012, 0.398, 0.014] base=[0.209, 0.016, 0.162]
[r4-it] it=0 perr=0.030 dq=[-0.014, 0.502, -0.453, 0.015, 0.329, 0.007] base=[0.208, 0.021, 0.166]
[r4-it] it=1 perr=0.033 dq=[-0.032, 0.494, -0.455, 0.015, 0.328, 0.009] base=[0.208, 0.026, 0.17]
[r4-it] it=2 perr=0.039 dq=[-0.051, 0.492, -0.466, 0.014, 0.324, 0.011] base=[0.21, 0.032, 0.176]
[r4-it] it=3 perr=0.046 dq=[-0.068, 0.496, -0.483, 0.013, 0.316, 0.013] base=[0.214, 0.038, 0.184]
[r4-it] it=4 perr=0.056 dq=[-0.082, 0.506, -0.506, 0.011, 0.303, 0.017] base=[0.219, 0.045, 0.193]
[r4-it] it=5 perr=0.068 dq=[-0.099, 0.522, -0.533, 0.006, 0.284, 0.02] base=[0.226, 0.053, 0.204]
[r4-it] it=0 perr=0.030 dq=[-0.121, 0.351, -0.359, -0.002, 0.248, 0.012] base=[0.233, 0.06, 0.218]
[r4-it] it=1 perr=0.045 dq=[-0.135, 0.373, -0.398, -0.008, 0.226, 0.015] base=[0.24, 0.068, 0.234]
[r4-it] it=2 perr=0.064 dq=[-0.148, 0.4, -0.439, -0.016, 0.198, 0.017] base=[0.246, 0.075, 0.253]
[r4-it] it=3 perr=0.084 dq=[-0.162, 0.429, -0.484, -0.026, 0.17, 0.02] base=[0.25, 0.081, 0.273]
[r4-it] it=4 perr=0.106 dq=[-0.174, 0.46, -0.53, -0.04, 0.142, 0.026] base=[0.252, 0.087, 0.295]
[r4-it] it=5 perr=0.128 dq=[-0.181, 0.491, -0.578, -0.056, 0.113, 0.034] base=[0.251, 0.09, 0.318]
[r4-it] it=0 perr=0.030 dq=[-0.262, 0.085, -0.125, -0.013, 0.035, -0.088] base=[0.248, 0.092, 0.341]
[r4-it] it=1 perr=0.054 dq=[-0.3, 0.107, -0.183, -0.035, 0.033, -0.107] base=[0.243, 0.091, 0.365]
[r4-it] it=2 perr=0.078 dq=[-0.335, 0.13, -0.243, -0.064, 0.028, -0.123] base=[0.237, 0.089, 0.389]
[r4-it] it=3 perr=0.103 dq=[-0.365, 0.157, -0.303, -0.094, 0.019, -0.136] base=[0.228, 0.085, 0.413]
[r4-it] it=4 perr=0.128 dq=[-0.39, 0.188, -0.363, -0.123, 0.004, -0.151] base=[0.217, 0.079, 0.437]
[r4-it] it=5 perr=0.154 dq=[-0.412, 0.223, -0.423, -0.151, -0.016, -0.166] base=[0.203, 0.073, 0.46]
[r4-it] it=0 perr=0.030 dq=[-0.342, -0.07, 0.207, -0.108, -0.4, -0.195] base=[0.187, 0.068, 0.482]
[r4-it] it=1 perr=0.055 dq=[-0.345, -0.054, 0.143, -0.133, -0.4, -0.189] base=[0.17, 0.063, 0.503]
[r4-it] it=2 perr=0.081 dq=[-0.342, -0.027, 0.074, -0.154, -0.402, -0.181] base=[0.151, 0.06, 0.524]
[r4-it] it=3 perr=0.108 dq=[-0.333, 0.01, -0.002, -0.168, -0.405, -0.171] base=[0.132, 0.06, 0.544]
[r4-it] it=4 perr=0.135 dq=[-0.318, 0.052, -0.08, -0.175, -0.411, -0.158] base=[0.112, 0.062, 0.56]
[r4-it] it=5 perr=0.160 dq=[-0.297, 0.092, -0.155, -0.173, -0.417, -0.143] base=[0.091, 0.067, 0.574]
[r4-it] it=0 perr=0.030 dq=[-0.141, -0.086, 0.502, -0.045, -0.934, -0.139] base=[0.07, 0.075, 0.584]
[r4-it] it=1 perr=0.046 dq=[-0.093, -0.081, 0.442, -0.014, -0.916, -0.11] base=[0.05, 0.086, 0.593]
[r4-it] it=2 perr=0.067 dq=[-0.047, -0.072, 0.378, 0.022, -0.897, -0.085] base=[0.03, 0.099, 0.601]
[r4-it] it=3 perr=0.089 dq=[-0.002, -0.057, 0.31, 0.062, -0.876, -0.064] base=[0.012, 0.114, 0.607]
[r4-it] it=4 perr=0.112 dq=[0.04, -0.038, 0.237, 0.105, -0.853, -0.047] base=[-0.006, 0.13, 0.613]
[r4-it] it=5 perr=0.135 dq=[0.078, -0.017, 0.162, 0.147, -0.829, -0.035] base=[-0.023, 0.147, 0.616]
[r4-it] it=0 perr=0.030 dq=[-0.102, -0.025, 0.669, 0.013, -1.338, -0.158] base=[-0.039, 0.164, 0.617]
[r4-it] it=1 perr=0.039 dq=[-0.054, -0.028, 0.612, 0.066, -1.303, -0.141] base=[-0.054, 0.182, 0.616]
[r4-it] it=2 perr=0.056 dq=[-0.008, -0.033, 0.555, 0.12, -1.265, -0.125] base=[-0.068, 0.199, 0.614]
[r4-it] it=3 perr=0.075 dq=[0.036, -0.039, 0.498, 0.177, -1.224, -0.111] base=[-0.082, 0.218, 0.61]
[r4-it] it=4 perr=0.095 dq=[0.075, -0.045, 0.44, 0.231, -1.18, -0.102] base=[-0.094, 0.236, 0.604]
[r4-it] it=5 perr=0.115 dq=[0.109, -0.052, 0.383, 0.284, -1.133, -0.097] base=[-0.107, 0.253, 0.596]
[r4-it] it=0 perr=0.030 dq=[-0.136, 0.026, 0.721, 0.081, -1.555, -0.175] base=[-0.119, 0.27, 0.586]
[r4-it] it=1 perr=0.029 dq=[-0.098, -0.009, 0.688, 0.143, -1.501, -0.165] base=[-0.131, 0.286, 0.574]
[r4-it] it=2 perr=0.041 dq=[-0.062, -0.049, 0.658, 0.205, -1.443, -0.156] base=[-0.143, 0.302, 0.56]
[r4-it] it=3 perr=0.061 dq=[-0.027, -0.09, 0.625, 0.269, -1.38, -0.151] base=[-0.155, 0.318, 0.545]
[r4-it] it=4 perr=0.084 dq=[0.008, -0.129, 0.586, 0.333, -1.313, -0.149] base=[-0.167, 0.335, 0.527]
[r4-it] it=5 perr=0.109 dq=[0.041, -0.163, 0.539, 0.398, -1.241, -0.154] base=[-0.18, 0.352, 0.508]
[r4-it] it=0 perr=0.030 dq=[-0.125, 0.016, 0.766, 0.289, -1.661, -0.192] base=[-0.193, 0.368, 0.488]
[r4-it] it=1 perr=0.022 dq=[-0.09, -0.045, 0.744, 0.362, -1.588, -0.204] base=[-0.205, 0.383, 0.465]
[r4-it] it=2 perr=0.042 dq=[-0.059, -0.107, 0.717, 0.433, -1.509, -0.224] base=[-0.218, 0.398, 0.441]
[r4-it] it=3 perr=0.071 dq=[-0.03, -0.164, 0.68, 0.503, -1.425, -0.254] base=[-0.23, 0.414, 0.416]
[r4-it] it=4 perr=0.101 dq=[-0.002, -0.216, 0.633, 0.568, -1.338, -0.292] base=[-0.24, 0.428, 0.388]
[r4-it] it=5 perr=0.133 dq=[0.022, -0.261, 0.574, 0.629, -1.246, -0.34] base=[-0.249, 0.441, 0.359]
[r4-it] it=0 perr=0.030 dq=[-0.08, -0.135, 0.987, 0.632, -1.802, -0.434] base=[-0.256, 0.453, 0.328]
[r4-it] it=1 perr=0.013 dq=[-0.06, -0.229, 0.996, 0.709, -1.727, -0.507] base=[-0.261, 0.463, 0.295]
[r4-it] it=2 perr=0.042 dq=[-0.041, -0.314, 0.984, 0.786, -1.643, -0.588] base=[-0.264, 0.474, 0.261]
[r4-it] it=3 perr=0.077 dq=[-0.022, -0.383, 0.941, 0.86, -1.546, -0.674] base=[-0.261, 0.487, 0.225]
[r4-it] it=4 perr=0.114 dq=[0.016, -0.383, 0.826, 0.876, -1.474, -0.675] base=[-0.253, 0.496, 0.192]
[r4-it] it=5 perr=0.148 dq=[0.051, -0.379, 0.704, 0.893, -1.393, -0.688] base=[-0.241, 0.501, 0.167]
[r4-it] it=0 perr=0.030 dq=[-0.039, -0.105, 0.907, 0.883, -1.896, -0.667] base=[-0.228, 0.503, 0.152]
[r4-it] it=1 perr=0.020 dq=[-0.014, -0.084, 0.785, 0.931, -1.788, -0.692] base=[-0.216, 0.502, 0.141]
[r4-it] it=2 perr=0.025 dq=[0.001, -0.044, 0.635, 0.99, -1.662, -0.737] base=[-0.207, 0.5, 0.134]
[r4-it] it=3 perr=0.035 dq=[0.008, 0.029, 0.431, 1.049, -1.513, -0.79] base=[-0.199, 0.497, 0.129]
[r4-it] it=4 perr=0.043 dq=[0.01, 0.14, 0.164, 1.104, -1.337, -0.84] base=[-0.194, 0.494, 0.126]
[r4-it] it=5 perr=0.049 dq=[0.008, 0.283, -0.153, 1.148, -1.145, -0.876] base=[-0.19, 0.492, 0.125]
[r4-it] it=0 perr=0.030 dq=[-0.041, 0.544, -0.495, 1.168, -1.055, -0.879] base=[-0.188, 0.491, 0.122]
[r4-it] it=1 perr=0.028 dq=[-0.042, 0.653, -0.73, 1.206, -0.918, -0.916] base=[-0.186, 0.491, 0.118]
[r4-it] it=2 perr=0.024 dq=[-0.038, 0.736, -0.919, 1.25, -0.809, -0.964] base=[-0.182, 0.492, 0.111]
[r4-it] it=3 perr=0.018 dq=[-0.03, 0.783, -1.046, 1.305, -0.731, -1.027] base=[-0.177, 0.492, 0.101]
[r4-it] it=4 perr=0.015 dq=[-0.018, 0.791, -1.109, 1.371, -0.683, -1.105] base=[-0.17, 0.491, 0.088]
[r4-it] it=5 perr=0.022 dq=[-0.004, 0.764, -1.118, 1.439, -0.656, -1.184] base=[-0.16, 0.488, 0.073]
[r4-it] it=0 perr=0.030 dq=[-0.023, 0.761, -0.954, 1.483, -0.823, -1.22] base=[-0.15, 0.481, 0.056]
[r4-it] it=1 perr=0.018 dq=[-0.011, 0.697, -0.919, 1.519, -0.796, -1.249] base=[-0.138, 0.472, 0.038]
[r4-it] it=2 perr=0.028 dq=[-0.002, 0.625, -0.883, 1.556, -0.759, -1.275] base=[-0.129, 0.463, 0.025]
[r4-it] it=3 perr=0.044 dq=[0.001, 0.585, -0.887, 1.603, -0.701, -1.313] base=[-0.123, 0.461, 0.025]
[r4-it] it=4 perr=0.049 dq=[0.002, 0.6, -0.94, 1.622, -0.639, -1.329] base=[-0.118, 0.459, 0.026]
[r4-it] it=5 perr=0.054 dq=[0.004, 0.611, -0.98, 1.633, -0.585, -1.336] base=[-0.114, 0.458, 0.026]
[r4] descended: pad-mid z=0.026 (target ~0.028)
[r4] cup at pad-mid: xy-off=5.816 cup z=0.971
[r4] closed: finger_joint=0.790 cup z=0.020
Traceback (most recent call last):
  File "/home/oedeh/github/physical-ai-jetson-robotics-gr00t/isaac/scripts/diag_hybrid_grasp.py", line 29, in main
    return _run()
           ^^^^^^
  File "/home/oedeh/github/physical-ai-jetson-robotics-gr00t/isaac/scripts/diag_hybrid_grasp.py", line 268, in _run
    tgt_up = tgt_lo.clone(); tgt_up[0, 2] = 0.35
             ^^^^^^
NameError: name 'tgt_lo' is not defined
Loading user config located at: '/home/oedeh/.venv/isaacsim5/lib/python3.11/site-packages/isaacsim/kit/data/Kit/Isaac-Sim/5.1/user.config.json'
[Info] [carb] Logging to file: /home/oedeh/.venv/isaacsim5/lib/python3.11/site-packages/isaacsim/kit/logs/Kit/Isaac-Sim/5.1/kit_20260730_114506.log
2026-07-30T16:45:06Z [9ms] [Warning] [omni.ext.plugin] [ext: isaaclab_newton] Extensions config 'extension.toml' doesn't exist '/home/oedeh/IsaacLab/source/isaaclab_newton' or '/home/oedeh/IsaacLab/source/isaaclab_newton/config'
2026-07-30T16:45:06Z [9ms] [Warning] [omni.ext.plugin] [ext: isaaclab_physx] Extensions config 'extension.toml' doesn't exist '/home/oedeh/IsaacLab/source/isaaclab_physx' or '/home/oedeh/IsaacLab/source/isaaclab_physx/config'
2026-07-30T16:45:06Z [9ms] [Warning] [omni.ext.plugin] [ext: isaaclab_ppisp] Extensions config 'extension.toml' doesn't exist '/home/oedeh/IsaacLab/source/isaaclab_ppisp' or '/home/oedeh/IsaacLab/source/isaaclab_ppisp/config'
2026-07-30T16:45:06Z [161ms] [Warning] [omni.usd_config.extension] Enable omni.materialx.libs extension to use MaterialX
2026-07-30T16:45:07Z [540ms] [Warning] [carb] Acquiring non optional plugin interface which is not listed as dependency: [omni::physx::IPhysxBenchmarks v1.0] (plugin: <default plugin>), by client: omni.physics.physx.plugin. Add it to CARB_PLUGIN_IMPL_DEPS() macro of a client.
2026-07-30T16:45:07Z [546ms] [Warning] [omni.isaac.dynamic_control] omni.isaac.dynamic_control is deprecated as of Isaac Sim 4.5. No action is needed from end-users.

|---------------------------------------------------------------------------------------------|
| Driver Version: 580.173.02    | Graphics API: Vulkan
|=============================================================================================|
| GPU | Name                             | Active | LDA | GPU Memory | Vendor-ID | LUID       |
|     |                                  |        |     |            | Device-ID | UUID       |
|     |                                  |        |     |            | Bus-ID    |            |
|---------------------------------------------------------------------------------------------|
| 0   | NVIDIA GeForce RTX 5090          | Yes: 0 |     | 32607   MB | 10de      | 0          |
|     |                                  |        |     |            | 2b85      | d9b11bde.. |
|     |                                  |        |     |            | 2         |            |
|=============================================================================================|
| OS: 24.04.4 LTS (Noble Numbat) ubuntu, Version: 24.04.4, Kernel: 6.17.0-22-generic
| XServer Vendor: The X.Org Foundation, XServer Version: 12101011 (1.21.1.11)
| Processor: Intel(R) Core(TM) Ultra 9 285K
| Cores: 24 | Logical Cores: 24
|---------------------------------------------------------------------------------------------|
| Total Memory (MB): 31668 | Free Memory: 15852
| Total Page/Swap (MB): 8191 | Free Page/Swap: 0
|---------------------------------------------------------------------------------------------|
2026-07-30T16:45:11Z [4,574ms] [Warning] [gpu.foundation.plugin] CPU performance profile is set to powersave. This profile sets the CPU to the lowest frequency reducing performance.
2026-07-30T16:45:11Z [4,584ms] [Warning] [gpu.foundation.plugin] PCIe link width current (8) and maximum (16) for device 0 don't match.
2026-07-30T16:45:11Z [4,627ms] [Warning] [omni.kvdb.plugin] Disabling key-value database because another kit process is locking it
R4_EXIT=0
