/home/oedeh/.venv/isaacsim5/lib/python3.11/site-packages/torch/cuda/__init__.py:287: UserWarning: 
NVIDIA GeForce RTX 5090 with CUDA capability sm_120 is not compatible with the current PyTorch installation.
The current PyTorch install supports CUDA capabilities sm_50 sm_60 sm_70 sm_75 sm_80 sm_86 sm_90.
If you want to use the NVIDIA GeForce RTX 5090 GPU with PyTorch, please check the instructions at https://pytorch.org/get-started/locally/

  warnings.warn(
[WARN][AppLauncher]: There are no arguments attached to the ArgumentParser object. If you have your own arguments, please load your own arguments before calling the `AppLauncher.add_app_launcher_args` method. This allows the method to check the validity of the arguments and perform checks for argument names.
[INFO][AppLauncher]: Using device: cuda:0
[INFO][AppLauncher]: Loading experience file: /home/oedeh/IsaacLab/apps/isaaclab.python.headless.kit

[36m======================================================================================[0m
[36m[1m[INFO][IsaacLab]: Logging to file: /tmp/isaaclab/logs/isaaclab_2026-07-30_11-40-25.log[0m
[36m======================================================================================[0m

[33m11:40:25 [simulation_context.py] WARNING: The `enable_external_forces_every_iteration` parameter in the PhysxCfg is set to False. If you are experiencing noisy velocities, consider enabling this flag. You may need to slightly increase the number of velocity iterations (setting it to 1 or 2 rather than 0), together with this flag, to improve the accuracy of velocity updates.[0m
Traceback (most recent call last):
  File "/home/oedeh/github/physical-ai-jetson-robotics-gr00t/isaac/scripts/diag_hybrid_grasp.py", line 29, in main
    return _run()
           ^^^^^^
  File "/home/oedeh/github/physical-ai-jetson-robotics-gr00t/isaac/scripts/diag_hybrid_grasp.py", line 108, in _run
    sim.reset()
  File "/home/oedeh/IsaacLab/source/isaaclab/isaaclab/sim/simulation_context.py", line 530, in reset
    self.render()
  File "/home/oedeh/IsaacLab/source/isaaclab/isaaclab/sim/simulation_context.py", line 601, in render
    raise exception_to_raise
  File "/home/oedeh/IsaacLab/source/isaaclab/isaaclab/assets/asset_base.py", line 317, in _initialize_callback
    self._initialize_impl()
  File "/home/oedeh/IsaacLab/source/isaaclab/isaaclab/assets/articulation/articulation.py", line 1578, in _initialize_impl
    self._data = ArticulationData(self.root_physx_view, self.device)
                 ^^^^^^^^^^^^^^^^^^^^^^^^^^^^^^^^^^^^^^^^^^^^^^^^^^^
  File "/home/oedeh/IsaacLab/source/isaaclab/isaaclab/assets/articulation/articulation_data.py", line 61, in __init__
    gravity_dir = math_utils.normalize(gravity_dir.unsqueeze(0)).squeeze(0)
                  ^^^^^^^^^^^^^^^^^^^^^^^^^^^^^^^^^^^^^^^^^^^^^^
RuntimeError: The following operation failed in the TorchScript interpreter.
Traceback of TorchScript (most recent call last):
  File "/home/oedeh/IsaacLab/source/isaaclab/isaaclab/utils/math.py", line 97, in normalize
        Normalized tensor of shape (N, dims).
    """
    return x / x.norm(p=2, dim=-1).clamp(min=eps, max=None).unsqueeze(-1)
               ~~~~~~ <--- HERE
RuntimeError: CUDA error: no kernel image is available for execution on the device
CUDA kernel errors might be asynchronously reported at some other API call, so the stacktrace below might be incorrect.
For debugging consider passing CUDA_LAUNCH_BLOCKING=1
Compile with `TORCH_USE_CUDA_DSA` to enable device-side assertions.


Loading user config located at: '/home/oedeh/.venv/isaacsim5/lib/python3.11/site-packages/isaacsim/kit/data/Kit/Isaac-Sim/5.1/user.config.json'
[Info] [carb] Logging to file: /home/oedeh/.venv/isaacsim5/lib/python3.11/site-packages/isaacsim/kit/logs/Kit/Isaac-Sim/5.1/kit_20260730_114020.log
2026-07-30T16:40:20Z [5ms] [Warning] [omni.ext.plugin] [ext: isaaclab_newton] Extensions config 'extension.toml' doesn't exist '/home/oedeh/IsaacLab/source/isaaclab_newton' or '/home/oedeh/IsaacLab/source/isaaclab_newton/config'
2026-07-30T16:40:20Z [5ms] [Warning] [omni.ext.plugin] [ext: isaaclab_physx] Extensions config 'extension.toml' doesn't exist '/home/oedeh/IsaacLab/source/isaaclab_physx' or '/home/oedeh/IsaacLab/source/isaaclab_physx/config'
2026-07-30T16:40:20Z [5ms] [Warning] [omni.ext.plugin] [ext: isaaclab_ppisp] Extensions config 'extension.toml' doesn't exist '/home/oedeh/IsaacLab/source/isaaclab_ppisp' or '/home/oedeh/IsaacLab/source/isaaclab_ppisp/config'
2026-07-30T16:40:20Z [148ms] [Warning] [omni.usd_config.extension] Enable omni.materialx.libs extension to use MaterialX
2026-07-30T16:40:20Z [488ms] [Warning] [carb] Acquiring non optional plugin interface which is not listed as dependency: [omni::physx::IPhysxBenchmarks v1.0] (plugin: <default plugin>), by client: omni.physics.physx.plugin. Add it to CARB_PLUGIN_IMPL_DEPS() macro of a client.
2026-07-30T16:40:20Z [496ms] [Warning] [omni.isaac.dynamic_control] omni.isaac.dynamic_control is deprecated as of Isaac Sim 4.5. No action is needed from end-users.

|---------------------------------------------------------------------------------------------|
| Driver Version: 580.173.02    | Graphics API: Vulkan
|=============================================================================================|
| GPU | Name                             | Active | LDA | GPU Memory | Vendor-ID | LUID       |
|     |                                  |        |     |            | Device-ID | UUID       |
|     |                                  |        |     |            | Bus-ID    |            |
|---------------------------------------------------------------------------------------------|
| 0   | NVIDIA GeForce RTX 5090          | Yes: 0 |     | 32607   MB | 10de      | 0          |
|     |                                  |        |     |            | 2b85      | d9b11bde.. |
|     |                                  |        |     |            | 2         |            |
|=============================================================================================|
| OS: 24.04.4 LTS (Noble Numbat) ubuntu, Version: 24.04.4, Kernel: 6.17.0-22-generic
| XServer Vendor: The X.Org Foundation, XServer Version: 12101011 (1.21.1.11)
| Processor: Intel(R) Core(TM) Ultra 9 285K
| Cores: 24 | Logical Cores: 24
|---------------------------------------------------------------------------------------------|
| Total Memory (MB): 31668 | Free Memory: 15109
| Total Page/Swap (MB): 8191 | Free Page/Swap: 27
|---------------------------------------------------------------------------------------------|
2026-07-30T16:40:25Z [4,765ms] [Warning] [gpu.foundation.plugin] CPU performance profile is set to powersave. This profile sets the CPU to the lowest frequency reducing performance.
2026-07-30T16:40:25Z [4,774ms] [Warning] [gpu.foundation.plugin] PCIe link width current (8) and maximum (16) for device 0 don't match.
2026-07-30T16:40:25Z [4,795ms] [Warning] [omni.kvdb.plugin] Disabling key-value database because another kit process is locking it
R4_EXIT=0
