[WARN][AppLauncher]: There are no arguments attached to the ArgumentParser object. If you have your own arguments, please load your own arguments before calling the `AppLauncher.add_app_launcher_args` method. This allows the method to check the validity of the arguments and perform checks for argument names.
[INFO][AppLauncher]: Using device: cuda:0
[INFO][AppLauncher]: Loading experience file: /home/oedeh/IsaacLab/apps/isaaclab.python.headless.kit

[36m======================================================================================[0m
[36m[1m[INFO][IsaacLab]: Logging to file: /tmp/isaaclab/logs/isaaclab_2026-07-30_11-19-49.log[0m
[36m======================================================================================[0m

[33m11:19:49 [simulation_context.py] WARNING: The `enable_external_forces_every_iteration` parameter in the PhysxCfg is set to False. If you are experiencing noisy velocities, consider enabling this flag. You may need to slightly increase the number of velocity iterations (setting it to 1 or 2 rather than 0), together with this flag, to improve the accuracy of velocity updates.[0m
[r4] bodies: ['base_link', 'link1', 'link2', 'link3', 'link4', 'link5', 'link6', 'tool0', 'base_link_0', 'left_outer_knuckle', 'right_outer_knuckle', 'left_outer_finger', 'right_outer_finger', 'left_inner_finger', 'right_inner_finger', 'left_inner_knuckle', 'right_inner_knuckle']
[r4] joints: ['Joint1', 'Joint2', 'Joint3', 'Joint4', 'Joint5', 'Joint6', 'finger_joint', 'right_outer_knuckle_joint', 'left_inner_finger_joint', 'right_inner_finger_joint', 'left_inner_finger_knuckle_joint', 'right_inner_finger_knuckle_joint']
[r4] boot pose J2=0.4 J3=1.0 J5=0.6 -> base x=0.244 z=0.397
[r4] jac row for gripper base: 5 (cos=1.00; -1 convention would be 7)
[r4] jac shape: (1, 16, 6, 12) n_bodies: 17 n_joints: 12 base_idx: 8
[r4-it] it=0 perr=0.135 dq=[0.0, -0.252, -0.113, 0.0, 0.384, -0.001] base=[-0.444, 0.0, 0.166]
[r4-it] it=1 perr=0.134 dq=[0.0, -0.25, -0.113, 0.0, 0.384, -0.001] base=[-0.444, 0.0, 0.166]
[r4-it] it=2 perr=0.134 dq=[0.0, -0.248, -0.114, 0.0, 0.383, -0.001] base=[-0.444, 0.0, 0.167]
[r4-it] it=3 perr=0.133 dq=[0.0, -0.246, -0.116, 0.0, 0.381, -0.002] base=[-0.444, 0.0, 0.168]
[r4-it] it=4 perr=0.132 dq=[0.0, -0.242, -0.119, 0.0, 0.377, -0.002] base=[-0.443, 0.0, 0.169]
[r4-it] it=5 perr=0.131 dq=[0.0, -0.236, -0.125, 0.0, 0.371, -0.002] base=[-0.442, 0.0, 0.17]
[r4-it] it=0 perr=0.304 dq=[-0.089, 0.45, 0.295, 0.091, -0.502, 0.199] base=[-0.337, -0.025, 0.46]
[r4-it] it=1 perr=0.295 dq=[-0.053, 0.453, 0.264, 0.11, -0.488, 0.179] base=[-0.345, -0.015, 0.452]
[r4-it] it=2 perr=0.284 dq=[-0.012, 0.453, 0.23, 0.13, -0.473, 0.155] base=[-0.353, -0.004, 0.442]
[r4-it] it=3 perr=0.273 dq=[0.029, 0.45, 0.195, 0.145, -0.457, 0.124] base=[-0.361, 0.008, 0.431]
[r4-it] it=4 perr=0.260 dq=[0.065, 0.444, 0.161, 0.146, -0.44, 0.086] base=[-0.37, 0.019, 0.419]
[r4-it] it=5 perr=0.245 dq=[0.092, 0.434, 0.127, 0.134, -0.419, 0.042] base=[-0.379, 0.03, 0.404]
[r4] descended: base_z=0.168 (target 0.185) xy-off=0.128
[r4] closed: finger_joint=0.789 cup z=0.020
[r4-it] it=0 perr=0.269 dq=[0.17, -0.656, 0.113, 0.028, 0.464, -0.213] base=[-0.422, 0.073, 0.092]
[r4-it] it=1 perr=0.269 dq=[0.168, -0.656, 0.11, 0.023, 0.467, -0.208] base=[-0.422, 0.072, 0.092]
[r4-it] it=2 perr=0.268 dq=[0.163, -0.652, 0.101, 0.008, 0.473, -0.195] base=[-0.421, 0.068, 0.093]
[r4-it] it=3 perr=0.267 dq=[0.153, -0.644, 0.082, -0.014, 0.483, -0.175] base=[-0.42, 0.064, 0.094]
[r4-it] it=4 perr=0.264 dq=[0.14, -0.631, 0.055, -0.037, 0.494, -0.152] base=[-0.418, 0.057, 0.097]
[r4-it] it=5 perr=0.261 dq=[0.125, -0.611, 0.021, -0.057, 0.504, -0.13] base=[-0.417, 0.05, 0.101]
[r4] after lift: cup z 0.020 -> 0.020
[r4] RESULT: not lifted
Loading user config located at: '/home/oedeh/.venv/isaacsim5/lib/python3.11/site-packages/isaacsim/kit/data/Kit/Isaac-Sim/5.1/user.config.json'
[Info] [carb] Logging to file: /home/oedeh/.venv/isaacsim5/lib/python3.11/site-packages/isaacsim/kit/logs/Kit/Isaac-Sim/5.1/kit_20260730_111945.log
2026-07-30T16:19:45Z [5ms] [Warning] [omni.ext.plugin] [ext: isaaclab_newton] Extensions config 'extension.toml' doesn't exist '/home/oedeh/IsaacLab/source/isaaclab_newton' or '/home/oedeh/IsaacLab/source/isaaclab_newton/config'
2026-07-30T16:19:45Z [5ms] [Warning] [omni.ext.plugin] [ext: isaaclab_physx] Extensions config 'extension.toml' doesn't exist '/home/oedeh/IsaacLab/source/isaaclab_physx' or '/home/oedeh/IsaacLab/source/isaaclab_physx/config'
2026-07-30T16:19:45Z [5ms] [Warning] [omni.ext.plugin] [ext: isaaclab_ppisp] Extensions config 'extension.toml' doesn't exist '/home/oedeh/IsaacLab/source/isaaclab_ppisp' or '/home/oedeh/IsaacLab/source/isaaclab_ppisp/config'
2026-07-30T16:19:45Z [147ms] [Warning] [omni.usd_config.extension] Enable omni.materialx.libs extension to use MaterialX
2026-07-30T16:19:45Z [483ms] [Warning] [carb] Acquiring non optional plugin interface which is not listed as dependency: [omni::physx::IPhysxBenchmarks v1.0] (plugin: <default plugin>), by client: omni.physics.physx.plugin. Add it to CARB_PLUGIN_IMPL_DEPS() macro of a client.
2026-07-30T16:19:45Z [489ms] [Warning] [omni.isaac.dynamic_control] omni.isaac.dynamic_control is deprecated as of Isaac Sim 4.5. No action is needed from end-users.

|---------------------------------------------------------------------------------------------|
| Driver Version: 580.173.02    | Graphics API: Vulkan
|=============================================================================================|
| GPU | Name                             | Active | LDA | GPU Memory | Vendor-ID | LUID       |
|     |                                  |        |     |            | Device-ID | UUID       |
|     |                                  |        |     |            | Bus-ID    |            |
|---------------------------------------------------------------------------------------------|
| 0   | NVIDIA GeForce RTX 5090          | Yes: 0 |     | 32607   MB | 10de      | 0          |
|     |                                  |        |     |            | 2b85      | d9b11bde.. |
|     |                                  |        |     |            | 2         |            |
|=============================================================================================|
| OS: 24.04.4 LTS (Noble Numbat) ubuntu, Version: 24.04.4, Kernel: 6.17.0-22-generic
| XServer Vendor: The X.Org Foundation, XServer Version: 12101011 (1.21.1.11)
| Processor: Intel(R) Core(TM) Ultra 9 285K
| Cores: 24 | Logical Cores: 24
|---------------------------------------------------------------------------------------------|
| Total Memory (MB): 31668 | Free Memory: 14327
| Total Page/Swap (MB): 8191 | Free Page/Swap: 5356
|---------------------------------------------------------------------------------------------|
2026-07-30T16:19:49Z [4,110ms] [Warning] [gpu.foundation.plugin] CPU performance profile is set to powersave. This profile sets the CPU to the lowest frequency reducing performance.
2026-07-30T16:19:49Z [4,119ms] [Warning] [gpu.foundation.plugin] PCIe link width current (8) and maximum (16) for device 0 don't match.
2026-07-30T16:19:49Z [4,139ms] [Warning] [omni.kvdb.plugin] Disabling key-value database because another kit process is locking it
R4_EXIT=0
