[WARN][AppLauncher]: There are no arguments attached to the ArgumentParser object. If you have your own arguments, please load your own arguments before calling the `AppLauncher.add_app_launcher_args` method. This allows the method to check the validity of the arguments and perform checks for argument names.
[INFO][AppLauncher]: Using device: cuda:0
[INFO][AppLauncher]: Loading experience file: /home/oedeh/IsaacLab/apps/isaaclab.python.headless.kit
[insp] url: https://omniverse-content-production.s3-us-west-2.amazonaws.com/Assets/Isaac/5.1/Isaac/Robots/FrankaRobotics/FrankaPanda/franka.usd
[insp] default prim: /panda
[insp] variantSet Mesh: ['Performance', 'Quality'] (sel=Performance)
[insp] variantSet Gripper: ['AlternateFinger', 'Default', 'None', 'Robotiq_2F_85'] (sel=Default)
[insp] /panda Xform
[insp] /panda/Robotiq_2F_85_edit Xform
[insp] /panda/Robotiq_2F_85_edit/Robotiq_2F_85 Xform
[insp] /panda/panda_link0 Xform
[insp] /panda/panda_link0/panda_joint1 PhysicsRevoluteJoint
[insp] /panda/panda_link0/geometry Xform
[insp] /panda/panda_link1 Xform
[insp] /panda/panda_link1/panda_joint2 PhysicsRevoluteJoint
[insp] /panda/panda_link1/geometry Xform
[insp] /panda/panda_link2 Xform
[insp] /panda/panda_link2/panda_joint3 PhysicsRevoluteJoint
[insp] /panda/panda_link2/geometry Xform
[insp] /panda/panda_link3 Xform
[insp] /panda/panda_link3/panda_joint4 PhysicsRevoluteJoint
[insp] /panda/panda_link3/geometry Xform
[insp] /panda/panda_link4 Xform
[insp] /panda/panda_link4/panda_joint5 PhysicsRevoluteJoint
[insp] /panda/panda_link4/geometry Xform
[insp] /panda/panda_link5 Xform
[insp] /panda/panda_link5/panda_joint6 PhysicsRevoluteJoint
[insp] /panda/panda_link5/geometry Xform
[insp] /panda/panda_link6 Xform
[insp] /panda/panda_link6/panda_joint7 PhysicsRevoluteJoint
[insp] /panda/panda_link6/geometry Xform
[insp] /panda/panda_link7 Xform
[insp] /panda/panda_link7/geometry Xform
[insp] /panda/panda_link7/panda_hand_joint PhysicsFixedJoint
[insp] /panda/panda_hand Xform
[insp] /panda/panda_hand/tool_center Xform
[insp] /panda/rootJoint PhysicsJoint
[insp] /SphereLight SphereLight
[insp] /Render 
[insp] /Render/OmniverseKit 
[insp] /Render/OmniverseKit/HydraTextures 
[insp] /Render/OmniverseGlobalRenderSettings RenderSettings
[insp] /Render/Vars 
[insp] /Render/Vars/LdrColor RenderVar
Loading user config located at: '/home/oedeh/.venv/isaacsim5/lib/python3.11/site-packages/isaacsim/kit/data/Kit/Isaac-Sim/5.1/user.config.json'
[Info] [carb] Logging to file: /home/oedeh/.venv/isaacsim5/lib/python3.11/site-packages/isaacsim/kit/logs/Kit/Isaac-Sim/5.1/kit_20260730_110943.log
2026-07-30T16:09:43Z [5ms] [Warning] [omni.ext.plugin] [ext: isaaclab_newton] Extensions config 'extension.toml' doesn't exist '/home/oedeh/IsaacLab/source/isaaclab_newton' or '/home/oedeh/IsaacLab/source/isaaclab_newton/config'
2026-07-30T16:09:43Z [5ms] [Warning] [omni.ext.plugin] [ext: isaaclab_physx] Extensions config 'extension.toml' doesn't exist '/home/oedeh/IsaacLab/source/isaaclab_physx' or '/home/oedeh/IsaacLab/source/isaaclab_physx/config'
2026-07-30T16:09:43Z [5ms] [Warning] [omni.ext.plugin] [ext: isaaclab_ppisp] Extensions config 'extension.toml' doesn't exist '/home/oedeh/IsaacLab/source/isaaclab_ppisp' or '/home/oedeh/IsaacLab/source/isaaclab_ppisp/config'
2026-07-30T16:09:43Z [120ms] [Warning] [omni.usd_config.extension] Enable omni.materialx.libs extension to use MaterialX
2026-07-30T16:09:43Z [377ms] [Warning] [carb] Acquiring non optional plugin interface which is not listed as dependency: [omni::physx::IPhysxBenchmarks v1.0] (plugin: <default plugin>), by client: omni.physics.physx.plugin. Add it to CARB_PLUGIN_IMPL_DEPS() macro of a client.
2026-07-30T16:09:43Z [382ms] [Warning] [omni.isaac.dynamic_control] omni.isaac.dynamic_control is deprecated as of Isaac Sim 4.5. No action is needed from end-users.

|---------------------------------------------------------------------------------------------|
| Driver Version: 580.173.02    | Graphics API: Vulkan
|=============================================================================================|
| GPU | Name                             | Active | LDA | GPU Memory | Vendor-ID | LUID       |
|     |                                  |        |     |            | Device-ID | UUID       |
|     |                                  |        |     |            | Bus-ID    |            |
|---------------------------------------------------------------------------------------------|
| 0   | NVIDIA GeForce RTX 5090          | Yes: 0 |     | 32607   MB | 10de      | 0          |
|     |                                  |        |     |            | 2b85      | d9b11bde.. |
|     |                                  |        |     |            | 2         |            |
|=============================================================================================|
| OS: 24.04.4 LTS (Noble Numbat) ubuntu, Version: 24.04.4, Kernel: 6.17.0-22-generic
| XServer Vendor: The X.Org Foundation, XServer Version: 12101011 (1.21.1.11)
| Processor: Intel(R) Core(TM) Ultra 9 285K
| Cores: 24 | Logical Cores: 24
|---------------------------------------------------------------------------------------------|
| Total Memory (MB): 31668 | Free Memory: 22622
| Total Page/Swap (MB): 8191 | Free Page/Swap: 5348
|---------------------------------------------------------------------------------------------|
2026-07-30T16:09:46Z [3,497ms] [Warning] [gpu.foundation.plugin] CPU performance profile is set to powersave. This profile sets the CPU to the lowest frequency reducing performance.
2026-07-30T16:09:46Z [3,505ms] [Warning] [gpu.foundation.plugin] PCIe link width current (8) and maximum (16) for device 0 don't match.
2026-07-30T16:09:46Z [3,531ms] [Warning] [omni.kvdb.plugin] Disabling key-value database because another kit process is locking it
INSP_EXIT=0
