Loading user config located at: '/home/oedeh/.venv/isaacsim5/lib/python3.11/site-packages/isaacsim/kit/data/Kit/Isaac-Sim/5.1/user.config.json'
[Info] [carb] Logging to file: /home/oedeh/.venv/isaacsim5/lib/python3.11/site-packages/isaacsim/kit/logs/Kit/Isaac-Sim/5.1/kit_20260728_233138.log
2026-07-29T04:31:38Z [4ms] [Warning] [omni.ext.plugin] [ext: isaaclab_newton] Extensions config 'extension.toml' doesn't exist '/home/oedeh/IsaacLab/source/isaaclab_newton' or '/home/oedeh/IsaacLab/source/isaaclab_newton/config'
2026-07-29T04:31:38Z [4ms] [Warning] [omni.ext.plugin] [ext: isaaclab_physx] Extensions config 'extension.toml' doesn't exist '/home/oedeh/IsaacLab/source/isaaclab_physx' or '/home/oedeh/IsaacLab/source/isaaclab_physx/config'
2026-07-29T04:31:38Z [4ms] [Warning] [omni.ext.plugin] [ext: isaaclab_ppisp] Extensions config 'extension.toml' doesn't exist '/home/oedeh/IsaacLab/source/isaaclab_ppisp' or '/home/oedeh/IsaacLab/source/isaaclab_ppisp/config'

|---------------------------------------------------------------------------------------------|
| Driver Version: 580.173.02    | Graphics API: Vulkan
|=============================================================================================|
| GPU | Name                             | Active | LDA | GPU Memory | Vendor-ID | LUID       |
|     |                                  |        |     |            | Device-ID | UUID       |
|     |                                  |        |     |            | Bus-ID    |            |
|---------------------------------------------------------------------------------------------|
| 0   | NVIDIA GeForce RTX 5090          | Yes: 0 |     | 32607   MB | 10de      | 0          |
|     |                                  |        |     |            | 2b85      | d9b11bde.. |
|     |                                  |        |     |            | 2         |            |
|=============================================================================================|
| OS: 24.04.4 LTS (Noble Numbat) ubuntu, Version: 24.04.4, Kernel: 6.17.0-22-generic
| XServer Vendor: The X.Org Foundation, XServer Version: 12101011 (1.21.1.11)
| Processor: Intel(R) Core(TM) Ultra 9 285K
| Cores: 24 | Logical Cores: 24
|---------------------------------------------------------------------------------------------|
| Total Memory (MB): 31668 | Free Memory: 25203
| Total Page/Swap (MB): 8191 | Free Page/Swap: 6246
|---------------------------------------------------------------------------------------------|
2026-07-29T04:31:39Z [773ms] [Warning] [gpu.foundation.plugin] CPU performance profile is set to powersave. This profile sets the CPU to the lowest frequency reducing performance.
2026-07-29T04:31:39Z [781ms] [Warning] [gpu.foundation.plugin] PCIe link width current (8) and maximum (16) for device 0 don't match.
2026-07-29T04:31:41Z [2,230ms] [Warning] [omni.log] Source: omni.hydra was already registered.
2026-07-29T04:31:41Z [2,314ms] [Warning] [carb] Acquiring non optional plugin interface which is not listed as dependency: [omni::physx::IPhysxBenchmarks v1.0] (plugin: <default plugin>), by client: omni.physics.physx.plugin. Add it to CARB_PLUGIN_IMPL_DEPS() macro of a client.
2026-07-29T04:31:41Z [2,431ms] [Warning] [omni.isaac.dynamic_control] omni.isaac.dynamic_control is deprecated as of Isaac Sim 4.5. No action is needed from end-users.
2026-07-29T04:31:42Z [3,614ms] [Warning] [pxr.Semantics] pxr.Semantics is deprecated - please use Semantics instead
2026-07-29T04:31:42Z [3,673ms] [Warning] [omni.graph.core.plugin] Found duplicate of category 'Replicator' - was 'Annotators', adding 'Fabric Reader'
2026-07-29T04:31:42Z [3,673ms] [Warning] [omni.graph.core.plugin] Category 'Replicator' not accepted on node type 'omni.replicator.core.FabricReader' in extension 'omni.replicator.core'
2026-07-29T04:31:42Z [3,674ms] [Warning] [omni.replicator.core.scripts.extension] No material configuration file, adding configuration to material settings directly.
2026-07-29T04:31:44Z [5,949ms] [Warning] [omni.fabric.plugin] Warning: attribute viewPickingId not found for bucket id 7

[INFO][AppLauncher]: Using device: cuda:0
[INFO][AppLauncher]: Loading experience file: /home/oedeh/IsaacLab/apps/isaaclab.python.headless.rendering.kit
[INFO]: Parsing configuration from: <class 'isaac.isaaclab_tasks.synria_pickplace.env_cfg.SynriaChessPickPlaceEnvCfg'>

[36m======================================================================================[0m
[36m[1m[INFO][IsaacLab]: Logging to file: /tmp/isaaclab/logs/isaaclab_2026-07-28_23-31-46.log[0m
[36m======================================================================================[0m

[33m23:31:46 [simulation_context.py] WARNING: The `enable_external_forces_every_iteration` parameter in the PhysxCfg is set to False. If you are experiencing noisy velocities, consider enabling this flag. You may need to slightly increase the number of velocity iterations (setting it to 1 or 2 rather than 0), together with this flag, to improve the accuracy of velocity updates.[0m
[INFO]: Base environment:
	Environment device    : cuda:0
	Environment seed      : 7
	Physics step-size     : 0.016666666666666666
	Rendering step-size   : 0.016666666666666666
	Environment step-size : 0.03333333333333333
[33m23:31:46 [manager_based_env.py] WARNING: The render interval (1) is smaller than the decimation (2). Multiple render calls will happen for each environment step. If this is not intended, set the render interval to be equal to the decimation.[0m
[INFO]: Time taken for scene creation : 0.380064 seconds
[INFO]: Scene manager:  <class InteractiveScene>
	Number of environments: 16
	Environment spacing   : 2.0
	Source prim name      : /World/envs/env_0
	Global prim paths     : []
	Replicate physics     : False
[INFO]: Starting the simulation. This may take a few seconds. Please wait...
[INFO]: Time taken for simulation start : 1.394313 seconds
[INFO] Command Manager:  <CommandManager> contains 0 active terms.
+------------------------+
|  Active Command Terms  |
+--------+-------+-------+
| Index  | Name  |  Type |
+--------+-------+-------+
+--------+-------+-------+

[INFO] Event Manager:  <EventManager> contains 2 active terms.
+----------------------------------+
| Active Event Terms in Mode: 'reset' |
+-----------+----------------------+
|   Index   | Name                 |
+-----------+----------------------+
|     0     | reset_trial          |
+-----------+----------------------+
+--------------------------------------------------+
|      Active Event Terms in Mode: 'interval'      |
+-------+----------------+-------------------------+
| Index | Name           | Interval time range (s) |
+-------+----------------+-------------------------+
|   0   | hold_staged    |       (0.03, 0.04)      |
|   1   | attach_carried |       (0.03, 0.04)      |
+-------+----------------+-------------------------+

[INFO] Recorder Manager:  <RecorderManager> contains 0 active terms.
+---------------------+
| Active Recorder Terms |
+-----------+---------+
|   Index   | Name    |
+-----------+---------+
+-----------+---------+

[INFO] Action Manager:  <ActionManager> contains 2 active terms.
+-----------------------------------+
|   Active Action Terms (shape: 8)  |
+-------+---------------+-----------+
| Index | Name          | Dimension |
+-------+---------------+-----------+
|   0   | arm_joint_pos |         6 |
|   1   | gripper       |         2 |
+-------+---------------+-----------+

[INFO] Observation Manager: <ObservationManager> contains 1 groups.
+---------------------------------------------------------+
| Active Observation Terms in Group: 'policy' (shape: (68,)) |
+------------+-------------------------------+------------+
|   Index    | Name                          |   Shape    |
+------------+-------------------------------+------------+
|     0      | joint_state                   |   (13,)    |
|     1      | ee_pose                       |    (7,)    |
|     2      | piece_pos                     |    (3,)    |
|     3      | target_piece_id               |   (32,)    |
|     4      | target_zone_id                |    (4,)    |
|     5      | target_pos                    |    (4,)    |
|     6      | trial_phase                   |    (5,)    |
+------------+-------------------------------+------------+

[INFO] Termination Manager:  <TerminationManager> contains 4 active terms.
+----------------------------------------+
|        Active Termination Terms        |
+-------+---------------------+----------+
| Index | Name                | Time Out |
+-------+---------------------+----------+
|   0   | time_out            |   True   |
|   1   | piece_dropped       |  False   |
|   2   | piece_out_of_bounds |  False   |
|   3   | collision           |  False   |
+-------+---------------------+----------+

[INFO] Reward Manager:  <RewardManager> contains 18 active terms.
+-------------------------------------------------+
|               Active Reward Terms               |
+-------+--------------------------------+--------+
| Index | Name                           | Weight |
+-------+--------------------------------+--------+
|   0   | piece_to_target_distance       |  600.0 |
|   1   | ee_to_piece_distance           |  300.0 |
|   2   | piece_lift                     |    1.5 |
|   3   | gripper_to_piece_when_grasping |    0.3 |
|   4   | hold_maintenance               |    1.0 |
|   5   | carry_drop                     |   15.0 |
|   6   | release_at_zone                |   90.0 |
|   7   | lower_at_zone                  |   15.0 |
|   8   | approach_guidance              |   0.15 |
|   9   | carry_guidance                 |    0.2 |
|   10  | hold_at_zone                   |    0.0 |
|   11  | action_norm_penalty            |  -0.01 |
|   12  | grasp_confirmed                |  300.0 |
|   13  | return_home                    |   60.0 |
|   14  | cycle_complete                 |  900.0 |
|   15  | piece_in_zone                  |  300.0 |
|   16  | piece_dropped                  |   30.0 |
|   17  | collision                      |   30.0 |
+-------+--------------------------------+--------+

[INFO] Curriculum Manager:  <CurriculumManager> contains 0 active terms.
+----------------------+
| Active Curriculum Terms |
+-----------+----------+
|   Index   | Name     |
+-----------+----------+
+-----------+----------+

[INFO]: Completed setting up the environment...
--------------------------------------------------------------------------------
Resolved observation sets: 
	 policy :  ['policy']
	 critic :  ['policy']
--------------------------------------------------------------------------------
Actor MLP: MLP(
  (0): Linear(in_features=68, out_features=512, bias=True)
  (1): ELU(alpha=1.0)
  (2): Linear(in_features=512, out_features=256, bias=True)
  (3): ELU(alpha=1.0)
  (4): Linear(in_features=256, out_features=128, bias=True)
  (5): ELU(alpha=1.0)
  (6): Linear(in_features=128, out_features=8, bias=True)
)
Critic MLP: MLP(
  (0): Linear(in_features=68, out_features=512, bias=True)
  (1): ELU(alpha=1.0)
  (2): Linear(in_features=512, out_features=256, bias=True)
  (3): ELU(alpha=1.0)
  (4): Linear(in_features=256, out_features=128, bias=True)
  (5): ELU(alpha=1.0)
  (6): Linear(in_features=128, out_features=1, bias=True)
)
[rec] policy loaded from /home/oedeh/github/physical-ai-jetson-robotics/reports/training/synria_chess_pickplace_v1/E8_final.pt
[rec] step=0 saved=0 modes(policy/wander/lower/release/retreat)=[16, 0, 0, 0, 0]
[dbg] e7 mode=1 t=25 phase=1 hold=0 move=0.657 width=6.1mm piece_z-rest=0.010 attached=True
[dbg] e7 mode=1 t=55 phase=1 hold=0 move=0.657 width=2.1mm piece_z-rest=0.011 attached=True
[dbg] e12 mode=1 t=29 phase=1 hold=51 move=1.256 width=0.0mm piece_z-rest=0.031 attached=True
[dbg] e6 mode=1 t=23 phase=1 hold=43 move=1.200 width=5.4mm piece_z-rest=0.230 attached=True
[dbg] e7 mode=1 t=85 phase=1 hold=0 move=0.657 width=1.4mm piece_z-rest=0.012 attached=True
[dbg] e9 mode=1 t=29 phase=1 hold=0 move=1.254 width=0.1mm piece_z-rest=0.007 attached=True
[dbg] e2 mode=1 t=18 phase=1 hold=0 move=0.953 width=0.0mm piece_z-rest=0.013 attached=True
[dbg] e6 mode=1 t=53 phase=1 hold=73 move=1.720 width=10.0mm piece_z-rest=0.458 attached=True
[dbg] e7 mode=1 t=115 phase=1 hold=0 move=0.657 width=1.3mm piece_z-rest=0.012 attached=True
[rec] step=200 saved=0 modes(policy/wander/lower/release/retreat)=[13, 3, 0, 0, 0]
[dbg] e2 mode=1 t=48 phase=1 hold=0 move=0.953 width=10.1mm piece_z-rest=0.005 attached=True
[dbg] e7 mode=1 t=145 phase=1 hold=0 move=0.657 width=1.3mm piece_z-rest=0.012 attached=True
[dbg] e7 mode=1 t=175 phase=1 hold=0 move=0.657 width=1.3mm piece_z-rest=0.012 attached=True
[dbg] e0 mode=1 t=15 phase=1 hold=11 move=0.630 width=6.0mm piece_z-rest=0.069 attached=True
[dbg] e2 mode=1 t=8 phase=1 hold=28 move=1.279 width=0.0mm piece_z-rest=0.126 attached=True
[dbg] e5 mode=1 t=4 phase=1 hold=82 move=3.672 width=0.0mm piece_z-rest=0.095 attached=True
[dbg] e2 mode=1 t=38 phase=1 hold=58 move=1.339 width=0.0mm piece_z-rest=0.203 attached=True
[dbg] e5 mode=1 t=34 phase=1 hold=112 move=4.104 width=6.9mm piece_z-rest=0.029 attached=True
[dbg] e7 mode=1 t=235 phase=1 hold=0 move=0.657 width=1.3mm piece_z-rest=0.012 attached=True
[dbg] e2 mode=1 t=68 phase=1 hold=88 move=1.854 width=0.0mm piece_z-rest=0.468 attached=True
[dbg] e7 mode=1 t=265 phase=1 hold=0 move=0.657 width=1.3mm piece_z-rest=0.012 attached=True
[dbg] e5 mode=1 t=15 phase=1 hold=35 move=4.924 width=24.4mm piece_z-rest=0.354 attached=True
[dbg] e7 mode=1 t=295 phase=1 hold=0 move=0.657 width=1.3mm piece_z-rest=0.012 attached=True
[dbg] e11 mode=1 t=3 phase=1 hold=23 move=4.855 width=7.8mm piece_z-rest=0.132 attached=True
2026-07-29T04:31:46Z [8,165ms] [Warning] [omni.fabric.plugin] getAttributeCount called on non-existent path /World/envs/env_9/SynriaArm/link6/visuals/link6/node_STL_BINARY_
2026-07-29T04:31:46Z [8,165ms] [Warning] [omni.fabric.plugin] getTypes called on non-existent path /World/envs/env_9/SynriaArm/link6/visuals/link6/node_STL_BINARY_
2026-07-29T04:31:48Z [10,171ms] [Warning] [carb] Client gpu.foundation.plugin has acquired [gpu::unstable::IMemoryBudgetManagerFactory v0.1] 100 times. Consider accessing this interface with carb::getCachedInterface() (Performance warning)
2026-07-29T04:32:04Z [25,512ms] [Error] [carb] 

../../../source/plugins/carb.tasking/Mutex.cpp(103): void carb::tasking::Mutex::lock()(): Assertion (m_recursive) failed: Recursion not allowed

Assertion Failed!
The following assertion condition failed in the process 1564324:
	'm_recursive'

at the location:
	'../../../source/plugins/carb.tasking/Mutex.cpp'
	on line 103
	 in void carb::tasking::Mutex::lock()()

with the message:
	"Recursion not allowed"

Press ABORT to exit.
Press RETRY to debug (attach a debugger first).
Press IGNORE to attempt to continue.
