Loading user config located at: '/home/oedeh/.venv/isaacsim5/lib/python3.11/site-packages/isaacsim/kit/data/Kit/Isaac-Sim/5.1/user.config.json'
[Info] [carb] Logging to file: /home/oedeh/.venv/isaacsim5/lib/python3.11/site-packages/isaacsim/kit/logs/Kit/Isaac-Sim/5.1/kit_20260729_000038.log
2026-07-29T05:00:38Z [4ms] [Warning] [omni.ext.plugin] [ext: isaaclab_newton] Extensions config 'extension.toml' doesn't exist '/home/oedeh/IsaacLab/source/isaaclab_newton' or '/home/oedeh/IsaacLab/source/isaaclab_newton/config'
2026-07-29T05:00:38Z [4ms] [Warning] [omni.ext.plugin] [ext: isaaclab_physx] Extensions config 'extension.toml' doesn't exist '/home/oedeh/IsaacLab/source/isaaclab_physx' or '/home/oedeh/IsaacLab/source/isaaclab_physx/config'
2026-07-29T05:00:38Z [4ms] [Warning] [omni.ext.plugin] [ext: isaaclab_ppisp] Extensions config 'extension.toml' doesn't exist '/home/oedeh/IsaacLab/source/isaaclab_ppisp' or '/home/oedeh/IsaacLab/source/isaaclab_ppisp/config'

|---------------------------------------------------------------------------------------------|
| Driver Version: 580.173.02    | Graphics API: Vulkan
|=============================================================================================|
| GPU | Name                             | Active | LDA | GPU Memory | Vendor-ID | LUID       |
|     |                                  |        |     |            | Device-ID | UUID       |
|     |                                  |        |     |            | Bus-ID    |            |
|---------------------------------------------------------------------------------------------|
| 0   | NVIDIA GeForce RTX 5090          | Yes: 0 |     | 32607   MB | 10de      | 0          |
|     |                                  |        |     |            | 2b85      | d9b11bde.. |
|     |                                  |        |     |            | 2         |            |
|=============================================================================================|
| OS: 24.04.4 LTS (Noble Numbat) ubuntu, Version: 24.04.4, Kernel: 6.17.0-22-generic
| XServer Vendor: The X.Org Foundation, XServer Version: 12101011 (1.21.1.11)
| Processor: Intel(R) Core(TM) Ultra 9 285K
| Cores: 24 | Logical Cores: 24
|---------------------------------------------------------------------------------------------|
| Total Memory (MB): 31668 | Free Memory: 20050
| Total Page/Swap (MB): 8191 | Free Page/Swap: 6330
|---------------------------------------------------------------------------------------------|
2026-07-29T05:00:39Z [734ms] [Warning] [gpu.foundation.plugin] CPU performance profile is set to powersave. This profile sets the CPU to the lowest frequency reducing performance.
2026-07-29T05:00:39Z [742ms] [Warning] [gpu.foundation.plugin] PCIe link width current (8) and maximum (16) for device 0 don't match.
2026-07-29T05:00:40Z [2,490ms] [Warning] [omni.log] Source: omni.hydra was already registered.
2026-07-29T05:00:40Z [2,575ms] [Warning] [carb] Acquiring non optional plugin interface which is not listed as dependency: [omni::physx::IPhysxBenchmarks v1.0] (plugin: <default plugin>), by client: omni.physics.physx.plugin. Add it to CARB_PLUGIN_IMPL_DEPS() macro of a client.
2026-07-29T05:00:41Z [2,693ms] [Warning] [omni.isaac.dynamic_control] omni.isaac.dynamic_control is deprecated as of Isaac Sim 4.5. No action is needed from end-users.
2026-07-29T05:00:42Z [3,862ms] [Warning] [pxr.Semantics] pxr.Semantics is deprecated - please use Semantics instead
2026-07-29T05:00:42Z [3,925ms] [Warning] [omni.graph.core.plugin] Found duplicate of category 'Replicator' - was 'Annotators', adding 'Fabric Reader'
2026-07-29T05:00:42Z [3,925ms] [Warning] [omni.graph.core.plugin] Category 'Replicator' not accepted on node type 'omni.replicator.core.FabricReader' in extension 'omni.replicator.core'
2026-07-29T05:00:42Z [3,926ms] [Warning] [omni.replicator.core.scripts.extension] No material configuration file, adding configuration to material settings directly.
2026-07-29T05:00:44Z [6,307ms] [Warning] [omni.fabric.plugin] Warning: attribute viewportHandle not found for bucket id 7

[INFO][AppLauncher]: Using device: cuda:0
[INFO][AppLauncher]: Loading experience file: /home/oedeh/IsaacLab/apps/isaaclab.python.headless.rendering.kit
[INFO]: Parsing configuration from: <class 'isaac.isaaclab_tasks.synria_pickplace.env_cfg.SynriaChessPickPlaceEnvCfg'>

[36m======================================================================================[0m
[36m[1m[INFO][IsaacLab]: Logging to file: /tmp/isaaclab/logs/isaaclab_2026-07-29_00-00-45.log[0m
[36m======================================================================================[0m

[33m00:00:45 [simulation_context.py] WARNING: The `enable_external_forces_every_iteration` parameter in the PhysxCfg is set to False. If you are experiencing noisy velocities, consider enabling this flag. You may need to slightly increase the number of velocity iterations (setting it to 1 or 2 rather than 0), together with this flag, to improve the accuracy of velocity updates.[0m
[INFO]: Base environment:
	Environment device    : cuda:0
	Environment seed      : 11
	Physics step-size     : 0.016666666666666666
	Rendering step-size   : 0.016666666666666666
	Environment step-size : 0.03333333333333333
[33m00:00:45 [manager_based_env.py] WARNING: The render interval (1) is smaller than the decimation (2). Multiple render calls will happen for each environment step. If this is not intended, set the render interval to be equal to the decimation.[0m
[INFO]: Time taken for scene creation : 0.497860 seconds
[INFO]: Scene manager:  <class InteractiveScene>
	Number of environments: 32
	Environment spacing   : 2.0
	Source prim name      : /World/envs/env_0
	Global prim paths     : []
	Replicate physics     : False
[INFO]: Starting the simulation. This may take a few seconds. Please wait...
[INFO]: Time taken for simulation start : 1.701051 seconds
[INFO] Command Manager:  <CommandManager> contains 0 active terms.
+------------------------+
|  Active Command Terms  |
+--------+-------+-------+
| Index  | Name  |  Type |
+--------+-------+-------+
+--------+-------+-------+

[INFO] Event Manager:  <EventManager> contains 2 active terms.
+----------------------------------+
| Active Event Terms in Mode: 'reset' |
+-----------+----------------------+
|   Index   | Name                 |
+-----------+----------------------+
|     0     | reset_trial          |
+-----------+----------------------+
+--------------------------------------------------+
|      Active Event Terms in Mode: 'interval'      |
+-------+----------------+-------------------------+
| Index | Name           | Interval time range (s) |
+-------+----------------+-------------------------+
|   0   | hold_staged    |       (0.03, 0.04)      |
|   1   | attach_carried |       (0.03, 0.04)      |
+-------+----------------+-------------------------+

[INFO] Recorder Manager:  <RecorderManager> contains 0 active terms.
+---------------------+
| Active Recorder Terms |
+-----------+---------+
|   Index   | Name    |
+-----------+---------+
+-----------+---------+

[INFO] Action Manager:  <ActionManager> contains 2 active terms.
+-----------------------------------+
|   Active Action Terms (shape: 8)  |
+-------+---------------+-----------+
| Index | Name          | Dimension |
+-------+---------------+-----------+
|   0   | arm_joint_pos |         6 |
|   1   | gripper       |         2 |
+-------+---------------+-----------+

[INFO] Observation Manager: <ObservationManager> contains 1 groups.
+---------------------------------------------------------+
| Active Observation Terms in Group: 'policy' (shape: (68,)) |
+------------+-------------------------------+------------+
|   Index    | Name                          |   Shape    |
+------------+-------------------------------+------------+
|     0      | joint_state                   |   (13,)    |
|     1      | ee_pose                       |    (7,)    |
|     2      | piece_pos                     |    (3,)    |
|     3      | target_piece_id               |   (32,)    |
|     4      | target_zone_id                |    (4,)    |
|     5      | target_pos                    |    (4,)    |
|     6      | trial_phase                   |    (5,)    |
+------------+-------------------------------+------------+

[INFO] Termination Manager:  <TerminationManager> contains 4 active terms.
+----------------------------------------+
|        Active Termination Terms        |
+-------+---------------------+----------+
| Index | Name                | Time Out |
+-------+---------------------+----------+
|   0   | time_out            |   True   |
|   1   | piece_dropped       |  False   |
|   2   | piece_out_of_bounds |  False   |
|   3   | collision           |  False   |
+-------+---------------------+----------+

[INFO] Reward Manager:  <RewardManager> contains 18 active terms.
+-------------------------------------------------+
|               Active Reward Terms               |
+-------+--------------------------------+--------+
| Index | Name                           | Weight |
+-------+--------------------------------+--------+
|   0   | piece_to_target_distance       |  600.0 |
|   1   | ee_to_piece_distance           |  300.0 |
|   2   | piece_lift                     |    1.5 |
|   3   | gripper_to_piece_when_grasping |    0.3 |
|   4   | hold_maintenance               |    1.0 |
|   5   | carry_drop                     |   15.0 |
|   6   | release_at_zone                |   90.0 |
|   7   | lower_at_zone                  |   15.0 |
|   8   | approach_guidance              |   0.15 |
|   9   | carry_guidance                 |    0.2 |
|   10  | hold_at_zone                   |    0.0 |
|   11  | action_norm_penalty            |  -0.01 |
|   12  | grasp_confirmed                |  300.0 |
|   13  | return_home                    |   60.0 |
|   14  | cycle_complete                 |  900.0 |
|   15  | piece_in_zone                  |  300.0 |
|   16  | piece_dropped                  |   30.0 |
|   17  | collision                      |   30.0 |
+-------+--------------------------------+--------+

[INFO] Curriculum Manager:  <CurriculumManager> contains 0 active terms.
+----------------------+
| Active Curriculum Terms |
+-----------+----------+
|   Index   | Name     |
+-----------+----------+
+-----------+----------+

[INFO]: Completed setting up the environment...
--------------------------------------------------------------------------------
Resolved observation sets: 
	 policy :  ['policy']
	 critic :  ['policy']
--------------------------------------------------------------------------------
Actor MLP: MLP(
  (0): Linear(in_features=68, out_features=512, bias=True)
  (1): ELU(alpha=1.0)
  (2): Linear(in_features=512, out_features=256, bias=True)
  (3): ELU(alpha=1.0)
  (4): Linear(in_features=256, out_features=128, bias=True)
  (5): ELU(alpha=1.0)
  (6): Linear(in_features=128, out_features=8, bias=True)
)
Critic MLP: MLP(
  (0): Linear(in_features=68, out_features=512, bias=True)
  (1): ELU(alpha=1.0)
  (2): Linear(in_features=512, out_features=256, bias=True)
  (3): ELU(alpha=1.0)
  (4): Linear(in_features=256, out_features=128, bias=True)
  (5): ELU(alpha=1.0)
  (6): Linear(in_features=128, out_features=1, bias=True)
)
[rec] policy loaded from /home/oedeh/github/physical-ai-jetson-robotics/reports/training/synria_chess_pickplace_v1/E8_final.pt
[rec] step=0 saved=0 modes(policy/wander/lower/release/retreat)=[32, 0, 0, 0, 0] funnel={'takeover': 0, 'carry_done': 0, 'released': 0, 'retreat': 0, 'setdown': 0, 'cycle': 0, 'trunc_in_script': 0, 'stuck_recover': 0}
[rec] step=200 saved=0 modes(policy/wander/lower/release/retreat)=[24, 8, 0, 0, 0] funnel={'takeover': 12, 'carry_done': 0, 'released': 0, 'retreat': 0, 'setdown': 0, 'cycle': 0, 'trunc_in_script': 0, 'stuck_recover': 0}
[rec] step=400 saved=0 modes(policy/wander/lower/release/retreat)=[24, 6, 0, 1, 1] funnel={'takeover': 25, 'carry_done': 6, 'released': 3, 'retreat': 1, 'setdown': 0, 'cycle': 0, 'trunc_in_script': 5, 'stuck_recover': 0}
[rec] step=600 saved=0 modes(policy/wander/lower/release/retreat)=[29, 3, 0, 0, 0] funnel={'takeover': 27, 'carry_done': 8, 'released': 5, 'retreat': 2, 'setdown': 0, 'cycle': 0, 'trunc_in_script': 8, 'stuck_recover': 1}
[rec] step=800 saved=0 modes(policy/wander/lower/release/retreat)=[27, 4, 1, 0, 0] funnel={'takeover': 31, 'carry_done': 9, 'released': 5, 'retreat': 2, 'setdown': 1, 'cycle': 0, 'trunc_in_script': 8, 'stuck_recover': 1}
[rec] step=1000 saved=0 modes(policy/wander/lower/release/retreat)=[32, 0, 0, 0, 0] funnel={'takeover': 31, 'carry_done': 10, 'released': 7, 'retreat': 3, 'setdown': 1, 'cycle': 0, 'trunc_in_script': 13, 'stuck_recover': 1}
[rec] step=1200 saved=0 modes(policy/wander/lower/release/retreat)=[29, 3, 0, 0, 0] funnel={'takeover': 37, 'carry_done': 10, 'released': 7, 'retreat': 3, 'setdown': 1, 'cycle': 0, 'trunc_in_script': 13, 'stuck_recover': 1}
[rec] step=1400 saved=0 modes(policy/wander/lower/release/retreat)=[30, 2, 0, 0, 0] funnel={'takeover': 40, 'carry_done': 11, 'released': 7, 'retreat': 3, 'setdown': 1, 'cycle': 0, 'trunc_in_script': 15, 'stuck_recover': 1}
[rec] episode 1/60 saved (len=676, env=30)
[rec] step=1600 saved=1 modes(policy/wander/lower/release/retreat)=[30, 1, 0, 0, 1] funnel={'takeover': 42, 'carry_done': 12, 'released': 8, 'retreat': 4, 'setdown': 2, 'cycle': 1, 'trunc_in_script': 15, 'stuck_recover': 1}
[rec] step=1800 saved=1 modes(policy/wander/lower/release/retreat)=[31, 1, 0, 0, 0] funnel={'takeover': 43, 'carry_done': 12, 'released': 8, 'retreat': 4, 'setdown': 2, 'cycle': 1, 'trunc_in_script': 16, 'stuck_recover': 1}
[rec] step=2000 saved=1 modes(policy/wander/lower/release/retreat)=[29, 3, 0, 0, 0] funnel={'takeover': 49, 'carry_done': 12, 'released': 8, 'retreat': 4, 'setdown': 2, 'cycle': 1, 'trunc_in_script': 17, 'stuck_recover': 1}
[rec] step=2200 saved=1 modes(policy/wander/lower/release/retreat)=[26, 5, 1, 0, 0] funnel={'takeover': 57, 'carry_done': 13, 'released': 8, 'retreat': 4, 'setdown': 2, 'cycle': 1, 'trunc_in_script': 17, 'stuck_recover': 1}
[rec] step=2400 saved=1 modes(policy/wander/lower/release/retreat)=[26, 3, 0, 2, 1] funnel={'takeover': 60, 'carry_done': 16, 'released': 12, 'retreat': 6, 'setdown': 3, 'cycle': 1, 'trunc_in_script': 18, 'stuck_recover': 1}
[rec] step=2600 saved=1 modes(policy/wander/lower/release/retreat)=[27, 3, 0, 0, 2] funnel={'takeover': 62, 'carry_done': 16, 'released': 12, 'retreat': 8, 'setdown': 3, 'cycle': 1, 'trunc_in_script': 18, 'stuck_recover': 2}
[rec] step=2800 saved=1 modes(policy/wander/lower/release/retreat)=[32, 0, 0, 0, 0] funnel={'takeover': 62, 'carry_done': 16, 'released': 12, 'retreat': 8, 'setdown': 3, 'cycle': 1, 'trunc_in_script': 22, 'stuck_recover': 3}
[rec] step=3000 saved=1 modes(policy/wander/lower/release/retreat)=[28, 4, 0, 0, 0] funnel={'takeover': 72, 'carry_done': 16, 'released': 12, 'retreat': 8, 'setdown': 3, 'cycle': 1, 'trunc_in_script': 22, 'stuck_recover': 3}
[rec] step=3200 saved=1 modes(policy/wander/lower/release/retreat)=[29, 1, 1, 0, 1] funnel={'takeover': 77, 'carry_done': 19, 'released': 13, 'retreat': 9, 'setdown': 4, 'cycle': 1, 'trunc_in_script': 24, 'stuck_recover': 3}
[rec] step=3400 saved=1 modes(policy/wander/lower/release/retreat)=[30, 0, 0, 0, 2] funnel={'takeover': 80, 'carry_done': 19, 'released': 14, 'retreat': 10, 'setdown': 4, 'cycle': 1, 'trunc_in_script': 24, 'stuck_recover': 3}
[rec] step=3600 saved=1 modes(policy/wander/lower/release/retreat)=[31, 0, 0, 0, 1] funnel={'takeover': 80, 'carry_done': 19, 'released': 14, 'retreat': 10, 'setdown': 4, 'cycle': 1, 'trunc_in_script': 24, 'stuck_recover': 4}
[rec] step=3800 saved=1 modes(policy/wander/lower/release/retreat)=[30, 2, 0, 0, 0] funnel={'takeover': 82, 'carry_done': 19, 'released': 14, 'retreat': 10, 'setdown': 4, 'cycle': 1, 'trunc_in_script': 25, 'stuck_recover': 4}
[rec] step=4000 saved=1 modes(policy/wander/lower/release/retreat)=[29, 2, 0, 0, 1] funnel={'takeover': 87, 'carry_done': 20, 'released': 15, 'retreat': 11, 'setdown': 4, 'cycle': 1, 'trunc_in_script': 25, 'stuck_recover': 4}
[rec] step=4200 saved=1 modes(policy/wander/lower/release/retreat)=[30, 2, 0, 0, 0] funnel={'takeover': 88, 'carry_done': 20, 'released': 15, 'retreat': 11, 'setdown': 4, 'cycle': 1, 'trunc_in_script': 26, 'stuck_recover': 5}
[rec] step=4400 saved=1 modes(policy/wander/lower/release/retreat)=[30, 1, 0, 1, 0] funnel={'takeover': 88, 'carry_done': 21, 'released': 16, 'retreat': 11, 'setdown': 4, 'cycle': 1, 'trunc_in_script': 26, 'stuck_recover': 5}
[rec] step=4600 saved=1 modes(policy/wander/lower/release/retreat)=[32, 0, 0, 0, 0] funnel={'takeover': 89, 'carry_done': 21, 'released': 16, 'retreat': 12, 'setdown': 4, 'cycle': 1, 'trunc_in_script': 28, 'stuck_recover': 5}
[rec] step=4800 saved=1 modes(policy/wander/lower/release/retreat)=[28, 4, 0, 0, 0] funnel={'takeover': 94, 'carry_done': 21, 'released': 16, 'retreat': 12, 'setdown': 4, 'cycle': 1, 'trunc_in_script': 28, 'stuck_recover': 5}
[rec] step=5000 saved=1 modes(policy/wander/lower/release/retreat)=[28, 1, 0, 0, 3] funnel={'takeover': 94, 'carry_done': 24, 'released': 19, 'retreat': 15, 'setdown': 5, 'cycle': 1, 'trunc_in_script': 28, 'stuck_recover': 5}
[rec] step=5200 saved=1 modes(policy/wander/lower/release/retreat)=[30, 1, 0, 0, 1] funnel={'takeover': 94, 'carry_done': 24, 'released': 19, 'retreat': 15, 'setdown': 5, 'cycle': 1, 'trunc_in_script': 29, 'stuck_recover': 6}
[rec] step=5400 saved=1 modes(policy/wander/lower/release/retreat)=[31, 1, 0, 0, 0] funnel={'takeover': 95, 'carry_done': 24, 'released': 19, 'retreat': 15, 'setdown': 5, 'cycle': 1, 'trunc_in_script': 31, 'stuck_recover': 6}
[rec] step=5600 saved=1 modes(policy/wander/lower/release/retreat)=[29, 3, 0, 0, 0] funnel={'takeover': 98, 'carry_done': 25, 'released': 20, 'retreat': 15, 'setdown': 5, 'cycle': 1, 'trunc_in_script': 32, 'stuck_recover': 6}
[rec] step=5800 saved=1 modes(policy/wander/lower/release/retreat)=[29, 1, 0, 0, 2] funnel={'takeover': 101, 'carry_done': 28, 'released': 23, 'retreat': 17, 'setdown': 5, 'cycle': 1, 'trunc_in_script': 34, 'stuck_recover': 6}
[rec] step=6000 saved=1 modes(policy/wander/lower/release/retreat)=[30, 2, 0, 0, 0] funnel={'takeover': 102, 'carry_done': 28, 'released': 23, 'retreat': 17, 'setdown': 5, 'cycle': 1, 'trunc_in_script': 34, 'stuck_recover': 8}
[rec] step=6200 saved=1 modes(policy/wander/lower/release/retreat)=[31, 1, 0, 0, 0] funnel={'takeover': 102, 'carry_done': 29, 'released': 24, 'retreat': 17, 'setdown': 5, 'cycle': 1, 'trunc_in_script': 35, 'stuck_recover': 8}
[rec] step=6400 saved=1 modes(policy/wander/lower/release/retreat)=[32, 0, 0, 0, 0] funnel={'takeover': 102, 'carry_done': 29, 'released': 24, 'retreat': 17, 'setdown': 5, 'cycle': 1, 'trunc_in_script': 36, 'stuck_recover': 8}
[rec] step=6600 saved=1 modes(policy/wander/lower/release/retreat)=[30, 2, 0, 0, 0] funnel={'takeover': 104, 'carry_done': 29, 'released': 24, 'retreat': 17, 'setdown': 5, 'cycle': 1, 'trunc_in_script': 36, 'stuck_recover': 8}
[rec] step=6800 saved=1 modes(policy/wander/lower/release/retreat)=[30, 1, 1, 0, 0] funnel={'takeover': 108, 'carry_done': 30, 'released': 24, 'retreat': 17, 'setdown': 5, 'cycle': 1, 'trunc_in_script': 37, 'stuck_recover': 8}
[rec] step=7000 saved=1 modes(policy/wander/lower/release/retreat)=[31, 0, 0, 0, 1] funnel={'takeover': 108, 'carry_done': 31, 'released': 26, 'retreat': 18, 'setdown': 5, 'cycle': 1, 'trunc_in_script': 38, 'stuck_recover': 8}
[rec] step=7200 saved=1 modes(policy/wander/lower/release/retreat)=[31, 0, 0, 0, 1] funnel={'takeover': 108, 'carry_done': 31, 'released': 26, 'retreat': 18, 'setdown': 6, 'cycle': 1, 'trunc_in_script': 38, 'stuck_recover': 8}
[rec] step=7400 saved=1 modes(policy/wander/lower/release/retreat)=[32, 0, 0, 0, 0] funnel={'takeover': 108, 'carry_done': 31, 'released': 26, 'retreat': 18, 'setdown': 6, 'cycle': 1, 'trunc_in_script': 39, 'stuck_recover': 8}
[rec] step=7600 saved=1 modes(policy/wander/lower/release/retreat)=[32, 0, 0, 0, 0] funnel={'takeover': 108, 'carry_done': 31, 'released': 26, 'retreat': 18, 'setdown': 6, 'cycle': 1, 'trunc_in_script': 39, 'stuck_recover': 8}
[rec] step=7800 saved=1 modes(policy/wander/lower/release/retreat)=[32, 0, 0, 0, 0] funnel={'takeover': 108, 'carry_done': 31, 'released': 26, 'retreat': 18, 'setdown': 6, 'cycle': 1, 'trunc_in_script': 39, 'stuck_recover': 8}
[rec] step=8000 saved=1 modes(policy/wander/lower/release/retreat)=[32, 0, 0, 0, 0] funnel={'takeover': 108, 'carry_done': 31, 'released': 26, 'retreat': 18, 'setdown': 6, 'cycle': 1, 'trunc_in_script': 39, 'stuck_recover': 8}
[rec] step=8200 saved=1 modes(policy/wander/lower/release/retreat)=[32, 0, 0, 0, 0] funnel={'takeover': 108, 'carry_done': 31, 'released': 26, 'retreat': 18, 'setdown': 6, 'cycle': 1, 'trunc_in_script': 39, 'stuck_recover': 8}
[rec] step=8400 saved=1 modes(policy/wander/lower/release/retreat)=[32, 0, 0, 0, 0] funnel={'takeover': 108, 'carry_done': 31, 'released': 26, 'retreat': 18, 'setdown': 6, 'cycle': 1, 'trunc_in_script': 39, 'stuck_recover': 8}
[rec] step=8600 saved=1 modes(policy/wander/lower/release/retreat)=[32, 0, 0, 0, 0] funnel={'takeover': 108, 'carry_done': 31, 'released': 26, 'retreat': 18, 'setdown': 6, 'cycle': 1, 'trunc_in_script': 39, 'stuck_recover': 8}
[rec] step=8800 saved=1 modes(policy/wander/lower/release/retreat)=[32, 0, 0, 0, 0] funnel={'takeover': 108, 'carry_done': 31, 'released': 26, 'retreat': 18, 'setdown': 6, 'cycle': 1, 'trunc_in_script': 39, 'stuck_recover': 8}
[rec] step=9000 saved=1 modes(policy/wander/lower/release/retreat)=[32, 0, 0, 0, 0] funnel={'takeover': 108, 'carry_done': 31, 'released': 26, 'retreat': 18, 'setdown': 6, 'cycle': 1, 'trunc_in_script': 39, 'stuck_recover': 8}
[rec] step=9200 saved=1 modes(policy/wander/lower/release/retreat)=[32, 0, 0, 0, 0] funnel={'takeover': 108, 'carry_done': 31, 'released': 26, 'retreat': 18, 'setdown': 6, 'cycle': 1, 'trunc_in_script': 39, 'stuck_recover': 8}
[rec] step=9400 saved=1 modes(policy/wander/lower/release/retreat)=[32, 0, 0, 0, 0] funnel={'takeover': 108, 'carry_done': 31, 'released': 26, 'retreat': 18, 'setdown': 6, 'cycle': 1, 'trunc_in_script': 39, 'stuck_recover': 8}
[rec] step=9600 saved=1 modes(policy/wander/lower/release/retreat)=[32, 0, 0, 0, 0] funnel={'takeover': 108, 'carry_done': 31, 'released': 26, 'retreat': 18, 'setdown': 6, 'cycle': 1, 'trunc_in_script': 39, 'stuck_recover': 8}
[rec] step=9800 saved=1 modes(policy/wander/lower/release/retreat)=[32, 0, 0, 0, 0] funnel={'takeover': 108, 'carry_done': 31, 'released': 26, 'retreat': 18, 'setdown': 6, 'cycle': 1, 'trunc_in_script': 39, 'stuck_recover': 8}
[rec] step=10000 saved=1 modes(policy/wander/lower/release/retreat)=[32, 0, 0, 0, 0] funnel={'takeover': 108, 'carry_done': 31, 'released': 26, 'retreat': 18, 'setdown': 6, 'cycle': 1, 'trunc_in_script': 39, 'stuck_recover': 8}
[rec] step=10200 saved=1 modes(policy/wander/lower/release/retreat)=[32, 0, 0, 0, 0] funnel={'takeover': 108, 'carry_done': 31, 'released': 26, 'retreat': 18, 'setdown': 6, 'cycle': 1, 'trunc_in_script': 39, 'stuck_recover': 8}
[rec] step=10400 saved=1 modes(policy/wander/lower/release/retreat)=[32, 0, 0, 0, 0] funnel={'takeover': 108, 'carry_done': 31, 'released': 26, 'retreat': 18, 'setdown': 6, 'cycle': 1, 'trunc_in_script': 39, 'stuck_recover': 8}
[rec] step=10600 saved=1 modes(policy/wander/lower/release/retreat)=[32, 0, 0, 0, 0] funnel={'takeover': 108, 'carry_done': 31, 'released': 26, 'retreat': 18, 'setdown': 6, 'cycle': 1, 'trunc_in_script': 39, 'stuck_recover': 8}
[rec] step=10800 saved=1 modes(policy/wander/lower/release/retreat)=[32, 0, 0, 0, 0] funnel={'takeover': 108, 'carry_done': 31, 'released': 26, 'retreat': 18, 'setdown': 6, 'cycle': 1, 'trunc_in_script': 39, 'stuck_recover': 8}
[rec] step=11000 saved=1 modes(policy/wander/lower/release/retreat)=[32, 0, 0, 0, 0] funnel={'takeover': 108, 'carry_done': 31, 'released': 26, 'retreat': 18, 'setdown': 6, 'cycle': 1, 'trunc_in_script': 39, 'stuck_recover': 8}
[rec] step=11200 saved=1 modes(policy/wander/lower/release/retreat)=[32, 0, 0, 0, 0] funnel={'takeover': 108, 'carry_done': 31, 'released': 26, 'retreat': 18, 'setdown': 6, 'cycle': 1, 'trunc_in_script': 39, 'stuck_recover': 8}
[rec] step=11400 saved=1 modes(policy/wander/lower/release/retreat)=[32, 0, 0, 0, 0] funnel={'takeover': 108, 'carry_done': 31, 'released': 26, 'retreat': 18, 'setdown': 6, 'cycle': 1, 'trunc_in_script': 39, 'stuck_recover': 8}
[rec] step=11600 saved=1 modes(policy/wander/lower/release/retreat)=[32, 0, 0, 0, 0] funnel={'takeover': 108, 'carry_done': 31, 'released': 26, 'retreat': 18, 'setdown': 6, 'cycle': 1, 'trunc_in_script': 39, 'stuck_recover': 8}
[rec] step=11800 saved=1 modes(policy/wander/lower/release/retreat)=[32, 0, 0, 0, 0] funnel={'takeover': 108, 'carry_done': 31, 'released': 26, 'retreat': 18, 'setdown': 6, 'cycle': 1, 'trunc_in_script': 39, 'stuck_recover': 8}
[rec] step=12000 saved=1 modes(policy/wander/lower/release/retreat)=[32, 0, 0, 0, 0] funnel={'takeover': 108, 'carry_done': 31, 'released': 26, 'retreat': 18, 'setdown': 6, 'cycle': 1, 'trunc_in_script': 39, 'stuck_recover': 8}
[rec] step=12200 saved=1 modes(policy/wander/lower/release/retreat)=[32, 0, 0, 0, 0] funnel={'takeover': 108, 'carry_done': 31, 'released': 26, 'retreat': 18, 'setdown': 6, 'cycle': 1, 'trunc_in_script': 39, 'stuck_recover': 8}
[rec] step=12400 saved=1 modes(policy/wander/lower/release/retreat)=[32, 0, 0, 0, 0] funnel={'takeover': 108, 'carry_done': 31, 'released': 26, 'retreat': 18, 'setdown': 6, 'cycle': 1, 'trunc_in_script': 39, 'stuck_recover': 8}
[rec] step=12600 saved=1 modes(policy/wander/lower/release/retreat)=[32, 0, 0, 0, 0] funnel={'takeover': 108, 'carry_done': 31, 'released': 26, 'retreat': 18, 'setdown': 6, 'cycle': 1, 'trunc_in_script': 39, 'stuck_recover': 8}
[rec] step=12800 saved=1 modes(policy/wander/lower/release/retreat)=[32, 0, 0, 0, 0] funnel={'takeover': 108, 'carry_done': 31, 'released': 26, 'retreat': 18, 'setdown': 6, 'cycle': 1, 'trunc_in_script': 39, 'stuck_recover': 8}
[rec] step=13000 saved=1 modes(policy/wander/lower/release/retreat)=[32, 0, 0, 0, 0] funnel={'takeover': 108, 'carry_done': 31, 'released': 26, 'retreat': 18, 'setdown': 6, 'cycle': 1, 'trunc_in_script': 39, 'stuck_recover': 8}
[rec] step=13200 saved=1 modes(policy/wander/lower/release/retreat)=[32, 0, 0, 0, 0] funnel={'takeover': 108, 'carry_done': 31, 'released': 26, 'retreat': 18, 'setdown': 6, 'cycle': 1, 'trunc_in_script': 39, 'stuck_recover': 8}
[rec] step=13400 saved=1 modes(policy/wander/lower/release/retreat)=[32, 0, 0, 0, 0] funnel={'takeover': 108, 'carry_done': 31, 'released': 26, 'retreat': 18, 'setdown': 6, 'cycle': 1, 'trunc_in_script': 39, 'stuck_recover': 8}
[rec] step=13600 saved=1 modes(policy/wander/lower/release/retreat)=[32, 0, 0, 0, 0] funnel={'takeover': 108, 'carry_done': 31, 'released': 26, 'retreat': 18, 'setdown': 6, 'cycle': 1, 'trunc_in_script': 39, 'stuck_recover': 8}
[rec] step=13800 saved=1 modes(policy/wander/lower/release/retreat)=[32, 0, 0, 0, 0] funnel={'takeover': 108, 'carry_done': 31, 'released': 26, 'retreat': 18, 'setdown': 6, 'cycle': 1, 'trunc_in_script': 39, 'stuck_recover': 8}
[rec] step=14000 saved=1 modes(policy/wander/lower/release/retreat)=[32, 0, 0, 0, 0] funnel={'takeover': 108, 'carry_done': 31, 'released': 26, 'retreat': 18, 'setdown': 6, 'cycle': 1, 'trunc_in_script': 39, 'stuck_recover': 8}
[rec] step=14200 saved=1 modes(policy/wander/lower/release/retreat)=[32, 0, 0, 0, 0] funnel={'takeover': 108, 'carry_done': 31, 'released': 26, 'retreat': 18, 'setdown': 6, 'cycle': 1, 'trunc_in_script': 39, 'stuck_recover': 8}
[rec] step=14400 saved=1 modes(policy/wander/lower/release/retreat)=[32, 0, 0, 0, 0] funnel={'takeover': 108, 'carry_done': 31, 'released': 26, 'retreat': 18, 'setdown': 6, 'cycle': 1, 'trunc_in_script': 39, 'stuck_recover': 8}
[rec] step=14600 saved=1 modes(policy/wander/lower/release/retreat)=[32, 0, 0, 0, 0] funnel={'takeover': 108, 'carry_done': 31, 'released': 26, 'retreat': 18, 'setdown': 6, 'cycle': 1, 'trunc_in_script': 39, 'stuck_recover': 8}
[rec] step=14800 saved=1 modes(policy/wander/lower/release/retreat)=[32, 0, 0, 0, 0] funnel={'takeover': 108, 'carry_done': 31, 'released': 26, 'retreat': 18, 'setdown': 6, 'cycle': 1, 'trunc_in_script': 39, 'stuck_recover': 8}
[rec] step=15000 saved=1 modes(policy/wander/lower/release/retreat)=[32, 0, 0, 0, 0] funnel={'takeover': 108, 'carry_done': 31, 'released': 26, 'retreat': 18, 'setdown': 6, 'cycle': 1, 'trunc_in_script': 39, 'stuck_recover': 8}
[rec] step=15200 saved=1 modes(policy/wander/lower/release/retreat)=[32, 0, 0, 0, 0] funnel={'takeover': 108, 'carry_done': 31, 'released': 26, 'retreat': 18, 'setdown': 6, 'cycle': 1, 'trunc_in_script': 39, 'stuck_recover': 8}
[rec] step=15400 saved=1 modes(policy/wander/lower/release/retreat)=[32, 0, 0, 0, 0] funnel={'takeover': 108, 'carry_done': 31, 'released': 26, 'retreat': 18, 'setdown': 6, 'cycle': 1, 'trunc_in_script': 39, 'stuck_recover': 8}
[rec] step=15600 saved=1 modes(policy/wander/lower/release/retreat)=[32, 0, 0, 0, 0] funnel={'takeover': 108, 'carry_done': 31, 'released': 26, 'retreat': 18, 'setdown': 6, 'cycle': 1, 'trunc_in_script': 39, 'stuck_recover': 8}
[rec] step=15800 saved=1 modes(policy/wander/lower/release/retreat)=[32, 0, 0, 0, 0] funnel={'takeover': 108, 'carry_done': 31, 'released': 26, 'retreat': 18, 'setdown': 6, 'cycle': 1, 'trunc_in_script': 39, 'stuck_recover': 8}
[rec] step=16000 saved=1 modes(policy/wander/lower/release/retreat)=[32, 0, 0, 0, 0] funnel={'takeover': 108, 'carry_done': 31, 'released': 26, 'retreat': 18, 'setdown': 6, 'cycle': 1, 'trunc_in_script': 39, 'stuck_recover': 8}
[rec] step=16200 saved=1 modes(policy/wander/lower/release/retreat)=[32, 0, 0, 0, 0] funnel={'takeover': 108, 'carry_done': 31, 'released': 26, 'retreat': 18, 'setdown': 6, 'cycle': 1, 'trunc_in_script': 39, 'stuck_recover': 8}
[rec] step=16400 saved=1 modes(policy/wander/lower/release/retreat)=[32, 0, 0, 0, 0] funnel={'takeover': 108, 'carry_done': 31, 'released': 26, 'retreat': 18, 'setdown': 6, 'cycle': 1, 'trunc_in_script': 39, 'stuck_recover': 8}
[rec] step=16600 saved=1 modes(policy/wander/lower/release/retreat)=[32, 0, 0, 0, 0] funnel={'takeover': 108, 'carry_done': 31, 'released': 26, 'retreat': 18, 'setdown': 6, 'cycle': 1, 'trunc_in_script': 39, 'stuck_recover': 8}
[rec] step=16800 saved=1 modes(policy/wander/lower/release/retreat)=[32, 0, 0, 0, 0] funnel={'takeover': 108, 'carry_done': 31, 'released': 26, 'retreat': 18, 'setdown': 6, 'cycle': 1, 'trunc_in_script': 39, 'stuck_recover': 8}
[rec] step=17000 saved=1 modes(policy/wander/lower/release/retreat)=[32, 0, 0, 0, 0] funnel={'takeover': 108, 'carry_done': 31, 'released': 26, 'retreat': 18, 'setdown': 6, 'cycle': 1, 'trunc_in_script': 39, 'stuck_recover': 8}
[rec] step=17200 saved=1 modes(policy/wander/lower/release/retreat)=[32, 0, 0, 0, 0] funnel={'takeover': 108, 'carry_done': 31, 'released': 26, 'retreat': 18, 'setdown': 6, 'cycle': 1, 'trunc_in_script': 39, 'stuck_recover': 8}
[rec] step=17400 saved=1 modes(policy/wander/lower/release/retreat)=[32, 0, 0, 0, 0] funnel={'takeover': 108, 'carry_done': 31, 'released': 26, 'retreat': 18, 'setdown': 6, 'cycle': 1, 'trunc_in_script': 39, 'stuck_recover': 8}
[rec] step=17600 saved=1 modes(policy/wander/lower/release/retreat)=[32, 0, 0, 0, 0] funnel={'takeover': 108, 'carry_done': 31, 'released': 26, 'retreat': 18, 'setdown': 6, 'cycle': 1, 'trunc_in_script': 39, 'stuck_recover': 8}
[rec] step=17800 saved=1 modes(policy/wander/lower/release/retreat)=[32, 0, 0, 0, 0] funnel={'takeover': 108, 'carry_done': 31, 'released': 26, 'retreat': 18, 'setdown': 6, 'cycle': 1, 'trunc_in_script': 39, 'stuck_recover': 8}
[rec] step=18000 saved=1 modes(policy/wander/lower/release/retreat)=[32, 0, 0, 0, 0] funnel={'takeover': 108, 'carry_done': 31, 'released': 26, 'retreat': 18, 'setdown': 6, 'cycle': 1, 'trunc_in_script': 39, 'stuck_recover': 8}
[rec] step=18200 saved=1 modes(policy/wander/lower/release/retreat)=[32, 0, 0, 0, 0] funnel={'takeover': 108, 'carry_done': 31, 'released': 26, 'retreat': 18, 'setdown': 6, 'cycle': 1, 'trunc_in_script': 39, 'stuck_recover': 8}
[rec] step=18400 saved=1 modes(policy/wander/lower/release/retreat)=[32, 0, 0, 0, 0] funnel={'takeover': 108, 'carry_done': 31, 'released': 26, 'retreat': 18, 'setdown': 6, 'cycle': 1, 'trunc_in_script': 39, 'stuck_recover': 8}
[rec] step=18600 saved=1 modes(policy/wander/lower/release/retreat)=[32, 0, 0, 0, 0] funnel={'takeover': 108, 'carry_done': 31, 'released': 26, 'retreat': 18, 'setdown': 6, 'cycle': 1, 'trunc_in_script': 39, 'stuck_recover': 8}
[rec] step=18800 saved=1 modes(policy/wander/lower/release/retreat)=[32, 0, 0, 0, 0] funnel={'takeover': 108, 'carry_done': 31, 'released': 26, 'retreat': 18, 'setdown': 6, 'cycle': 1, 'trunc_in_script': 39, 'stuck_recover': 8}
[rec] step=19000 saved=1 modes(policy/wander/lower/release/retreat)=[32, 0, 0, 0, 0] funnel={'takeover': 108, 'carry_done': 31, 'released': 26, 'retreat': 18, 'setdown': 6, 'cycle': 1, 'trunc_in_script': 39, 'stuck_recover': 8}
[rec] step=19200 saved=1 modes(policy/wander/lower/release/retreat)=[32, 0, 0, 0, 0] funnel={'takeover': 108, 'carry_done': 31, 'released': 26, 'retreat': 18, 'setdown': 6, 'cycle': 1, 'trunc_in_script': 39, 'stuck_recover': 8}
[rec] step=19400 saved=1 modes(policy/wander/lower/release/retreat)=[32, 0, 0, 0, 0] funnel={'takeover': 108, 'carry_done': 31, 'released': 26, 'retreat': 18, 'setdown': 6, 'cycle': 1, 'trunc_in_script': 39, 'stuck_recover': 8}
[rec] step=19600 saved=1 modes(policy/wander/lower/release/retreat)=[32, 0, 0, 0, 0] funnel={'takeover': 108, 'carry_done': 31, 'released': 26, 'retreat': 18, 'setdown': 6, 'cycle': 1, 'trunc_in_script': 39, 'stuck_recover': 8}
[rec] step=19800 saved=1 modes(policy/wander/lower/release/retreat)=[32, 0, 0, 0, 0] funnel={'takeover': 108, 'carry_done': 31, 'released': 26, 'retreat': 18, 'setdown': 6, 'cycle': 1, 'trunc_in_script': 39, 'stuck_recover': 8}
2026-07-29T05:00:47Z [8,827ms] [Warning] [omni.fabric.plugin] getAttributeCount called on non-existent path /World/envs/env_9/SynriaArm/link6/visuals/link6/node_STL_BINARY_
2026-07-29T05:00:47Z [8,827ms] [Warning] [omni.fabric.plugin] getTypes called on non-existent path /World/envs/env_9/SynriaArm/link6/visuals/link6/node_STL_BINARY_
2026-07-29T05:00:50Z [11,977ms] [Warning] [carb] Client gpu.foundation.plugin has acquired [gpu::unstable::IMemoryBudgetManagerFactory v0.1] 100 times. Consider accessing this interface with carb::getCachedInterface() (Performance warning)
