[WARN][AppLauncher]: There are no arguments attached to the ArgumentParser object. If you have your own arguments, please load your own arguments before calling the `AppLauncher.add_app_launcher_args` method. This allows the method to check the validity of the arguments and perform checks for argument names.
[INFO][AppLauncher]: Using device: cuda:0
[INFO][AppLauncher]: Loading experience file: /home/oedeh/IsaacLab/apps/isaaclab.python.headless.kit
[r3] copied prototype Flattened_Prototype_1
[r3] copied prototype Flattened_Prototype_2
[r3] copied prototype Flattened_Prototype_3
[r3] copied prototype Flattened_Prototype_4
[r3] copied prototype Flattened_Prototype_5
[r3] copied prototype Flattened_Prototype_6
[r3] copied prototype Flattened_Prototype_7
[r3] copied prototype Flattened_Prototype_8
[r3] copied prototype Flattened_Prototype_9
[r3] copied prototype Flattened_Prototype_10
[r3] copied prototype Flattened_Prototype_11
[r3] copied prototype Flattened_Prototype_12
[r3] copied prototype Flattened_Prototype_13
[r3] flat gripper joints: ['FixedJoint', 'FixedJoint', 'finger_joint', 'right_outer_knuckle_joint', 'right_inner_finger_joint', 'right_inner_finger_knuckle_joint', 'left_inner_finger_knuckle_joint', 'left_inner_finger_joint']
[r3] deactivated /Alicia_D_v5_6_gripper_50mm/left_gripper
[r3] deactivated /Alicia_D_v5_6_gripper_50mm/right_gripper
[r3] deactivated /Alicia_D_v5_6_gripper_50mm/joints/left_finger
[r3] deactivated /Alicia_D_v5_6_gripper_50mm/joints/right_finger
[r3] hybrid movable joints: ['Joint1', 'Joint2', 'Joint3', 'Joint4', 'Joint5', 'Joint6', 'finger_joint', 'right_outer_knuckle_joint', 'right_inner_finger_joint', 'right_inner_finger_knuckle_joint', 'left_inner_finger_knuckle_joint', 'left_inner_finger_joint']
Loading user config located at: '/home/oedeh/.venv/isaacsim5/lib/python3.11/site-packages/isaacsim/kit/data/Kit/Isaac-Sim/5.1/user.config.json'
[Info] [carb] Logging to file: /home/oedeh/.venv/isaacsim5/lib/python3.11/site-packages/isaacsim/kit/logs/Kit/Isaac-Sim/5.1/kit_20260730_111729.log
2026-07-30T16:17:29Z [4ms] [Warning] [omni.ext.plugin] [ext: isaaclab_newton] Extensions config 'extension.toml' doesn't exist '/home/oedeh/IsaacLab/source/isaaclab_newton' or '/home/oedeh/IsaacLab/source/isaaclab_newton/config'
2026-07-30T16:17:29Z [4ms] [Warning] [omni.ext.plugin] [ext: isaaclab_physx] Extensions config 'extension.toml' doesn't exist '/home/oedeh/IsaacLab/source/isaaclab_physx' or '/home/oedeh/IsaacLab/source/isaaclab_physx/config'
2026-07-30T16:17:29Z [4ms] [Warning] [omni.ext.plugin] [ext: isaaclab_ppisp] Extensions config 'extension.toml' doesn't exist '/home/oedeh/IsaacLab/source/isaaclab_ppisp' or '/home/oedeh/IsaacLab/source/isaaclab_ppisp/config'
2026-07-30T16:17:29Z [119ms] [Warning] [omni.usd_config.extension] Enable omni.materialx.libs extension to use MaterialX
2026-07-30T16:17:29Z [400ms] [Warning] [carb] Acquiring non optional plugin interface which is not listed as dependency: [omni::physx::IPhysxBenchmarks v1.0] (plugin: <default plugin>), by client: omni.physics.physx.plugin. Add it to CARB_PLUGIN_IMPL_DEPS() macro of a client.
2026-07-30T16:17:29Z [406ms] [Warning] [omni.isaac.dynamic_control] omni.isaac.dynamic_control is deprecated as of Isaac Sim 4.5. No action is needed from end-users.

|---------------------------------------------------------------------------------------------|
| Driver Version: 580.173.02    | Graphics API: Vulkan
|=============================================================================================|
| GPU | Name                             | Active | LDA | GPU Memory | Vendor-ID | LUID       |
|     |                                  |        |     |            | Device-ID | UUID       |
|     |                                  |        |     |            | Bus-ID    |            |
|---------------------------------------------------------------------------------------------|
| 0   | NVIDIA GeForce RTX 5090          | Yes: 0 |     | 32607   MB | 10de      | 0          |
|     |                                  |        |     |            | 2b85      | d9b11bde.. |
|     |                                  |        |     |            | 2         |            |
|=============================================================================================|
| OS: 24.04.4 LTS (Noble Numbat) ubuntu, Version: 24.04.4, Kernel: 6.17.0-22-generic
| XServer Vendor: The X.Org Foundation, XServer Version: 12101011 (1.21.1.11)
| Processor: Intel(R) Core(TM) Ultra 9 285K
| Cores: 24 | Logical Cores: 24
|---------------------------------------------------------------------------------------------|
| Total Memory (MB): 31668 | Free Memory: 17446
| Total Page/Swap (MB): 8191 | Free Page/Swap: 5355
|---------------------------------------------------------------------------------------------|
2026-07-30T16:17:32Z [3,505ms] [Warning] [gpu.foundation.plugin] CPU performance profile is set to powersave. This profile sets the CPU to the lowest frequency reducing performance.
2026-07-30T16:17:32Z [3,513ms] [Warning] [gpu.foundation.plugin] PCIe link width current (8) and maximum (16) for device 0 don't match.
2026-07-30T16:17:32Z [3,537ms] [Warning] [omni.kvdb.plugin] Disabling key-value database because another kit process is locking it
R3_EXIT=0
