Loading user config located at: '/home/oedeh/.venv/isaacsim5/lib/python3.11/site-packages/isaacsim/kit/data/Kit/Isaac-Sim/5.1/user.config.json'
[Info] [carb] Logging to file: /home/oedeh/.venv/isaacsim5/lib/python3.11/site-packages/isaacsim/kit/logs/Kit/Isaac-Sim/5.1/kit_20260730_111145.log
2026-07-30T16:11:45Z [4ms] [Warning] [omni.ext.plugin] [ext: isaaclab_physx] Extensions config 'extension.toml' doesn't exist '/home/oedeh/IsaacLab/source/isaaclab_physx' or '/home/oedeh/IsaacLab/source/isaaclab_physx/config'
2026-07-30T16:11:45Z [4ms] [Warning] [omni.ext.plugin] [ext: isaaclab_newton] Extensions config 'extension.toml' doesn't exist '/home/oedeh/IsaacLab/source/isaaclab_newton' or '/home/oedeh/IsaacLab/source/isaaclab_newton/config'
2026-07-30T16:11:45Z [4ms] [Warning] [omni.ext.plugin] [ext: isaaclab_ppisp] Extensions config 'extension.toml' doesn't exist '/home/oedeh/IsaacLab/source/isaaclab_ppisp' or '/home/oedeh/IsaacLab/source/isaaclab_ppisp/config'
2026-07-30T16:11:45Z [118ms] [Warning] [omni.usd_config.extension] Enable omni.materialx.libs extension to use MaterialX
2026-07-30T16:11:45Z [374ms] [Warning] [carb] Acquiring non optional plugin interface which is not listed as dependency: [omni::physx::IPhysxBenchmarks v1.0] (plugin: <default plugin>), by client: omni.physics.physx.plugin. Add it to CARB_PLUGIN_IMPL_DEPS() macro of a client.
2026-07-30T16:11:45Z [379ms] [Warning] [omni.isaac.dynamic_control] omni.isaac.dynamic_control is deprecated as of Isaac Sim 4.5. No action is needed from end-users.

|---------------------------------------------------------------------------------------------|
| Driver Version: 580.173.02    | Graphics API: Vulkan
|=============================================================================================|
| GPU | Name                             | Active | LDA | GPU Memory | Vendor-ID | LUID       |
|     |                                  |        |     |            | Device-ID | UUID       |
|     |                                  |        |     |            | Bus-ID    |            |
|---------------------------------------------------------------------------------------------|
| 0   | NVIDIA GeForce RTX 5090          | Yes: 0 |     | 32607   MB | 10de      | 0          |
|     |                                  |        |     |            | 2b85      | d9b11bde.. |
|     |                                  |        |     |            | 2         |            |
|=============================================================================================|
| OS: 24.04.4 LTS (Noble Numbat) ubuntu, Version: 24.04.4, Kernel: 6.17.0-22-generic
| XServer Vendor: The X.Org Foundation, XServer Version: 12101011 (1.21.1.11)
| Processor: Intel(R) Core(TM) Ultra 9 285K
| Cores: 24 | Logical Cores: 24
|---------------------------------------------------------------------------------------------|
| Total Memory (MB): 31668 | Free Memory: 22700
| Total Page/Swap (MB): 8191 | Free Page/Swap: 5350
|---------------------------------------------------------------------------------------------|
2026-07-30T16:11:48Z [3,483ms] [Warning] [gpu.foundation.plugin] CPU performance profile is set to powersave. This profile sets the CPU to the lowest frequency reducing performance.
2026-07-30T16:11:49Z [3,491ms] [Warning] [gpu.foundation.plugin] PCIe link width current (8) and maximum (16) for device 0 don't match.
2026-07-30T16:11:49Z [3,515ms] [Warning] [omni.kvdb.plugin] Disabling key-value database because another kit process is locking it
2026-07-30T16:11:49Z [4,333ms] [Warning] [omni.usd] Warning: in _ReportErrors at line 3172 of /builds/omniverse/usd-ci/USD/pxr/usd/usd/stage.cpp -- In </Robotiq_2F_85/right_inner_knuckle/visuals>: Unresolved reference prim path @isaac/usd/robots/synria_6dof_arm_v2/robotiq_2f85_flat.usd@</Flattened_Prototype_5> introduced by @isaac/usd/robots/synria_6dof_arm_v2/robotiq_2f85_flat.usd@</Robotiq_2F_85/right_inner_knuckle/visuals> (instantiating stage on stage @isaac/usd/robots/synria_6dof_arm_v2/robotiq_2f85_flat.usd@ <0x25c7ba90>)

2026-07-30T16:11:49Z [4,333ms] [Warning] [omni.usd] Warning: in _ReportErrors at line 3172 of /builds/omniverse/usd-ci/USD/pxr/usd/usd/stage.cpp -- In </Robotiq_2F_85/left_outer_knuckle/visuals>: Unresolved reference prim path @isaac/usd/robots/synria_6dof_arm_v2/robotiq_2f85_flat.usd@</Flattened_Prototype_6> introduced by @isaac/usd/robots/synria_6dof_arm_v2/robotiq_2f85_flat.usd@</Robotiq_2F_85/left_outer_knuckle/visuals> (instantiating stage on stage @isaac/usd/robots/synria_6dof_arm_v2/robotiq_2f85_flat.usd@ <0x25c7ba90>)

[WARN][AppLauncher]: There are no arguments attached to the ArgumentParser object. If you have your own arguments, please load your own arguments before calling the `AppLauncher.add_app_launcher_args` method. This allows the method to check the validity of the arguments and perform checks for argument names.
[INFO][AppLauncher]: Using device: cuda:0
[INFO][AppLauncher]: Loading experience file: /home/oedeh/IsaacLab/apps/isaaclab.python.headless.kit
[r3] flat gripper joints: ['AssemblerFixedJoint', 'FixedJoint', 'FixedJoint', 'finger_joint', 'right_outer_knuckle_joint', 'right_inner_finger_joint', 'right_inner_finger_knuckle_joint', 'left_inner_finger_knuckle_joint', 'left_inner_finger_joint']
[r3] deactivated /Alicia_D_v5_6_gripper_50mm/left_gripper
[r3] deactivated /Alicia_D_v5_6_gripper_50mm/right_gripper
[r3] deactivated /Alicia_D_v5_6_gripper_50mm/joints/left_finger
[r3] deactivated /Alicia_D_v5_6_gripper_50mm/joints/right_finger
2026-07-30T16:11:49Z [4,333ms] [Warning] [omni.usd] Warning: in _ReportErrors at line 3172 of /builds/omniverse/usd-ci/USD/pxr/usd/usd/stage.cpp -- In </Robotiq_2F_85/left_inner_knuckle/visuals>: Unresolved reference prim path @isaac/usd/robots/synria_6dof_arm_v2/robotiq_2f85_flat.usd@</Flattened_Prototype_5> introduced by @isaac/usd/robots/synria_6dof_arm_v2/robotiq_2f85_flat.usd@</Robotiq_2F_85/left_inner_knuckle/visuals> (instantiating stage on stage @isaac/usd/robots/synria_6dof_arm_v2/robotiq_2f85_flat.usd@ <0x25c7ba90>)

2026-07-30T16:11:49Z [4,333ms] [Warning] [omni.usd] Warning: in _ReportErrors at line 3172 of /builds/omniverse/usd-ci/USD/pxr/usd/usd/stage.cpp -- In </Robotiq_2F_85/base_link/visuals>: Unresolved reference prim path @isaac/usd/robots/synria_6dof_arm_v2/robotiq_2f85_flat.usd@</Flattened_Prototype_7> introduced by @isaac/usd/robots/synria_6dof_arm_v2/robotiq_2f85_flat.usd@</Robotiq_2F_85/base_link/visuals> (instantiating stage on stage @isaac/usd/robots/synria_6dof_arm_v2/robotiq_2f85_flat.usd@ <0x25c7ba90>)

2026-07-30T16:11:49Z [4,333ms] [Warning] [omni.usd] Warning: in _ReportErrors at line 3172 of /builds/omniverse/usd-ci/USD/pxr/usd/usd/stage.cpp -- In </Robotiq_2F_85/left_inner_finger/visuals>: Unresolved reference prim path @isaac/usd/robots/synria_6dof_arm_v2/robotiq_2f85_flat.usd@</Flattened_Prototype_3> introduced by @isaac/usd/robots/synria_6dof_arm_v2/robotiq_2f85_flat.usd@</Robotiq_2F_85/left_inner_finger/visuals> (instantiating stage on stage @isaac/usd/robots/synria_6dof_arm_v2/robotiq_2f85_flat.usd@ <0x25c7ba90>)

2026-07-30T16:11:49Z [4,333ms] [Warning] [omni.usd] Warning: in _ReportErrors at line 3172 of /builds/omniverse/usd-ci/USD/pxr/usd/usd/stage.cpp -- In </Robotiq_2F_85/right_outer_knuckle/visuals>: Unresolved reference prim path @isaac/usd/robots/synria_6dof_arm_v2/robotiq_2f85_flat.usd@</Flattened_Prototype_6> introduced by @isaac/usd/robots/synria_6dof_arm_v2/robotiq_2f85_flat.usd@</Robotiq_2F_85/right_outer_knuckle/visuals> (instantiating stage on stage @isaac/usd/robots/synria_6dof_arm_v2/robotiq_2f85_flat.usd@ <0x25c7ba90>)

2026-07-30T16:11:49Z [4,333ms] [Warning] [omni.usd] Warning: in _ReportErrors at line 3172 of /builds/omniverse/usd-ci/USD/pxr/usd/usd/stage.cpp -- In </Robotiq_2F_85/left_outer_finger/visuals>: Unresolved reference prim path @isaac/usd/robots/synria_6dof_arm_v2/robotiq_2f85_flat.usd@</Flattened_Prototype_4> introduced by @isaac/usd/robots/synria_6dof_arm_v2/robotiq_2f85_flat.usd@</Robotiq_2F_85/left_outer_finger/visuals> (instantiating stage on stage @isaac/usd/robots/synria_6dof_arm_v2/robotiq_2f85_flat.usd@ <0x25c7ba90>)

2026-07-30T16:11:49Z [4,334ms] [Warning] [omni.usd] Warning: in _ReportErrors at line 3172 of /builds/omniverse/usd-ci/USD/pxr/usd/usd/stage.cpp -- In </Robotiq_2F_85/right_outer_finger/visuals>: Unresolved reference prim path @isaac/usd/robots/synria_6dof_arm_v2/robotiq_2f85_flat.usd@</Flattened_Prototype_4> introduced by @isaac/usd/robots/synria_6dof_arm_v2/robotiq_2f85_flat.usd@</Robotiq_2F_85/right_outer_finger/visuals> (instantiating stage on stage @isaac/usd/robots/synria_6dof_arm_v2/robotiq_2f85_flat.usd@ <0x25c7ba90>)

2026-07-30T16:11:49Z [4,334ms] [Warning] [omni.usd] Warning: in _ReportErrors at line 3172 of /builds/omniverse/usd-ci/USD/pxr/usd/usd/stage.cpp -- In </Robotiq_2F_85/right_inner_finger/visuals>: Unresolved reference prim path @isaac/usd/robots/synria_6dof_arm_v2/robotiq_2f85_flat.usd@</Flattened_Prototype_3> introduced by @isaac/usd/robots/synria_6dof_arm_v2/robotiq_2f85_flat.usd@</Robotiq_2F_85/right_inner_finger/visuals> (instantiating stage on stage @isaac/usd/robots/synria_6dof_arm_v2/robotiq_2f85_flat.usd@ <0x25c7ba90>)

2026-07-30T16:11:49Z [4,336ms] [Warning] [omni.usd] Warning: in _ReportErrors at line 3172 of /builds/omniverse/usd-ci/USD/pxr/usd/usd/stage.cpp -- In </Alicia_D_v5_6_gripper_50mm/Robotiq_2F_85/base_link/visuals>: Unresolved reference prim path @isaac/usd/robots/synria_6dof_arm_v2/robotiq_2f85_flat.usd@</Flattened_Prototype_7> introduced by @isaac/usd/robots/synria_6dof_arm_v2/robotiq_2f85_flat.usd@</Robotiq_2F_85/base_link/visuals> (recomposing stage on stage @isaac/usd/robots/synria_6dof_arm_v2/synria_arm_robotiq.usd@ <0x25c79e00>)

2026-07-30T16:11:49Z [4,336ms] [Warning] [omni.usd] Warning: in _ReportErrors at line 3172 of /builds/omniverse/usd-ci/USD/pxr/usd/usd/stage.cpp -- In </Alicia_D_v5_6_gripper_50mm/Robotiq_2F_85/left_inner_finger/visuals>: Unresolved reference prim path @isaac/usd/robots/synria_6dof_arm_v2/robotiq_2f85_flat.usd@</Flattened_Prototype_3> introduced by @isaac/usd/robots/synria_6dof_arm_v2/robotiq_2f85_flat.usd@</Robotiq_2F_85/left_inner_finger/visuals> (recomposing stage on stage @isaac/usd/robots/synria_6dof_arm_v2/synria_arm_robotiq.usd@ <0x25c79e00>)

2026-07-30T16:11:49Z [4,336ms] [Warning] [omni.usd] Warning: in _ReportErrors at line 3172 of /builds/omniverse/usd-ci/USD/pxr/usd/usd/stage.cpp -- In </Alicia_D_v5_6_gripper_50mm/Robotiq_2F_85/right_outer_knuckle/visuals>: Unresolved reference prim path @isaac/usd/robots/synria_6dof_arm_v2/robotiq_2f85_flat.usd@</Flattened_Prototype_6> introduced by @isaac/usd/robots/synria_6dof_arm_v2/robotiq_2f85_flat.usd@</Robotiq_2F_85/right_outer_knuckle/visuals> (recomposing stage on stage @isaac/usd/robots/synria_6dof_arm_v2/synria_arm_robotiq.usd@ <0x25c79e00>)

2026-07-30T16:11:49Z [4,336ms] [Warning] [omni.usd] Warning: in _ReportErrors at line 3172 of /builds/omniverse/usd-ci/USD/pxr/usd/usd/stage.cpp -- In </Alicia_D_v5_6_gripper_50mm/Robotiq_2F_85/right_outer_finger/visuals>: Unresolved reference prim path @isaac/usd/robots/synria_6dof_arm_v2/robotiq_2f85_flat.usd@</Flattened_Prototype_4> introduced by @isaac/usd/robots/synria_6dof_arm_v2/robotiq_2f85_flat.usd@</Robotiq_2F_85/right_outer_finger/visuals> (recomposing stage on stage @isaac/usd/robots/synria_6dof_arm_v2/synria_arm_robotiq.usd@ <0x25c79e00>)

2026-07-30T16:11:49Z [4,336ms] [Warning] [omni.usd] Warning: in _ReportErrors at line 3172 of /builds/omniverse/usd-ci/USD/pxr/usd/usd/stage.cpp -- In </Alicia_D_v5_6_gripper_50mm/Robotiq_2F_85/left_outer_knuckle/visuals>: Unresolved reference prim path @isaac/usd/robots/synria_6dof_arm_v2/robotiq_2f85_flat.usd@</Flattened_Prototype_6> introduced by @isaac/usd/robots/synria_6dof_arm_v2/robotiq_2f85_flat.usd@</Robotiq_2F_85/left_outer_knuckle/visuals> (recomposing stage on stage @isaac/usd/robots/synria_6dof_arm_v2/synria_arm_robotiq.usd@ <0x25c79e00>)

2026-07-30T16:11:49Z [4,336ms] [Warning] [omni.usd] Warning: in _ReportErrors at line 3172 of /builds/omniverse/usd-ci/USD/pxr/usd/usd/stage.cpp -- In </Alicia_D_v5_6_gripper_50mm/Robotiq_2F_85/left_outer_finger/visuals>: Unresolved reference prim path @isaac/usd/robots/synria_6dof_arm_v2/robotiq_2f85_flat.usd@</Flattened_Prototype_4> introduced by @isaac/usd/robots/synria_6dof_arm_v2/robotiq_2f85_flat.usd@</Robotiq_2F_85/left_outer_finger/visuals> (recomposing stage on stage @isaac/usd/robots/synria_6dof_arm_v2/synria_arm_robotiq.usd@ <0x25c79e00>)

2026-07-30T16:11:49Z [4,336ms] [Warning] [omni.usd] Warning: in _ReportErrors at line 3172 of /builds/omniverse/usd-ci/USD/pxr/usd/usd/stage.cpp -- In </Alicia_D_v5_6_gripper_50mm/Robotiq_2F_85/left_inner_knuckle/visuals>: Unresolved reference prim path @isaac/usd/robots/synria_6dof_arm_v2/robotiq_2f85_flat.usd@</Flattened_Prototype_5> introduced by @isaac/usd/robots/synria_6dof_arm_v2/robotiq_2f85_flat.usd@</Robotiq_2F_85/left_inner_knuckle/visuals> (recomposing stage on stage @isaac/usd/robots/synria_6dof_arm_v2/synria_arm_robotiq.usd@ <0x25c79e00>)

2026-07-30T16:11:49Z [4,336ms] [Warning] [omni.usd] Warning: in _ReportErrors at line 3172 of /builds/omniverse/usd-ci/USD/pxr/usd/usd/stage.cpp -- In </Alicia_D_v5_6_gripper_50mm/Robotiq_2F_85/right_inner_knuckle/visuals>: Unresolved reference prim path @isaac/usd/robots/synria_6dof_arm_v2/robotiq_2f85_flat.usd@</Flattened_Prototype_5> introduced by @isaac/usd/robots/synria_6dof_arm_v2/robotiq_2f85_flat.usd@</Robotiq_2F_85/right_inner_knuckle/visuals> (recomposing stage on stage @isaac/usd/robots/synria_6dof_arm_v2/synria_arm_robotiq.usd@ <0x25c79e00>)

2026-07-30T16:11:49Z [4,336ms] [Warning] [omni.usd] Warning: in _ReportErrors at line 3172 of /builds/omniverse/usd-ci/USD/pxr/usd/usd/stage.cpp -- In </Alicia_D_v5_6_gripper_50mm/Robotiq_2F_85/right_inner_finger/visuals>: Unresolved reference prim path @isaac/usd/robots/synria_6dof_arm_v2/robotiq_2f85_flat.usd@</Flattened_Prototype_3> introduced by @isaac/usd/robots/synria_6dof_arm_v2/robotiq_2f85_flat.usd@</Robotiq_2F_85/right_inner_finger/visuals> (recomposing stage on stage @isaac/usd/robots/synria_6dof_arm_v2/synria_arm_robotiq.usd@ <0x25c79e00>)

2026-07-30T16:11:49Z [4,340ms] [Warning] [omni.usd] Warning: in _ReportErrors at line 3172 of /builds/omniverse/usd-ci/USD/pxr/usd/usd/stage.cpp -- In </Alicia_D_v5_6_gripper_50mm/Robotiq_2F_85/base_link/visuals>: Unresolved reference prim path @isaac/usd/robots/synria_6dof_arm_v2/robotiq_2f85_flat.usd@</Flattened_Prototype_7> introduced by @isaac/usd/robots/synria_6dof_arm_v2/robotiq_2f85_flat.usd@</Robotiq_2F_85/base_link/visuals> (instantiating stage on stage @isaac/usd/robots/synria_6dof_arm_v2/synria_arm_robotiq.usd@ <0x25c6f960>)

2026-07-30T16:11:49Z [4,340ms] [Warning] [omni.usd] Warning: in _ReportErrors at line 3172 of /builds/omniverse/usd-ci/USD/pxr/usd/usd/stage.cpp -- In </Alicia_D_v5_6_gripper_50mm/Robotiq_2F_85/left_outer_finger/visuals>: Unresolved reference prim path @isaac/usd/robots/synria_6dof_arm_v2/robotiq_2f85_flat.usd@</Flattened_Prototype_4> introduced by @isaac/usd/robots/synria_6dof_arm_v2/robotiq_2f85_flat.usd@</Robotiq_2F_85/left_outer_finger/visuals> (instantiating stage on stage @isaac/usd/robots/synria_6dof_arm_v2/synria_arm_robotiq.usd@ <0x25c6f960>)

2026-07-30T16:11:49Z [4,340ms] [Warning] [omni.usd] Warning: in _ReportErrors at line 3172 of /builds/omniverse/usd-ci/USD/pxr/usd/usd/stage.cpp -- In </Alicia_D_v5_6_gripper_50mm/Robotiq_2F_85/right_inner_knuckle/visuals>: Unresolved reference prim path @isaac/usd/robots/synria_6dof_arm_v2/robotiq_2f85_flat.usd@</Flattened_Prototype_5> introduced by @isaac/usd/robots/synria_6dof_arm_v2/robotiq_2f85_flat.usd@</Robotiq_2F_85/right_inner_knuckle/visuals> (instantiating stage on stage @isaac/usd/robots/synria_6dof_arm_v2/synria_arm_robotiq.usd@ <0x25c6f960>)

2026-07-30T16:11:49Z [4,340ms] [Warning] [omni.usd] Warning: in _ReportErrors at line 3172 of /builds/omniverse/usd-ci/USD/pxr/usd/usd/stage.cpp -- In </Alicia_D_v5_6_gripper_50mm/Robotiq_2F_85/left_inner_finger/visuals>: Unresolved reference prim path @isaac/usd/robots/synria_6dof_arm_v2/robotiq_2f85_flat.usd@</Flattened_Prototype_3> introduced by @isaac/usd/robots/synria_6dof_arm_v2/robotiq_2f85_flat.usd@</Robotiq_2F_85/left_inner_finger/visuals> (instantiating stage on stage @isaac/usd/robots/synria_6dof_arm_v2/synria_arm_robotiq.usd@ <0x25c6f960>)

2026-07-30T16:11:49Z [4,340ms] [Warning] [omni.usd] Warning: in _ReportErrors at line 3172 of /builds/omniverse/usd-ci/USD/pxr/usd/usd/stage.cpp -- In </Alicia_D_v5_6_gripper_50mm/Robotiq_2F_85/left_outer_knuckle/visuals>: Unresolved reference prim path @isaac/usd/robots/synria_6dof_arm_v2/robotiq_2f85_flat.usd@</Flattened_Prototype_6> introduced by @isaac/usd/robots/synria_6dof_arm_v2/robotiq_2f85_flat.usd@</Robotiq_2F_85/left_outer_knuckle/visuals> (instantiating stage on stage @isaac/usd/robots/synria_6dof_arm_v2/synria_arm_robotiq.usd@ <0x25c6f960>)

2026-07-30T16:11:49Z [4,340ms] [Warning] [omni.usd] Warning: in _ReportErrors at line 3172 of /builds/omniverse/usd-ci/USD/pxr/usd/usd/stage.cpp -- In </Alicia_D_v5_6_gripper_50mm/Robotiq_2F_85/left_inner_knuckle/visuals>: Unresolved reference prim path @isaac/usd/robots/synria_6dof_arm_v2/robotiq_2f85_flat.usd@</Flattened_Prototype_5> introduced by @isaac/usd/robots/synria_6dof_arm_v2/robotiq_2f85_flat.usd@</Robotiq_2F_85/left_inner_knuckle/visuals> (instantiating stage on stage @isaac/usd/robots/synria_6dof_arm_v2/synria_arm_robotiq.usd@ <0x25c6f960>)

2026-07-30T16:11:49Z [4,340ms] [Warning] [omni.usd] Warning: in _ReportErrors at line 3172 of /builds/omniverse/usd-ci/USD/pxr/usd/usd/stage.cpp -- In </Alicia_D_v5_6_gripper_50mm/Robotiq_2F_85/right_inner_finger/visuals>: Unresolved reference prim path @isaac/usd/robots/synria_6dof_arm_v2/robotiq_2f85_flat.usd@</Flattened_Prototype_3> introduced by @isaac/usd/robots/synria_6dof_arm_v2/robotiq_2f85_flat.usd@</Robotiq_2F_85/right_inner_finger/visuals> (instantiating stage on stage @isaac/usd/robots/synria_6dof_arm_v2/synria_arm_robotiq.usd@ <0x25c6f960>)

2026-07-30T16:11:49Z [4,340ms] [Warning] [omni.usd] Warning: in _ReportErrors at line 3172 of /builds/omniverse/usd-ci/USD/pxr/usd/usd/stage.cpp -- In </Alicia_D_v5_6_gripper_50mm/Robotiq_2F_85/right_outer_knuckle/visuals>: Unresolved reference prim path @isaac/usd/robots/synria_6dof_arm_v2/robotiq_2f85_flat.usd@</Flattened_Prototype_6> introduced by @isaac/usd/robots/synria_6dof_arm_v2/robotiq_2f85_flat.usd@</Robotiq_2F_85/right_outer_knuckle/visuals> (instantiating stage on stage @isaac/usd/robots/synria_6dof_arm_v2/synria_arm_robotiq.usd@ <0x25c6f960>)

[r3] hybrid movable joints: ['Joint1', 'Joint2', 'Joint3', 'Joint4', 'Joint5', 'Joint6', 'finger_joint', 'right_outer_knuckle_joint', 'right_inner_finger_joint', 'right_inner_finger_knuckle_joint', 'left_inner_finger_knuckle_joint', 'left_inner_finger_joint']
2026-07-30T16:11:49Z [4,340ms] [Warning] [omni.usd] Warning: in _ReportErrors at line 3172 of /builds/omniverse/usd-ci/USD/pxr/usd/usd/stage.cpp -- In </Alicia_D_v5_6_gripper_50mm/Robotiq_2F_85/right_outer_finger/visuals>: Unresolved reference prim path @isaac/usd/robots/synria_6dof_arm_v2/robotiq_2f85_flat.usd@</Flattened_Prototype_4> introduced by @isaac/usd/robots/synria_6dof_arm_v2/robotiq_2f85_flat.usd@</Robotiq_2F_85/right_outer_finger/visuals> (instantiating stage on stage @isaac/usd/robots/synria_6dof_arm_v2/synria_arm_robotiq.usd@ <0x25c6f960>)

R3_EXIT=0
