[INFO][AppLauncher]: Using device: cuda:0
[INFO][AppLauncher]: Loading experience file: /home/oedeh/IsaacLab/apps/isaaclab.python.headless.kit
[feas] asset: synria_6dof_arm_padfix2.usd

[36m======================================================================================[0m
[36m[1m[INFO][IsaacLab]: Logging to file: /tmp/isaaclab/logs/isaaclab_2026-07-31_20-05-56.log[0m
[36m======================================================================================[0m

[33m20:05:56 [simulation_context.py] WARNING: The `enable_external_forces_every_iteration` parameter in the PhysxCfg is set to False. If you are experiencing noisy velocities, consider enabling this flag. You may need to slightly increase the number of velocity iterations (setting it to 1 or 2 rather than 0), together with this flag, to improve the accuracy of velocity updates.[0m
Traceback (most recent call last):
  File "/home/oedeh/github/physical-ai-jetson-robotics-gr00t/isaac/scripts/synria_grasp_feasibility.py", line 58, in main
    return _run(args)
           ^^^^^^^^^^
  File "/home/oedeh/github/physical-ai-jetson-robotics-gr00t/isaac/scripts/synria_grasp_feasibility.py", line 153, in _run
    sim.reset()
  File "/home/oedeh/IsaacLab/source/isaaclab/isaaclab/sim/simulation_context.py", line 530, in reset
    self.render()
  File "/home/oedeh/IsaacLab/source/isaaclab/isaaclab/sim/simulation_context.py", line 601, in render
    raise exception_to_raise
  File "/home/oedeh/IsaacLab/source/isaaclab/isaaclab/assets/asset_base.py", line 317, in _initialize_callback
    self._initialize_impl()
  File "/home/oedeh/IsaacLab/source/isaaclab/isaaclab/assets/articulation/articulation.py", line 1529, in _initialize_impl
    raise RuntimeError(
RuntimeError: Failed to find an articulation when resolving '/World/Robot'. Please ensure that the prim has 'USD ArticulationRootAPI' applied.
FEAS_EXIT=1
