Loading user config located at: '/home/oedeh/.venv/isaacsim5/lib/python3.11/site-packages/isaacsim/kit/data/Kit/Isaac-Sim/5.1/user.config.json'
[Info] [carb] Logging to file: /home/oedeh/.venv/isaacsim5/lib/python3.11/site-packages/isaacsim/kit/logs/Kit/Isaac-Sim/5.1/kit_20260729_214518.log
2026-07-30T02:45:18Z [4ms] [Warning] [omni.ext.plugin] [ext: isaaclab_newton] Extensions config 'extension.toml' doesn't exist '/home/oedeh/IsaacLab/source/isaaclab_newton' or '/home/oedeh/IsaacLab/source/isaaclab_newton/config'
2026-07-30T02:45:18Z [4ms] [Warning] [omni.ext.plugin] [ext: isaaclab_physx] Extensions config 'extension.toml' doesn't exist '/home/oedeh/IsaacLab/source/isaaclab_physx' or '/home/oedeh/IsaacLab/source/isaaclab_physx/config'
2026-07-30T02:45:18Z [4ms] [Warning] [omni.ext.plugin] [ext: isaaclab_ppisp] Extensions config 'extension.toml' doesn't exist '/home/oedeh/IsaacLab/source/isaaclab_ppisp' or '/home/oedeh/IsaacLab/source/isaaclab_ppisp/config'

|---------------------------------------------------------------------------------------------|
| Driver Version: 580.173.02    | Graphics API: Vulkan
|=============================================================================================|
| GPU | Name                             | Active | LDA | GPU Memory | Vendor-ID | LUID       |
|     |                                  |        |     |            | Device-ID | UUID       |
|     |                                  |        |     |            | Bus-ID    |            |
|---------------------------------------------------------------------------------------------|
| 0   | NVIDIA GeForce RTX 5090          | Yes: 0 |     | 32607   MB | 10de      | 0          |
|     |                                  |        |     |            | 2b85      | d9b11bde.. |
|     |                                  |        |     |            | 2         |            |
|=============================================================================================|
| OS: 24.04.4 LTS (Noble Numbat) ubuntu, Version: 24.04.4, Kernel: 6.17.0-22-generic
| XServer Vendor: The X.Org Foundation, XServer Version: 12101011 (1.21.1.11)
| Processor: Intel(R) Core(TM) Ultra 9 285K
| Cores: 24 | Logical Cores: 24
|---------------------------------------------------------------------------------------------|
| Total Memory (MB): 31668 | Free Memory: 25326
| Total Page/Swap (MB): 8191 | Free Page/Swap: 5679
|---------------------------------------------------------------------------------------------|
2026-07-30T02:45:19Z [759ms] [Warning] [gpu.foundation.plugin] CPU performance profile is set to powersave. This profile sets the CPU to the lowest frequency reducing performance.
2026-07-30T02:45:19Z [767ms] [Warning] [gpu.foundation.plugin] PCIe link width current (8) and maximum (16) for device 0 don't match.
2026-07-30T02:45:20Z [2,259ms] [Warning] [omni.log] Source: omni.hydra was already registered.
2026-07-30T02:45:20Z [2,341ms] [Warning] [carb] Acquiring non optional plugin interface which is not listed as dependency: [omni::physx::IPhysxBenchmarks v1.0] (plugin: <default plugin>), by client: omni.physics.physx.plugin. Add it to CARB_PLUGIN_IMPL_DEPS() macro of a client.
2026-07-30T02:45:20Z [2,459ms] [Warning] [omni.isaac.dynamic_control] omni.isaac.dynamic_control is deprecated as of Isaac Sim 4.5. No action is needed from end-users.
2026-07-30T02:45:22Z [3,647ms] [Warning] [pxr.Semantics] pxr.Semantics is deprecated - please use Semantics instead
2026-07-30T02:45:22Z [3,708ms] [Warning] [omni.graph.core.plugin] Found duplicate of category 'Replicator' - was 'Annotators', adding 'Fabric Reader'
2026-07-30T02:45:22Z [3,708ms] [Warning] [omni.graph.core.plugin] Category 'Replicator' not accepted on node type 'omni.replicator.core.FabricReader' in extension 'omni.replicator.core'
2026-07-30T02:45:22Z [3,708ms] [Warning] [omni.replicator.core.scripts.extension] No material configuration file, adding configuration to material settings directly.
2026-07-30T02:45:24Z [5,968ms] [Warning] [omni.fabric.plugin] Warning: attribute viewportHandle not found for bucket id 7

[INFO][AppLauncher]: Using device: cuda:0
[INFO][AppLauncher]: Loading experience file: /home/oedeh/IsaacLab/apps/isaaclab.python.headless.rendering.kit
[INFO]: Parsing configuration from: <class 'isaac.isaaclab_tasks.synria_pickplace.env_cfg.SynriaChessPickPlaceEnvCfg'>

[36m======================================================================================[0m
[36m[1m[INFO][IsaacLab]: Logging to file: /tmp/isaaclab/logs/isaaclab_2026-07-29_21-45-24.log[0m
[36m======================================================================================[0m

[33m21:45:24 [simulation_context.py] WARNING: The `enable_external_forces_every_iteration` parameter in the PhysxCfg is set to False. If you are experiencing noisy velocities, consider enabling this flag. You may need to slightly increase the number of velocity iterations (setting it to 1 or 2 rather than 0), together with this flag, to improve the accuracy of velocity updates.[0m
[INFO]: Base environment:
	Environment device    : cuda:0
	Environment seed      : 123
	Physics step-size     : 0.016666666666666666
	Rendering step-size   : 0.016666666666666666
	Environment step-size : 0.03333333333333333
[33m21:45:24 [manager_based_env.py] WARNING: The render interval (1) is smaller than the decimation (2). Multiple render calls will happen for each environment step. If this is not intended, set the render interval to be equal to the decimation.[0m
[INFO]: Time taken for scene creation : 0.569176 seconds
[INFO]: Scene manager:  <class InteractiveScene>
	Number of environments: 16
	Environment spacing   : 2.0
	Source prim name      : /World/envs/env_0
	Global prim paths     : []
	Replicate physics     : False
[INFO]: Starting the simulation. This may take a few seconds. Please wait...
[INFO]: Time taken for simulation start : 1.519887 seconds
[INFO] Command Manager:  <CommandManager> contains 0 active terms.
+------------------------+
|  Active Command Terms  |
+--------+-------+-------+
| Index  | Name  |  Type |
+--------+-------+-------+
+--------+-------+-------+

[INFO] Event Manager:  <EventManager> contains 2 active terms.
+----------------------------------+
| Active Event Terms in Mode: 'reset' |
+-----------+----------------------+
|   Index   | Name                 |
+-----------+----------------------+
|     0     | reset_trial          |
+-----------+----------------------+
+--------------------------------------------------+
|      Active Event Terms in Mode: 'interval'      |
+-------+----------------+-------------------------+
| Index | Name           | Interval time range (s) |
+-------+----------------+-------------------------+
|   0   | hold_staged    |       (0.03, 0.04)      |
|   1   | attach_carried |       (0.03, 0.04)      |
+-------+----------------+-------------------------+

[INFO] Recorder Manager:  <RecorderManager> contains 0 active terms.
+---------------------+
| Active Recorder Terms |
+-----------+---------+
|   Index   | Name    |
+-----------+---------+
+-----------+---------+

[INFO] Action Manager:  <ActionManager> contains 2 active terms.
+-----------------------------------+
|   Active Action Terms (shape: 8)  |
+-------+---------------+-----------+
| Index | Name          | Dimension |
+-------+---------------+-----------+
|   0   | arm_joint_pos |         6 |
|   1   | gripper       |         2 |
+-------+---------------+-----------+

[INFO] Observation Manager: <ObservationManager> contains 1 groups.
+---------------------------------------------------------+
| Active Observation Terms in Group: 'policy' (shape: (68,)) |
+------------+-------------------------------+------------+
|   Index    | Name                          |   Shape    |
+------------+-------------------------------+------------+
|     0      | joint_state                   |   (13,)    |
|     1      | ee_pose                       |    (7,)    |
|     2      | piece_pos                     |    (3,)    |
|     3      | target_piece_id               |   (32,)    |
|     4      | target_zone_id                |    (4,)    |
|     5      | target_pos                    |    (4,)    |
|     6      | trial_phase                   |    (5,)    |
+------------+-------------------------------+------------+

[INFO] Termination Manager:  <TerminationManager> contains 4 active terms.
+----------------------------------------+
|        Active Termination Terms        |
+-------+---------------------+----------+
| Index | Name                | Time Out |
+-------+---------------------+----------+
|   0   | time_out            |   True   |
|   1   | piece_dropped       |  False   |
|   2   | piece_out_of_bounds |  False   |
|   3   | collision           |  False   |
+-------+---------------------+----------+

[INFO] Reward Manager:  <RewardManager> contains 18 active terms.
+-------------------------------------------------+
|               Active Reward Terms               |
+-------+--------------------------------+--------+
| Index | Name                           | Weight |
+-------+--------------------------------+--------+
|   0   | piece_to_target_distance       |  600.0 |
|   1   | ee_to_piece_distance           |  300.0 |
|   2   | piece_lift                     |    1.5 |
|   3   | gripper_to_piece_when_grasping |    0.3 |
|   4   | hold_maintenance               |    1.0 |
|   5   | carry_drop                     |   15.0 |
|   6   | release_at_zone                |   90.0 |
|   7   | lower_at_zone                  |   15.0 |
|   8   | approach_guidance              |   0.15 |
|   9   | carry_guidance                 |    0.2 |
|   10  | hold_at_zone                   |    0.0 |
|   11  | action_norm_penalty            |  -0.01 |
|   12  | grasp_confirmed                |  300.0 |
|   13  | return_home                    |   60.0 |
|   14  | cycle_complete                 |  900.0 |
|   15  | piece_in_zone                  |  300.0 |
|   16  | piece_dropped                  |   30.0 |
|   17  | collision                      |   30.0 |
+-------+--------------------------------+--------+

[INFO] Curriculum Manager:  <CurriculumManager> contains 0 active terms.
+----------------------+
| Active Curriculum Terms |
+-----------+----------+
|   Index   | Name     |
+-----------+----------+
+-----------+----------+

[INFO]: Completed setting up the environment...
[pick] DISTURBED env13 at step=7 stage=PIVOT t_in=7 disp=12mm
[pick] DISTURBED env4 at step=9 stage=PIVOT t_in=9 disp=21mm
[pick] DISTURBED env5 at step=9 stage=PIVOT t_in=9 disp=22mm
[pick] DISTURBED env9 at step=10 stage=PIVOT t_in=10 disp=15mm
[pick] DISTURBED env15 at step=10 stage=PIVOT t_in=10 disp=17mm
[pick] CLOSE-entry env0: grasp_centre=[-0.0964893102645874, 0.07376930862665176, 0.8215842843055725] cup_gt=[-0.09249496459960938, 0.08086156845092773, 0.8149995803833008] delta=[-0.004, -0.007, 0.007]
[pick] CLOSE-entry env6: grasp_centre=[-0.08246920257806778, 0.1348879635334015, 0.8298985958099365] cup_gt=[-0.0924949049949646, 0.13586115837097168, 0.8149998188018799] delta=[0.01, -0.001, 0.015]
[pick] DISTURBED env11 at step=212 stage=DESCEND t_in=144 disp=25mm
[pick] HOLD refused envs [0, 6]: gc-cup dist [0.051, 0.072] — retrying descent
[pick] CLOSE-entry env2: grasp_centre=[-0.0487704873085022, 0.042590972036123276, 0.8152327537536621] cup_gt=[-0.037729740142822266, 0.025941014289855957, 0.8149995803833008] delta=[-0.011, 0.017, 0.0]
[pick] CLOSE-entry env14: grasp_centre=[-0.03617405891418457, 0.10015873610973358, 0.8428611755371094] cup_gt=[-0.04128837585449219, 0.0816107988357544, 0.8150003552436829] delta=[0.005, 0.019, 0.028]
[pick] CLOSE-entry env0: grasp_centre=[-0.09747328609228134, 0.0868510901927948, 0.8257577419281006] cup_gt=[-0.09249496459960938, 0.08086156845092773, 0.8149995803833008] delta=[-0.005, 0.006, 0.011]
[pick] HOLD engaged for envs [0]
[pick] DISTURBED env0 at step=276 stage=CLOSE t_in=6 disp=10mm
[pick] CLOSE-entry env12: grasp_centre=[-0.03935279697179794, 0.08789082616567612, 0.8400158286094666] cup_gt=[-0.0415647029876709, 0.0811913013458252, 0.8150003552436829] delta=[0.002, 0.007, 0.025]
[pick] CLOSE-entry env8: grasp_centre=[-0.05256577581167221, 0.0856669545173645, 0.8034971356391907] cup_gt=[-0.04150569438934326, 0.08177542686462402, 0.8150001168251038] delta=[-0.011, 0.004, -0.012]
[pick] HOLD refused envs [2]: gc-cup dist [0.111] — retrying descent
[pick] HOLD refused envs [14]: gc-cup dist [0.116] — retrying descent
[pick] HOLD engaged for envs [0]
[pick] DISTURBED env6 at step=341 stage=DESCEND t_in=90 disp=10mm
[pick] HOLD refused envs [12]: gc-cup dist [0.084] — retrying descent
[pick] CLOSE-entry env1: grasp_centre=[-0.09873038530349731, 0.09940901398658752, 0.8366596698760986] cup_gt=[-0.09249496459960938, 0.08086156845092773, 0.8149996399879456] delta=[-0.006, 0.019, 0.022]
[pick] HOLD refused envs [8]: gc-cup dist [0.096] — retrying descent
[pick] CLOSE-entry env8: grasp_centre=[-0.05359819531440735, 0.07355840504169464, 0.8061649799346924] cup_gt=[-0.04150569438934326, 0.08177542686462402, 0.8150001168251038] delta=[-0.012, -0.008, -0.009]
[pick] CLOSE-entry env12: grasp_centre=[-0.049177978187799454, 0.07286383956670761, 0.8057745695114136] cup_gt=[-0.04156494140625, 0.0811913013458252, 0.8150004148483276] delta=[-0.008, -0.008, -0.009]
[pick] HOLD refused envs [1]: gc-cup dist [0.109] — retrying descent
[pick] HOLD refused envs [8]: gc-cup dist [0.085] — retrying descent
[pick] HOLD refused envs [12]: gc-cup dist [0.083] — retrying descent
[pick] CLOSE-entry env8: grasp_centre=[-0.05239233374595642, 0.08280478417873383, 0.8042164444923401] cup_gt=[-0.04150569438934326, 0.08177542686462402, 0.8150001168251038] delta=[-0.011, 0.001, -0.011]
[pick] CLOSE-entry env1: grasp_centre=[-0.11007512360811234, 0.09151487797498703, 0.8118676543235779] cup_gt=[-0.09249496459960938, 0.08086133003234863, 0.8149995803833008] delta=[-0.018, 0.011, -0.003]
[pick] HOLD refused envs [8]: gc-cup dist [0.095] — retrying descent
[pick] HOLD refused envs [1]: gc-cup dist [0.07] — retrying descent
[pick] CLOSE-entry env8: grasp_centre=[-0.05373828858137131, 0.08829914033412933, 0.8101615309715271] cup_gt=[-0.04150569438934326, 0.08177542686462402, 0.8150001168251038] delta=[-0.012, 0.007, -0.005]
[pick] CLOSE-entry env1: grasp_centre=[-0.0989568755030632, 0.09873342514038086, 0.8235617280006409] cup_gt=[-0.09249496459960938, 0.08086156845092773, 0.8149996399879456] delta=[-0.006, 0.018, 0.009]
[pick] PLACED: envs [0] completed pick-move-place
[rec] episode 1/200 saved (len=617, env=0)
[pick] HOLD refused envs [8]: gc-cup dist [0.092] — retrying descent
[pick] HOLD engaged for envs [1]
[pick] DISTURBED env1 at step=677 stage=LIFT t_in=1 disp=22mm
[pick] CLOSE-entry env8: grasp_centre=[-0.04702033847570419, 0.08304385840892792, 0.8079566955566406] cup_gt=[-0.04150569438934326, 0.08177542686462402, 0.8150001168251038] delta=[-0.006, 0.001, -0.007]
[pick] HOLD refused envs [8]: gc-cup dist [0.09] — retrying descent
[pick] CLOSE-entry env8: grasp_centre=[-0.04751475900411606, 0.08250034600496292, 0.8066306114196777] cup_gt=[-0.04150569438934326, 0.08177542686462402, 0.8150001168251038] delta=[-0.006, 0.001, -0.008]
[pick] HOLD refused envs [8]: gc-cup dist [0.09] — retrying descent
[pick] DISTURBED env1 at step=901 stage=PIVOT t_in=1 disp=51mm
[pick] DISTURBED env14 at step=905 stage=PIVOT t_in=5 disp=22mm
[pick] DISTURBED env12 at step=907 stage=PIVOT t_in=7 disp=12mm
[pick] DISTURBED env3 at step=926 stage=APPROACH t_in=5 disp=29mm
[pick] DISTURBED env0 at step=928 stage=APPROACH t_in=7 disp=15mm
[pick] DISTURBED env7 at step=928 stage=APPROACH t_in=7 disp=16mm
[pick] DISTURBED env10 at step=930 stage=APPROACH t_in=9 disp=8mm
[pick] DISTURBED env6 at step=932 stage=APPROACH t_in=11 disp=19mm
[pick] DISTURBED env15 at step=932 stage=APPROACH t_in=10 disp=23mm
[pick] DISTURBED env9 at step=933 stage=APPROACH t_in=11 disp=8mm
[pick] CLOSE-entry env1: grasp_centre=[0.055291950702667236, 0.18228501081466675, 0.8085551261901855] cup_gt=[0.06319499015808105, 0.1645115613937378, 0.8149996399879456] delta=[-0.008, 0.018, -0.006]
[pick] CLOSE-entry env2: grasp_centre=[-0.09478197246789932, -0.06965550780296326, 0.833841860294342] cup_gt=[-0.09206724166870117, -0.08107972145080566, 0.8149996399879456] delta=[-0.003, 0.011, 0.019]
[pick] HOLD refused envs [1]: gc-cup dist [0.04] — retrying descent
[pick] CLOSE-entry env5: grasp_centre=[-0.08677943795919418, -0.09190740436315536, 0.8301955461502075] cup_gt=[-0.09138166904449463, -0.08362853527069092, 0.8149998784065247] delta=[0.005, -0.008, 0.015]
[pick] HOLD engaged for envs [2]
[pick] DISTURBED env2 at step=1185 stage=LIFT t_in=1 disp=10mm
[pick] HOLD engaged for envs [5]
[pick] DISTURBED env5 at step=1246 stage=LIFT t_in=2 disp=18mm
[pick] DISTURBED env4 at step=1330 stage=DESCEND t_in=271 disp=8mm
[pick] PLACED: envs [2] completed pick-move-place
[rec] episode 2/200 saved (len=570, env=2)
[pick] PLACED: envs [5] completed pick-move-place
[rec] episode 3/200 saved (len=623, env=5)
[pick] DISTURBED env11 at step=1824 stage=APPROACH t_in=3 disp=8mm
[pick] DISTURBED env0 at step=1825 stage=APPROACH t_in=4 disp=28mm
[pick] DISTURBED env9 at step=1825 stage=APPROACH t_in=4 disp=29mm
[pick] DISTURBED env1 at step=1827 stage=APPROACH t_in=6 disp=20mm
[pick] DISTURBED env8 at step=1827 stage=APPROACH t_in=6 disp=19mm
[pick] DISTURBED env6 at step=1828 stage=APPROACH t_in=7 disp=9mm
[pick] DISTURBED env2 at step=1829 stage=APPROACH t_in=8 disp=21mm
[pick] DISTURBED env13 at step=1829 stage=APPROACH t_in=8 disp=10mm
[pick] DISTURBED env10 at step=1830 stage=APPROACH t_in=9 disp=10mm
[pick] DISTURBED env3 at step=1831 stage=APPROACH t_in=10 disp=9mm
[pick] CLOSE-entry env9: grasp_centre=[-0.09111689031124115, -0.10847795009613037, 0.8301105499267578] cup_gt=[-0.09457659721374512, -0.10282659530639648, 0.8150001764297485] delta=[0.003, -0.006, 0.015]
[pick] CLOSE-entry env10: grasp_centre=[-0.08154820650815964, 0.12402219325304031, 0.8349093198776245] cup_gt=[-0.09886550903320312, 0.13216817378997803, 0.8150001764297485] delta=[0.017, -0.008, 0.02]
[pick] HOLD engaged for envs [9]
[pick] HOLD refused envs [10]: gc-cup dist [0.082] — retrying descent
[pick] CLOSE-entry env10: grasp_centre=[-0.12328244000673294, 0.17252056300640106, 0.8082472085952759] cup_gt=[-0.09886646270751953, 0.13216781616210938, 0.8150001168251038] delta=[-0.024, 0.04, -0.007]
[pick] CLOSE-entry env6: grasp_centre=[-0.10363201797008514, 0.1258261799812317, 0.8380661010742188] cup_gt=[-0.11230766773223877, 0.11911308765411377, 0.8149998188018799] delta=[0.009, 0.007, 0.023]
[pick] HOLD refused envs [10]: gc-cup dist [0.136] — retrying descent
[pick] HOLD refused envs [6]: gc-cup dist [0.086] — retrying descent
[pick] PLACED: envs [9] completed pick-move-place
[rec] episode 4/200 saved (len=519, env=9)
[pick] CLOSE-entry env6: grasp_centre=[-0.0987916961312294, 0.12011164426803589, 0.8399999141693115] cup_gt=[-0.11230820417404175, 0.11911308765411377, 0.8149998188018799] delta=[0.014, 0.001, 0.025]
[pick] CLOSE-entry env10: grasp_centre=[-0.11625028401613235, 0.17756900191307068, 0.8101249933242798] cup_gt=[-0.14390528202056885, 0.1833796501159668, 0.81514972448349] delta=[0.028, -0.006, -0.005]
[pick] HOLD engaged for envs [6]
[pick] HOLD refused envs [10]: gc-cup dist [0.113] — retrying descent
[pick] DISTURBED env0 at step=2725 stage=APPROACH t_in=4 disp=13mm
[pick] DISTURBED env4 at step=2725 stage=APPROACH t_in=4 disp=14mm
[pick] DISTURBED env7 at step=2725 stage=APPROACH t_in=4 disp=27mm
[pick] DISTURBED env10 at step=2725 stage=APPROACH t_in=4 disp=18mm
[pick] DISTURBED env11 at step=2725 stage=APPROACH t_in=4 disp=12mm
[pick] DISTURBED env13 at step=2725 stage=APPROACH t_in=4 disp=10mm
[pick] DISTURBED env15 at step=2725 stage=APPROACH t_in=4 disp=28mm
[pick] DISTURBED env12 at step=2728 stage=APPROACH t_in=6 disp=23mm
[pick] DISTURBED env5 at step=2729 stage=APPROACH t_in=8 disp=10mm
[pick] DISTURBED env8 at step=2729 stage=APPROACH t_in=8 disp=13mm
[pick] DISTURBED env14 at step=2729 stage=APPROACH t_in=8 disp=9mm
[pick] DISTURBED env1 at step=2730 stage=APPROACH t_in=9 disp=13mm
[pick] CLOSE-entry env4: grasp_centre=[-0.09482277184724808, -0.1114981546998024, 0.8034467697143555] cup_gt=[-0.07385927438735962, -0.09900379180908203, 0.8149999380111694] delta=[-0.021, -0.012, -0.012]
[pick] HOLD refused envs [4]: gc-cup dist [0.047] — retrying descent
[pick] CLOSE-entry env9: grasp_centre=[-0.04495440050959587, 0.08754691481590271, 0.8050136566162109] cup_gt=[-0.03636455535888672, 0.08346730470657349, 0.8150001168251038] delta=[-0.009, 0.004, -0.01]
[pick] CLOSE-entry env10: grasp_centre=[-0.1801842451095581, 0.19866617023944855, 0.8043203949928284] cup_gt=[-0.15997886657714844, 0.17480623722076416, 0.8100001811981201] delta=[-0.02, 0.024, -0.006]
[pick] HOLD refused envs [9]: gc-cup dist [0.076] — retrying descent
[pick] HOLD engaged for envs [10]
[pick] DISTURBED env3 at step=2979 stage=DESCEND t_in=128 disp=14mm
[pick] CLOSE-entry env4: grasp_centre=[-0.08473879843950272, -0.10805392265319824, 0.8155177235603333] cup_gt=[-0.07385963201522827, -0.09900307655334473, 0.8149998784065247] delta=[-0.011, -0.009, 0.001]
[pick] HOLD refused envs [4]: gc-cup dist [0.049] — retrying descent
[pick] CLOSE-entry env9: grasp_centre=[-0.04967667907476425, 0.09061923623085022, 0.8075181245803833] cup_gt=[-0.03636455535888672, 0.08346736431121826, 0.8150001168251038] delta=[-0.013, 0.007, -0.007]
[pick] PLACED: envs [10] completed pick-move-place
[rec] episode 5/200 saved (len=544, env=10)
[pick] HOLD refused envs [9]: gc-cup dist [0.1] — retrying descent
[pick] CLOSE-entry env9: grasp_centre=[-0.04623263701796532, 0.0772019624710083, 0.8072239756584167] cup_gt=[-0.03636455535888672, 0.08346730470657349, 0.8150001168251038] delta=[-0.01, -0.006, -0.008]
[pick] HOLD refused envs [9]: gc-cup dist [0.081] — retrying descent
[pick] CLOSE-entry env9: grasp_centre=[-0.04969452694058418, 0.08615563064813614, 0.8050246834754944] cup_gt=[-0.03636455535888672, 0.08346736431121826, 0.8150001168251038] delta=[-0.013, 0.003, -0.01]
[pick] HOLD refused envs [9]: gc-cup dist [0.096] — retrying descent
[pick] DISTURBED env11 at step=3605 stage=PIVOT t_in=5 disp=9mm
[pick] DISTURBED env5 at step=3626 stage=APPROACH t_in=5 disp=9mm
[pick] DISTURBED env6 at step=3627 stage=APPROACH t_in=6 disp=9mm
[pick] DISTURBED env8 at step=3627 stage=APPROACH t_in=6 disp=18mm
[pick] DISTURBED env10 at step=3627 stage=APPROACH t_in=6 disp=9mm
[pick] DISTURBED env2 at step=3628 stage=APPROACH t_in=7 disp=29mm
[pick] DISTURBED env14 at step=3629 stage=APPROACH t_in=8 disp=9mm
[pick] DISTURBED env15 at step=3629 stage=APPROACH t_in=8 disp=12mm
[pick] DISTURBED env9 at step=3631 stage=APPROACH t_in=10 disp=12mm
[pick] DISTURBED env0 at step=3634 stage=APPROACH t_in=10 disp=13mm
[pick] DISTURBED env7 at step=3720 stage=DESCEND t_in=76 disp=10mm
[pick] CLOSE-entry env13: grasp_centre=[-0.10366906225681305, -0.14295344054698944, 0.8085930347442627] cup_gt=[-0.09227776527404785, -0.13904309272766113, 0.8150004148483276] delta=[-0.011, -0.004, -0.006]
[pick] CLOSE-entry env10: grasp_centre=[-0.1299038827419281, 0.16982445120811462, 0.8113439679145813] cup_gt=[-0.17589235305786133, 0.20220446586608887, 0.8100001811981201] delta=[0.046, -0.032, 0.001]
[pick] CLOSE-entry env3: grasp_centre=[-0.02147834375500679, -0.14663314819335938, 0.8327637314796448] cup_gt=[-0.03753089904785156, -0.1360335350036621, 0.8149995803833008] delta=[0.016, -0.011, 0.018]
[pick] HOLD engaged for envs [10]
[pick] DISTURBED env13 at step=3761 stage=CLOSE t_in=28 disp=12mm
[pick] HOLD refused envs [13]: gc-cup dist [0.181] — retrying descent
[pick] DISTURBED env3 at step=3805 stage=CLOSE t_in=58 disp=22mm
[pick] HOLD engaged for envs [10]
[pick] HOLD refused envs [3]: gc-cup dist [0.066] — retrying descent
[pick] CLOSE-entry env6: grasp_centre=[-0.07457330822944641, 0.07955858111381531, 0.8091937303543091] cup_gt=[-0.0645909309387207, 0.07270479202270508, 0.8149998188018799] delta=[-0.01, 0.007, -0.006]
[pick] DISTURBED env4 at step=3850 stage=DESCEND t_in=79 disp=10mm
[pick] DISTURBED env1 at step=3861 stage=DESCEND t_in=65 disp=10mm
[pick] HOLD refused envs [6]: gc-cup dist [0.048] — retrying descent
[pick] CLOSE-entry env6: grasp_centre=[-0.07766580581665039, 0.08081571757793427, 0.8121222257614136] cup_gt=[-0.0645909309387207, 0.07270479202270508, 0.8149998188018799] delta=[-0.013, 0.008, -0.003]
[pick] HOLD refused envs [6]: gc-cup dist [0.054] — retrying descent
[pick] CLOSE-entry env6: grasp_centre=[-0.07535666227340698, 0.08188469707965851, 0.8113465905189514] cup_gt=[-0.0645909309387207, 0.07270479202270508, 0.8149998188018799] delta=[-0.011, 0.009, -0.004]
[pick] HOLD refused envs [6]: gc-cup dist [0.057] — retrying descent
[pick] PLACED: envs [10] completed pick-move-place
[rec] episode 6/200 saved (len=491, env=10)
[pick] DISTURBED env0 at step=4525 stage=APPROACH t_in=4 disp=11mm
[pick] DISTURBED env5 at step=4525 stage=APPROACH t_in=4 disp=31mm
[pick] DISTURBED env14 at step=4526 stage=APPROACH t_in=5 disp=10mm
[pick] DISTURBED env13 at step=4527 stage=APPROACH t_in=6 disp=9mm
[pick] DISTURBED env8 at step=4528 stage=APPROACH t_in=7 disp=17mm
[pick] DISTURBED env1 at step=4529 stage=APPROACH t_in=8 disp=9mm
[pick] DISTURBED env6 at step=4531 stage=APPROACH t_in=10 disp=22mm
[pick] DISTURBED env2 at step=4535 stage=APPROACH t_in=14 disp=9mm
[pick] DISTURBED env7 at step=4626 stage=DESCEND t_in=52 disp=22mm
[pick] CLOSE-entry env5: grasp_centre=[-0.13432475924491882, -0.12291678041219711, 0.8385772109031677] cup_gt=[-0.14356857538223267, -0.1256704330444336, 0.8149998784065247] delta=[0.009, 0.003, 0.024]
[pick] HOLD refused envs [5]: gc-cup dist [0.102] — retrying descent
[pick] CLOSE-entry env5: grasp_centre=[-0.16532638669013977, -0.14535139501094818, 0.8075049519538879] cup_gt=[-0.14356863498687744, -0.1256704330444336, 0.8149998188018799] delta=[-0.022, -0.02, -0.007]
[pick] DISTURBED env3 at step=4724 stage=DESCEND t_in=85 disp=18mm
[pick] CLOSE-entry env10: grasp_centre=[-0.09352264553308487, 0.08904330432415009, 0.8174474239349365] cup_gt=[-0.09249985218048096, 0.08250045776367188, 0.8150001764297485] delta=[-0.001, 0.007, 0.002]
[pick] HOLD engaged for envs [10]
[pick] DISTURBED env10 at step=4739 stage=CLOSE t_in=7 disp=10mm
[pick] CLOSE-entry env2: grasp_centre=[-0.08873480558395386, 0.10462288558483124, 0.8417631983757019] cup_gt=[-0.09691882133483887, 0.10296332836151123, 0.8099996447563171] delta=[0.008, 0.002, 0.032]
[pick] CLOSE-entry env8: grasp_centre=[-0.10321890562772751, 0.09847130626440048, 0.8333963751792908] cup_gt=[-0.11770260334014893, 0.11116290092468262, 0.8150001764297485] delta=[0.014, -0.013, 0.018]
[pick] HOLD refused envs [5]: gc-cup dist [0.115] — retrying descent
[pick] HOLD engaged for envs [10]
[pick] CLOSE-entry env5: grasp_centre=[-0.1236148253083229, -0.1110638827085495, 0.834309458732605] cup_gt=[-0.14356857538223267, -0.1256704330444336, 0.8149998188018799] delta=[0.02, 0.015, 0.019]
[pick] HOLD refused envs [2]: gc-cup dist [0.05] — retrying descent
[pick] HOLD refused envs [8]: gc-cup dist [0.056] — retrying descent
[pick] CLOSE-entry env0: grasp_centre=[-0.1004035696387291, 0.11653652042150497, 0.8425975441932678] cup_gt=[-0.12856101989746094, 0.12293767929077148, 0.8149995803833008] delta=[0.028, -0.006, 0.028]
[pick] CLOSE-entry env8: grasp_centre=[-0.1361648440361023, 0.1449299454689026, 0.8065929412841797] cup_gt=[-0.11770248413085938, 0.11116266250610352, 0.8150001168251038] delta=[-0.018, 0.034, -0.008]
[pick] CLOSE-entry env15: grasp_centre=[-0.09197542071342468, -0.05891890078783035, 0.8264791965484619] cup_gt=[-0.09278607368469238, -0.08097624778747559, 0.8150004148483276] delta=[0.001, 0.022, 0.011]
[pick] HOLD engaged for envs [15]
[pick] DISTURBED env15 at step=4864 stage=CLOSE t_in=6 disp=9mm
[pick] HOLD refused envs [5]: gc-cup dist [0.096] — retrying descent
[pick] HOLD refused envs [0, 8]: gc-cup dist [0.055, 0.084] — retrying descent
[pick] HOLD engaged for envs [15]
[pick] CLOSE-entry env8: grasp_centre=[-0.1418219655752182, 0.13232246041297913, 0.8136884570121765] cup_gt=[-0.11770248413085938, 0.11116266250610352, 0.8150001168251038] delta=[-0.024, 0.021, -0.001]
[pick] CLOSE-entry env5: grasp_centre=[-0.13095413148403168, -0.12231512367725372, 0.8366931080818176] cup_gt=[-0.14356791973114014, -0.1256704330444336, 0.8149998784065247] delta=[0.013, 0.003, 0.022]
[pick] HOLD engaged for envs [8]
[pick] HOLD refused envs [5]: gc-cup dist [0.075] — retrying descent
[pick] CLOSE-entry env0: grasp_centre=[-0.15700218081474304, 0.15363730490207672, 0.8155689835548401] cup_gt=[-0.12856101989746094, 0.12293767929077148, 0.8149995803833008] delta=[-0.028, 0.031, 0.001]
[pick] PLACED: envs [10] completed pick-move-place
[rec] episode 7/200 saved (len=584, env=10)
[pick] HOLD refused envs [0]: gc-cup dist [0.102] — retrying descent
[pick] CLOSE-entry env5: grasp_centre=[-0.12817925214767456, -0.12178512662649155, 0.8386722803115845] cup_gt=[-0.14356863498687744, -0.1256704330444336, 0.8149998784065247] delta=[0.015, 0.004, 0.024]
[pick] PLACED: envs [15] completed pick-move-place
[rec] episode 8/200 saved (len=698, env=15)
[pick] HOLD refused envs [5]: gc-cup dist [0.103] — retrying descent
[pick] CLOSE-entry env5: grasp_centre=[-0.12375305593013763, -0.11870627105236053, 0.8402018547058105] cup_gt=[-0.14356791973114014, -0.1256704330444336, 0.8149998784065247] delta=[0.02, 0.007, 0.025]
[pick] PLACED: envs [8] completed pick-move-place
[rec] episode 9/200 saved (len=822, env=8)
[pick] HOLD refused envs [5]: gc-cup dist [0.084] — retrying descent
[pick] DISTURBED env6 at step=5424 stage=APPROACH t_in=3 disp=29mm
[pick] DISTURBED env1 at step=5425 stage=APPROACH t_in=4 disp=20mm
[pick] DISTURBED env9 at step=5429 stage=APPROACH t_in=8 disp=18mm
[pick] DISTURBED env11 at step=5429 stage=APPROACH t_in=8 disp=12mm
[pick] DISTURBED env15 at step=5429 stage=APPROACH t_in=8 disp=25mm
[pick] DISTURBED env7 at step=5432 stage=APPROACH t_in=11 disp=17mm
[pick] DISTURBED env13 at step=5434 stage=APPROACH t_in=12 disp=23mm
[pick] DISTURBED env3 at step=5436 stage=APPROACH t_in=13 disp=15mm
[pick] DISTURBED env8 at step=5558 stage=DESCEND t_in=80 disp=10mm
[pick] DISTURBED env5 at step=5653 stage=DESCEND t_in=68 disp=9mm
[pick] DISTURBED env5 at step=6302 stage=PIVOT t_in=2 disp=11mm
[pick] DISTURBED env9 at step=6325 stage=APPROACH t_in=4 disp=30mm
[pick] DISTURBED env15 at step=6325 stage=APPROACH t_in=4 disp=9mm
[pick] DISTURBED env0 at step=6326 stage=APPROACH t_in=5 disp=11mm
[pick] DISTURBED env10 at step=6326 stage=APPROACH t_in=5 disp=35mm
[pick] DISTURBED env3 at step=6327 stage=APPROACH t_in=5 disp=20mm
[pick] DISTURBED env7 at step=6330 stage=APPROACH t_in=9 disp=13mm
[pick] DISTURBED env14 at step=6330 stage=APPROACH t_in=9 disp=13mm
[pick] DISTURBED env6 at step=6332 stage=APPROACH t_in=11 disp=12mm
[pick] DISTURBED env8 at step=6332 stage=APPROACH t_in=10 disp=13mm
[pick] CLOSE-entry env0: grasp_centre=[-0.09500232338905334, 0.11144417524337769, 0.8403849601745605] cup_gt=[-0.10845351219177246, 0.11145210266113281, 0.8149995803833008] delta=[0.013, -0.0, 0.025]
[pick] CLOSE-entry env6: grasp_centre=[-0.09855294972658157, 0.10465144366025925, 0.8370087742805481] cup_gt=[-0.09778368473052979, 0.09586107730865479, 0.8149998188018799] delta=[-0.001, 0.009, 0.022]
[pick] HOLD refused envs [0]: gc-cup dist [0.099] — retrying descent
[pick] HOLD refused envs [6]: gc-cup dist [0.036] — retrying descent
[pick] CLOSE-entry env1: grasp_centre=[-0.09313850104808807, -0.07607158273458481, 0.8203434348106384] cup_gt=[-0.09249997138977051, -0.08249974250793457, 0.8149995803833008] delta=[-0.001, 0.006, 0.005]
[pick] HOLD engaged for envs [1]
[pick] CLOSE-entry env0: grasp_centre=[-0.13587766885757446, 0.13778892159461975, 0.8078517317771912] cup_gt=[-0.10845398902893066, 0.11145186424255371, 0.8149995803833008] delta=[-0.027, 0.026, -0.007]
[pick] DISTURBED env1 at step=6577 stage=CLOSE t_in=8 disp=10mm
[pick] HOLD engaged for envs [1]
[pick] HOLD engaged for envs [0]
[pick] CLOSE-entry env11: grasp_centre=[-0.048891663551330566, -0.0773463249206543, 0.8000942468643188] cup_gt=[-0.03750109672546387, -0.08250021934509277, 0.8150001764297485] delta=[-0.011, 0.005, -0.015]
[pick] HOLD refused envs [11]: gc-cup dist [0.086] — retrying descent
[pick] CLOSE-entry env11: grasp_centre=[-0.056528348475694656, -0.0831470862030983, 0.8056609034538269] cup_gt=[-0.03750050067901611, -0.08249998092651367, 0.8150002360343933] delta=[-0.019, -0.001, -0.009]
[pick] HOLD refused envs [11]: gc-cup dist [0.09] — retrying descent
[pick] CLOSE-entry env13: grasp_centre=[-0.07221543788909912, 0.08256786316633224, 0.836139976978302] cup_gt=[-0.09066319465637207, 0.07933390140533447, 0.8150003552436829] delta=[0.018, 0.003, 0.021]
[pick] HOLD engaged for envs [13]
[pick] DISTURBED env13 at step=6864 stage=LIFT t_in=1 disp=9mm
[pick] PLACED: envs [1] completed pick-move-place
[rec] episode 10/200 saved (len=618, env=1)
[pick] PLACED: envs [0] completed pick-move-place
[rec] episode 11/200 saved (len=634, env=0)
[pick] CLOSE-entry env11: grasp_centre=[-0.05222427845001221, -0.07766327261924744, 0.8004149794578552] cup_gt=[-0.037500977516174316, -0.08250021934509277, 0.8150001764297485] delta=[-0.015, 0.005, -0.015]
[pick] PLACED: envs [13] completed pick-move-place
[rec] episode 12/200 saved (len=843, env=13)
[pick] HOLD refused envs [11]: gc-cup dist [0.089] — retrying descent
[pick] DISTURBED env0 at step=7227 stage=APPROACH t_in=6 disp=16mm
[pick] DISTURBED env14 at step=7227 stage=APPROACH t_in=6 disp=10mm
[pick] DISTURBED env7 at step=7228 stage=APPROACH t_in=7 disp=14mm
[pick] DISTURBED env13 at step=7228 stage=APPROACH t_in=7 disp=15mm
[pick] DISTURBED env1 at step=7229 stage=APPROACH t_in=8 disp=18mm
[pick] DISTURBED env8 at step=7229 stage=APPROACH t_in=8 disp=14mm
[pick] DISTURBED env5 at step=7336 stage=DESCEND t_in=56 disp=22mm
[pick] CLOSE-entry env1: grasp_centre=[-0.04534201696515083, -0.08035863935947418, 0.8174899220466614] cup_gt=[-0.040866851806640625, -0.10251748561859131, 0.8149995803833008] delta=[-0.004, 0.022, 0.002]
[pick] DISTURBED env6 at step=7404 stage=DESCEND t_in=75 disp=19mm
[pick] HOLD engaged for envs [1]
[pick] DISTURBED env2 at step=7553 stage=DESCEND t_in=212 disp=11mm
[pick] PLACED: envs [1] completed pick-move-place
[rec] episode 13/200 saved (len=506, env=1)
[pick] DISTURBED env5 at step=8102 stage=PIVOT t_in=2 disp=9mm
[pick] DISTURBED env2 at step=8104 stage=PIVOT t_in=4 disp=30mm
[pick] DISTURBED env7 at step=8125 stage=APPROACH t_in=4 disp=32mm
[pick] DISTURBED env10 at step=8125 stage=APPROACH t_in=4 disp=9mm
[pick] DISTURBED env8 at step=8126 stage=APPROACH t_in=5 disp=12mm
[pick] DISTURBED env11 at step=8127 stage=APPROACH t_in=6 disp=20mm
[pick] DISTURBED env6 at step=8390 stage=DESCEND t_in=126 disp=10mm
[pick] DISTURBED env9 at step=8407 stage=DESCEND t_in=80 disp=8mm
[pick] CLOSE-entry env7: grasp_centre=[-0.12712404131889343, -0.10632471740245819, 0.8152511715888977] cup_gt=[-0.10869377851486206, -0.10351753234863281, 0.8149998188018799] delta=[-0.018, -0.003, 0.0]
[pick] HOLD refused envs [7]: gc-cup dist [0.037] — retrying descent
[pick] CLOSE-entry env7: grasp_centre=[-0.11630070209503174, -0.10055054724216461, 0.8254230618476868] cup_gt=[-0.10869359970092773, -0.10351753234863281, 0.8149998784065247] delta=[-0.008, 0.003, 0.01]
[pick] HOLD engaged for envs [7]
[pick] HOLD engaged for envs [7]
[pick] PLACED: envs [7] completed pick-move-place
[rec] episode 14/200 saved (len=725, env=7)
[pick] DISTURBED env13 at step=9026 stage=APPROACH t_in=5 disp=8mm
[pick] DISTURBED env14 at step=9027 stage=APPROACH t_in=6 disp=21mm
[pick] DISTURBED env1 at step=9028 stage=APPROACH t_in=5 disp=24mm
[pick] DISTURBED env6 at step=9028 stage=APPROACH t_in=7 disp=11mm
[pick] DISTURBED env11 at step=9029 stage=APPROACH t_in=8 disp=16mm
[pick] DISTURBED env0 at step=9030 stage=APPROACH t_in=9 disp=10mm
[pick] DISTURBED env8 at step=9033 stage=APPROACH t_in=12 disp=9mm
[pick] CLOSE-entry env11: grasp_centre=[-0.09456172585487366, 0.12144463509321213, 0.8332936763763428] cup_gt=[-0.10699152946472168, 0.1295318603515625, 0.8150001168251038] delta=[0.012, -0.008, 0.018]
[pick] CLOSE-entry env5: grasp_centre=[-0.08113520592451096, 0.08476484566926956, 0.8402329087257385] cup_gt=[-0.09249991178512573, 0.08250010013580322, 0.8149998188018799] delta=[0.011, 0.002, 0.025]
[pick] HOLD refused envs [11]: gc-cup dist [0.062] — retrying descent
[pick] HOLD refused envs [5]: gc-cup dist [0.082] — retrying descent
[pick] CLOSE-entry env7: grasp_centre=[-0.09341614693403244, 0.10282577574253082, 0.8275381326675415] cup_gt=[-0.09213447570800781, 0.08342313766479492, 0.8149998784065247] delta=[-0.001, 0.019, 0.013]
[pick] HOLD refused envs [7]: gc-cup dist [0.048] — retrying descent
[pick] CLOSE-entry env7: grasp_centre=[-0.10551489889621735, 0.09847643971443176, 0.8125654458999634] cup_gt=[-0.09213453531265259, 0.08342289924621582, 0.8149998188018799] delta=[-0.013, 0.015, -0.002]
[pick] DISTURBED env9 at step=9375 stage=APPROACH t_in=4 disp=25mm
[pick] CLOSE-entry env5: grasp_centre=[-0.08539140224456787, 0.07914552092552185, 0.8269670605659485] cup_gt=[-0.09249979257583618, 0.082500159740448, 0.8149998188018799] delta=[0.007, -0.003, 0.012]
[pick] HOLD refused envs [7]: gc-cup dist [0.073] — retrying descent
[pick] CLOSE-entry env7: grasp_centre=[-0.10189008712768555, 0.09370623528957367, 0.8118403553962708] cup_gt=[-0.09213453531265259, 0.08342313766479492, 0.8149998188018799] delta=[-0.01, 0.01, -0.003]
[pick] HOLD refused envs [5]: gc-cup dist [0.035] — retrying descent
[pick] CLOSE-entry env5: grasp_centre=[-0.09300951659679413, 0.09921683371067047, 0.8315991163253784] cup_gt=[-0.09249985218048096, 0.082500159740448, 0.8149998188018799] delta=[-0.001, 0.017, 0.017]
[pick] HOLD refused envs [7]: gc-cup dist [0.055] — retrying descent
[pick] CLOSE-entry env7: grasp_centre=[-0.10189530998468399, 0.09501570463180542, 0.8058841228485107] cup_gt=[-0.09213447570800781, 0.08342289924621582, 0.8149998188018799] delta=[-0.01, 0.012, -0.009]
[pick] HOLD engaged for envs [5]
[pick] DISTURBED env5 at step=9512 stage=LIFT t_in=1 disp=24mm
[pick] HOLD engaged for envs [7]
[pick] DISTURBED env7 at step=9570 stage=LIFT t_in=1 disp=9mm
[pick] CLOSE-entry env9: grasp_centre=[-0.21442463994026184, 0.19263596832752228, 0.8144692778587341] cup_gt=[-0.2046952247619629, 0.279274582862854, 0.8100001811981201] delta=[-0.01, -0.087, 0.004]
[pick] HOLD refused envs [9]: gc-cup dist [0.078] — retrying descent
[pick] PLACED: envs [5] completed pick-move-place
[rec] episode 15/200 saved (len=793, env=5)
[pick] PLACED: envs [7] completed pick-move-place
[rec] episode 16/200 saved (len=846, env=7)
[pick] DISTURBED env11 at step=9923 stage=APPROACH t_in=2 disp=16mm
[pick] DISTURBED env10 at step=9927 stage=APPROACH t_in=6 disp=23mm
[pick] DISTURBED env0 at step=9928 stage=APPROACH t_in=7 disp=23mm
[pick] DISTURBED env2 at step=9929 stage=APPROACH t_in=8 disp=30mm
[pick] DISTURBED env5 at step=9929 stage=APPROACH t_in=8 disp=12mm
[pick] DISTURBED env1 at step=9934 stage=APPROACH t_in=13 disp=12mm
[pick] CLOSE-entry env7: grasp_centre=[-0.05702158063650131, 0.0889507532119751, 0.8071414232254028] cup_gt=[-0.039195120334625244, 0.08394598960876465, 0.8149998784065247] delta=[-0.018, 0.005, -0.008]
[pick] CLOSE-entry env11: grasp_centre=[-0.19490240514278412, 0.17197293043136597, 0.810181200504303] cup_gt=[-0.17137253284454346, 0.15665674209594727, 0.8100001811981201] delta=[-0.024, 0.015, 0.0]
[pick] HOLD refused envs [7]: gc-cup dist [0.13] — retrying descent
[pick] HOLD refused envs [11]: gc-cup dist [0.078] — retrying descent
[pick] CLOSE-entry env11: grasp_centre=[-0.1921118199825287, 0.18378368020057678, 0.816711962223053] cup_gt=[-0.17135322093963623, 0.156630277633667, 0.8100001811981201] delta=[-0.021, 0.027, 0.007]
[pick] CLOSE-entry env7: grasp_centre=[-0.055456697940826416, 0.09502469748258591, 0.8012750744819641] cup_gt=[-0.03919452428817749, 0.08394598960876465, 0.8149998188018799] delta=[-0.016, 0.011, -0.014]
[pick] HOLD engaged for envs [11]
[pick] CLOSE-entry env1: grasp_centre=[-0.1873852163553238, -0.1512710303068161, 0.8166941404342651] cup_gt=[-0.16333866119384766, -0.1318451166152954, 0.8099995851516724] delta=[-0.024, -0.019, 0.007]
[pick] HOLD refused envs [7]: gc-cup dist [0.118] — retrying descent
[pick] HOLD engaged for envs [1]
[pick] PLACED: envs [11] completed pick-move-place
[rec] episode 17/200 saved (len=732, env=11)
[pick] PLACED: envs [1] completed pick-move-place
[rec] episode 18/200 saved (len=786, env=1)
[pick] DISTURBED env11 at step=10809 stage=PIVOT t_in=9 disp=16mm
[pick] DISTURBED env10 at step=10824 stage=APPROACH t_in=3 disp=19mm
[pick] DISTURBED env6 at step=10825 stage=APPROACH t_in=4 disp=16mm
[pick] DISTURBED env8 at step=10825 stage=APPROACH t_in=4 disp=30mm
[pick] DISTURBED env13 at step=10826 stage=APPROACH t_in=5 disp=53mm
[pick] DISTURBED env0 at step=10829 stage=APPROACH t_in=8 disp=16mm
[pick] DISTURBED env14 at step=10830 stage=APPROACH t_in=9 disp=12mm
[pick] DISTURBED env1 at step=10831 stage=APPROACH t_in=10 disp=26mm
[pick] DISTURBED env2 at step=10948 stage=DESCEND t_in=52 disp=16mm
[pick] CLOSE-entry env6: grasp_centre=[-0.13397939503192902, -0.10302970558404922, 0.8158876895904541] cup_gt=[-0.11716169118881226, -0.08989059925079346, 0.8149998784065247] delta=[-0.017, -0.013, 0.001]
[pick] HOLD engaged for envs [6]
[pick] HOLD engaged for envs [6]
[pick] CLOSE-entry env1: grasp_centre=[-0.09171105921268463, -0.10801077634096146, 0.8381174206733704] cup_gt=[-0.0955803394317627, -0.09049832820892334, 0.8149995803833008] delta=[0.004, -0.018, 0.023]
[pick] HOLD engaged for envs [1]
[pick] PLACED: envs [6] completed pick-move-place
[rec] episode 19/200 saved (len=507, env=6)
[pick] PLACED: envs [1] completed pick-move-place
[rec] episode 20/200 saved (len=725, env=1)
[pick] DISTURBED env0 at step=11725 stage=APPROACH t_in=4 disp=25mm
[pick] DISTURBED env14 at step=11725 stage=APPROACH t_in=4 disp=16mm
[pick] DISTURBED env11 at step=11731 stage=APPROACH t_in=10 disp=14mm
[pick] CLOSE-entry env5: grasp_centre=[-0.10566646605730057, 0.1598363071680069, 0.8054794073104858] cup_gt=[-0.09249484539031982, 0.13586145639419556, 0.8149998784065247] delta=[-0.013, 0.024, -0.01]
[pick] DISTURBED env8 at step=11931 stage=DESCEND t_in=31 disp=25mm
[pick] DISTURBED env10 at step=11933 stage=DESCEND t_in=148 disp=52mm
[pick] DISTURBED env5 at step=11964 stage=CLOSE t_in=60 disp=9mm
[pick] HOLD refused envs [5]: gc-cup dist [0.047] — retrying descent
[pick] CLOSE-entry env7: grasp_centre=[-0.08098018914461136, 0.1313788741827011, 0.8305005431175232] cup_gt=[-0.09228163957595825, 0.1360025405883789, 0.8149998784065247] delta=[0.011, -0.005, 0.016]
[pick] HOLD refused envs [7]: gc-cup dist [0.071] — retrying descent
[pick] CLOSE-entry env7: grasp_centre=[-0.0864129289984703, 0.13410428166389465, 0.8441832661628723] cup_gt=[-0.09228211641311646, 0.1360018253326416, 0.8149998188018799] delta=[0.006, -0.002, 0.029]
[pick] HOLD refused envs [7]: gc-cup dist [0.123] — retrying descent
[pick] DISTURBED env7 at step=12160 stage=DESCEND t_in=22 disp=15mm
[pick] CLOSE-entry env5: grasp_centre=[-0.07719913125038147, 0.1279383897781372, 0.8448390960693359] cup_gt=[-0.09007614850997925, 0.14652442932128906, 0.8149998188018799] delta=[0.013, -0.019, 0.03]
[pick] HOLD refused envs [5]: gc-cup dist [0.052] — retrying descent
[pick] CLOSE-entry env9: grasp_centre=[-0.0823291465640068, -0.07810050249099731, 0.8399730324745178] cup_gt=[-0.0924997329711914, -0.08094930648803711, 0.8150001764297485] delta=[0.01, 0.003, 0.025]
[pick] HOLD engaged for envs [9]
[pick] DISTURBED env9 at step=12406 stage=LIFT t_in=1 disp=8mm
[pick] DISTURBED env7 at step=12606 stage=PIVOT t_in=6 disp=24mm
[pick] DISTURBED env8 at step=12606 stage=PIVOT t_in=6 disp=17mm
[pick] DISTURBED env6 at step=12625 stage=APPROACH t_in=4 disp=17mm
[pick] DISTURBED env11 at step=12626 stage=APPROACH t_in=5 disp=9mm
[pick] DISTURBED env2 at step=12627 stage=APPROACH t_in=6 disp=9mm
[pick] DISTURBED env1 at step=12629 stage=APPROACH t_in=7 disp=10mm
[pick] DISTURBED env10 at step=12634 stage=APPROACH t_in=10 disp=16mm
[pick] PLACED: envs [9] completed pick-move-place
[rec] episode 21/200 saved (len=668, env=9)
[pick] DISTURBED env5 at step=12807 stage=DESCEND t_in=81 disp=13mm
[pick] CLOSE-entry env8: grasp_centre=[-0.09928981959819794, 0.08567307889461517, 0.8079900741577148] cup_gt=[-0.07668721675872803, 0.0843501091003418, 0.8150001764297485] delta=[-0.023, 0.001, -0.007]
[pick] CLOSE-entry env11: grasp_centre=[-0.17129722237586975, 0.191778764128685, 0.8085640072822571] cup_gt=[-0.15635597705841064, 0.1871964931488037, 0.8100002408027649] delta=[-0.015, 0.005, -0.001]
[pick] HOLD refused envs [8]: gc-cup dist [0.056] — retrying descent
[pick] HOLD refused envs [11]: gc-cup dist [0.135] — retrying descent
[pick] CLOSE-entry env8: grasp_centre=[-0.09124501049518585, 0.09425852447748184, 0.8164576292037964] cup_gt=[-0.07668721675872803, 0.0843501091003418, 0.8150001764297485] delta=[-0.015, 0.01, 0.001]
[pick] HOLD refused envs [8]: gc-cup dist [0.047] — retrying descent
[pick] CLOSE-entry env8: grasp_centre=[-0.08500823378562927, 0.0969173014163971, 0.8204169869422913] cup_gt=[-0.07668721675872803, 0.0843501091003418, 0.8150001168251038] delta=[-0.008, 0.013, 0.005]
[pick] HOLD engaged for envs [8]
[pick] HOLD engaged for envs [8]
[pick] DISTURBED env6 at step=13320 stage=DESCEND t_in=190 disp=12mm
[pick] DISTURBED env7 at step=13523 stage=APPROACH t_in=2 disp=20mm
[pick] DISTURBED env14 at step=13527 stage=APPROACH t_in=6 disp=24mm
[pick] DISTURBED env10 at step=13528 stage=APPROACH t_in=7 disp=15mm
[pick] DISTURBED env2 at step=13533 stage=APPROACH t_in=12 disp=22mm
[pick] DISTURBED env0 at step=13678 stage=DESCEND t_in=104 disp=17mm
[pick] CLOSE-entry env7: grasp_centre=[-0.0763888955116272, 0.07493715733289719, 0.8295412659645081] cup_gt=[-0.07399106025695801, 0.06540870666503906, 0.8149998188018799] delta=[-0.002, 0.01, 0.015]
[pick] DISTURBED env9 at step=13875 stage=APPROACH t_in=4 disp=10mm
[pick] HOLD engaged for envs [7]
[pick] DISTURBED env6 at step=13995 stage=APPROACH t_in=16 disp=19mm
[pick] CLOSE-entry env9: grasp_centre=[-0.22153033316135406, 0.16691145300865173, 0.8142479062080383] cup_gt=[-0.195581316947937, 0.14190661907196045, 0.8100001811981201] delta=[-0.026, 0.025, 0.004]
[pick] PLACED: envs [7] completed pick-move-place
[rec] episode 22/200 saved (len=676, env=7)
[pick] HOLD refused envs [9]: gc-cup dist [0.047] — retrying descent
[pick] CLOSE-entry env9: grasp_centre=[-0.22351861000061035, 0.16638816893100739, 0.8174869418144226] cup_gt=[-0.195581316947937, 0.14190644025802612, 0.8100001811981201] delta=[-0.028, 0.024, 0.007]
[pick] HOLD refused envs [9]: gc-cup dist [0.053] — retrying descent
[pick] CLOSE-entry env6: grasp_centre=[-0.024709340184926987, 0.1516016721725464, 0.8413984179496765] cup_gt=[0.0012248754501342773, 0.18193697929382324, 0.8099998831748962] delta=[-0.026, -0.03, 0.031]
[pick] HOLD refused envs [6]: gc-cup dist [0.09] — retrying descent
[pick] DISTURBED env0 at step=14406 stage=PIVOT t_in=6 disp=16mm
[pick] CLOSE-entry env9: grasp_centre=[-0.2241368591785431, 0.16880270838737488, 0.8141047954559326] cup_gt=[-0.195581316947937, 0.1419064998626709, 0.8100001811981201] delta=[-0.029, 0.027, 0.004]
[pick] DISTURBED env8 at step=14425 stage=APPROACH t_in=4 disp=16mm
[pick] DISTURBED env5 at step=14430 stage=APPROACH t_in=9 disp=12mm
[pick] HOLD refused envs [9]: gc-cup dist [0.111] — retrying descent
[pick] CLOSE-entry env9: grasp_centre=[-0.22208735346794128, 0.16761945188045502, 0.815975546836853] cup_gt=[-0.19558119773864746, 0.14190620183944702, 0.8100001811981201] delta=[-0.027, 0.026, 0.006]
[pick] HOLD refused envs [9]: gc-cup dist [0.045] — retrying descent
[pick] DISTURBED env14 at step=14584 stage=DESCEND t_in=64 disp=11mm
[pick] DISTURBED env10 at step=14607 stage=DESCEND t_in=143 disp=17mm
[pick] CLOSE-entry env9: grasp_centre=[-0.2229946255683899, 0.16844265162944794, 0.8125309944152832] cup_gt=[-0.19558119773864746, 0.1419062614440918, 0.8100001811981201] delta=[-0.027, 0.027, 0.003]
[pick] DISTURBED env11 at step=14652 stage=DESCEND t_in=96 disp=11mm
[pick] CLOSE-entry env1: grasp_centre=[-0.04065653681755066, -0.08471748232841492, 0.8277722597122192] cup_gt=[-0.037833452224731445, -0.08104777336120605, 0.8149995803833008] delta=[-0.003, -0.004, 0.013]
[pick] HOLD engaged for envs [1]
[pick] DISTURBED env1 at step=14671 stage=CLOSE t_in=7 disp=12mm
[pick] CLOSE-entry env10: grasp_centre=[-0.10394598543643951, 0.17312748730182648, 0.8010305762290955] cup_gt=[-0.07804512977600098, 0.22395718097686768, 0.8100001811981201] delta=[-0.026, -0.051, -0.009]
[pick] HOLD refused envs [9]: gc-cup dist [0.1] — retrying descent
[pick] HOLD engaged for envs [1]
[pick] CLOSE-entry env8: grasp_centre=[-0.1160217672586441, 0.08325651288032532, 0.8439884781837463] cup_gt=[-0.12627005577087402, 0.08562207221984863, 0.8150001168251038] delta=[0.01, -0.002, 0.029]
[pick] HOLD refused envs [10]: gc-cup dist [0.172] — retrying descent
[pick] HOLD refused envs [8]: gc-cup dist [0.086] — retrying descent
[pick] DISTURBED env6 at step=14881 stage=APPROACH t_in=3 disp=9mm
[pick] PLACED: envs [1] completed pick-move-place
[rec] episode 23/200 saved (len=617, env=1)
[pick] CLOSE-entry env6: grasp_centre=[-0.11799624562263489, 0.060768380761146545, 0.83049076795578] cup_gt=[-0.11838573217391968, 0.08018279075622559, 0.8099998831748962] delta=[0.0, -0.019, 0.02]
[pick] HOLD refused envs [6]: gc-cup dist [0.106] — retrying descent
[pick] CLOSE-entry env6: grasp_centre=[-0.13432633876800537, 0.1050356850028038, 0.8246778249740601] cup_gt=[-0.11836612224578857, 0.08015501499176025, 0.8099998235702515] delta=[-0.016, 0.025, 0.015]
[pick] HOLD refused envs [6]: gc-cup dist [0.115] — retrying descent
[pick] CLOSE-entry env6: grasp_centre=[-0.13431784510612488, 0.10693036764860153, 0.8228194713592529] cup_gt=[-0.1183508038520813, 0.08013272285461426, 0.8099998831748962] delta=[-0.016, 0.027, 0.013]
[pick] HOLD refused envs [6]: gc-cup dist [0.098] — retrying descent
[pick] DISTURBED env2 at step=15325 stage=APPROACH t_in=4 disp=12mm
[pick] DISTURBED env5 at step=15325 stage=APPROACH t_in=4 disp=10mm
[pick] DISTURBED env14 at step=15328 stage=APPROACH t_in=7 disp=21mm
[pick] DISTURBED env7 at step=15329 stage=APPROACH t_in=8 disp=8mm
[pick] DISTURBED env0 at step=15336 stage=APPROACH t_in=10 disp=21mm
[pick] CLOSE-entry env6: grasp_centre=[-0.13597841560840607, 0.0973292663693428, 0.8137584924697876] cup_gt=[-0.11833029985427856, 0.08010232448577881, 0.8099998831748962] delta=[-0.018, 0.017, 0.004]
[pick] HOLD refused envs [6]: gc-cup dist [0.118] — retrying descent
[pick] CLOSE-entry env2: grasp_centre=[-0.08371378481388092, 0.1079164668917656, 0.8053251504898071] cup_gt=[-0.06800174713134766, 0.09946262836456299, 0.8149995803833008] delta=[-0.016, 0.008, -0.01]
[pick] DISTURBED env10 at step=15453 stage=DESCEND t_in=57 disp=21mm
[pick] HOLD engaged for envs [2]
[pick] CLOSE-entry env6: grasp_centre=[-0.13205644488334656, 0.10488741844892502, 0.8109329342842102] cup_gt=[-0.11829924583435059, 0.08005726337432861, 0.8099998831748962] delta=[-0.014, 0.025, 0.001]
[pick] DISTURBED env10 at step=15541 stage=APPROACH t_in=17 disp=9mm
[pick] HOLD refused envs [6]: gc-cup dist [0.063] — retrying descent
[pick] DISTURBED env8 at step=15595 stage=DESCEND t_in=69 disp=13mm
[pick] DISTURBED env9 at step=15670 stage=PIVOT t_in=20 disp=11mm
[pick] CLOSE-entry env6: grasp_centre=[-0.13421115279197693, 0.09902127087116241, 0.8200965523719788] cup_gt=[-0.11826843023300171, 0.08001255989074707, 0.8099998831748962] delta=[-0.016, 0.019, 0.01]
[pick] HOLD refused envs [6]: gc-cup dist [0.119] — retrying descent
[pick] PLACED: envs [2] completed pick-move-place
[rec] episode 24/200 saved (len=459, env=2)
[pick] DISTURBED env11 at step=16225 stage=APPROACH t_in=4 disp=18mm
[pick] DISTURBED env7 at step=16226 stage=APPROACH t_in=5 disp=32mm
[pick] DISTURBED env14 at step=16226 stage=APPROACH t_in=5 disp=30mm
[pick] DISTURBED env2 at step=16230 stage=APPROACH t_in=9 disp=23mm
[pick] DISTURBED env8 at step=16232 stage=APPROACH t_in=10 disp=11mm
[pick] DISTURBED env5 at step=16377 stage=DESCEND t_in=64 disp=30mm
[pick] CLOSE-entry env11: grasp_centre=[-0.1841721534729004, 0.1688871681690216, 0.8286077976226807] cup_gt=[-0.2041947841644287, 0.17421627044677734, 0.8100003004074097] delta=[0.02, -0.005, 0.019]
[pick] HOLD refused envs [11]: gc-cup dist [0.158] — retrying descent
[pick] DISTURBED env9 at step=16582 stage=APPROACH t_in=9 disp=19mm
[pick] CLOSE-entry env11: grasp_centre=[-0.21798861026763916, 0.19027933478355408, 0.8184447288513184] cup_gt=[-0.20436179637908936, 0.17432355880737305, 0.8100001811981201] delta=[-0.014, 0.016, 0.008]
[pick] CLOSE-entry env10: grasp_centre=[-0.09142619371414185, -0.08096317946910858, 0.8224554657936096] cup_gt=[-0.09249985218048096, -0.08249956369400024, 0.8150001764297485] delta=[0.001, 0.002, 0.007]
[pick] CLOSE-entry env0: grasp_centre=[-0.10510995984077454, 0.0912848636507988, 0.8202783465385437] cup_gt=[-0.09250020980834961, 0.08249974250793457, 0.8149996399879456] delta=[-0.013, 0.009, 0.005]
[pick] HOLD engaged for envs [0]
[pick] DISTURBED env0 at step=16651 stage=CLOSE t_in=6 disp=9mm
[pick] DISTURBED env6 at step=16683 stage=APPROACH t_in=4 disp=9mm
[pick] HOLD refused envs [11]: gc-cup dist [0.059] — retrying descent
[pick] HOLD engaged for envs [10]
[pick] DISTURBED env10 at step=16703 stage=LIFT t_in=6 disp=12mm
[pick] HOLD engaged for envs [0]
[pick] PLACED: envs [10] completed pick-move-place
[rec] episode 25/200 saved (len=574, env=10)
[pick] PLACED: envs [0] completed pick-move-place
[rec] episode 26/200 saved (len=790, env=0)
[pick] DISTURBED env8 at step=17105 stage=PIVOT t_in=5 disp=15mm
[pick] DISTURBED env14 at step=17119 stage=PIVOT t_in=19 disp=17mm
[pick] DISTURBED env1 at step=17127 stage=APPROACH t_in=6 disp=20mm
[pick] DISTURBED env2 at step=17132 stage=APPROACH t_in=11 disp=23mm
[pick] CLOSE-entry env8: grasp_centre=[-0.05047764629125595, 0.05616479367017746, 0.812886118888855] cup_gt=[-0.042774319648742676, 0.06036734580993652, 0.8100001215934753] delta=[-0.008, -0.004, 0.003]
[pick] HOLD engaged for envs [8]
[pick] DISTURBED env7 at step=17239 stage=DESCEND t_in=58 disp=19mm
[pick] HOLD engaged for envs [8]
[pick] DISTURBED env9 at step=17481 stage=APPROACH t_in=10 disp=27mm
[pick] DISTURBED env6 at step=17586 stage=APPROACH t_in=8 disp=15mm
[pick] PLACED: envs [8] completed pick-move-place
[rec] episode 27/200 saved (len=504, env=8)
[pick] CLOSE-entry env10: grasp_centre=[-0.054282937198877335, 0.0922236293554306, 0.8059068918228149] cup_gt=[-0.03750050067901611, 0.08249998092651367, 0.8150002360343933] delta=[-0.017, 0.01, -0.009]
[pick] HOLD refused envs [10]: gc-cup dist [0.117] — retrying descent
[pick] CLOSE-entry env10: grasp_centre=[-0.04692219942808151, 0.09834825247526169, 0.8110470175743103] cup_gt=[-0.03750002384185791, 0.08250045776367188, 0.8150001764297485] delta=[-0.009, 0.016, -0.004]
[pick] HOLD refused envs [10]: gc-cup dist [0.088] — retrying descent
[pick] DISTURBED env2 at step=18025 stage=APPROACH t_in=4 disp=35mm
[pick] DISTURBED env14 at step=18025 stage=APPROACH t_in=4 disp=24mm
[pick] DISTURBED env5 at step=18028 stage=APPROACH t_in=7 disp=16mm
[pick] DISTURBED env11 at step=18034 stage=APPROACH t_in=12 disp=8mm
[pick] DISTURBED env7 at step=18094 stage=DESCEND t_in=26 disp=8mm
[pick] CLOSE-entry env8: grasp_centre=[-0.11949705332517624, 0.1864325851202011, 0.795574426651001] cup_gt=[-0.09249985218048096, 0.13750028610229492, 0.8150001764297485] delta=[-0.027, 0.049, -0.019]
[pick] DISTURBED env8 at step=18188 stage=CLOSE t_in=59 disp=20mm
[pick] HOLD refused envs [8]: gc-cup dist [0.046] — retrying descent
[pick] CLOSE-entry env0: grasp_centre=[-0.12108460068702698, -0.16370323300361633, 0.8034839630126953] cup_gt=[-0.09258794784545898, -0.13691449165344238, 0.8149995803833008] delta=[-0.028, -0.027, -0.012]
[pick] DISTURBED env10 at step=18228 stage=APPROACH t_in=5 disp=13mm
[pick] CLOSE-entry env1: grasp_centre=[-0.10498541593551636, 0.09383676946163177, 0.8178104758262634] cup_gt=[-0.09394645690917969, 0.0828738808631897, 0.8149995803833008] delta=[-0.011, 0.011, 0.003]
[pick] HOLD refused envs [0]: gc-cup dist [0.086] — retrying descent
[pick] DISTURBED env0 at step=18264 stage=DESCEND t_in=1 disp=12mm
[pick] CLOSE-entry env2: grasp_centre=[-0.16936390101909637, 0.14639653265476227, 0.8323821425437927] cup_gt=[-0.18508195877075195, 0.15616321563720703, 0.8099997043609619] delta=[0.016, -0.01, 0.022]
[pick] CLOSE-entry env11: grasp_centre=[-0.02172694355249405, 0.10279501974582672, 0.8490314483642578] cup_gt=[-0.028445124626159668, 0.07953310012817383, 0.8150001168251038] delta=[0.007, 0.023, 0.034]
[pick] HOLD refused envs [1]: gc-cup dist [0.065] — retrying descent
[pick] CLOSE-entry env1: grasp_centre=[-0.09984421730041504, 0.08155297487974167, 0.8277406692504883] cup_gt=[-0.09394621849060059, 0.0828738808631897, 0.8149995803833008] delta=[-0.006, -0.001, 0.013]
[pick] HOLD refused envs [2]: gc-cup dist [0.079] — retrying descent
[pick] HOLD refused envs [11]: gc-cup dist [0.073] — retrying descent
[pick] DISTURBED env9 at step=18374 stage=APPROACH t_in=3 disp=14mm
[pick] HOLD refused envs [1]: gc-cup dist [0.039] — retrying descent
[pick] CLOSE-entry env1: grasp_centre=[-0.08462338894605637, 0.09252758324146271, 0.8409808874130249] cup_gt=[-0.09394645690917969, 0.0828738808631897, 0.8149995803833008] delta=[0.009, 0.01, 0.026]
[pick] CLOSE-entry env10: grasp_centre=[-0.07079804688692093, 0.09813658148050308, 0.842006266117096] cup_gt=[-0.07261490821838379, 0.07194626331329346, 0.8150001168251038] delta=[0.002, 0.026, 0.027]
[pick] CLOSE-entry env2: grasp_centre=[-0.21767280995845795, 0.1867331862449646, 0.8134723901748657] cup_gt=[-0.18506407737731934, 0.1561218500137329, 0.8099996447563171] delta=[-0.033, 0.031, 0.003]
[pick] DISTURBED env6 at step=18464 stage=PIVOT t_in=7 disp=9mm
[pick] HOLD engaged for envs [1]
[pick] DISTURBED env1 at step=18466 stage=LIFT t_in=1 disp=14mm
[pick] HOLD engaged for envs [10]
[pick] HOLD refused envs [2]: gc-cup dist [0.085] — retrying descent
[pick] CLOSE-entry env2: grasp_centre=[-0.21847981214523315, 0.18593654036521912, 0.8153177499771118] cup_gt=[-0.1850440502166748, 0.156075119972229, 0.8099996447563171] delta=[-0.033, 0.03, 0.005]
[pick] HOLD refused envs [2]: gc-cup dist [0.093] — retrying descent
[pick] CLOSE-entry env2: grasp_centre=[-0.21738097071647644, 0.18533040583133698, 0.815656304359436] cup_gt=[-0.18502259254455566, 0.15602505207061768, 0.8099996447563171] delta=[-0.032, 0.029, 0.006]
[pick] CLOSE-entry env9: grasp_centre=[-0.1505185067653656, -0.17757008969783783, 0.7987171411514282] cup_gt=[-0.12751877307891846, -0.15325260162353516, 0.8100001811981201] delta=[-0.023, -0.024, -0.011]
[pick] PLACED: envs [1] completed pick-move-place
[rec] episode 28/200 saved (len=750, env=1)
[pick] PLACED: envs [10] completed pick-move-place
[rec] episode 29/200 saved (len=551, env=10)
[pick] HOLD refused envs [2]: gc-cup dist [0.064] — retrying descent
[pick] HOLD refused envs [9]: gc-cup dist [0.067] — retrying descent
[pick] DISTURBED env11 at step=18904 stage=PIVOT t_in=4 disp=9mm
[pick] DISTURBED env1 at step=18928 stage=APPROACH t_in=7 disp=20mm
[pick] DISTURBED env8 at step=18930 stage=APPROACH t_in=9 disp=12mm
[pick] CLOSE-entry env9: grasp_centre=[-0.1560024619102478, -0.17971602082252502, 0.8013151288032532] cup_gt=[-0.12748801708221436, -0.15321648120880127, 0.8100001811981201] delta=[-0.029, -0.026, -0.009]
[pick] HOLD refused envs [9]: gc-cup dist [0.058] — retrying descent
[pick] CLOSE-entry env5: grasp_centre=[-0.10038428753614426, 0.09891605377197266, 0.8342214822769165] cup_gt=[-0.09385192394256592, 0.08171206712722778, 0.8149998784065247] delta=[-0.007, 0.017, 0.019]
[pick] DISTURBED env14 at step=19085 stage=DESCEND t_in=62 disp=15mm
[pick] HOLD refused envs [5]: gc-cup dist [0.08] — retrying descent
[pick] CLOSE-entry env5: grasp_centre=[-0.11010906100273132, 0.09706433862447739, 0.8148446679115295] cup_gt=[-0.0938519835472107, 0.08171236515045166, 0.8149998784065247] delta=[-0.016, 0.015, -0.0]
[pick] CLOSE-entry env11: grasp_centre=[-0.07132531702518463, 0.08268019556999207, 0.8114712834358215] cup_gt=[-0.061573147773742676, 0.05420947074890137, 0.8100003004074097] delta=[-0.01, 0.028, 0.001]
[pick] DISTURBED env10 at step=19199 stage=DESCEND t_in=28 disp=10mm
[pick] CLOSE-entry env10: grasp_centre=[-0.10382451862096786, 0.1690778136253357, 0.8118642568588257] cup_gt=[-0.13304662704467773, 0.166753888130188, 0.8100250363349915] delta=[0.029, 0.002, 0.002]
[pick] HOLD engaged for envs [10]
[pick] HOLD refused envs [5]: gc-cup dist [0.036] — retrying descent
[pick] HOLD refused envs [11]: gc-cup dist [0.07] — retrying descent
[pick] CLOSE-entry env5: grasp_centre=[-0.09220414608716965, 0.07682865858078003, 0.8309611082077026] cup_gt=[-0.0938519835472107, 0.08171242475509644, 0.8149998188018799] delta=[0.002, -0.005, 0.016]
[pick] HOLD engaged for envs [10]
[pick] DISTURBED env9 at step=19279 stage=APPROACH t_in=8 disp=9mm
[pick] CLOSE-entry env0: grasp_centre=[-0.10230134427547455, -0.09394466876983643, 0.8175618052482605] cup_gt=[-0.0924997329711914, -0.08249998092651367, 0.8149995803833008] delta=[-0.01, -0.011, 0.003]
[pick] HOLD engaged for envs [0]
[pick] DISTURBED env0 at step=19289 stage=CLOSE t_in=8 disp=10mm
[pick] HOLD refused envs [5]: gc-cup dist [0.047] — retrying descent
[pick] HOLD engaged for envs [0]
[pick] CLOSE-entry env5: grasp_centre=[-0.10032666474580765, 0.09862463921308517, 0.8188831806182861] cup_gt=[-0.09114158153533936, 0.08018487691879272, 0.8149998784065247] delta=[-0.009, 0.018, 0.004]
[pick] HOLD refused envs [5]: gc-cup dist [0.042] — retrying descent
[pick] CLOSE-entry env5: grasp_centre=[-0.10803590714931488, 0.08913282305002213, 0.8146709203720093] cup_gt=[-0.09114164113998413, 0.0801849365234375, 0.8149998784065247] delta=[-0.017, 0.009, -0.0]
[pick] HOLD refused envs [5]: gc-cup dist [0.044] — retrying descent
[pick] DISTURBED env6 at step=19556 stage=DESCEND t_in=123 disp=11mm
[pick] PLACED: envs [0] completed pick-move-place
[rec] episode 30/200 saved (len=728, env=0)
[pick] DISTURBED env10 at step=19667 stage=DESCEND t_in=61 disp=8mm
[pick] CLOSE-entry env5: grasp_centre=[-0.10421944409608841, 0.09620125591754913, 0.8149192929267883] cup_gt=[-0.09114164113998413, 0.0801849365234375, 0.8149998784065247] delta=[-0.013, 0.016, -0.0]
[pick] HOLD refused envs [5]: gc-cup dist [0.035] — retrying descent
[pick] DISTURBED env14 at step=19804 stage=PIVOT t_in=4 disp=22mm
[pick] DISTURBED env2 at step=19817 stage=PIVOT t_in=17 disp=9mm
[pick] DISTURBED env0 at step=19828 stage=APPROACH t_in=7 disp=16mm
[pick] DISTURBED env7 at step=19958 stage=DESCEND t_in=33 disp=11mm
[pick] CLOSE-entry env11: grasp_centre=[-0.09841231256723404, 0.09820179641246796, 0.8298694491386414] cup_gt=[-0.09249985218048096, 0.08249998092651367, 0.8150001168251038] delta=[-0.006, 0.016, 0.015]
[pick] HOLD engaged for envs [11]
[pick] DISTURBED env11 at step=20072 stage=CLOSE t_in=7 disp=15mm
[pick] HOLD engaged for envs [11]
[pick] DISTURBED env6 at step=20262 stage=PIVOT t_in=5 disp=27mm
[pick] CLOSE-entry env9: grasp_centre=[-0.08430444449186325, -0.11692830175161362, 0.834465503692627] cup_gt=[-0.09249985218048096, -0.13749980926513672, 0.8150001168251038] delta=[0.008, 0.021, 0.019]
[pick] HOLD refused envs [9]: gc-cup dist [0.117] — retrying descent
[pick] PLACED: envs [11] completed pick-move-place
[rec] episode 31/200 saved (len=630, env=11)
[pick] DISTURBED env9 at step=20513 stage=DESCEND t_in=123 disp=13mm
[pick] DISTURBED env9 at step=20615 stage=APPROACH t_in=9 disp=22mm
[pick] DISTURBED env1 at step=20725 stage=APPROACH t_in=4 disp=59mm
[pick] DISTURBED env8 at step=20726 stage=APPROACH t_in=4 disp=11mm
[pick] DISTURBED env14 at step=20726 stage=APPROACH t_in=5 disp=8mm
[pick] DISTURBED env2 at step=20730 stage=APPROACH t_in=9 disp=24mm
[pick] DISTURBED env7 at step=20734 stage=APPROACH t_in=11 disp=19mm
[pick] CLOSE-entry env10: grasp_centre=[-0.09585238993167877, -0.08151569962501526, 0.8256804347038269] cup_gt=[-0.08927488327026367, -0.08499956130981445, 0.8150001168251038] delta=[-0.007, 0.003, 0.011]
[pick] HOLD engaged for envs [10]
[pick] DISTURBED env10 at step=20848 stage=CLOSE t_in=7 disp=12mm
[pick] CLOSE-entry env2: grasp_centre=[-0.057038016617298126, -0.08668064326047897, 0.815944492816925] cup_gt=[-0.04567885398864746, -0.08562242984771729, 0.8099996447563171] delta=[-0.011, -0.001, 0.006]
[pick] CLOSE-entry env9: grasp_centre=[-0.11507478356361389, -0.09344995766878128, 0.8203023076057434] cup_gt=[-0.09650206565856934, -0.0817333459854126, 0.8150001168251038] delta=[-0.019, -0.012, 0.005]
[pick] DISTURBED env11 at step=20881 stage=DESCEND t_in=57 disp=9mm
[pick] HOLD engaged for envs [10]
[pick] CLOSE-entry env5: grasp_centre=[-0.0975828468799591, 0.07949046045541763, 0.8179885745048523] cup_gt=[-0.09249407052993774, 0.08086109161376953, 0.8149998188018799] delta=[-0.005, -0.001, 0.003]
[pick] HOLD engaged for envs [5]
[pick] DISTURBED env5 at step=20911 stage=CLOSE t_in=7 disp=14mm
[pick] HOLD refused envs [2]: gc-cup dist [0.064] — retrying descent
[pick] HOLD engaged for envs [9]
[pick] HOLD engaged for envs [5]
[pick] CLOSE-entry env2: grasp_centre=[-0.04354793578386307, -0.08430331200361252, 0.8391314148902893] cup_gt=[-0.04567885398864746, -0.08562242984771729, 0.8099996447563171] delta=[0.002, 0.001, 0.029]
[pick] HOLD refused envs [2]: gc-cup dist [0.128] — retrying descent
[pick] PLACED: envs [10] completed pick-move-place
[rec] episode 32/200 saved (len=791, env=10)
[pick] PLACED: envs [9] completed pick-move-place
[rec] episode 33/200 saved (len=629, env=9)
[pick] PLACED: envs [5] completed pick-move-place
[rec] episode 34/200 saved (len=541, env=5)
[pick] DISTURBED env10 at step=21324 stage=APPROACH t_in=7 disp=15mm
[pick] DISTURBED env6 at step=21337 stage=DESCEND t_in=135 disp=17mm
[pick] DISTURBED env14 at step=21604 stage=PIVOT t_in=4 disp=21mm
[pick] DISTURBED env2 at step=21605 stage=PIVOT t_in=5 disp=26mm
[pick] DISTURBED env0 at step=21625 stage=APPROACH t_in=4 disp=100mm
[pick] DISTURBED env1 at step=21629 stage=APPROACH t_in=8 disp=16mm
[pick] DISTURBED env5 at step=21629 stage=APPROACH t_in=8 disp=14mm
[pick] DISTURBED env8 at step=21638 stage=APPROACH t_in=17 disp=14mm
[pick] DISTURBED env7 at step=21951 stage=DESCEND t_in=268 disp=13mm
[pick] DISTURBED env6 at step=22063 stage=PIVOT t_in=6 disp=20mm
[pick] DISTURBED env10 at step=22223 stage=APPROACH t_in=6 disp=10mm
[pick] DISTURBED env9 at step=22413 stage=APPROACH t_in=7 disp=16mm
[pick] DISTURBED env8 at step=22526 stage=APPROACH t_in=5 disp=33mm
[pick] DISTURBED env5 at step=22530 stage=APPROACH t_in=9 disp=13mm
[pick] DISTURBED env7 at step=22533 stage=APPROACH t_in=12 disp=12mm
[pick] DISTURBED env2 at step=22535 stage=APPROACH t_in=11 disp=11mm
[pick] DISTURBED env11 at step=22535 stage=APPROACH t_in=14 disp=25mm
[pick] CLOSE-entry env10: grasp_centre=[-0.1343492567539215, 0.18744225800037384, 0.825818657875061] cup_gt=[-0.13913869857788086, 0.18745338916778564, 0.8100001811981201] delta=[0.005, -0.0, 0.016]
[pick] HOLD engaged for envs [10]
[pick] CLOSE-entry env7: grasp_centre=[-0.0957525447010994, -0.07829593122005463, 0.8056784272193909] cup_gt=[-0.08734416961669922, -0.09721994400024414, 0.8099998831748962] delta=[-0.008, 0.019, -0.004]
[pick] PLACED: envs [10] completed pick-move-place
[rec] episode 35/200 saved (len=684, env=10)
[pick] HOLD refused envs [7]: gc-cup dist [0.057] — retrying descent
[pick] DISTURBED env6 at step=22982 stage=APPROACH t_in=4 disp=15mm
[pick] CLOSE-entry env7: grasp_centre=[-0.09234700351953506, -0.10830625891685486, 0.8208845853805542] cup_gt=[-0.08734387159347534, -0.09721970558166504, 0.8099998235702515] delta=[-0.005, -0.011, 0.011]
[pick] HOLD engaged for envs [7]
[pick] DISTURBED env10 at step=23123 stage=APPROACH t_in=6 disp=10mm
[pick] DISTURBED env9 at step=23311 stage=APPROACH t_in=5 disp=10mm
[pick] PLACED: envs [7] completed pick-move-place
[rec] episode 36/200 saved (len=880, env=7)
[pick] DISTURBED env0 at step=23427 stage=APPROACH t_in=6 disp=20mm
[pick] DISTURBED env11 at step=23427 stage=APPROACH t_in=6 disp=19mm
[pick] DISTURBED env2 at step=23431 stage=APPROACH t_in=10 disp=18mm
[pick] CLOSE-entry env5: grasp_centre=[-0.08780965209007263, 0.14910732209682465, 0.8197146058082581] cup_gt=[-0.09268051385879517, 0.13603746891021729, 0.8149998188018799] delta=[0.005, 0.013, 0.005]
[pick] HOLD engaged for envs [5]
[pick] DISTURBED env5 at step=23528 stage=CLOSE t_in=6 disp=12mm
[pick] CLOSE-entry env7: grasp_centre=[-0.03667539358139038, 0.14544230699539185, 0.8202443718910217] cup_gt=[-0.03749990463256836, 0.13750004768371582, 0.8149998188018799] delta=[0.001, 0.008, 0.005]
[pick] HOLD engaged for envs [5]
[pick] DISTURBED env7 at step=23585 stage=CLOSE t_in=28 disp=11mm
[pick] DISTURBED env1 at step=23604 stage=DESCEND t_in=94 disp=9mm
[pick] HOLD refused envs [7]: gc-cup dist [0.265] — retrying descent
[pick] PLACED: envs [5] completed pick-move-place
[rec] episode 37/200 saved (len=456, env=5)
[pick] DISTURBED env6 at step=24110 stage=DESCEND t_in=106 disp=13mm
[pick] DISTURBED env9 at step=24209 stage=APPROACH t_in=3 disp=21mm
[pick] DISTURBED env10 at step=24277 stage=DESCEND t_in=60 disp=21mm
[pick] DISTURBED env2 at step=24329 stage=APPROACH t_in=8 disp=14mm
[pick] DISTURBED env7 at step=24329 stage=APPROACH t_in=8 disp=21mm
[pick] DISTURBED env8 at step=24329 stage=APPROACH t_in=8 disp=14mm
[pick] DISTURBED env11 at step=24332 stage=APPROACH t_in=11 disp=15mm
[pick] CLOSE-entry env9: grasp_centre=[-0.1204790472984314, -0.1578960120677948, 0.8039488792419434] cup_gt=[-0.10236668586730957, -0.14585375785827637, 0.8150001764297485] delta=[-0.018, -0.012, -0.011]
[pick] HOLD refused envs [9]: gc-cup dist [0.1] — retrying descent
[pick] CLOSE-entry env9: grasp_centre=[-0.09914422780275345, -0.15142618119716644, 0.832663357257843] cup_gt=[-0.1648414134979248, -0.18540632724761963, 0.8100027441978455] delta=[0.066, 0.034, 0.023]
[pick] HOLD refused envs [9]: gc-cup dist [0.351] — retrying descent
[pick] DISTURBED env0 at step=24477 stage=DESCEND t_in=54 disp=12mm
[pick] CLOSE-entry env5: grasp_centre=[-0.08781416714191437, 0.09482535719871521, 0.8370487093925476] cup_gt=[-0.09085637331008911, 0.0833325982093811, 0.8149998784065247] delta=[0.003, 0.011, 0.022]
[pick] HOLD engaged for envs [5]
[pick] DISTURBED env5 at step=24657 stage=LIFT t_in=1 disp=14mm
[pick] CLOSE-entry env9: grasp_centre=[-0.08534913510084152, -0.11035145074129105, 0.8343831300735474] cup_gt=[-0.43417203426361084, -0.1377326250076294, 0.8100002408027649] delta=[0.349, 0.027, 0.024]
[pick] HOLD refused envs [9]: gc-cup dist [0.301] — retrying descent
[pick] DISTURBED env10 at step=24928 stage=APPROACH t_in=9 disp=13mm
[pick] PLACED: envs [5] completed pick-move-place
[rec] episode 38/200 saved (len=643, env=5)
[pick] DISTURBED env9 at step=25119 stage=APPROACH t_in=13 disp=20mm
[pick] DISTURBED env7 at step=25226 stage=APPROACH t_in=5 disp=9mm
[pick] DISTURBED env5 at step=25229 stage=APPROACH t_in=8 disp=10mm
[pick] DISTURBED env8 at step=25235 stage=APPROACH t_in=12 disp=26mm
[pick] CLOSE-entry env1: grasp_centre=[-0.09540937840938568, 0.09437968581914902, 0.8345787525177002] cup_gt=[-0.0920710563659668, 0.08392119407653809, 0.8149995803833008] delta=[-0.003, 0.01, 0.02]
[pick] HOLD refused envs [1]: gc-cup dist [0.037] — retrying descent
[pick] DISTURBED env0 at step=25452 stage=DESCEND t_in=79 disp=14mm
[pick] CLOSE-entry env1: grasp_centre=[-0.10582487285137177, 0.11287340521812439, 0.809459924697876] cup_gt=[-0.0920710563659668, 0.08392143249511719, 0.8149996399879456] delta=[-0.014, 0.029, -0.006]
[pick] HOLD refused envs [1]: gc-cup dist [0.083] — retrying descent
[pick] DISTURBED env6 at step=25691 stage=APPROACH t_in=13 disp=23mm
[pick] DISTURBED env1 at step=25701 stage=DESCEND t_in=75 disp=12mm
[pick] CLOSE-entry env1: grasp_centre=[-0.08939637243747711, 0.06974396854639053, 0.8366246819496155] cup_gt=[-0.0958564281463623, 0.09363698959350586, 0.8149995803833008] delta=[0.006, -0.024, 0.022]
[pick] HOLD refused envs [1]: gc-cup dist [0.038] — retrying descent
[pick] DISTURBED env10 at step=25825 stage=APPROACH t_in=8 disp=18mm
[pick] CLOSE-entry env1: grasp_centre=[-0.0991513803601265, 0.07491466403007507, 0.8227534294128418] cup_gt=[-0.0958561897277832, 0.09363716840744019, 0.8149996399879456] delta=[-0.003, -0.019, 0.008]
[pick] HOLD engaged for envs [1]
[pick] CLOSE-entry env6: grasp_centre=[-0.16467589139938354, -0.1715097725391388, 0.808903694152832] cup_gt=[-0.14166492223739624, -0.14764738082885742, 0.809999942779541] delta=[-0.023, -0.024, -0.001]
[pick] HOLD engaged for envs [1]
[pick] HOLD engaged for envs [6]
[pick] DISTURBED env1 at step=26101 stage=PIVOT t_in=1 disp=32mm
[pick] DISTURBED env5 at step=26104 stage=PIVOT t_in=4 disp=26mm
[pick] DISTURBED env8 at step=26125 stage=APPROACH t_in=4 disp=23mm
[pick] DISTURBED env2 at step=26128 stage=APPROACH t_in=7 disp=12mm
[pick] DISTURBED env7 at step=26136 stage=APPROACH t_in=13 disp=19mm
[pick] PLACED: envs [6] completed pick-move-place
[rec] episode 39/200 saved (len=619, env=6)
[pick] CLOSE-entry env8: grasp_centre=[-0.1555241197347641, -0.17322467267513275, 0.8007148504257202] cup_gt=[-0.1292349100112915, -0.15238642692565918, 0.8150001168251038] delta=[-0.026, -0.021, -0.014]
[pick] HOLD refused envs [8]: gc-cup dist [0.055] — retrying descent
[pick] CLOSE-entry env8: grasp_centre=[-0.15329371392726898, -0.1836768239736557, 0.8050998449325562] cup_gt=[-0.12923479080200195, -0.15238642692565918, 0.8150001168251038] delta=[-0.024, -0.031, -0.01]
[pick] HOLD refused envs [8]: gc-cup dist [0.092] — retrying descent
[pick] DISTURBED env1 at step=26447 stage=DESCEND t_in=66 disp=8mm
[pick] CLOSE-entry env6: grasp_centre=[-0.09199529141187668, 0.09079001098871231, 0.8302478194236755] cup_gt=[-0.09249991178512573, 0.08250021934509277, 0.8149998188018799] delta=[0.001, 0.008, 0.015]
[pick] HOLD refused envs [6]: gc-cup dist [0.039] — retrying descent
[pick] DISTURBED env7 at step=27025 stage=APPROACH t_in=4 disp=30mm
[pick] DISTURBED env11 at step=27028 stage=APPROACH t_in=7 disp=13mm
[pick] CLOSE-entry env6: grasp_centre=[-0.08943415433168411, 0.07077016681432724, 0.8266226053237915] cup_gt=[-0.09249985218048096, 0.08250010013580322, 0.8149998188018799] delta=[0.003, -0.012, 0.012]
[pick] HOLD engaged for envs [6]
[pick] DISTURBED env6 at step=27156 stage=LIFT t_in=1 disp=12mm
[pick] DISTURBED env5 at step=27158 stage=DESCEND t_in=56 disp=12mm
[pick] DISTURBED env1 at step=27401 stage=DESCEND t_in=80 disp=13mm
[pick] PLACED: envs [6] completed pick-move-place
[rec] episode 40/200 saved (len=876, env=6)
[pick] DISTURBED env6 at step=27488 stage=APPROACH t_in=10 disp=11mm
[pick] DISTURBED env10 at step=27626 stage=APPROACH t_in=9 disp=11mm
[pick] DISTURBED env9 at step=27812 stage=APPROACH t_in=6 disp=21mm
[pick] DISTURBED env2 at step=27926 stage=APPROACH t_in=5 disp=28mm
[pick] DISTURBED env11 at step=27926 stage=APPROACH t_in=5 disp=36mm
[pick] DISTURBED env0 at step=27927 stage=APPROACH t_in=6 disp=19mm
[pick] DISTURBED env8 at step=27934 stage=APPROACH t_in=9 disp=20mm
[pick] DISTURBED env1 at step=28050 stage=APPROACH t_in=7 disp=13mm
[pick] DISTURBED env6 at step=28387 stage=APPROACH t_in=9 disp=14mm
[pick] DISTURBED env10 at step=28523 stage=APPROACH t_in=6 disp=13mm
[pick] CLOSE-entry env10: grasp_centre=[-0.12937158346176147, 0.11296845227479935, 0.8226641416549683] cup_gt=[-0.12528979778289795, 0.11783397197723389, 0.8100002408027649] delta=[-0.004, -0.005, 0.013]
[pick] HOLD refused envs [10]: gc-cup dist [0.096] — retrying descent
[pick] DISTURBED env9 at step=28710 stage=APPROACH t_in=4 disp=26mm
[pick] DISTURBED env7 at step=28824 stage=APPROACH t_in=3 disp=14mm
[pick] DISTURBED env5 at step=28825 stage=APPROACH t_in=4 disp=25mm
[pick] DISTURBED env8 at step=28825 stage=APPROACH t_in=4 disp=21mm
[pick] CLOSE-entry env9: grasp_centre=[-0.10255368053913116, -0.10021598637104034, 0.8266107439994812] cup_gt=[-0.09780573844909668, -0.09547901153564453, 0.8150001168251038] delta=[-0.005, -0.005, 0.012]
[pick] CLOSE-entry env10: grasp_centre=[-0.1483605057001114, 0.13729044795036316, 0.8054119944572449] cup_gt=[-0.12532103061676025, 0.1179041862487793, 0.8100002408027649] delta=[-0.023, 0.019, -0.005]
[pick] DISTURBED env1 at step=28956 stage=APPROACH t_in=13 disp=10mm
[pick] DISTURBED env2 at step=28975 stage=DESCEND t_in=62 disp=10mm
[pick] HOLD refused envs [9]: gc-cup dist [0.059] — retrying descent
[pick] HOLD refused envs [10]: gc-cup dist [0.072] — retrying descent
[pick] CLOSE-entry env9: grasp_centre=[-0.10846587270498276, -0.09833217412233353, 0.8117232918739319] cup_gt=[-0.09780538082122803, -0.09547924995422363, 0.8150001168251038] delta=[-0.011, -0.003, -0.003]
[pick] HOLD refused envs [9]: gc-cup dist [0.065] — retrying descent
[pick] CLOSE-entry env9: grasp_centre=[-0.10013949126005173, -0.08260182291269302, 0.8222624659538269] cup_gt=[-0.09780573844909668, -0.09547889232635498, 0.8150001168251038] delta=[-0.002, 0.013, 0.007]
[pick] CLOSE-entry env5: grasp_centre=[-0.1817263960838318, -0.14135459065437317, 0.8074228167533875] cup_gt=[-0.15248233079910278, -0.12903034687042236, 0.809999942779541] delta=[-0.029, -0.012, -0.003]
[pick] HOLD refused envs [9]: gc-cup dist [0.05] — retrying descent
[pick] HOLD refused envs [5]: gc-cup dist [0.113] — retrying descent
[pick] CLOSE-entry env10: grasp_centre=[-0.14080855250358582, 0.13653910160064697, 0.8063088655471802] cup_gt=[-0.1253032684326172, 0.11786413192749023, 0.8100002408027649] delta=[-0.016, 0.019, -0.004]
[pick] DISTURBED env6 at step=29286 stage=APPROACH t_in=8 disp=9mm
[pick] HOLD refused envs [10]: gc-cup dist [0.076] — retrying descent
[pick] CLOSE-entry env5: grasp_centre=[-0.12882556021213531, -0.11343737691640854, 0.8368905782699585] cup_gt=[-0.15246838331222534, -0.1290273666381836, 0.809999942779541] delta=[0.024, 0.016, 0.027]
[pick] CLOSE-entry env10: grasp_centre=[-0.10665030777454376, 0.12066684663295746, 0.8388733863830566] cup_gt=[-0.12529778480529785, 0.1178518533706665, 0.8100002408027649] delta=[0.019, 0.003, 0.029]
[pick] CLOSE-entry env9: grasp_centre=[-0.09350569546222687, -0.09435775876045227, 0.837742269039154] cup_gt=[-0.09780478477478027, -0.09547901153564453, 0.8150001168251038] delta=[0.004, 0.001, 0.023]
[pick] HOLD refused envs [5]: gc-cup dist [0.094] — retrying descent
[pick] HOLD refused envs [10]: gc-cup dist [0.086] — retrying descent
[pick] HOLD refused envs [9]: gc-cup dist [0.145] — retrying descent
[pick] CLOSE-entry env9: grasp_centre=[-0.11207182705402374, -0.10689016431570053, 0.813319981098175] cup_gt=[-0.1053171157836914, -0.16408562660217285, 0.8100001811981201] delta=[-0.007, 0.057, 0.003]
[pick] CLOSE-entry env5: grasp_centre=[-0.12923124432563782, -0.1202629879117012, 0.8410047292709351] cup_gt=[-0.15245258808135986, -0.12902390956878662, 0.809999942779541] delta=[0.023, 0.009, 0.031]
[pick] HOLD refused envs [9]: gc-cup dist [0.036] — retrying descent
[pick] HOLD refused envs [5]: gc-cup dist [0.079] — retrying descent
[pick] CLOSE-entry env9: grasp_centre=[-0.08919032663106918, -0.08248286694288254, 0.839341938495636] cup_gt=[-0.106270432472229, -0.16483628749847412, 0.8100001811981201] delta=[0.017, 0.082, 0.029]
[pick] CLOSE-entry env5: grasp_centre=[-0.13769379258155823, -0.12692999839782715, 0.8400061726570129] cup_gt=[-0.15244299173355103, -0.12902164459228516, 0.8099998831748962] delta=[0.015, 0.002, 0.03]
[pick] HOLD refused envs [9]: gc-cup dist [0.112] — retrying descent
[pick] DISTURBED env9 at step=29614 stage=APPROACH t_in=8 disp=13mm
[pick] HOLD refused envs [5]: gc-cup dist [0.067] — retrying descent
[pick] CLOSE-entry env6: grasp_centre=[-0.09045761823654175, 0.1377948671579361, 0.8441281318664551] cup_gt=[-0.1002652645111084, 0.1364074945449829, 0.8149998188018799] delta=[0.01, 0.001, 0.029]
[pick] CLOSE-entry env5: grasp_centre=[-0.13769599795341492, -0.12453233450651169, 0.8365107178688049] cup_gt=[-0.15243381261825562, -0.12901973724365234, 0.809999942779541] delta=[0.015, 0.004, 0.027]
[pick] DISTURBED env10 at step=29717 stage=DESCEND t_in=59 disp=17mm
[pick] DISTURBED env0 at step=29726 stage=APPROACH t_in=5 disp=26mm
[pick] DISTURBED env11 at step=29728 stage=APPROACH t_in=7 disp=8mm
[pick] DISTURBED env2 at step=29731 stage=APPROACH t_in=7 disp=10mm
[pick] HOLD refused envs [6]: gc-cup dist [0.072] — retrying descent
[pick] CLOSE-entry env10: grasp_centre=[-0.09374678879976273, -0.18851149082183838, 0.8405053615570068] cup_gt=[-0.0861809253692627, -0.21780097484588623, 0.8150001168251038] delta=[-0.008, 0.029, 0.026]
[pick] DISTURBED env5 at step=29735 stage=APPROACH t_in=12 disp=24mm
[pick] HOLD refused envs [10]: gc-cup dist [0.064] — retrying descent
[pick] DISTURBED env8 at step=29882 stage=DESCEND t_in=56 disp=10mm
[pick] CLOSE-entry env9: grasp_centre=[0.02149934321641922, -0.10977753251791, 0.8293783664703369] cup_gt=[0.008209466934204102, -0.10955381393432617, 0.8100002408027649] delta=[0.013, -0.0, 0.019]
[pick] HOLD refused envs [9]: gc-cup dist [0.223] — retrying descent
[pick] CLOSE-entry env1: grasp_centre=[-0.09928283095359802, -0.07305748015642166, 0.8276534676551819] cup_gt=[-0.09282135963439941, -0.08104598522186279, 0.8149996399879456] delta=[-0.006, 0.008, 0.013]
[pick] HOLD engaged for envs [1]
[pick] DISTURBED env1 at step=30109 stage=CLOSE t_in=7 disp=13mm
[pick] HOLD engaged for envs [1]
[pick] DISTURBED env6 at step=30199 stage=APPROACH t_in=21 disp=15mm
[pick] PLACED: envs [1] completed pick-move-place
[rec] episode 41/200 saved (len=634, env=1)
[pick] DISTURBED env9 at step=30511 stage=APPROACH t_in=5 disp=25mm
[pick] DISTURBED env0 at step=30626 stage=APPROACH t_in=5 disp=10mm
[pick] DISTURBED env11 at step=30629 stage=APPROACH t_in=7 disp=15mm
[pick] DISTURBED env8 at step=30630 stage=APPROACH t_in=9 disp=16mm
[pick] DISTURBED env2 at step=30636 stage=APPROACH t_in=13 disp=12mm
[pick] CLOSE-entry env2: grasp_centre=[-0.08788768947124481, 0.09185124188661575, 0.8170711398124695] cup_gt=[-0.07717108726501465, 0.0912398099899292, 0.8099996447563171] delta=[-0.011, 0.001, 0.007]
[pick] HOLD refused envs [2]: gc-cup dist [0.037] — retrying descent
[pick] CLOSE-entry env2: grasp_centre=[-0.09630441665649414, 0.09300711005926132, 0.8128276467323303] cup_gt=[-0.06602716445922852, 0.07706403732299805, 0.8099996447563171] delta=[-0.03, 0.016, 0.003]
[pick] HOLD engaged for envs [2]
[pick] DISTURBED env6 at step=31171 stage=DESCEND t_in=68 disp=12mm
[pick] PLACED: envs [2] completed pick-move-place
[rec] episode 42/200 saved (len=669, env=2)
[pick] DISTURBED env8 at step=31526 stage=APPROACH t_in=5 disp=12mm
[pick] DISTURBED env2 at step=31527 stage=APPROACH t_in=6 disp=9mm
[pick] DISTURBED env11 at step=31528 stage=APPROACH t_in=7 disp=9mm
[pick] DISTURBED env1 at step=31651 stage=APPROACH t_in=8 disp=17mm
[pick] CLOSE-entry env11: grasp_centre=[-0.12235387414693832, -0.19942080974578857, 0.811775803565979] cup_gt=[-0.10122084617614746, -0.17329931259155273, 0.8150001764297485] delta=[-0.021, -0.026, -0.003]
[pick] HOLD refused envs [11]: gc-cup dist [0.105] — retrying descent
[pick] CLOSE-entry env11: grasp_centre=[-0.1059667244553566, -0.19859299063682556, 0.8268424868583679] cup_gt=[-0.20798957347869873, -0.24338388442993164, 0.817398726940155] delta=[0.102, 0.045, 0.009]
[pick] HOLD refused envs [11]: gc-cup dist [0.333] — retrying descent
[pick] DISTURBED env10 at step=32122 stage=APPROACH t_in=5 disp=82mm
[pick] DISTURBED env0 at step=32426 stage=APPROACH t_in=5 disp=30mm
[pick] DISTURBED env2 at step=32430 stage=APPROACH t_in=9 disp=12mm
[pick] DISTURBED env5 at step=32435 stage=APPROACH t_in=14 disp=13mm
[pick] DISTURBED env11 at step=32436 stage=APPROACH t_in=15 disp=12mm
[pick] DISTURBED env1 at step=32549 stage=APPROACH t_in=6 disp=10mm
[pick] DISTURBED env8 at step=32655 stage=DESCEND t_in=116 disp=26mm
[pick] CLOSE-entry env2: grasp_centre=[-0.15742282569408417, 0.16445747017860413, 0.8204209208488464] cup_gt=[-0.13661551475524902, 0.13436269760131836, 0.8099997043609619] delta=[-0.021, 0.03, 0.01]
[pick] HOLD refused envs [2]: gc-cup dist [0.051] — retrying descent
[pick] CLOSE-entry env2: grasp_centre=[-0.15942128002643585, 0.16568836569786072, 0.8119807243347168] cup_gt=[-0.13660001754760742, 0.13433349132537842, 0.8099997043609619] delta=[-0.023, 0.031, 0.002]
[pick] DISTURBED env6 at step=32886 stage=APPROACH t_in=8 disp=18mm
[pick] HOLD refused envs [2]: gc-cup dist [0.066] — retrying descent
[pick] DISTURBED env8 at step=33305 stage=PIVOT t_in=5 disp=22mm
[pick] DISTURBED env11 at step=33327 stage=APPROACH t_in=6 disp=18mm
[pick] DISTURBED env0 at step=33331 stage=APPROACH t_in=10 disp=27mm
[pick] DISTURBED env1 at step=33449 stage=APPROACH t_in=6 disp=23mm
[pick] CLOSE-entry env8: grasp_centre=[-0.16355174779891968, -0.15435107052326202, 0.8137882351875305] cup_gt=[-0.1453341245651245, -0.1405346393585205, 0.8100001811981201] delta=[-0.018, -0.014, 0.004]
[pick] HOLD refused envs [8]: gc-cup dist [0.046] — retrying descent
[pick] CLOSE-entry env8: grasp_centre=[-0.12644490599632263, -0.12656563520431519, 0.8404600620269775] cup_gt=[-0.1453111171722412, -0.1405162811279297, 0.8100001811981201] delta=[0.019, 0.014, 0.03]
[pick] HOLD refused envs [8]: gc-cup dist [0.059] — retrying descent
[pick] CLOSE-entry env8: grasp_centre=[-0.16871130466461182, -0.16461357474327087, 0.8128655552864075] cup_gt=[-0.14526581764221191, -0.14047980308532715, 0.8100001811981201] delta=[-0.023, -0.024, 0.003]
[pick] DISTURBED env6 at step=33788 stage=APPROACH t_in=10 disp=9mm
[pick] HOLD engaged for envs [8]
[pick] CLOSE-entry env6: grasp_centre=[-0.11843789368867874, 0.17393600940704346, 0.8060630559921265] cup_gt=[-0.09332531690597534, 0.1368393898010254, 0.8149998188018799] delta=[-0.025, 0.037, -0.009]
[pick] HOLD refused envs [6]: gc-cup dist [0.06] — retrying descent
[pick] PLACED: envs [8] completed pick-move-place
[rec] episode 43/200 saved (len=833, env=8)
[pick] DISTURBED env2 at step=34225 stage=APPROACH t_in=4 disp=31mm
[pick] DISTURBED env0 at step=34228 stage=APPROACH t_in=7 disp=23mm
[pick] DISTURBED env8 at step=34228 stage=APPROACH t_in=7 disp=18mm
[pick] DISTURBED env11 at step=34228 stage=APPROACH t_in=7 disp=18mm
[pick] DISTURBED env1 at step=34347 stage=APPROACH t_in=4 disp=33mm
[pick] CLOSE-entry env2: grasp_centre=[-0.15223993360996246, -0.1543613076210022, 0.8154472708702087] cup_gt=[-0.12876272201538086, -0.1405838131904602, 0.8099995851516724] delta=[-0.023, -0.014, 0.005]
[pick] CLOSE-entry env11: grasp_centre=[-0.07744082808494568, 0.0721118226647377, 0.814216673374176] cup_gt=[-0.0698542594909668, 0.06789112091064453, 0.8150001168251038] delta=[-0.008, 0.004, -0.001]
[pick] HOLD engaged for envs [11]
[pick] HOLD refused envs [2]: gc-cup dist [0.064] — retrying descent
[pick] HOLD engaged for envs [11]
[pick] CLOSE-entry env2: grasp_centre=[-0.15333706140518188, -0.1616775393486023, 0.8050835728645325] cup_gt=[-0.12876510620117188, -0.14058655500411987, 0.8099995851516724] delta=[-0.025, -0.021, -0.005]
[pick] HOLD refused envs [2]: gc-cup dist [0.092] — retrying descent
[pick] DISTURBED env6 at step=34689 stage=APPROACH t_in=11 disp=19mm
[pick] PLACED: envs [11] completed pick-move-place
[rec] episode 44/200 saved (len=558, env=11)
[pick] DISTURBED env8 at step=35126 stage=APPROACH t_in=5 disp=12mm
[pick] DISTURBED env0 at step=35283 stage=DESCEND t_in=86 disp=15mm
[pick] DISTURBED env2 at step=35327 stage=DESCEND t_in=121 disp=11mm
[pick] CLOSE-entry env11: grasp_centre=[-0.0896906852722168, 0.10153265297412872, 0.8319597244262695] cup_gt=[-0.09096825122833252, 0.08222413063049316, 0.8150001168251038] delta=[0.001, 0.019, 0.017]
[pick] HOLD refused envs [11]: gc-cup dist [0.077] — retrying descent
[pick] CLOSE-entry env11: grasp_centre=[-0.1013033464550972, 0.11702055484056473, 0.8189461827278137] cup_gt=[-0.09096789360046387, 0.08222460746765137, 0.8150001168251038] delta=[-0.01, 0.035, 0.004]
[pick] DISTURBED env6 at step=35582 stage=APPROACH t_in=4 disp=32mm
[pick] HOLD refused envs [11]: gc-cup dist [0.069] — retrying descent
[pick] CLOSE-entry env11: grasp_centre=[-0.08862200379371643, 0.09158377349376678, 0.8385776877403259] cup_gt=[-0.09096789360046387, 0.08222460746765137, 0.8150001168251038] delta=[0.002, 0.009, 0.024]
[pick] HOLD engaged for envs [11]
[pick] DISTURBED env11 at step=35675 stage=CLOSE t_in=6 disp=12mm
[pick] HOLD engaged for envs [11]
[pick] CLOSE-entry env6: grasp_centre=[-0.16692209243774414, 0.17133310437202454, 0.8094528913497925] cup_gt=[-0.14441359043121338, 0.14527130126953125, 0.8149998784065247] delta=[-0.023, 0.026, -0.006]
[pick] HOLD engaged for envs [6]
[pick] DISTURBED env8 at step=36028 stage=APPROACH t_in=7 disp=22mm
[pick] DISTURBED env0 at step=36038 stage=APPROACH t_in=15 disp=17mm
[pick] PLACED: envs [6] completed pick-move-place
[rec] episode 45/200 saved (len=573, env=6)
[pick] DISTURBED env1 at step=36149 stage=APPROACH t_in=6 disp=42mm
[pick] CLOSE-entry env2: grasp_centre=[-0.08942762017250061, 0.08937844634056091, 0.8397951126098633] cup_gt=[-0.09249997138977051, 0.08250045776367188, 0.8149996399879456] delta=[0.003, 0.007, 0.025]
[pick] HOLD refused envs [2]: gc-cup dist [0.064] — retrying descent
[pick] DISTURBED env11 at step=36317 stage=DESCEND t_in=175 disp=15mm
[pick] CLOSE-entry env2: grasp_centre=[-0.10897447168827057, 0.09512064605951309, 0.812085747718811] cup_gt=[-0.09250044822692871, 0.08249998092651367, 0.8149996995925903] delta=[-0.016, 0.013, -0.003]
[pick] HOLD engaged for envs [2]
[pick] DISTURBED env2 at step=36450 stage=LIFT t_in=2 disp=12mm
[pick] PLACED: envs [2] completed pick-move-place
[rec] episode 46/200 saved (len=727, env=2)
[pick] DISTURBED env11 at step=36904 stage=PIVOT t_in=4 disp=23mm
[pick] DISTURBED env8 at step=36930 stage=APPROACH t_in=9 disp=30mm
[pick] CLOSE-entry env8: grasp_centre=[-0.20208799839019775, 0.24369105696678162, 0.8001992702484131] cup_gt=[-0.1415247917175293, 0.23820090293884277, 0.8100001215934753] delta=[-0.061, 0.005, -0.01]
[pick] HOLD engaged for envs [8]
[pick] PLACED: envs [8] completed pick-move-place
[rec] episode 47/200 saved (len=602, env=8)
[pick] DISTURBED env11 at step=37810 stage=PIVOT t_in=10 disp=14mm
[pick] DISTURBED env2 at step=37828 stage=APPROACH t_in=7 disp=15mm
[pick] DISTURBED env8 at step=37829 stage=APPROACH t_in=8 disp=25mm
[pick] DISTURBED env0 at step=37831 stage=APPROACH t_in=10 disp=24mm
[pick] DISTURBED env1 at step=37947 stage=APPROACH t_in=4 disp=45mm
[pick] DISTURBED env6 at step=38284 stage=APPROACH t_in=6 disp=22mm
[pick] DISTURBED env8 at step=38729 stage=APPROACH t_in=8 disp=13mm
[pick] CLOSE-entry env1: grasp_centre=[-0.10893309116363525, 0.08228809386491776, 0.821066677570343] cup_gt=[-0.0924997329711914, 0.0825003981590271, 0.8149996399879456] delta=[-0.016, -0.0, 0.006]
[pick] HOLD engaged for envs [1]
[pick] DISTURBED env1 at step=39049 stage=LIFT t_in=1 disp=25mm
[pick] PLACED: envs [1] completed pick-move-place
[rec] episode 48/200 saved (len=506, env=1)
[pick] DISTURBED env2 at step=39626 stage=APPROACH t_in=5 disp=8mm
[pick] DISTURBED env11 at step=39632 stage=APPROACH t_in=11 disp=28mm
[pick] CLOSE-entry env1: grasp_centre=[-0.04363357275724411, -0.03041965700685978, 0.8216691017150879] cup_gt=[-0.03806638717651367, -0.026135563850402832, 0.8149995803833008] delta=[-0.006, -0.004, 0.007]
[pick] CLOSE-entry env8: grasp_centre=[-0.05351182818412781, -0.09114211797714233, 0.8145751357078552] cup_gt=[-0.03749990463256836, -0.08249950408935547, 0.8150001764297485] delta=[-0.016, -0.009, -0.0]
[pick] HOLD refused envs [1]: gc-cup dist [0.114] — retrying descent
[pick] HOLD refused envs [8]: gc-cup dist [0.084] — retrying descent
[pick] ======== RESULT: 54/16 solid lifts ========
[pick] final stages: ['FAIL', 'DESCEND', 'FAIL', 'FAIL', 'FAIL', 'FAIL', 'FAIL', 'FAIL', 'DESCEND', 'FAIL', 'FAIL', 'DESCEND', 'FAIL', 'FAIL', 'FAIL', 'FAIL']
2026-07-30T02:45:25Z [7,582ms] [Warning] [omni.fabric.plugin] getAttributeCount called on non-existent path /World/envs/env_9/SynriaArm/tool0/visuals/mesh_0
2026-07-30T02:45:25Z [7,582ms] [Warning] [omni.fabric.plugin] getTypes called on non-existent path /World/envs/env_9/SynriaArm/tool0/visuals/mesh_0
2026-07-30T02:45:28Z [9,804ms] [Warning] [carb] Client gpu.foundation.plugin has acquired [gpu::unstable::IMemoryBudgetManagerFactory v0.1] 100 times. Consider accessing this interface with carb::getCachedInterface() (Performance warning)
