Loading user config located at: '/home/oedeh/.venv/isaacsim5/lib/python3.11/site-packages/isaacsim/kit/data/Kit/Isaac-Sim/5.1/user.config.json'
[Info] [carb] Logging to file: /home/oedeh/.venv/isaacsim5/lib/python3.11/site-packages/isaacsim/kit/logs/Kit/Isaac-Sim/5.1/kit_20260730_021949.log
2026-07-30T07:19:49Z [3ms] [Warning] [omni.ext.plugin] [ext: isaaclab_newton] Extensions config 'extension.toml' doesn't exist '/home/oedeh/IsaacLab/source/isaaclab_newton' or '/home/oedeh/IsaacLab/source/isaaclab_newton/config'
2026-07-30T07:19:49Z [3ms] [Warning] [omni.ext.plugin] [ext: isaaclab_physx] Extensions config 'extension.toml' doesn't exist '/home/oedeh/IsaacLab/source/isaaclab_physx' or '/home/oedeh/IsaacLab/source/isaaclab_physx/config'
2026-07-30T07:19:49Z [3ms] [Warning] [omni.ext.plugin] [ext: isaaclab_ppisp] Extensions config 'extension.toml' doesn't exist '/home/oedeh/IsaacLab/source/isaaclab_ppisp' or '/home/oedeh/IsaacLab/source/isaaclab_ppisp/config'

|---------------------------------------------------------------------------------------------|
| Driver Version: 580.173.02    | Graphics API: Vulkan
|=============================================================================================|
| GPU | Name                             | Active | LDA | GPU Memory | Vendor-ID | LUID       |
|     |                                  |        |     |            | Device-ID | UUID       |
|     |                                  |        |     |            | Bus-ID    |            |
|---------------------------------------------------------------------------------------------|
| 0   | NVIDIA GeForce RTX 5090          | Yes: 0 |     | 32607   MB | 10de      | 0          |
|     |                                  |        |     |            | 2b85      | d9b11bde.. |
|     |                                  |        |     |            | 2         |            |
|=============================================================================================|
| OS: 24.04.4 LTS (Noble Numbat) ubuntu, Version: 24.04.4, Kernel: 6.17.0-22-generic
| XServer Vendor: The X.Org Foundation, XServer Version: 12101011 (1.21.1.11)
| Processor: Intel(R) Core(TM) Ultra 9 285K
| Cores: 24 | Logical Cores: 24
|---------------------------------------------------------------------------------------------|
| Total Memory (MB): 31668 | Free Memory: 18628
| Total Page/Swap (MB): 8191 | Free Page/Swap: 5236
|---------------------------------------------------------------------------------------------|
2026-07-30T07:19:49Z [704ms] [Warning] [gpu.foundation.plugin] CPU performance profile is set to powersave. This profile sets the CPU to the lowest frequency reducing performance.
2026-07-30T07:19:49Z [712ms] [Warning] [gpu.foundation.plugin] PCIe link width current (8) and maximum (16) for device 0 don't match.
2026-07-30T07:19:51Z [2,448ms] [Warning] [omni.log] Source: omni.hydra was already registered.
2026-07-30T07:19:51Z [2,538ms] [Warning] [carb] Acquiring non optional plugin interface which is not listed as dependency: [omni::physx::IPhysxBenchmarks v1.0] (plugin: <default plugin>), by client: omni.physics.physx.plugin. Add it to CARB_PLUGIN_IMPL_DEPS() macro of a client.
2026-07-30T07:19:51Z [2,656ms] [Warning] [omni.isaac.dynamic_control] omni.isaac.dynamic_control is deprecated as of Isaac Sim 4.5. No action is needed from end-users.
2026-07-30T07:19:52Z [3,827ms] [Warning] [pxr.Semantics] pxr.Semantics is deprecated - please use Semantics instead
2026-07-30T07:19:53Z [3,891ms] [Warning] [omni.graph.core.plugin] Found duplicate of category 'Replicator' - was 'Annotators', adding 'Fabric Reader'
2026-07-30T07:19:53Z [3,891ms] [Warning] [omni.graph.core.plugin] Category 'Replicator' not accepted on node type 'omni.replicator.core.FabricReader' in extension 'omni.replicator.core'
2026-07-30T07:19:53Z [3,891ms] [Warning] [omni.replicator.core.scripts.extension] No material configuration file, adding configuration to material settings directly.
2026-07-30T07:19:55Z [6,275ms] [Warning] [omni.fabric.plugin] Warning: attribute viewportHandle not found for bucket id 7

[INFO][AppLauncher]: Using device: cuda:0
[INFO][AppLauncher]: Loading experience file: /home/oedeh/IsaacLab/apps/isaaclab.python.headless.rendering.kit
[INFO]: Parsing configuration from: <class 'isaac.isaaclab_tasks.synria_pickplace.env_cfg.SynriaChessPickPlaceEnvCfg'>

[36m======================================================================================[0m
[36m[1m[INFO][IsaacLab]: Logging to file: /tmp/isaaclab/logs/isaaclab_2026-07-30_02-19-55.log[0m
[36m======================================================================================[0m

[33m02:19:55 [simulation_context.py] WARNING: The `enable_external_forces_every_iteration` parameter in the PhysxCfg is set to False. If you are experiencing noisy velocities, consider enabling this flag. You may need to slightly increase the number of velocity iterations (setting it to 1 or 2 rather than 0), together with this flag, to improve the accuracy of velocity updates.[0m
[INFO]: Base environment:
	Environment device    : cuda:0
	Environment seed      : 123
	Physics step-size     : 0.016666666666666666
	Rendering step-size   : 0.016666666666666666
	Environment step-size : 0.03333333333333333
[33m02:19:55 [manager_based_env.py] WARNING: The render interval (1) is smaller than the decimation (2). Multiple render calls will happen for each environment step. If this is not intended, set the render interval to be equal to the decimation.[0m
[INFO]: Time taken for scene creation : 0.628293 seconds
[INFO]: Scene manager:  <class InteractiveScene>
	Number of environments: 8
	Environment spacing   : 2.0
	Source prim name      : /World/envs/env_0
	Global prim paths     : []
	Replicate physics     : False
[INFO]: Starting the simulation. This may take a few seconds. Please wait...
[INFO]: Time taken for simulation start : 1.579752 seconds
[INFO] Command Manager:  <CommandManager> contains 0 active terms.
+------------------------+
|  Active Command Terms  |
+--------+-------+-------+
| Index  | Name  |  Type |
+--------+-------+-------+
+--------+-------+-------+

[INFO] Event Manager:  <EventManager> contains 2 active terms.
+----------------------------------+
| Active Event Terms in Mode: 'reset' |
+-----------+----------------------+
|   Index   | Name                 |
+-----------+----------------------+
|     0     | reset_trial          |
+-----------+----------------------+
+--------------------------------------------------+
|      Active Event Terms in Mode: 'interval'      |
+-------+----------------+-------------------------+
| Index | Name           | Interval time range (s) |
+-------+----------------+-------------------------+
|   0   | hold_staged    |       (0.03, 0.04)      |
|   1   | attach_carried |       (0.03, 0.04)      |
+-------+----------------+-------------------------+

[INFO] Recorder Manager:  <RecorderManager> contains 0 active terms.
+---------------------+
| Active Recorder Terms |
+-----------+---------+
|   Index   | Name    |
+-----------+---------+
+-----------+---------+

[INFO] Action Manager:  <ActionManager> contains 2 active terms.
+-----------------------------------+
|   Active Action Terms (shape: 8)  |
+-------+---------------+-----------+
| Index | Name          | Dimension |
+-------+---------------+-----------+
|   0   | arm_joint_pos |         6 |
|   1   | gripper       |         2 |
+-------+---------------+-----------+

[INFO] Observation Manager: <ObservationManager> contains 1 groups.
+---------------------------------------------------------+
| Active Observation Terms in Group: 'policy' (shape: (68,)) |
+------------+-------------------------------+------------+
|   Index    | Name                          |   Shape    |
+------------+-------------------------------+------------+
|     0      | joint_state                   |   (13,)    |
|     1      | ee_pose                       |    (7,)    |
|     2      | piece_pos                     |    (3,)    |
|     3      | target_piece_id               |   (32,)    |
|     4      | target_zone_id                |    (4,)    |
|     5      | target_pos                    |    (4,)    |
|     6      | trial_phase                   |    (5,)    |
+------------+-------------------------------+------------+

[INFO] Termination Manager:  <TerminationManager> contains 4 active terms.
+----------------------------------------+
|        Active Termination Terms        |
+-------+---------------------+----------+
| Index | Name                | Time Out |
+-------+---------------------+----------+
|   0   | time_out            |   True   |
|   1   | piece_dropped       |  False   |
|   2   | piece_out_of_bounds |  False   |
|   3   | collision           |  False   |
+-------+---------------------+----------+

[INFO] Reward Manager:  <RewardManager> contains 18 active terms.
+-------------------------------------------------+
|               Active Reward Terms               |
+-------+--------------------------------+--------+
| Index | Name                           | Weight |
+-------+--------------------------------+--------+
|   0   | piece_to_target_distance       |  600.0 |
|   1   | ee_to_piece_distance           |  300.0 |
|   2   | piece_lift                     |    1.5 |
|   3   | gripper_to_piece_when_grasping |    0.3 |
|   4   | hold_maintenance               |    1.0 |
|   5   | carry_drop                     |   15.0 |
|   6   | release_at_zone                |   90.0 |
|   7   | lower_at_zone                  |   15.0 |
|   8   | approach_guidance              |   0.15 |
|   9   | carry_guidance                 |    0.2 |
|   10  | hold_at_zone                   |    0.0 |
|   11  | action_norm_penalty            |  -0.01 |
|   12  | grasp_confirmed                |  300.0 |
|   13  | return_home                    |   60.0 |
|   14  | cycle_complete                 |  900.0 |
|   15  | piece_in_zone                  |  300.0 |
|   16  | piece_dropped                  |   30.0 |
|   17  | collision                      |   30.0 |
+-------+--------------------------------+--------+

[INFO] Curriculum Manager:  <CurriculumManager> contains 0 active terms.
+----------------------+
| Active Curriculum Terms |
+-----------+----------+
|   Index   | Name     |
+-----------+----------+
+-----------+----------+

[INFO]: Completed setting up the environment...
[pick] step=0 stages=['PIVOT', 'PIVOT', 'PIVOT', 'PIVOT', 'PIVOT', 'PIVOT', 'PIVOT', 'PIVOT'] e0 tool=[0.08147358894348145, 0.0003503561019897461, 0.8837790489196777] cup=[-0.09782960265874863, 0.08743342757225037] dia=50mm piece_z-rest=-0.000
[pick] DISTURBED env0 at step=1 stage=PIVOT t_in=1 disp=12mm
[pick] DISTURBED env1 at step=1 stage=PIVOT t_in=1 disp=12mm
[pick] DISTURBED env2 at step=1 stage=PIVOT t_in=1 disp=11mm
[pick] DISTURBED env3 at step=1 stage=PIVOT t_in=1 disp=12mm
[pick] DISTURBED env4 at step=1 stage=PIVOT t_in=1 disp=12mm
[pick] DISTURBED env5 at step=1 stage=PIVOT t_in=1 disp=12mm
[pick] DISTURBED env6 at step=1 stage=PIVOT t_in=1 disp=12mm
[pick] DISTURBED env7 at step=1 stage=PIVOT t_in=1 disp=12mm
[pick] step=30 stages=['APPROACH', 'APPROACH', 'APPROACH', 'APPROACH', 'APPROACH', 'APPROACH', 'APPROACH', 'APPROACH'] e0 tool=[-0.0035800933837890625, 0.13483166694641113, 0.8669692277908325] cup=[-0.0986691415309906, 0.06916811317205429] dia=50mm piece_z-rest=-0.000
[pick] step=60 stages=['APPROACH', 'APPROACH', 'APPROACH', 'APPROACH', 'APPROACH', 'APPROACH', 'DESCEND', 'APPROACH'] e0 tool=[-0.06698346138000488, 0.0732126235961914, 1.0088731050491333] cup=[-0.09829174727201462, 0.06876447796821594] dia=50mm piece_z-rest=-0.000
[pick] step=90 stages=['DESCEND', 'DESCEND', 'APPROACH', 'DESCEND', 'APPROACH', 'APPROACH', 'DESCEND', 'DESCEND'] e0 tool=[-0.09537458419799805, 0.12184321880340576, 0.9195436835289001] cup=[-0.09867136925458908, 0.06903498619794846] dia=50mm piece_z-rest=-0.000
[pick] step=120 stages=['DESCEND', 'DESCEND', 'APPROACH', 'DESCEND', 'APPROACH', 'APPROACH', 'DESCEND', 'DESCEND'] e0 tool=[-0.07433247566223145, 0.09692412614822388, 0.8859362602233887] cup=[-0.09576676040887833, 0.06684015691280365] dia=48mm piece_z-rest=-0.000
[pick] step=150 stages=['DESCEND', 'DESCEND', 'APPROACH', 'DESCEND', 'APPROACH', 'APPROACH', 'DESCEND', 'DESCEND'] e0 tool=[-0.10574793815612793, 0.16097575426101685, 0.8150411248207092] cup=[-0.09230796247720718, 0.10566606372594833] dia=50mm piece_z-rest=-0.005
[pick] step=180 stages=['DESCEND', 'DESCEND', 'DESCEND', 'DESCEND', 'APPROACH', 'DESCEND', 'DESCEND', 'DESCEND'] e0 tool=[-0.10138392448425293, 0.09749174118041992, 0.8858300447463989] cup=[-0.09759057313203812, 0.1032710075378418] dia=50mm piece_z-rest=-0.005
[pick] step=210 stages=['DESCEND', 'DESCEND', 'DESCEND', 'DESCEND', 'APPROACH', 'DESCEND', 'DESCEND', 'DESCEND'] e0 tool=[-0.08797883987426758, 0.07240170240402222, 0.851776123046875] cup=[-0.10179095715284348, 0.10764345526695251] dia=50mm piece_z-rest=-0.005
[pick] step=240 stages=['DESCEND', 'DESCEND', 'DESCEND', 'DESCEND', 'APPROACH', 'DESCEND', 'DESCEND', 'DESCEND'] e0 tool=[-0.060785770416259766, 0.07723140716552734, 0.843571662902832] cup=[-0.08715526014566422, 0.11868250370025635] dia=45mm piece_z-rest=-0.005
[pick] step=270 stages=['DESCEND', 'DESCEND', 'DESCEND', 'DESCEND', 'APPROACH', 'DESCEND', 'DESCEND', 'DESCEND'] e0 tool=[-0.0507512092590332, 0.06880629062652588, 0.83668053150177] cup=[-0.07518056035041809, 0.11120156943798065] dia=46mm piece_z-rest=-0.005
[pick] step=300 stages=['DESCEND', 'DESCEND', 'DESCEND', 'DESCEND', 'APPROACH', 'DESCEND', 'DESCEND', 'DESCEND'] e0 tool=[-0.10866355895996094, 0.06552839279174805, 0.8503852486610413] cup=[-0.11867103725671768, 0.11583088338375092] dia=50mm piece_z-rest=-0.005
[pick] step=330 stages=['DESCEND', 'DESCEND', 'DESCEND', 'DESCEND', 'FAIL', 'DESCEND', 'DESCEND', 'DESCEND'] e0 tool=[-0.06362152099609375, 0.07670694589614868, 0.8139579892158508] cup=[-0.08761262893676758, 0.09258922189474106] dia=35mm piece_z-rest=-0.005
[pick] step=360 stages=['DESCEND', 'DESCEND', 'DESCEND', 'DESCEND', 'FAIL', 'DESCEND', 'FAIL', 'DESCEND'] e0 tool=[-0.08782315254211426, 0.10658729076385498, 0.8105717301368713] cup=[-0.11610405892133713, 0.12787151336669922] dia=30mm piece_z-rest=-0.002
[pick] step=390 stages=['FAIL', 'FAIL', 'DESCEND', 'FAIL', 'FAIL', 'DESCEND', 'FAIL', 'FAIL'] e0 tool=[-0.340090274810791, 0.10500621795654297, 0.8534284830093384] cup=[-0.17660951614379883, 0.14374180138111115] dia=20mm piece_z-rest=0.018
[pick] step=420 stages=['FAIL', 'FAIL', 'DESCEND', 'FAIL', 'FAIL', 'DESCEND', 'FAIL', 'FAIL'] e0 tool=[-0.4000108242034912, -0.07460355758666992, 0.9098256230354309] cup=[-0.17660951614379883, 0.14374180138111115] dia=20mm piece_z-rest=0.068
[pick] step=450 stages=['FAIL', 'FAIL', 'DESCEND', 'FAIL', 'FAIL', 'DESCEND', 'FAIL', 'FAIL'] e0 tool=[-0.38204193115234375, -0.09875988960266113, 0.904237687587738] cup=[-0.17660951614379883, 0.14374180138111115] dia=20mm piece_z-rest=0.062
[pick] step=480 stages=['FAIL', 'FAIL', 'FAIL', 'FAIL', 'FAIL', 'FAIL', 'FAIL', 'FAIL'] e0 tool=[-0.3799922466278076, -0.10561823844909668, 0.9075536727905273] cup=[-0.17660951614379883, 0.14374180138111115] dia=20mm piece_z-rest=0.065
[pick] step=510 stages=['FAIL', 'FAIL', 'FAIL', 'FAIL', 'FAIL', 'FAIL', 'FAIL', 'FAIL'] e0 tool=[-0.37967705726623535, -0.10565555095672607, 0.9070091247558594] cup=[-0.17660951614379883, 0.14374180138111115] dia=20mm piece_z-rest=0.065
[pick] step=540 stages=['FAIL', 'FAIL', 'FAIL', 'FAIL', 'FAIL', 'FAIL', 'FAIL', 'FAIL'] e0 tool=[-0.37983012199401855, -0.10574030876159668, 0.9070754647254944] cup=[-0.17660951614379883, 0.14374180138111115] dia=20mm piece_z-rest=0.065
[pick] step=570 stages=['FAIL', 'FAIL', 'FAIL', 'FAIL', 'FAIL', 'FAIL', 'FAIL', 'FAIL'] e0 tool=[-0.379697322845459, -0.10561156272888184, 0.906428337097168] cup=[-0.17660951614379883, 0.14374180138111115] dia=20mm piece_z-rest=0.065
[pick] step=600 stages=['FAIL', 'FAIL', 'FAIL', 'FAIL', 'FAIL', 'FAIL', 'FAIL', 'FAIL'] e0 tool=[-0.3798091411590576, -0.10558152198791504, 0.9062948226928711] cup=[-0.17660951614379883, 0.14374180138111115] dia=20mm piece_z-rest=0.065
[pick] step=630 stages=['FAIL', 'FAIL', 'FAIL', 'FAIL', 'FAIL', 'FAIL', 'FAIL', 'FAIL'] e0 tool=[-0.37990307807922363, -0.10562765598297119, 0.9062895774841309] cup=[-0.17660951614379883, 0.14374180138111115] dia=20mm piece_z-rest=0.065
[pick] step=660 stages=['FAIL', 'FAIL', 'FAIL', 'FAIL', 'FAIL', 'FAIL', 'FAIL', 'FAIL'] e0 tool=[-0.37987565994262695, -0.10565721988677979, 0.9061715602874756] cup=[-0.17660951614379883, 0.14374180138111115] dia=20mm piece_z-rest=0.064
[pick] step=690 stages=['FAIL', 'FAIL', 'FAIL', 'FAIL', 'FAIL', 'FAIL', 'FAIL', 'FAIL'] e0 tool=[-0.3799920082092285, -0.105682373046875, 0.9062102437019348] cup=[-0.17660951614379883, 0.14374180138111115] dia=20mm piece_z-rest=0.064
[pick] step=720 stages=['FAIL', 'FAIL', 'FAIL', 'FAIL', 'FAIL', 'FAIL', 'FAIL', 'FAIL'] e0 tool=[-0.37999582290649414, -0.10561418533325195, 0.9060263633728027] cup=[-0.17660951614379883, 0.14374180138111115] dia=20mm piece_z-rest=0.064
[pick] step=750 stages=['FAIL', 'FAIL', 'FAIL', 'FAIL', 'FAIL', 'FAIL', 'FAIL', 'FAIL'] e0 tool=[-0.37998175621032715, -0.10572290420532227, 0.9060853719711304] cup=[-0.17660951614379883, 0.14374180138111115] dia=20mm piece_z-rest=0.064
[pick] step=780 stages=['FAIL', 'FAIL', 'FAIL', 'FAIL', 'FAIL', 'FAIL', 'FAIL', 'FAIL'] e0 tool=[-0.3801155090332031, -0.10571956634521484, 0.9061599373817444] cup=[-0.17660951614379883, 0.14374180138111115] dia=20mm piece_z-rest=0.064
[pick] step=810 stages=['FAIL', 'FAIL', 'FAIL', 'FAIL', 'FAIL', 'FAIL', 'FAIL', 'FAIL'] e0 tool=[-0.3800976276397705, -0.10561788082122803, 0.9059222936630249] cup=[-0.17660951614379883, 0.14374180138111115] dia=20mm piece_z-rest=0.064
[pick] step=840 stages=['FAIL', 'FAIL', 'FAIL', 'FAIL', 'FAIL', 'FAIL', 'FAIL', 'FAIL'] e0 tool=[-0.3800649642944336, -0.10567927360534668, 0.9059352874755859] cup=[-0.17660951614379883, 0.14374180138111115] dia=20mm piece_z-rest=0.064
[pick] step=870 stages=['FAIL', 'FAIL', 'FAIL', 'FAIL', 'FAIL', 'FAIL', 'FAIL', 'FAIL'] e0 tool=[-0.3799560070037842, -0.10570025444030762, 0.9058136343955994] cup=[-0.17660951614379883, 0.14374180138111115] dia=20mm piece_z-rest=0.064
[pick] step=900 stages=['PIVOT', 'PIVOT', 'PIVOT', 'PIVOT', 'PIVOT', 'PIVOT', 'PIVOT', 'PIVOT'] e0 tool=[-0.37995028495788574, -0.10573601722717285, 0.9058741927146912] cup=[-0.17660951614379883, 0.14374180138111115] dia=20mm piece_z-rest=-0.000
[pick] DISTURBED env3 at step=901 stage=PIVOT t_in=1 disp=17mm
[pick] DISTURBED env7 at step=901 stage=PIVOT t_in=1 disp=12mm
[pick] DISTURBED env2 at step=918 stage=PIVOT t_in=18 disp=9mm
[pick] DISTURBED env6 at step=924 stage=APPROACH t_in=2 disp=11mm
[pick] step=930 stages=['APPROACH', 'APPROACH', 'APPROACH', 'APPROACH', 'APPROACH', 'APPROACH', 'APPROACH', 'APPROACH'] e0 tool=[0.14865612983703613, 0.0016070008277893066, 1.033991813659668] cup=[-0.03954872488975525, -0.13812878727912903] dia=37mm piece_z-rest=-0.000
[pick] step=960 stages=['APPROACH', 'APPROACH', 'APPROACH', 'APPROACH', 'APPROACH', 'APPROACH', 'DESCEND', 'APPROACH'] e0 tool=[-0.060776472091674805, -0.17087185382843018, 1.038501262664795] cup=[-0.041823260486125946, -0.14099496603012085] dia=49mm piece_z-rest=-0.000
[pick] step=990 stages=['APPROACH', 'APPROACH', 'APPROACH', 'DESCEND', 'DESCEND', 'DESCEND', 'DESCEND', 'DESCEND'] e0 tool=[-0.09667181968688965, -0.22922301292419434, 1.116010069847107] cup=[-0.04233907535672188, -0.14131173491477966] dia=46mm piece_z-rest=-0.000
[pick] step=1020 stages=['APPROACH', 'DESCEND', 'APPROACH', 'DESCEND', 'DESCEND', 'DESCEND', 'DESCEND', 'DESCEND'] e0 tool=[-0.09923434257507324, -0.04152631759643555, 0.8489740490913391] cup=[-0.03911413624882698, -0.13839125633239746] dia=37mm piece_z-rest=-0.000
[pick] DISTURBED env1 at step=1041 stage=DESCEND t_in=30 disp=16mm
[pick] step=1050 stages=['DESCEND', 'DESCEND', 'DESCEND', 'DESCEND', 'DESCEND', 'DESCEND', 'DESCEND', 'DESCEND'] e0 tool=[-0.10753250122070312, -0.08714604377746582, 0.8144291043281555] cup=[-0.040381405502557755, -0.13776357471942902] dia=37mm piece_z-rest=-0.000
[pick] DISTURBED env0 at step=1055 stage=DESCEND t_in=28 disp=9mm
[pick] step=1080 stages=['DESCEND', 'DESCEND', 'DESCEND', 'DESCEND', 'DESCEND', 'DESCEND', 'DESCEND', 'DESCEND'] e0 tool=[0.06014442443847656, -0.10249054431915283, 0.8463053107261658] cup=[0.04683650657534599, -0.08789493888616562] dia=27mm piece_z-rest=-0.003
[pick] step=1110 stages=['DESCEND', 'DESCEND', 'DESCEND', 'DESCEND', 'DESCEND', 'DESCEND', 'DESCEND', 'DESCEND'] e0 tool=[-0.06015944480895996, -0.1246575117111206, 0.8207413554191589] cup=[-0.037796296179294586, -0.06822732836008072] dia=50mm piece_z-rest=0.001
[pick] step=1140 stages=['DESCEND', 'DESCEND', 'DESCEND', 'DESCEND', 'DESCEND', 'DESCEND', 'DESCEND', 'DESCEND'] e0 tool=[-0.0897057056427002, 0.1386251449584961, 0.9110414385795593] cup=[0.01374751701951027, -0.0725623071193695] dia=50mm piece_z-rest=-0.005
[pick] step=1170 stages=['DESCEND', 'DESCEND', 'DESCEND', 'DESCEND', 'DESCEND', 'DESCEND', 'DESCEND', 'DESCEND'] e0 tool=[-0.0785210132598877, -0.07706665992736816, 1.0591418743133545] cup=[0.023035647347569466, -0.08035117387771606] dia=47mm piece_z-rest=-0.005
[pick] step=1200 stages=['DESCEND', 'DESCEND', 'DESCEND', 'DESCEND', 'DESCEND', 'DESCEND', 'DESCEND', 'DESCEND'] e0 tool=[-0.2621641159057617, -0.15003347396850586, 1.08126962184906] cup=[0.024739235639572144, -0.08005547523498535] dia=45mm piece_z-rest=-0.005
[pick] step=1230 stages=['DESCEND', 'DESCEND', 'DESCEND', 'DESCEND', 'DESCEND', 'DESCEND', 'DESCEND', 'DESCEND'] e0 tool=[-0.10148167610168457, -0.11283361911773682, 1.0492526292800903] cup=[0.025384975597262383, -0.07745923101902008] dia=43mm piece_z-rest=-0.005
[pick] step=1260 stages=['DESCEND', 'DESCEND', 'DESCEND', 'DESCEND', 'DESCEND', 'DESCEND', 'FAIL', 'DESCEND'] e0 tool=[-0.0870058536529541, -0.10913145542144775, 0.9891865849494934] cup=[0.024053646251559258, -0.07830644398927689] dia=43mm piece_z-rest=-0.005
[pick] step=1290 stages=['DESCEND', 'DESCEND', 'DESCEND', 'FAIL', 'FAIL', 'FAIL', 'FAIL', 'FAIL'] e0 tool=[-0.06156206130981445, -0.10454010963439941, 1.0263861417770386] cup=[0.02321016974747181, -0.08109834790229797] dia=45mm piece_z-rest=-0.005
[pick] step=1320 stages=['DESCEND', 'FAIL', 'DESCEND', 'FAIL', 'FAIL', 'FAIL', 'FAIL', 'FAIL'] e0 tool=[-0.0442194938659668, -0.07828307151794434, 1.0392839908599854] cup=[0.024084560573101044, -0.08105329424142838] dia=48mm piece_z-rest=-0.005
[pick] step=1350 stages=['FAIL', 'FAIL', 'FAIL', 'FAIL', 'FAIL', 'FAIL', 'FAIL', 'FAIL'] e0 tool=[-0.09293746948242188, -0.14408636093139648, 1.0374571084976196] cup=[0.025621116161346436, -0.08047708868980408] dia=48mm piece_z-rest=-0.005
[pick] step=1380 stages=['FAIL', 'FAIL', 'FAIL', 'FAIL', 'FAIL', 'FAIL', 'FAIL', 'FAIL'] e0 tool=[-0.09818339347839355, -0.14687156677246094, 1.0308163166046143] cup=[0.025621116161346436, -0.08047708868980408] dia=48mm piece_z-rest=-0.005
[pick] step=1410 stages=['FAIL', 'FAIL', 'FAIL', 'FAIL', 'FAIL', 'FAIL', 'FAIL', 'FAIL'] e0 tool=[-0.0976419448852539, -0.1466057300567627, 1.0314900875091553] cup=[0.025621116161346436, -0.08047708868980408] dia=48mm piece_z-rest=-0.005
[pick] step=1440 stages=['FAIL', 'FAIL', 'FAIL', 'FAIL', 'FAIL', 'FAIL', 'FAIL', 'FAIL'] e0 tool=[-0.0976412296295166, -0.1466003656387329, 1.0314730405807495] cup=[0.025621116161346436, -0.08047708868980408] dia=48mm piece_z-rest=-0.005
[pick] step=1470 stages=['FAIL', 'FAIL', 'FAIL', 'FAIL', 'FAIL', 'FAIL', 'FAIL', 'FAIL'] e0 tool=[-0.0976414680480957, -0.1466008424758911, 1.0314737558364868] cup=[0.025621116161346436, -0.08047708868980408] dia=48mm piece_z-rest=-0.005
[pick] step=1500 stages=['FAIL', 'FAIL', 'FAIL', 'FAIL', 'FAIL', 'FAIL', 'FAIL', 'FAIL'] e0 tool=[-0.0976409912109375, -0.14660072326660156, 1.0314749479293823] cup=[0.025621116161346436, -0.08047708868980408] dia=48mm piece_z-rest=-0.005
[pick] step=1530 stages=['FAIL', 'FAIL', 'FAIL', 'FAIL', 'FAIL', 'FAIL', 'FAIL', 'FAIL'] e0 tool=[-0.0976409912109375, -0.14660072326660156, 1.0314750671386719] cup=[0.025621116161346436, -0.08047708868980408] dia=48mm piece_z-rest=-0.005
[pick] step=1560 stages=['FAIL', 'FAIL', 'FAIL', 'FAIL', 'FAIL', 'FAIL', 'FAIL', 'FAIL'] e0 tool=[-0.0976409912109375, -0.14660048484802246, 1.0314751863479614] cup=[0.025621116161346436, -0.08047708868980408] dia=48mm piece_z-rest=-0.005
[pick] step=1590 stages=['FAIL', 'FAIL', 'FAIL', 'FAIL', 'FAIL', 'FAIL', 'FAIL', 'FAIL'] e0 tool=[-0.0976407527923584, -0.14660048484802246, 1.0314751863479614] cup=[0.025621116161346436, -0.08047708868980408] dia=48mm piece_z-rest=-0.005
[pick] step=1620 stages=['FAIL', 'FAIL', 'FAIL', 'FAIL', 'FAIL', 'FAIL', 'FAIL', 'FAIL'] e0 tool=[-0.0976407527923584, -0.146600604057312, 1.0314751863479614] cup=[0.025621116161346436, -0.08047708868980408] dia=48mm piece_z-rest=-0.005
[pick] step=1650 stages=['FAIL', 'FAIL', 'FAIL', 'FAIL', 'FAIL', 'FAIL', 'FAIL', 'FAIL'] e0 tool=[-0.0976407527923584, -0.146600604057312, 1.0314751863479614] cup=[0.025621116161346436, -0.08047708868980408] dia=48mm piece_z-rest=-0.005
[pick] step=1680 stages=['FAIL', 'FAIL', 'FAIL', 'FAIL', 'FAIL', 'FAIL', 'FAIL', 'FAIL'] e0 tool=[-0.0976407527923584, -0.14660048484802246, 1.0314754247665405] cup=[0.025621116161346436, -0.08047708868980408] dia=48mm piece_z-rest=-0.005
[pick] step=1710 stages=['FAIL', 'FAIL', 'FAIL', 'FAIL', 'FAIL', 'FAIL', 'FAIL', 'FAIL'] e0 tool=[-0.0976407527923584, -0.146600604057312, 1.031475305557251] cup=[0.025621116161346436, -0.08047708868980408] dia=48mm piece_z-rest=-0.005
[pick] step=1740 stages=['FAIL', 'FAIL', 'FAIL', 'FAIL', 'FAIL', 'FAIL', 'FAIL', 'FAIL'] e0 tool=[-0.0976407527923584, -0.146600604057312, 1.0314751863479614] cup=[0.025621116161346436, -0.08047708868980408] dia=48mm piece_z-rest=-0.005
[pick] step=1770 stages=['FAIL', 'FAIL', 'FAIL', 'FAIL', 'FAIL', 'FAIL', 'FAIL', 'FAIL'] e0 tool=[-0.0976407527923584, -0.146600604057312, 1.0314751863479614] cup=[0.025621116161346436, -0.08047708868980408] dia=48mm piece_z-rest=-0.005
[pick] step=1800 stages=['PIVOT', 'PIVOT', 'PIVOT', 'PIVOT', 'PIVOT', 'PIVOT', 'PIVOT', 'PIVOT'] e0 tool=[-0.0976407527923584, -0.146600604057312, 1.031475305557251] cup=[0.025401819497346878, -0.07915240526199341] dia=49mm piece_z-rest=-0.000
[pick] DISTURBED env3 at step=1801 stage=PIVOT t_in=1 disp=13mm
[pick] DISTURBED env4 at step=1801 stage=PIVOT t_in=1 disp=12mm
[pick] DISTURBED env5 at step=1801 stage=PIVOT t_in=1 disp=12mm
[pick] DISTURBED env7 at step=1801 stage=PIVOT t_in=1 disp=12mm
[pick] DISTURBED env0 at step=1825 stage=APPROACH t_in=4 disp=18mm
[pick] step=1830 stages=['APPROACH', 'APPROACH', 'APPROACH', 'APPROACH', 'APPROACH', 'APPROACH', 'APPROACH', 'APPROACH'] e0 tool=[-0.06151986122131348, -0.0762627124786377, 0.811173677444458] cup=[-0.11139499396085739, 0.3796859383583069] dia=50mm piece_z-rest=0.004
[pick] DISTURBED env2 at step=1831 stage=APPROACH t_in=10 disp=10mm
[pick] step=1860 stages=['APPROACH', 'APPROACH', 'APPROACH', 'APPROACH', 'APPROACH', 'APPROACH', 'APPROACH', 'DESCEND'] e0 tool=[0.017053842544555664, -0.13405585289001465, 0.8094406723976135] cup=[-0.0434817373752594, -0.08406957238912582] dia=49mm piece_z-rest=-0.000
[pick] step=1890 stages=['APPROACH', 'DESCEND', 'APPROACH', 'DESCEND', 'APPROACH', 'APPROACH', 'DESCEND', 'DESCEND'] e0 tool=[-0.007399559020996094, -0.0968407392501831, 1.0317745208740234] cup=[-0.04064672812819481, -0.08244190365076065] dia=43mm piece_z-rest=-0.000
[pick] DISTURBED env1 at step=1909 stage=DESCEND t_in=22 disp=9mm
[pick] step=1920 stages=['DESCEND', 'DESCEND', 'APPROACH', 'DESCEND', 'APPROACH', 'APPROACH', 'DESCEND', 'DESCEND'] e0 tool=[-0.10084295272827148, -0.03080451488494873, 0.8414142727851868] cup=[-0.042272601276636124, -0.08263504505157471] dia=41mm piece_z-rest=-0.000
[pick] DISTURBED env0 at step=1932 stage=DESCEND t_in=17 disp=10mm
[pick] step=1950 stages=['DESCEND', 'DESCEND', 'APPROACH', 'DESCEND', 'APPROACH', 'DESCEND', 'DESCEND', 'DESCEND'] e0 tool=[-0.08289766311645508, 0.008178353309631348, 0.8284013271331787] cup=[-0.04698549211025238, -0.09129700064659119] dia=50mm piece_z-rest=0.000
[pick] step=1980 stages=['DESCEND', 'DESCEND', 'APPROACH', 'DESCEND', 'DESCEND', 'DESCEND', 'DESCEND', 'DESCEND'] e0 tool=[-0.018681049346923828, -0.0661616325378418, 0.8598358035087585] cup=[-0.040131960064172745, -0.10529812425374985] dia=39mm piece_z-rest=0.005
[pick] step=2010 stages=['DESCEND', 'DESCEND', 'APPROACH', 'DESCEND', 'DESCEND', 'DESCEND', 'DESCEND', 'DESCEND'] e0 tool=[-0.15740346908569336, -0.1591891050338745, 0.8037735819816589] cup=[-0.05585935711860657, -0.16754144430160522] dia=50mm piece_z-rest=-0.005
[pick] CLOSE-entry env7: grasp_centre=[-0.08069419860839844, -0.11442089080810547, 0.8177276849746704] cup_gt=[-0.05846428871154785, -0.10878348350524902, 0.8100130558013916] delta=[-0.022, -0.006, 0.008]
[pick] step=2040 stages=['DESCEND', 'DESCEND', 'APPROACH', 'DESCEND', 'DESCEND', 'DESCEND', 'DESCEND', 'CLOSE'] e0 tool=[-0.1506366729736328, -0.14866673946380615, 0.7959620356559753] cup=[-0.05448202043771744, -0.15900000929832458] dia=50mm piece_z-rest=-0.005
[pick] CLOSE snapshot saved for env 7
[pick] step=2070 stages=['DESCEND', 'DESCEND', 'APPROACH', 'DESCEND', 'DESCEND', 'DESCEND', 'DESCEND', 'CLOSE'] e0 tool=[0.004231691360473633, -0.11034715175628662, 0.829098641872406] cup=[-0.025950592011213303, -0.1949632614850998] dia=33mm piece_z-rest=0.002
[pick] HOLD refused envs [7]: gc-cup dist [0.12] — retrying descent
[pick] DISTURBED env6 at step=2099 stage=DESCEND t_in=212 disp=9mm
[pick] step=2100 stages=['DESCEND', 'DESCEND', 'APPROACH', 'DESCEND', 'DESCEND', 'DESCEND', 'DESCEND', 'DESCEND'] e0 tool=[-0.13149809837341309, -0.10851132869720459, 0.809506356716156] cup=[0.009185798466205597, -0.21157391369342804] dia=50mm piece_z-rest=-0.005
[pick] step=2130 stages=['DESCEND', 'DESCEND', 'FAIL', 'DESCEND', 'DESCEND', 'DESCEND', 'DESCEND', 'DESCEND'] e0 tool=[0.06845927238464355, -0.31920361518859863, 0.8586581945419312] cup=[0.14956092834472656, -0.30449172854423523] dia=50mm piece_z-rest=-0.005
[pick] step=2160 stages=['DESCEND', 'DESCEND', 'FAIL', 'DESCEND', 'DESCEND', 'DESCEND', 'DESCEND', 'DESCEND'] e0 tool=[0.17498135566711426, -0.2653695344924927, 0.8180181384086609] cup=[0.25567877292633057, -0.3690520226955414] dia=50mm piece_z-rest=-0.005
[pick] step=2190 stages=['DESCEND', 'FAIL', 'FAIL', 'FAIL', 'DESCEND', 'DESCEND', 'FAIL', 'DESCEND'] e0 tool=[0.16976046562194824, -0.24278736114501953, 0.8102462887763977] cup=[0.26786866784095764, -0.3736419081687927] dia=50mm piece_z-rest=-0.005
[pick] step=2220 stages=['FAIL', 'FAIL', 'FAIL', 'FAIL', 'DESCEND', 'DESCEND', 'FAIL', 'DESCEND'] e0 tool=[0.15833592414855957, -0.2649151086807251, 0.8034096956253052] cup=[0.26996323466300964, -0.3763335347175598] dia=50mm piece_z-rest=-0.005
[pick] step=2250 stages=['FAIL', 'FAIL', 'FAIL', 'FAIL', 'DESCEND', 'FAIL', 'FAIL', 'DESCEND'] e0 tool=[0.1584618091583252, -0.26644575595855713, 0.8046022057533264] cup=[0.26996323466300964, -0.3763335347175598] dia=50mm piece_z-rest=-0.005
[pick] step=2280 stages=['FAIL', 'FAIL', 'FAIL', 'FAIL', 'FAIL', 'FAIL', 'FAIL', 'DESCEND'] e0 tool=[0.15822196006774902, -0.2683067321777344, 0.8047922253608704] cup=[0.26996323466300964, -0.3763335347175598] dia=50mm piece_z-rest=-0.005
[pick] step=2310 stages=['FAIL', 'FAIL', 'FAIL', 'FAIL', 'FAIL', 'FAIL', 'FAIL', 'DESCEND'] e0 tool=[0.1578967571258545, -0.26986169815063477, 0.8047301173210144] cup=[0.26996323466300964, -0.3763335347175598] dia=50mm piece_z-rest=-0.005
[pick] step=2340 stages=['FAIL', 'FAIL', 'FAIL', 'FAIL', 'FAIL', 'FAIL', 'FAIL', 'DESCEND'] e0 tool=[0.15748286247253418, -0.2720022201538086, 0.804841160774231] cup=[0.26996323466300964, -0.3763335347175598] dia=50mm piece_z-rest=-0.005
[pick] step=2370 stages=['FAIL', 'FAIL', 'FAIL', 'FAIL', 'FAIL', 'FAIL', 'FAIL', 'DESCEND'] e0 tool=[0.1575634479522705, -0.2737210988998413, 0.8048010468482971] cup=[0.26996323466300964, -0.3763335347175598] dia=50mm piece_z-rest=-0.005
[pick] step=2400 stages=['FAIL', 'FAIL', 'FAIL', 'FAIL', 'FAIL', 'FAIL', 'FAIL', 'FAIL'] e0 tool=[0.1575155258178711, -0.27450740337371826, 0.8043633103370667] cup=[0.26996323466300964, -0.3763335347175598] dia=50mm piece_z-rest=-0.005
[pick] step=2430 stages=['FAIL', 'FAIL', 'FAIL', 'FAIL', 'FAIL', 'FAIL', 'FAIL', 'FAIL'] e0 tool=[0.15745997428894043, -0.275027871131897, 0.8040416240692139] cup=[0.26996323466300964, -0.3763335347175598] dia=50mm piece_z-rest=-0.005
[pick] step=2460 stages=['FAIL', 'FAIL', 'FAIL', 'FAIL', 'FAIL', 'FAIL', 'FAIL', 'FAIL'] e0 tool=[0.15746116638183594, -0.27503013610839844, 0.8040412664413452] cup=[0.26996323466300964, -0.3763335347175598] dia=50mm piece_z-rest=-0.005
[pick] step=2490 stages=['FAIL', 'FAIL', 'FAIL', 'FAIL', 'FAIL', 'FAIL', 'FAIL', 'FAIL'] e0 tool=[0.15745925903320312, -0.2750290632247925, 0.8040419220924377] cup=[0.26996323466300964, -0.3763335347175598] dia=50mm piece_z-rest=-0.005
[pick] step=2520 stages=['FAIL', 'FAIL', 'FAIL', 'FAIL', 'FAIL', 'FAIL', 'FAIL', 'FAIL'] e0 tool=[0.15746259689331055, -0.27503108978271484, 0.8040419220924377] cup=[0.26996323466300964, -0.3763335347175598] dia=50mm piece_z-rest=-0.005
[pick] step=2550 stages=['FAIL', 'FAIL', 'FAIL', 'FAIL', 'FAIL', 'FAIL', 'FAIL', 'FAIL'] e0 tool=[0.15746045112609863, -0.27503013610839844, 0.8040410876274109] cup=[0.26996323466300964, -0.3763335347175598] dia=50mm piece_z-rest=-0.005
[pick] step=2580 stages=['FAIL', 'FAIL', 'FAIL', 'FAIL', 'FAIL', 'FAIL', 'FAIL', 'FAIL'] e0 tool=[0.15746116638183594, -0.27503013610839844, 0.8040412664413452] cup=[0.26996323466300964, -0.3763335347175598] dia=50mm piece_z-rest=-0.005
[pick] step=2610 stages=['FAIL', 'FAIL', 'FAIL', 'FAIL', 'FAIL', 'FAIL', 'FAIL', 'FAIL'] e0 tool=[0.15746116638183594, -0.275030255317688, 0.8040413856506348] cup=[0.26996323466300964, -0.3763335347175598] dia=50mm piece_z-rest=-0.005
[pick] step=2640 stages=['FAIL', 'FAIL', 'FAIL', 'FAIL', 'FAIL', 'FAIL', 'FAIL', 'FAIL'] e0 tool=[0.15746140480041504, -0.275030255317688, 0.8040412068367004] cup=[0.26996323466300964, -0.3763335347175598] dia=50mm piece_z-rest=-0.005
[pick] step=2670 stages=['FAIL', 'FAIL', 'FAIL', 'FAIL', 'FAIL', 'FAIL', 'FAIL', 'FAIL'] e0 tool=[0.15746283531188965, -0.2750309705734253, 0.8040422797203064] cup=[0.26996323466300964, -0.3763335347175598] dia=50mm piece_z-rest=-0.005
[pick] ======== RESULT: 0/8 solid lifts ========
[pick] final stages: ['FAIL', 'PIVOT', 'PIVOT', 'PIVOT', 'PIVOT', 'PIVOT', 'PIVOT', 'PIVOT']
2026-07-30T07:19:57Z [8,011ms] [Warning] [omni.fabric.plugin] getAttributeCount called on non-existent path /World/envs/env_7/SynriaArm/link6/visuals/link6/node_STL_BINARY_
2026-07-30T07:19:57Z [8,011ms] [Warning] [omni.fabric.plugin] getTypes called on non-existent path /World/envs/env_7/SynriaArm/link6/visuals/link6/node_STL_BINARY_
2026-07-30T07:20:00Z [10,842ms] [Warning] [carb] Client gpu.foundation.plugin has acquired [gpu::unstable::IMemoryBudgetManagerFactory v0.1] 100 times. Consider accessing this interface with carb::getCachedInterface() (Performance warning)
NH_EXIT=0
