Loading user config located at: '/home/oedeh/.venv/isaacsim5/lib/python3.11/site-packages/isaacsim/kit/data/Kit/Isaac-Sim/5.1/user.config.json'
[Info] [carb] Logging to file: /home/oedeh/.venv/isaacsim5/lib/python3.11/site-packages/isaacsim/kit/logs/Kit/Isaac-Sim/5.1/kit_20260729_124047.log
2026-07-29T17:40:47Z [4ms] [Warning] [omni.ext.plugin] [ext: isaaclab_physx] Extensions config 'extension.toml' doesn't exist '/home/oedeh/IsaacLab/source/isaaclab_physx' or '/home/oedeh/IsaacLab/source/isaaclab_physx/config'
2026-07-29T17:40:47Z [4ms] [Warning] [omni.ext.plugin] [ext: isaaclab_newton] Extensions config 'extension.toml' doesn't exist '/home/oedeh/IsaacLab/source/isaaclab_newton' or '/home/oedeh/IsaacLab/source/isaaclab_newton/config'
2026-07-29T17:40:47Z [4ms] [Warning] [omni.ext.plugin] [ext: isaaclab_ppisp] Extensions config 'extension.toml' doesn't exist '/home/oedeh/IsaacLab/source/isaaclab_ppisp' or '/home/oedeh/IsaacLab/source/isaaclab_ppisp/config'

|---------------------------------------------------------------------------------------------|
| Driver Version: 580.173.02    | Graphics API: Vulkan
|=============================================================================================|
| GPU | Name                             | Active | LDA | GPU Memory | Vendor-ID | LUID       |
|     |                                  |        |     |            | Device-ID | UUID       |
|     |                                  |        |     |            | Bus-ID    |            |
|---------------------------------------------------------------------------------------------|
| 0   | NVIDIA GeForce RTX 5090          | Yes: 0 |     | 32607   MB | 10de      | 0          |
|     |                                  |        |     |            | 2b85      | d9b11bde.. |
|     |                                  |        |     |            | 2         |            |
|=============================================================================================|
| OS: 24.04.4 LTS (Noble Numbat) ubuntu, Version: 24.04.4, Kernel: 6.17.0-22-generic
| XServer Vendor: The X.Org Foundation, XServer Version: 12101011 (1.21.1.11)
| Processor: Intel(R) Core(TM) Ultra 9 285K
| Cores: 24 | Logical Cores: 24
|---------------------------------------------------------------------------------------------|
| Total Memory (MB): 31668 | Free Memory: 20766
| Total Page/Swap (MB): 8191 | Free Page/Swap: 5789
|---------------------------------------------------------------------------------------------|
2026-07-29T17:40:47Z [673ms] [Warning] [gpu.foundation.plugin] CPU performance profile is set to powersave. This profile sets the CPU to the lowest frequency reducing performance.
2026-07-29T17:40:47Z [681ms] [Warning] [gpu.foundation.plugin] PCIe link width current (8) and maximum (16) for device 0 don't match.
2026-07-29T17:40:49Z [2,577ms] [Warning] [omni.log] Source: omni.hydra was already registered.
2026-07-29T17:40:49Z [2,664ms] [Warning] [carb] Acquiring non optional plugin interface which is not listed as dependency: [omni::physx::IPhysxBenchmarks v1.0] (plugin: <default plugin>), by client: omni.physics.physx.plugin. Add it to CARB_PLUGIN_IMPL_DEPS() macro of a client.
2026-07-29T17:40:49Z [2,781ms] [Warning] [omni.isaac.dynamic_control] omni.isaac.dynamic_control is deprecated as of Isaac Sim 4.5. No action is needed from end-users.
2026-07-29T17:40:51Z [3,935ms] [Warning] [pxr.Semantics] pxr.Semantics is deprecated - please use Semantics instead
2026-07-29T17:40:51Z [3,997ms] [Warning] [omni.graph.core.plugin] Found duplicate of category 'Replicator' - was 'Annotators', adding 'Fabric Reader'
2026-07-29T17:40:51Z [3,997ms] [Warning] [omni.graph.core.plugin] Category 'Replicator' not accepted on node type 'omni.replicator.core.FabricReader' in extension 'omni.replicator.core'
2026-07-29T17:40:51Z [3,998ms] [Warning] [omni.replicator.core.scripts.extension] No material configuration file, adding configuration to material settings directly.
2026-07-29T17:40:53Z [6,324ms] [Warning] [omni.fabric.plugin] Warning: attribute viewportHandle not found for bucket id 7

[INFO][AppLauncher]: Using device: cuda:0
[INFO][AppLauncher]: Loading experience file: /home/oedeh/IsaacLab/apps/isaaclab.python.headless.rendering.kit
[INFO]: Parsing configuration from: <class 'isaac.isaaclab_tasks.synria_pickplace.env_cfg.SynriaChessPickPlaceEnvCfg'>

[36m======================================================================================[0m
[36m[1m[INFO][IsaacLab]: Logging to file: /tmp/isaaclab/logs/isaaclab_2026-07-29_12-40-53.log[0m
[36m======================================================================================[0m

[33m12:40:53 [simulation_context.py] WARNING: The `enable_external_forces_every_iteration` parameter in the PhysxCfg is set to False. If you are experiencing noisy velocities, consider enabling this flag. You may need to slightly increase the number of velocity iterations (setting it to 1 or 2 rather than 0), together with this flag, to improve the accuracy of velocity updates.[0m
[INFO]: Base environment:
	Environment device    : cuda:0
	Environment seed      : 123
	Physics step-size     : 0.016666666666666666
	Rendering step-size   : 0.016666666666666666
	Environment step-size : 0.03333333333333333
[33m12:40:53 [manager_based_env.py] WARNING: The render interval (1) is smaller than the decimation (2). Multiple render calls will happen for each environment step. If this is not intended, set the render interval to be equal to the decimation.[0m
[INFO]: Time taken for scene creation : 0.474466 seconds
[INFO]: Scene manager:  <class InteractiveScene>
	Number of environments: 4
	Environment spacing   : 2.0
	Source prim name      : /World/envs/env_0
	Global prim paths     : []
	Replicate physics     : False
[INFO]: Starting the simulation. This may take a few seconds. Please wait...
[INFO]: Time taken for simulation start : 1.509977 seconds
[INFO] Command Manager:  <CommandManager> contains 0 active terms.
+------------------------+
|  Active Command Terms  |
+--------+-------+-------+
| Index  | Name  |  Type |
+--------+-------+-------+
+--------+-------+-------+

[INFO] Event Manager:  <EventManager> contains 2 active terms.
+----------------------------------+
| Active Event Terms in Mode: 'reset' |
+-----------+----------------------+
|   Index   | Name                 |
+-----------+----------------------+
|     0     | reset_trial          |
+-----------+----------------------+
+--------------------------------------------------+
|      Active Event Terms in Mode: 'interval'      |
+-------+----------------+-------------------------+
| Index | Name           | Interval time range (s) |
+-------+----------------+-------------------------+
|   0   | hold_staged    |       (0.03, 0.04)      |
|   1   | attach_carried |       (0.03, 0.04)      |
+-------+----------------+-------------------------+

[INFO] Recorder Manager:  <RecorderManager> contains 0 active terms.
+---------------------+
| Active Recorder Terms |
+-----------+---------+
|   Index   | Name    |
+-----------+---------+
+-----------+---------+

[INFO] Action Manager:  <ActionManager> contains 2 active terms.
+-----------------------------------+
|   Active Action Terms (shape: 8)  |
+-------+---------------+-----------+
| Index | Name          | Dimension |
+-------+---------------+-----------+
|   0   | arm_joint_pos |         6 |
|   1   | gripper       |         2 |
+-------+---------------+-----------+

[INFO] Observation Manager: <ObservationManager> contains 1 groups.
+---------------------------------------------------------+
| Active Observation Terms in Group: 'policy' (shape: (68,)) |
+------------+-------------------------------+------------+
|   Index    | Name                          |   Shape    |
+------------+-------------------------------+------------+
|     0      | joint_state                   |   (13,)    |
|     1      | ee_pose                       |    (7,)    |
|     2      | piece_pos                     |    (3,)    |
|     3      | target_piece_id               |   (32,)    |
|     4      | target_zone_id                |    (4,)    |
|     5      | target_pos                    |    (4,)    |
|     6      | trial_phase                   |    (5,)    |
+------------+-------------------------------+------------+

[INFO] Termination Manager:  <TerminationManager> contains 4 active terms.
+----------------------------------------+
|        Active Termination Terms        |
+-------+---------------------+----------+
| Index | Name                | Time Out |
+-------+---------------------+----------+
|   0   | time_out            |   True   |
|   1   | piece_dropped       |  False   |
|   2   | piece_out_of_bounds |  False   |
|   3   | collision           |  False   |
+-------+---------------------+----------+

[INFO] Reward Manager:  <RewardManager> contains 18 active terms.
+-------------------------------------------------+
|               Active Reward Terms               |
+-------+--------------------------------+--------+
| Index | Name                           | Weight |
+-------+--------------------------------+--------+
|   0   | piece_to_target_distance       |  600.0 |
|   1   | ee_to_piece_distance           |  300.0 |
|   2   | piece_lift                     |    1.5 |
|   3   | gripper_to_piece_when_grasping |    0.3 |
|   4   | hold_maintenance               |    1.0 |
|   5   | carry_drop                     |   15.0 |
|   6   | release_at_zone                |   90.0 |
|   7   | lower_at_zone                  |   15.0 |
|   8   | approach_guidance              |   0.15 |
|   9   | carry_guidance                 |    0.2 |
|   10  | hold_at_zone                   |    0.0 |
|   11  | action_norm_penalty            |  -0.01 |
|   12  | grasp_confirmed                |  300.0 |
|   13  | return_home                    |   60.0 |
|   14  | cycle_complete                 |  900.0 |
|   15  | piece_in_zone                  |  300.0 |
|   16  | piece_dropped                  |   30.0 |
|   17  | collision                      |   30.0 |
+-------+--------------------------------+--------+

[INFO] Curriculum Manager:  <CurriculumManager> contains 0 active terms.
+----------------------+
| Active Curriculum Terms |
+-----------+----------+
|   Index   | Name     |
+-----------+----------+
+-----------+----------+

[INFO]: Completed setting up the environment...
[pick] step=0 stages=['PIVOT', 'PIVOT', 'PIVOT', 'PIVOT'] e0 tool=[0.08147358894348145, 0.0003503561019897461, 0.8837790489196777] cup=[-0.10003338754177094, 0.10066570341587067] dia=50mm piece_z-rest=-0.000
[pick] step=30 stages=['APPROACH', 'APPROACH', 'APPROACH', 'APPROACH'] e0 tool=[-0.03556251525878906, 0.15842533111572266, 0.8616586327552795] cup=[-0.10021726042032242, 0.09829023480415344] dia=50mm piece_z-rest=-0.000
[pick] step=60 stages=['APPROACH', 'APPROACH', 'APPROACH', 'APPROACH'] e0 tool=[-0.05302160978317261, 0.05617332458496094, 1.0359365940093994] cup=[-0.0968288704752922, 0.09911586344242096] dia=45mm piece_z-rest=-0.000
[pick] step=90 stages=['APPROACH', 'APPROACH', 'APPROACH', 'DESCEND'] e0 tool=[-0.18499678373336792, 0.11634373664855957, 0.9438589811325073] cup=[-0.10136295855045319, 0.09843546152114868] dia=50mm piece_z-rest=-0.000
[pick] step=120 stages=['DESCEND', 'APPROACH', 'APPROACH', 'DESCEND'] e0 tool=[-0.12731873989105225, 0.075497567653656, 0.895199179649353] cup=[-0.10136295855045319, 0.09843546152114868] dia=50mm piece_z-rest=-0.000
[pick] CLOSE-entry env0: grasp_centre=[-0.10543893277645111, 0.10346779227256775, 0.8345997333526611] cup_gt=[-0.0924949049949646, 0.08086144924163818, 0.8149998784065247] delta=[-0.013, 0.023, 0.02]
[pick] step=150 stages=['CLOSE', 'APPROACH', 'DESCEND', 'DESCEND'] e0 tool=[-0.1921020746231079, 0.09378409385681152, 0.8130762577056885] cup=[-0.10136295855045319, 0.09843546152114868] dia=50mm piece_z-rest=-0.000
[pick] CLOSE snapshot saved for env 0
[pick] step=180 stages=['CLOSE', 'DESCEND', 'DESCEND', 'DESCEND'] e0 tool=[-0.18054968118667603, 0.08888107538223267, 0.8182896971702576] cup=[-0.10136295855045319, 0.09843546152114868] dia=50mm piece_z-rest=-0.000
[pick] step=210 stages=['LIFT', 'DESCEND', 'DESCEND', 'DESCEND'] e0 tool=[-0.14048713445663452, 0.0578761100769043, 0.8721591234207153] cup=[-0.10136295855045319, 0.09843546152114868] dia=50mm piece_z-rest=-0.000
[pick] DISTURBED env1 at step=239 stage=DESCEND t_in=83 disp=11mm
[pick] step=240 stages=['LIFT', 'DESCEND', 'DESCEND', 'DESCEND'] e0 tool=[-0.18074965476989746, 0.1618555784225464, 0.9417296051979065] cup=[-0.10136295855045319, 0.09843546152114868] dia=50mm piece_z-rest=-0.000
[pick] step=270 stages=['LIFT', 'DESCEND', 'DESCEND', 'DESCEND'] e0 tool=[-0.14115458726882935, 0.11891520023345947, 0.9906303286552429] cup=[-0.10136295855045319, 0.09843546152114868] dia=50mm piece_z-rest=-0.000
[pick] CLOSE-entry env1: grasp_centre=[-0.1080780029296875, 0.09296485781669617, 0.8287313580513] cup_gt=[-0.0735577940940857, 0.07348382472991943, 0.8149998188018799] delta=[-0.035, 0.019, 0.014]
[pick] step=300 stages=['LIFT', 'CLOSE', 'DESCEND', 'DESCEND'] e0 tool=[-0.19763731956481934, 0.12037909030914307, 1.019603967666626] cup=[-0.10136295855045319, 0.09843546152114868] dia=50mm piece_z-rest=-0.000
[pick] CLOSE snapshot saved for env 1
[pick] step=330 stages=['LIFT', 'CLOSE', 'DESCEND', 'DESCEND'] e0 tool=[-0.13268661499023438, 0.06255215406417847, 0.9166317582130432] cup=[-0.10136295855045319, 0.09843546152114868] dia=50mm piece_z-rest=-0.000
[pick] step=360 stages=['LIFT', 'LIFT', 'DESCEND', 'DESCEND'] e0 tool=[-0.13479351997375488, 0.08154082298278809, 0.9886691570281982] cup=[-0.10136295855045319, 0.09843546152114868] dia=50mm piece_z-rest=-0.000
[pick] step=390 stages=['LIFT', 'LIFT', 'DESCEND', 'FAIL'] e0 tool=[-0.18161284923553467, 0.1476925015449524, 0.9559107422828674] cup=[-0.10136295855045319, 0.09843546152114868] dia=50mm piece_z-rest=-0.000
[pick] step=420 stages=['FAIL', 'LIFT', 'DESCEND', 'FAIL'] e0 tool=[-0.23401302099227905, 0.10478371381759644, 0.951117217540741] cup=[-0.10136295855045319, 0.09843546152114868] dia=50mm piece_z-rest=-0.000
[pick] step=450 stages=['FAIL', 'LIFT', 'FAIL', 'FAIL'] e0 tool=[-0.2332645058631897, 0.10512465238571167, 0.9518157243728638] cup=[-0.10136295855045319, 0.09843546152114868] dia=50mm piece_z-rest=-0.000
[pick] step=480 stages=['FAIL', 'LIFT', 'FAIL', 'FAIL'] e0 tool=[-0.2332630753517151, 0.10512852668762207, 0.9518316388130188] cup=[-0.10136295855045319, 0.09843546152114868] dia=50mm piece_z-rest=-0.000
[pick] step=510 stages=['FAIL', 'LIFT', 'FAIL', 'FAIL'] e0 tool=[-0.2332635521888733, 0.10512912273406982, 0.9518340229988098] cup=[-0.10136295855045319, 0.09843546152114868] dia=50mm piece_z-rest=-0.000
[pick] step=540 stages=['FAIL', 'LIFT', 'FAIL', 'FAIL'] e0 tool=[-0.2332637906074524, 0.10512924194335938, 0.9518345594406128] cup=[-0.10136295855045319, 0.09843546152114868] dia=50mm piece_z-rest=-0.000
[pick] step=570 stages=['FAIL', 'FAIL', 'FAIL', 'FAIL'] e0 tool=[-0.23326385021209717, 0.1051291823387146, 0.9518347978591919] cup=[-0.10136295855045319, 0.09843546152114868] dia=50mm piece_z-rest=-0.000
[pick] step=600 stages=['FAIL', 'FAIL', 'FAIL', 'FAIL'] e0 tool=[-0.2332637906074524, 0.10512924194335938, 0.9518347978591919] cup=[-0.10136295855045319, 0.09843546152114868] dia=50mm piece_z-rest=-0.000
[pick] step=630 stages=['FAIL', 'FAIL', 'FAIL', 'FAIL'] e0 tool=[-0.23326385021209717, 0.10512924194335938, 0.9518347978591919] cup=[-0.10136295855045319, 0.09843546152114868] dia=50mm piece_z-rest=-0.000
[pick] step=660 stages=['FAIL', 'FAIL', 'FAIL', 'FAIL'] e0 tool=[-0.2332637906074524, 0.10512924194335938, 0.9518347978591919] cup=[-0.10136295855045319, 0.09843546152114868] dia=50mm piece_z-rest=-0.000
[pick] step=690 stages=['FAIL', 'FAIL', 'FAIL', 'FAIL'] e0 tool=[-0.2332637906074524, 0.10512924194335938, 0.9518347978591919] cup=[-0.10136295855045319, 0.09843546152114868] dia=50mm piece_z-rest=-0.000
[pick] step=720 stages=['FAIL', 'FAIL', 'FAIL', 'FAIL'] e0 tool=[-0.2332637906074524, 0.10512924194335938, 0.9518347978591919] cup=[-0.10136295855045319, 0.09843546152114868] dia=50mm piece_z-rest=-0.000
[pick] step=750 stages=['FAIL', 'FAIL', 'FAIL', 'FAIL'] e0 tool=[-0.23326385021209717, 0.10512924194335938, 0.9518347978591919] cup=[-0.10136295855045319, 0.09843546152114868] dia=50mm piece_z-rest=-0.000
[pick] step=780 stages=['FAIL', 'FAIL', 'FAIL', 'FAIL'] e0 tool=[-0.23326385021209717, 0.10512924194335938, 0.9518347978591919] cup=[-0.10136295855045319, 0.09843546152114868] dia=50mm piece_z-rest=-0.000
[pick] step=810 stages=['FAIL', 'FAIL', 'FAIL', 'FAIL'] e0 tool=[-0.23326385021209717, 0.10512924194335938, 0.9518347978591919] cup=[-0.10136295855045319, 0.09843546152114868] dia=50mm piece_z-rest=-0.000
[pick] step=840 stages=['FAIL', 'FAIL', 'FAIL', 'FAIL'] e0 tool=[-0.23326385021209717, 0.10512924194335938, 0.9518347978591919] cup=[-0.10136295855045319, 0.09843546152114868] dia=50mm piece_z-rest=-0.000
[pick] step=870 stages=['FAIL', 'FAIL', 'FAIL', 'FAIL'] e0 tool=[-0.23326385021209717, 0.10512924194335938, 0.9518347978591919] cup=[-0.10136295855045319, 0.09843546152114868] dia=50mm piece_z-rest=-0.000
[pick] ======== RESULT: 0/4 solid lifts ========
[pick] final stages: ['FAIL', 'FAIL', 'FAIL', 'FAIL']
2026-07-29T17:40:55Z [8,014ms] [Warning] [omni.fabric.plugin] getAttributeCount called on non-existent path /World/envs/env_3/SynriaArm/tool0/visuals/mesh_0
2026-07-29T17:40:55Z [8,014ms] [Warning] [omni.fabric.plugin] getTypes called on non-existent path /World/envs/env_3/SynriaArm/tool0/visuals/mesh_0
2026-07-29T17:40:55Z [8,561ms] [Warning] [rtx.postprocessing.plugin] DLSS increasing input dimensions: Render resolution of (260, 260) is below minimal input resolution of 300.
2026-07-29T17:40:57Z [10,547ms] [Warning] [carb] Client gpu.foundation.plugin has acquired [gpu::unstable::IMemoryBudgetManagerFactory v0.1] 100 times. Consider accessing this interface with carb::getCachedInterface() (Performance warning)
PICK_EXIT=0
