[INFO][AppLauncher]: Using device: cuda:0
[INFO][AppLauncher]: Loading experience file: /home/oedeh/IsaacLab/apps/isaaclab.python.headless.kit
[sweep] cup diameter 40mm -> clearance per side 5.0mm at full open

[36m======================================================================================[0m
[36m[1m[INFO][IsaacLab]: Logging to file: /tmp/isaaclab/logs/isaaclab_2026-08-07_00-28-13.log[0m
[36m======================================================================================[0m

[33m00:28:13 [simulation_context.py] WARNING: The `enable_external_forces_every_iteration` parameter in the PhysxCfg is set to False. If you are experiencing noisy velocities, consider enabling this flag. You may need to slightly increase the number of velocity iterations (setting it to 1 or 2 rather than 0), together with this flag, to improve the accuracy of velocity updates.[0m
[sweep] pitch=    0deg z= 40.0mm (pad clears table by   3.9mm) -> grasp 6/6 upright@grasp 6 PLACED 1 tipped 5
[sweep] pitch=    0deg z= 37.0mm (pad clears table by   0.9mm) -> grasp 6/6 upright@grasp 6 PLACED 3 tipped 3
[trace] cup state through the scripted cycle (median over trials):
[trace] pitch=0 z=40mm
[trace]    after_grasp      tilt=   0.0deg cup_above_table=   25.0mm cup-pad_z=  -15.6mm xy_off=   0.6mm
[trace]    after_lift       tilt=  21.2deg cup_above_table=  123.1mm cup-pad_z=   -7.7mm xy_off=   8.7mm
[trace]    after_transport  tilt=  20.9deg cup_above_table=  122.5mm cup-pad_z=   -7.7mm xy_off=   8.6mm
[trace]    after_setdown    tilt=   1.8deg cup_above_table=   25.6mm cup-pad_z=  -10.7mm xy_off=   7.2mm
[trace]    after_release    tilt=   2.1deg cup_above_table=   25.7mm cup-pad_z=  -10.9mm xy_off=   8.0mm
[trace]    after_retract    tilt=  90.0deg cup_above_table=   20.0mm cup-pad_z= -162.6mm xy_off=  72.1mm
[trace] pitch=0 z=37mm
[trace]    after_grasp      tilt=   0.0deg cup_above_table=   25.0mm cup-pad_z=  -12.6mm xy_off=   0.6mm
[trace]    after_lift       tilt=  17.3deg cup_above_table=  118.0mm cup-pad_z=   -9.3mm xy_off=   6.8mm
[trace]    after_transport  tilt=  16.9deg cup_above_table=  116.7mm cup-pad_z=   -9.3mm xy_off=   6.7mm
[trace]    after_setdown    tilt=   0.6deg cup_above_table=   25.1mm cup-pad_z=  -10.8mm xy_off=   7.8mm
[trace]    after_release    tilt=   0.7deg cup_above_table=   25.0mm cup-pad_z=  -10.9mm xy_off=   7.9mm
[trace]    after_retract    tilt=  90.0deg cup_above_table=   25.0mm cup-pad_z= -165.2mm xy_off=  40.7mm
[sweep] ======== BEST: pitch=0.0deg z=37.0mm placed 3/6 ========
[sweep] wrote reports/synria_geom_cup40.json
